--------- beginning of main
09-30 12:57:08.069  6274  6291 I SpinonBootstrap: SPINON_RUNTIME_SESSION=session=ready owner_tid=6292 isolate_per_session=1 queue_capacity=64
09-30 12:57:08.071  6274  6291 I SpinonBootstrap: SPINON_RUNTIME_EVAL=status=0 seq=1 op=eval status=0 caller_tid=6291 owner_tid=6292 callback_tid=6292 queue_wait_us=453 v8_call_us=671 cancel_requested=false callback_count=2 created_nodes=1 last_node_id=1 error=none
09-30 12:57:08.072  6274  6291 I SpinonBootstrap: SPINON_RUNTIME_UI session-create status=0 seq=1 op=eval status=0 caller_tid=6291 owner_tid=6292 callback_tid=6292 queue_wait_us=453 v8_call_us=671 cancel_requested=false callback_count=2 created_nodes=1 last_node_id=1 error=none
09-30 12:57:08.957  6274  6274 I SpinonBootstrap: SPINON_RUNTIME_UI 무한 JS 평가를 시작했습니다. 화면은 계속 탭할 수 있어야 합니다.
09-30 12:57:09.754  6274  6274 I SpinonBootstrap: SPINON_RUNTIME_UI 호출 대기열이 가득 차거나 닫혀 작업을 거부했습니다 · dispatch
09-30 12:57:09.755  6274  6274 I SpinonBootstrap: SPINON_RUNTIME_UI 호출 대기열이 가득 차거나 닫혀 작업을 거부했습니다 · dispatch
09-30 12:57:10.009  6274  6625 I SpinonBootstrap: SPINON_RUNTIME_CANCEL status=0
09-30 12:57:10.010  6274  6625 I SpinonBootstrap: SPINON_RUNTIME_UI 취소 요청 status=0 (0=실행 중 취소 요청, 1=실행 중인 JS 없음)
09-30 12:57:10.010  6274  6291 I SpinonBootstrap: SPINON_RUNTIME_DISPATCH=status=0 seq=5 op=dispatch status=0 caller_tid=6291 owner_tid=6292 callback_tid=6292 queue_wait_us=650636 v8_call_us=0 cancel_requested=false callback_count=2 created_nodes=1 last_node_id=4 error=none
09-30 12:57:10.010  6274  6291 I SpinonBootstrap: SPINON_RUNTIME_UI dispatch status=0 seq=5 op=dispatch status=0 caller_tid=6291 owner_tid=6292 callback_tid=6292 queue_wait_us=650636 v8_call_us=0 cancel_requested=false callback_count=2 created_nodes=1 last_node_id=4 error=none
09-30 12:57:10.010  6274  6313 W SpinonBootstrap: SPINON_RUNTIME_EVAL=status=-8 seq=2 op=eval status=-8 caller_tid=6313 owner_tid=6292 callback_tid=0 queue_wait_us=62 v8_call_us=1050739 cancel_requested=true callback_count=0 created_nodes=0 last_node_id=0 error=null
09-30 12:57:10.010  6274  6313 I SpinonBootstrap: SPINON_RUNTIME_UI long-eval status=-8 seq=2 op=eval status=-8 caller_tid=6313 owner_tid=6292 callback_tid=0 queue_wait_us=62 v8_call_us=1050739 cancel_requested=true callback_count=0 created_nodes=0 last_node_id=0 error=null
09-30 12:57:10.010  6274  6331 I SpinonBootstrap: SPINON_RUNTIME_DISPATCH=status=0 seq=3 op=dispatch status=0 caller_tid=6331 owner_tid=6292 callback_tid=6292 queue_wait_us=670315 v8_call_us=120 cancel_requested=false callback_count=2 created_nodes=1 last_node_id=2 error=none
09-30 12:57:10.010  6274  6331 I SpinonBootstrap: SPINON_RUNTIME_UI dispatch status=0 seq=3 op=dispatch status=0 caller_tid=6331 owner_tid=6292 callback_tid=6292 queue_wait_us=670315 v8_call_us=120 cancel_requested=false callback_count=2 created_nodes=1 last_node_id=2 error=none
09-30 12:57:10.010  6274  6332 I SpinonBootstrap: SPINON_RUNTIME_DISPATCH=status=0 seq=4 op=dispatch status=0 caller_tid=6332 owner_tid=6292 callback_tid=6292 queue_wait_us=670372 v8_call_us=1 cancel_requested=false callback_count=2 created_nodes=1 last_node_id=3 error=none
09-30 12:57:10.010  6274  6332 I SpinonBootstrap: SPINON_RUNTIME_UI dispatch status=0 seq=4 op=dispatch status=0 caller_tid=6332 owner_tid=6292 callback_tid=6292 queue_wait_us=670372 v8_call_us=1 cancel_requested=false callback_count=2 created_nodes=1 last_node_id=3 error=none
09-30 12:57:10.010  6274  6332 I SpinonBootstrap: SPINON_RUNTIME_DISPATCH=status=0 seq=9 op=dispatch status=0 caller_tid=6332 owner_tid=6292 callback_tid=6292 queue_wait_us=19 v8_call_us=0 cancel_requested=false callback_count=2 created_nodes=1 last_node_id=8 error=none
09-30 12:57:10.010  6274  6332 I SpinonBootstrap: SPINON_RUNTIME_UI dispatch status=0 seq=9 op=dispatch status=0 caller_tid=6332 owner_tid=6292 callback_tid=6292 queue_wait_us=19 v8_call_us=0 cancel_requested=false callback_count=2 created_nodes=1 last_node_id=8 error=none
09-30 12:57:10.010  6274  6291 I SpinonBootstrap: SPINON_RUNTIME_DISPATCH=status=0 seq=6 op=dispatch status=0 caller_tid=6291 owner_tid=6292 callback_tid=6292 queue_wait_us=42 v8_call_us=11 cancel_requested=false callback_count=2 created_nodes=1 last_node_id=5 error=none
09-30 12:57:10.010  6274  6291 I SpinonBootstrap: SPINON_RUNTIME_UI dispatch status=0 seq=6 op=dispatch status=0 caller_tid=6291 owner_tid=6292 callback_tid=6292 queue_wait_us=42 v8_call_us=11 cancel_requested=false callback_count=2 created_nodes=1 last_node_id=5 error=none
09-30 12:57:10.010  6274  6331 I SpinonBootstrap: SPINON_RUNTIME_DISPATCH=status=0 seq=8 op=dispatch status=0 caller_tid=6331 owner_tid=6292 callback_tid=6292 queue_wait_us=28 v8_call_us=0 cancel_requested=false callback_count=2 created_nodes=1 last_node_id=7 error=none
09-30 12:57:10.010  6274  6331 I SpinonBootstrap: SPINON_RUNTIME_UI dispatch status=0 seq=8 op=dispatch status=0 caller_tid=6331 owner_tid=6292 callback_tid=6292 queue_wait_us=28 v8_call_us=0 cancel_requested=false callback_count=2 created_nodes=1 last_node_id=7 error=none
09-30 12:57:10.010  6274  6313 I SpinonBootstrap: SPINON_RUNTIME_DISPATCH=status=0 seq=7 op=dispatch status=0 caller_tid=6313 owner_tid=6292 callback_tid=6292 queue_wait_us=39 v8_call_us=1 cancel_requested=false callback_count=2 created_nodes=1 last_node_id=6 error=none
09-30 12:57:10.010  6274  6313 I SpinonBootstrap: SPINON_RUNTIME_UI dispatch status=0 seq=7 op=dispatch status=0 caller_tid=6313 owner_tid=6292 callback_tid=6292 queue_wait_us=39 v8_call_us=1 cancel_requested=false callback_count=2 created_nodes=1 last_node_id=6 error=none
09-30 12:57:10.010  6274  6291 I SpinonBootstrap: SPINON_RUNTIME_DISPATCH=status=0 seq=11 op=dispatch status=0 caller_tid=6291 owner_tid=6292 callback_tid=6292 queue_wait_us=738 v8_call_us=9 cancel_requested=false callback_count=2 created_nodes=1 last_node_id=10 error=none
09-30 12:57:10.010  6274  6291 I SpinonBootstrap: SPINON_RUNTIME_UI dispatch status=0 seq=11 op=dispatch status=0 caller_tid=6291 owner_tid=6292 callback_tid=6292 queue_wait_us=738 v8_call_us=9 cancel_requested=false callback_count=2 created_nodes=1 last_node_id=10 error=none
09-30 12:57:10.010  6274  6332 I SpinonBootstrap: SPINON_RUNTIME_DISPATCH=status=0 seq=10 op=dispatch status=0 caller_tid=6332 owner_tid=6292 callback_tid=6292 queue_wait_us=735 v8_call_us=11 cancel_requested=false callback_count=2 created_nodes=1 last_node_id=9 error=none
09-30 12:57:10.010  6274  6332 I SpinonBootstrap: SPINON_RUNTIME_UI dispatch status=0 seq=10 op=dispatch status=0 caller_tid=6332 owner_tid=6292 callback_tid=6292 queue_wait_us=735 v8_call_us=11 cancel_requested=false callback_count=2 created_nodes=1 last_node_id=9 error=none
09-30 12:57:10.011  6274  6331 I SpinonBootstrap: SPINON_RUNTIME_DISPATCH=status=0 seq=12 op=dispatch status=0 caller_tid=6331 owner_tid=6292 callback_tid=6292 queue_wait_us=762 v8_call_us=870 cancel_requested=false callback_count=2 created_nodes=1 last_node_id=11 error=none
09-30 12:57:10.011  6274  6291 I SpinonBootstrap: SPINON_RUNTIME_DISPATCH=status=0 seq=14 op=dispatch status=0 caller_tid=6291 owner_tid=6292 callback_tid=6292 queue_wait_us=896 v8_call_us=0 cancel_requested=false callback_count=2 created_nodes=1 last_node_id=13 error=none
09-30 12:57:10.011  6274  6332 I SpinonBootstrap: SPINON_RUNTIME_DISPATCH=status=0 seq=15 op=dispatch status=0 caller_tid=6332 owner_tid=6292 callback_tid=6292 queue_wait_us=889 v8_call_us=0 cancel_requested=false callback_count=2 created_nodes=1 last_node_id=14 error=none
09-30 12:57:10.012  6274  6291 I SpinonBootstrap: SPINON_RUNTIME_UI dispatch status=0 seq=14 op=dispatch status=0 caller_tid=6291 owner_tid=6292 callback_tid=6292 queue_wait_us=896 v8_call_us=0 cancel_requested=false callback_count=2 created_nodes=1 last_node_id=13 error=none
09-30 12:57:10.012  6274  6332 I SpinonBootstrap: SPINON_RUNTIME_UI dispatch status=0 seq=15 op=dispatch status=0 caller_tid=6332 owner_tid=6292 callback_tid=6292 queue_wait_us=889 v8_call_us=0 cancel_requested=false callback_count=2 created_nodes=1 last_node_id=14 error=none
09-30 12:57:10.012  6274  6313 I SpinonBootstrap: SPINON_RUNTIME_DISPATCH=status=0 seq=13 op=dispatch status=0 caller_tid=6313 owner_tid=6292 callback_tid=6292 queue_wait_us=928 v8_call_us=2 cancel_requested=false callback_count=2 created_nodes=1 last_node_id=12 error=none
09-30 12:57:10.012  6274  6313 I SpinonBootstrap: SPINON_RUNTIME_UI dispatch status=0 seq=13 op=dispatch status=0 caller_tid=6313 owner_tid=6292 callback_tid=6292 queue_wait_us=928 v8_call_us=2 cancel_requested=false callback_count=2 created_nodes=1 last_node_id=12 error=none
09-30 12:57:10.012  6274  6331 I SpinonBootstrap: SPINON_RUNTIME_UI dispatch status=0 seq=12 op=dispatch status=0 caller_tid=6331 owner_tid=6292 callback_tid=6292 queue_wait_us=762 v8_call_us=870 cancel_requested=false callback_count=2 created_nodes=1 last_node_id=11 error=none
09-30 12:57:10.012  6274  6331 I SpinonBootstrap: SPINON_RUNTIME_DISPATCH=status=0 seq=19 op=dispatch status=0 caller_tid=6331 owner_tid=6292 callback_tid=6292 queue_wait_us=67 v8_call_us=0 cancel_requested=false callback_count=2 created_nodes=1 last_node_id=18 error=none
09-30 12:57:10.012  6274  6331 I SpinonBootstrap: SPINON_RUNTIME_UI dispatch status=0 seq=19 op=dispatch status=0 caller_tid=6331 owner_tid=6292 callback_tid=6292 queue_wait_us=67 v8_call_us=0 cancel_requested=false callback_count=2 created_nodes=1 last_node_id=18 error=none
09-30 12:57:10.012  6274  6313 I SpinonBootstrap: SPINON_RUNTIME_DISPATCH=status=0 seq=18 op=dispatch status=0 caller_tid=6313 owner_tid=6292 callback_tid=6292 queue_wait_us=71 v8_call_us=0 cancel_requested=false callback_count=2 created_nodes=1 last_node_id=17 error=none
09-30 12:57:10.012  6274  6313 I SpinonBootstrap: SPINON_RUNTIME_UI dispatch status=0 seq=18 op=dispatch status=0 caller_tid=6313 owner_tid=6292 callback_tid=6292 queue_wait_us=71 v8_call_us=0 cancel_requested=false callback_count=2 created_nodes=1 last_node_id=17 error=none
09-30 12:57:10.012  6274  6291 I SpinonBootstrap: SPINON_RUNTIME_DISPATCH=status=0 seq=16 op=dispatch status=0 caller_tid=6291 owner_tid=6292 callback_tid=6292 queue_wait_us=293 v8_call_us=57 cancel_requested=false callback_count=2 created_nodes=1 last_node_id=15 error=none
09-30 12:57:10.012  6274  6291 I SpinonBootstrap: SPINON_RUNTIME_UI dispatch status=0 seq=16 op=dispatch status=0 caller_tid=6291 owner_tid=6292 callback_tid=6292 queue_wait_us=293 v8_call_us=57 cancel_requested=false callback_count=2 created_nodes=1 last_node_id=15 error=none
09-30 12:57:10.012  6274  6291 I SpinonBootstrap: SPINON_RUNTIME_DISPATCH=status=0 seq=22 op=dispatch status=0 caller_tid=6291 owner_tid=6292 callback_tid=6292 queue_wait_us=7 v8_call_us=0 cancel_requested=false callback_count=2 created_nodes=1 last_node_id=21 error=none
09-30 12:57:10.012  6274  6291 I SpinonBootstrap: SPINON_RUNTIME_UI dispatch status=0 seq=22 op=dispatch status=0 caller_tid=6291 owner_tid=6292 callback_tid=6292 queue_wait_us=7 v8_call_us=0 cancel_requested=false callback_count=2 created_nodes=1 last_node_id=21 error=none
09-30 12:57:10.012  6274  6313 I SpinonBootstrap: SPINON_RUNTIME_DISPATCH=status=0 seq=21 op=dispatch status=0 caller_tid=6313 owner_tid=6292 callback_tid=6292 queue_wait_us=15 v8_call_us=0 cancel_requested=false callback_count=2 created_nodes=1 last_node_id=20 error=none
09-30 12:57:10.012  6274  6313 I SpinonBootstrap: SPINON_RUNTIME_UI dispatch status=0 seq=21 op=dispatch status=0 caller_tid=6313 owner_tid=6292 callback_tid=6292 queue_wait_us=15 v8_call_us=0 cancel_requested=false callback_count=2 created_nodes=1 last_node_id=20 error=none
09-30 12:57:10.012  6274  6313 I SpinonBootstrap: SPINON_RUNTIME_DISPATCH=status=0 seq=24 op=dispatch status=0 caller_tid=6313 owner_tid=6292 callback_tid=6292 queue_wait_us=6 v8_call_us=0 cancel_requested=false callback_count=2 created_nodes=1 last_node_id=23 error=none
09-30 12:57:10.012  6274  6313 I SpinonBootstrap: SPINON_RUNTIME_UI dispatch status=0 seq=24 op=dispatch status=0 caller_tid=6313 owner_tid=6292 callback_tid=6292 queue_wait_us=6 v8_call_us=0 cancel_requested=false callback_count=2 created_nodes=1 last_node_id=23 error=none
09-30 12:57:10.013  6274  6291 I SpinonBootstrap: SPINON_RUNTIME_DISPATCH=status=0 seq=23 op=dispatch status=0 caller_tid=6291 owner_tid=6292 callback_tid=6292 queue_wait_us=70 v8_call_us=2 cancel_requested=false callback_count=2 created_nodes=1 last_node_id=22 error=none
09-30 12:57:10.013  6274  6291 I SpinonBootstrap: SPINON_RUNTIME_UI dispatch status=0 seq=23 op=dispatch status=0 caller_tid=6291 owner_tid=6292 callback_tid=6292 queue_wait_us=70 v8_call_us=2 cancel_requested=false callback_count=2 created_nodes=1 last_node_id=22 error=none
09-30 12:57:10.013  6274  6291 I SpinonBootstrap: SPINON_RUNTIME_DISPATCH=status=0 seq=26 op=dispatch status=0 caller_tid=6291 owner_tid=6292 callback_tid=6292 queue_wait_us=59 v8_call_us=1 cancel_requested=false callback_count=2 created_nodes=1 last_node_id=25 error=none
09-30 12:57:10.013  6274  6291 I SpinonBootstrap: SPINON_RUNTIME_UI dispatch status=0 seq=26 op=dispatch status=0 caller_tid=6291 owner_tid=6292 callback_tid=6292 queue_wait_us=59 v8_call_us=1 cancel_requested=false callback_count=2 created_nodes=1 last_node_id=25 error=none
09-30 12:57:10.013  6274  6313 I SpinonBootstrap: SPINON_RUNTIME_DISPATCH=status=0 seq=25 op=dispatch status=0 caller_tid=6313 owner_tid=6292 callback_tid=6292 queue_wait_us=69 v8_call_us=6 cancel_requested=false callback_count=2 created_nodes=1 last_node_id=24 error=none
09-30 12:57:10.013  6274  6313 I SpinonBootstrap: SPINON_RUNTIME_UI dispatch status=0 seq=25 op=dispatch status=0 caller_tid=6313 owner_tid=6292 callback_tid=6292 queue_wait_us=69 v8_call_us=6 cancel_requested=false callback_count=2 created_nodes=1 last_node_id=24 error=none
09-30 12:57:10.013  6274  6313 I SpinonBootstrap: SPINON_RUNTIME_DISPATCH=status=0 seq=28 op=dispatch status=0 caller_tid=6313 owner_tid=6292 callback_tid=6292 queue_wait_us=10 v8_call_us=1 cancel_requested=false callback_count=2 created_nodes=1 last_node_id=27 error=none
09-30 12:57:10.013  6274  6313 I SpinonBootstrap: SPINON_RUNTIME_UI dispatch status=0 seq=28 op=dispatch status=0 caller_tid=6313 owner_tid=6292 callback_tid=6292 queue_wait_us=10 v8_call_us=1 cancel_requested=false callback_count=2 created_nodes=1 last_node_id=27 error=none
09-30 12:57:10.013  6274  6291 I SpinonBootstrap: SPINON_RUNTIME_DISPATCH=status=0 seq=27 op=dispatch status=0 caller_tid=6291 owner_tid=6292 callback_tid=6292 queue_wait_us=40 v8_call_us=6 cancel_requested=false callback_count=2 created_nodes=1 last_node_id=26 error=none
09-30 12:57:10.013  6274  6291 I SpinonBootstrap: SPINON_RUNTIME_UI dispatch status=0 seq=27 op=dispatch status=0 caller_tid=6291 owner_tid=6292 callback_tid=6292 queue_wait_us=40 v8_call_us=6 cancel_requested=false callback_count=2 created_nodes=1 last_node_id=26 error=none
09-30 12:57:10.013  6274  6331 I SpinonBootstrap: SPINON_RUNTIME_DISPATCH=status=0 seq=20 op=dispatch status=0 caller_tid=6331 owner_tid=6292 callback_tid=6292 queue_wait_us=40 v8_call_us=3 cancel_requested=false callback_count=2 created_nodes=1 last_node_id=19 error=none
09-30 12:57:10.013  6274  6331 I SpinonBootstrap: SPINON_RUNTIME_UI dispatch status=0 seq=20 op=dispatch status=0 caller_tid=6331 owner_tid=6292 callback_tid=6292 queue_wait_us=40 v8_call_us=3 cancel_requested=false callback_count=2 created_nodes=1 last_node_id=19 error=none
09-30 12:57:10.013  6274  6331 I SpinonBootstrap: SPINON_RUNTIME_DISPATCH=status=0 seq=31 op=dispatch status=0 caller_tid=6331 owner_tid=6292 callback_tid=6292 queue_wait_us=28 v8_call_us=0 cancel_requested=false callback_count=2 created_nodes=1 last_node_id=30 error=none
09-30 12:57:10.013  6274  6331 I SpinonBootstrap: SPINON_RUNTIME_UI dispatch status=0 seq=31 op=dispatch status=0 caller_tid=6331 owner_tid=6292 callback_tid=6292 queue_wait_us=28 v8_call_us=0 cancel_requested=false callback_count=2 created_nodes=1 last_node_id=30 error=none
09-30 12:57:10.013  6274  6313 I SpinonBootstrap: SPINON_RUNTIME_DISPATCH=status=0 seq=29 op=dispatch status=0 caller_tid=6313 owner_tid=6292 callback_tid=6292 queue_wait_us=367 v8_call_us=6 cancel_requested=false callback_count=2 created_nodes=1 last_node_id=28 error=none
09-30 12:57:10.013  6274  6313 I SpinonBootstrap: SPINON_RUNTIME_UI dispatch status=0 seq=29 op=dispatch status=0 caller_tid=6313 owner_tid=6292 callback_tid=6292 queue_wait_us=367 v8_call_us=6 cancel_requested=false callback_count=2 created_nodes=1 last_node_id=28 error=none
09-30 12:57:10.013  6274  6291 I SpinonBootstrap: SPINON_RUNTIME_DISPATCH=status=0 seq=30 op=dispatch status=0 caller_tid=6291 owner_tid=6292 callback_tid=6292 queue_wait_us=378 v8_call_us=1 cancel_requested=false callback_count=2 created_nodes=1 last_node_id=29 error=none
09-30 12:57:10.013  6274  6291 I SpinonBootstrap: SPINON_RUNTIME_UI dispatch status=0 seq=30 op=dispatch status=0 caller_tid=6291 owner_tid=6292 callback_tid=6292 queue_wait_us=378 v8_call_us=1 cancel_requested=false callback_count=2 created_nodes=1 last_node_id=29 error=none
09-30 12:57:10.014  6274  6331 I SpinonBootstrap: SPINON_RUNTIME_DISPATCH=status=0 seq=32 op=dispatch status=0 caller_tid=6331 owner_tid=6292 callback_tid=6292 queue_wait_us=3 v8_call_us=4 cancel_requested=false callback_count=2 created_nodes=1 last_node_id=31 error=none
09-30 12:57:10.014  6274  6331 I SpinonBootstrap: SPINON_RUNTIME_UI dispatch status=0 seq=32 op=dispatch status=0 caller_tid=6331 owner_tid=6292 callback_tid=6292 queue_wait_us=3 v8_call_us=4 cancel_requested=false callback_count=2 created_nodes=1 last_node_id=31 error=none
09-30 12:57:10.014  6274  6313 I SpinonBootstrap: SPINON_RUNTIME_DISPATCH=status=0 seq=33 op=dispatch status=0 caller_tid=6313 owner_tid=6292 callback_tid=6292 queue_wait_us=160 v8_call_us=5 cancel_requested=false callback_count=2 created_nodes=1 last_node_id=32 error=none
09-30 12:57:10.014  6274  6291 I SpinonBootstrap: SPINON_RUNTIME_DISPATCH=status=0 seq=34 op=dispatch status=0 caller_tid=6291 owner_tid=6292 callback_tid=6292 queue_wait_us=172 v8_call_us=1 cancel_requested=false callback_count=2 created_nodes=1 last_node_id=33 error=none
09-30 12:57:10.014  6274  6313 I SpinonBootstrap: SPINON_RUNTIME_UI dispatch status=0 seq=33 op=dispatch status=0 caller_tid=6313 owner_tid=6292 callback_tid=6292 queue_wait_us=160 v8_call_us=5 cancel_requested=false callback_count=2 created_nodes=1 last_node_id=32 error=none
09-30 12:57:10.014  6274  6331 I SpinonBootstrap: SPINON_RUNTIME_DISPATCH=status=0 seq=35 op=dispatch status=0 caller_tid=6331 owner_tid=6292 callback_tid=6292 queue_wait_us=3 v8_call_us=1 cancel_requested=false callback_count=2 created_nodes=1 last_node_id=34 error=none
09-30 12:57:10.014  6274  6331 I SpinonBootstrap: SPINON_RUNTIME_UI dispatch status=0 seq=35 op=dispatch status=0 caller_tid=6331 owner_tid=6292 callback_tid=6292 queue_wait_us=3 v8_call_us=1 cancel_requested=false callback_count=2 created_nodes=1 last_node_id=34 error=none
09-30 12:57:10.014  6274  6291 I SpinonBootstrap: SPINON_RUNTIME_UI dispatch status=0 seq=34 op=dispatch status=0 caller_tid=6291 owner_tid=6292 callback_tid=6292 queue_wait_us=172 v8_call_us=1 cancel_requested=false callback_count=2 created_nodes=1 last_node_id=33 error=none
09-30 12:57:10.014  6274  6331 I SpinonBootstrap: SPINON_RUNTIME_DISPATCH=status=0 seq=37 op=dispatch status=0 caller_tid=6331 owner_tid=6292 callback_tid=6292 queue_wait_us=284 v8_call_us=0 cancel_requested=false callback_count=2 created_nodes=1 last_node_id=36 error=none
09-30 12:57:10.014  6274  6331 I SpinonBootstrap: SPINON_RUNTIME_UI dispatch status=0 seq=37 op=dispatch status=0 caller_tid=6331 owner_tid=6292 callback_tid=6292 queue_wait_us=284 v8_call_us=0 cancel_requested=false callback_count=2 created_nodes=1 last_node_id=36 error=none
09-30 12:57:10.014  6274  6331 I SpinonBootstrap: SPINON_RUNTIME_DISPATCH=status=0 seq=39 op=dispatch status=0 caller_tid=6331 owner_tid=6292 callback_tid=6292 queue_wait_us=2 v8_call_us=1 cancel_requested=false callback_count=2 created_nodes=1 last_node_id=38 error=none
09-30 12:57:10.014  6274  6331 I SpinonBootstrap: SPINON_RUNTIME_UI dispatch status=0 seq=39 op=dispatch status=0 caller_tid=6331 owner_tid=6292 callback_tid=6292 queue_wait_us=2 v8_call_us=1 cancel_requested=false callback_count=2 created_nodes=1 last_node_id=38 error=none
09-30 12:57:10.014  6274  6331 I SpinonBootstrap: SPINON_RUNTIME_DISPATCH=status=0 seq=40 op=dispatch status=0 caller_tid=6331 owner_tid=6292 callback_tid=6292 queue_wait_us=1 v8_call_us=1 cancel_requested=false callback_count=2 created_nodes=1 last_node_id=39 error=none
09-30 12:57:10.014  6274  6331 I SpinonBootstrap: SPINON_RUNTIME_UI dispatch status=0 seq=40 op=dispatch status=0 caller_tid=6331 owner_tid=6292 callback_tid=6292 queue_wait_us=1 v8_call_us=1 cancel_requested=false callback_count=2 created_nodes=1 last_node_id=39 error=none
09-30 12:57:10.014  6274  6291 I SpinonBootstrap: SPINON_RUNTIME_DISPATCH=status=0 seq=38 op=dispatch status=0 caller_tid=6291 owner_tid=6292 callback_tid=6292 queue_wait_us=10 v8_call_us=0 cancel_requested=false callback_count=2 created_nodes=1 last_node_id=37 error=none
09-30 12:57:10.014  6274  6291 I SpinonBootstrap: SPINON_RUNTIME_UI dispatch status=0 seq=38 op=dispatch status=0 caller_tid=6291 owner_tid=6292 callback_tid=6292 queue_wait_us=10 v8_call_us=0 cancel_requested=false callback_count=2 created_nodes=1 last_node_id=37 error=none
09-30 12:57:10.014  6274  6291 I SpinonBootstrap: SPINON_RUNTIME_DISPATCH=status=0 seq=42 op=dispatch status=0 caller_tid=6291 owner_tid=6292 callback_tid=6292 queue_wait_us=1 v8_call_us=1 cancel_requested=false callback_count=2 created_nodes=1 last_node_id=41 error=none
09-30 12:57:10.014  6274  6291 I SpinonBootstrap: SPINON_RUNTIME_UI dispatch status=0 seq=42 op=dispatch status=0 caller_tid=6291 owner_tid=6292 callback_tid=6292 queue_wait_us=1 v8_call_us=1 cancel_requested=false callback_count=2 created_nodes=1 last_node_id=41 error=none
09-30 12:57:10.014  6274  6331 I SpinonBootstrap: SPINON_RUNTIME_DISPATCH=status=0 seq=41 op=dispatch status=0 caller_tid=6331 owner_tid=6292 callback_tid=6292 queue_wait_us=1 v8_call_us=1 cancel_requested=false callback_count=2 created_nodes=1 last_node_id=40 error=none
09-30 12:57:10.014  6274  6331 I SpinonBootstrap: SPINON_RUNTIME_UI dispatch status=0 seq=41 op=dispatch status=0 caller_tid=6331 owner_tid=6292 callback_tid=6292 queue_wait_us=1 v8_call_us=1 cancel_requested=false callback_count=2 created_nodes=1 last_node_id=40 error=none
09-30 12:57:10.014  6274  6313 I SpinonBootstrap: SPINON_RUNTIME_DISPATCH=status=0 seq=36 op=dispatch status=0 caller_tid=6313 owner_tid=6292 callback_tid=6292 queue_wait_us=280 v8_call_us=3 cancel_requested=false callback_count=2 created_nodes=1 last_node_id=35 error=none
09-30 12:57:10.014  6274  6313 I SpinonBootstrap: SPINON_RUNTIME_UI dispatch status=0 seq=36 op=dispatch status=0 caller_tid=6313 owner_tid=6292 callback_tid=6292 queue_wait_us=280 v8_call_us=3 cancel_requested=false callback_count=2 created_nodes=1 last_node_id=35 error=none
09-30 12:57:10.014  6274  6313 I SpinonBootstrap: SPINON_RUNTIME_DISPATCH=status=0 seq=45 op=dispatch status=0 caller_tid=6313 owner_tid=6292 callback_tid=6292 queue_wait_us=1 v8_call_us=1 cancel_requested=false callback_count=2 created_nodes=1 last_node_id=44 error=none
09-30 12:57:10.014  6274  6313 I SpinonBootstrap: SPINON_RUNTIME_UI dispatch status=0 seq=45 op=dispatch status=0 caller_tid=6313 owner_tid=6292 callback_tid=6292 queue_wait_us=1 v8_call_us=1 cancel_requested=false callback_count=2 created_nodes=1 last_node_id=44 error=none
09-30 12:57:10.014  6274  6313 I SpinonBootstrap: SPINON_RUNTIME_DISPATCH=status=0 seq=46 op=dispatch status=0 caller_tid=6313 owner_tid=6292 callback_tid=6292 queue_wait_us=1 v8_call_us=1 cancel_requested=false callback_count=2 created_nodes=1 last_node_id=45 error=none
09-30 12:57:10.014  6274  6313 I SpinonBootstrap: SPINON_RUNTIME_UI dispatch status=0 seq=46 op=dispatch status=0 caller_tid=6313 owner_tid=6292 callback_tid=6292 queue_wait_us=1 v8_call_us=1 cancel_requested=false callback_count=2 created_nodes=1 last_node_id=45 error=none
09-30 12:57:10.014  6274  6291 I SpinonBootstrap: SPINON_RUNTIME_DISPATCH=status=0 seq=43 op=dispatch status=0 caller_tid=6291 owner_tid=6292 callback_tid=6292 queue_wait_us=1 v8_call_us=224 cancel_requested=false callback_count=2 created_nodes=1 last_node_id=42 error=none
09-30 12:57:10.014  6274  6331 I SpinonBootstrap: SPINON_RUNTIME_DISPATCH=status=0 seq=44 op=dispatch status=0 caller_tid=6331 owner_tid=6292 callback_tid=6292 queue_wait_us=18 v8_call_us=1 cancel_requested=false callback_count=2 created_nodes=1 last_node_id=43 error=none
09-30 12:57:10.014  6274  6331 I SpinonBootstrap: SPINON_RUNTIME_UI dispatch status=0 seq=44 op=dispatch status=0 caller_tid=6331 owner_tid=6292 callback_tid=6292 queue_wait_us=18 v8_call_us=1 cancel_requested=false callback_count=2 created_nodes=1 last_node_id=43 error=none
09-30 12:57:10.014  6274  6291 I SpinonBootstrap: SPINON_RUNTIME_UI dispatch status=0 seq=43 op=dispatch status=0 caller_tid=6291 owner_tid=6292 callback_tid=6292 queue_wait_us=1 v8_call_us=224 cancel_requested=false callback_count=2 created_nodes=1 last_node_id=42 error=none
09-30 12:57:10.014  6274  6313 I SpinonBootstrap: SPINON_RUNTIME_DISPATCH=status=0 seq=47 op=dispatch status=0 caller_tid=6313 owner_tid=6292 callback_tid=6292 queue_wait_us=1 v8_call_us=1 cancel_requested=false callback_count=2 created_nodes=1 last_node_id=46 error=none
09-30 12:57:10.015  6274  6313 I SpinonBootstrap: SPINON_RUNTIME_UI dispatch status=0 seq=47 op=dispatch status=0 caller_tid=6313 owner_tid=6292 callback_tid=6292 queue_wait_us=1 v8_call_us=1 cancel_requested=false callback_count=2 created_nodes=1 last_node_id=46 error=none
09-30 12:57:10.015  6274  6331 I SpinonBootstrap: SPINON_RUNTIME_DISPATCH=status=0 seq=48 op=dispatch status=0 caller_tid=6331 owner_tid=6292 callback_tid=6292 queue_wait_us=270 v8_call_us=3 cancel_requested=false callback_count=2 created_nodes=1 last_node_id=47 error=none
09-30 12:57:10.015  6274  6331 I SpinonBootstrap: SPINON_RUNTIME_UI dispatch status=0 seq=48 op=dispatch status=0 caller_tid=6331 owner_tid=6292 callback_tid=6292 queue_wait_us=270 v8_call_us=3 cancel_requested=false callback_count=2 created_nodes=1 last_node_id=47 error=none
09-30 12:57:10.015  6274  6313 I SpinonBootstrap: SPINON_RUNTIME_DISPATCH=status=0 seq=49 op=dispatch status=0 caller_tid=6313 owner_tid=6292 callback_tid=6292 queue_wait_us=21 v8_call_us=98 cancel_requested=false callback_count=2 created_nodes=1 last_node_id=49 error=none
09-30 12:57:10.015  6274  6313 I SpinonBootstrap: SPINON_RUNTIME_UI dispatch status=0 seq=49 op=dispatch status=0 caller_tid=6313 owner_tid=6292 callback_tid=6292 queue_wait_us=21 v8_call_us=98 cancel_requested=false callback_count=2 created_nodes=1 last_node_id=49 error=none
09-30 12:57:10.015  6274  6331 I SpinonBootstrap: SPINON_RUNTIME_DISPATCH=status=0 seq=50 op=dispatch status=0 caller_tid=6331 owner_tid=6292 callback_tid=6292 queue_wait_us=123 v8_call_us=1 cancel_requested=false callback_count=2 created_nodes=1 last_node_id=50 error=none
09-30 12:57:10.015  6274  6331 I SpinonBootstrap: SPINON_RUNTIME_UI dispatch status=0 seq=50 op=dispatch status=0 caller_tid=6331 owner_tid=6292 callback_tid=6292 queue_wait_us=123 v8_call_us=1 cancel_requested=false callback_count=2 created_nodes=1 last_node_id=50 error=none
09-30 12:57:10.015  6274  6291 I SpinonBootstrap: SPINON_RUNTIME_DISPATCH=status=0 seq=51 op=dispatch status=0 caller_tid=6291 owner_tid=6292 callback_tid=6292 queue_wait_us=152 v8_call_us=1 cancel_requested=false callback_count=2 created_nodes=1 last_node_id=48 error=none
09-30 12:57:10.015  6274  6291 I SpinonBootstrap: SPINON_RUNTIME_UI dispatch status=0 seq=51 op=dispatch status=0 caller_tid=6291 owner_tid=6292 callback_tid=6292 queue_wait_us=152 v8_call_us=1 cancel_requested=false callback_count=2 created_nodes=1 last_node_id=48 error=none
09-30 12:57:10.015  6274  6313 I SpinonBootstrap: SPINON_RUNTIME_DISPATCH=status=0 seq=52 op=dispatch status=0 caller_tid=6313 owner_tid=6292 callback_tid=6292 queue_wait_us=47 v8_call_us=1 cancel_requested=false callback_count=2 created_nodes=1 last_node_id=51 error=none
09-30 12:57:10.015  6274  6313 I SpinonBootstrap: SPINON_RUNTIME_UI dispatch status=0 seq=52 op=dispatch status=0 caller_tid=6313 owner_tid=6292 callback_tid=6292 queue_wait_us=47 v8_call_us=1 cancel_requested=false callback_count=2 created_nodes=1 last_node_id=51 error=none
09-30 12:57:10.015  6274  6331 I SpinonBootstrap: SPINON_RUNTIME_DISPATCH=status=0 seq=53 op=dispatch status=0 caller_tid=6331 owner_tid=6292 callback_tid=6292 queue_wait_us=29 v8_call_us=1 cancel_requested=false callback_count=2 created_nodes=1 last_node_id=52 error=none
09-30 12:57:10.015  6274  6331 I SpinonBootstrap: SPINON_RUNTIME_UI dispatch status=0 seq=53 op=dispatch status=0 caller_tid=6331 owner_tid=6292 callback_tid=6292 queue_wait_us=29 v8_call_us=1 cancel_requested=false callback_count=2 created_nodes=1 last_node_id=52 error=none
09-30 12:57:10.015  6274  6291 I SpinonBootstrap: SPINON_RUNTIME_DISPATCH=status=0 seq=54 op=dispatch status=0 caller_tid=6291 owner_tid=6292 callback_tid=6292 queue_wait_us=53 v8_call_us=4 cancel_requested=false callback_count=2 created_nodes=1 last_node_id=53 error=none
09-30 12:57:10.015  6274  6291 I SpinonBootstrap: SPINON_RUNTIME_UI dispatch status=0 seq=54 op=dispatch status=0 caller_tid=6291 owner_tid=6292 callback_tid=6292 queue_wait_us=53 v8_call_us=4 cancel_requested=false callback_count=2 created_nodes=1 last_node_id=53 error=none
09-30 12:57:10.015  6274  6313 I SpinonBootstrap: SPINON_RUNTIME_DISPATCH=status=0 seq=55 op=dispatch status=0 caller_tid=6313 owner_tid=6292 callback_tid=6292 queue_wait_us=423 v8_call_us=3 cancel_requested=false callback_count=2 created_nodes=1 last_node_id=54 error=none
09-30 12:57:10.015  6274  6313 I SpinonBootstrap: SPINON_RUNTIME_UI dispatch status=0 seq=55 op=dispatch status=0 caller_tid=6313 owner_tid=6292 callback_tid=6292 queue_wait_us=423 v8_call_us=3 cancel_requested=false callback_count=2 created_nodes=1 last_node_id=54 error=none
09-30 12:57:10.015  6274  6331 I SpinonBootstrap: SPINON_RUNTIME_DISPATCH=status=0 seq=56 op=dispatch status=0 caller_tid=6331 owner_tid=6292 callback_tid=6292 queue_wait_us=405 v8_call_us=0 cancel_requested=false callback_count=2 created_nodes=1 last_node_id=55 error=none
09-30 12:57:10.015  6274  6331 I SpinonBootstrap: SPINON_RUNTIME_UI dispatch status=0 seq=56 op=dispatch status=0 caller_tid=6331 owner_tid=6292 callback_tid=6292 queue_wait_us=405 v8_call_us=0 cancel_requested=false callback_count=2 created_nodes=1 last_node_id=55 error=none
09-30 12:57:10.015  6274  6291 I SpinonBootstrap: SPINON_RUNTIME_DISPATCH=status=0 seq=57 op=dispatch status=0 caller_tid=6291 owner_tid=6292 callback_tid=6292 queue_wait_us=33 v8_call_us=0 cancel_requested=false callback_count=2 created_nodes=1 last_node_id=56 error=none
09-30 12:57:10.015  6274  6291 I SpinonBootstrap: SPINON_RUNTIME_UI dispatch status=0 seq=57 op=dispatch status=0 caller_tid=6291 owner_tid=6292 callback_tid=6292 queue_wait_us=33 v8_call_us=0 cancel_requested=false callback_count=2 created_nodes=1 last_node_id=56 error=none
09-30 12:57:10.015  6274  6313 I SpinonBootstrap: SPINON_RUNTIME_DISPATCH=status=0 seq=58 op=dispatch status=0 caller_tid=6313 owner_tid=6292 callback_tid=6292 queue_wait_us=36 v8_call_us=1 cancel_requested=false callback_count=2 created_nodes=1 last_node_id=57 error=none
09-30 12:57:10.015  6274  6313 I SpinonBootstrap: SPINON_RUNTIME_UI dispatch status=0 seq=58 op=dispatch status=0 caller_tid=6313 owner_tid=6292 callback_tid=6292 queue_wait_us=36 v8_call_us=1 cancel_requested=false callback_count=2 created_nodes=1 last_node_id=57 error=none
09-30 12:57:10.015  6274  6331 I SpinonBootstrap: SPINON_RUNTIME_DISPATCH=status=0 seq=59 op=dispatch status=0 caller_tid=6331 owner_tid=6292 callback_tid=6292 queue_wait_us=39 v8_call_us=1 cancel_requested=false callback_count=2 created_nodes=1 last_node_id=58 error=none
09-30 12:57:10.015  6274  6331 I SpinonBootstrap: SPINON_RUNTIME_UI dispatch status=0 seq=59 op=dispatch status=0 caller_tid=6331 owner_tid=6292 callback_tid=6292 queue_wait_us=39 v8_call_us=1 cancel_requested=false callback_count=2 created_nodes=1 last_node_id=58 error=none
09-30 12:57:10.015  6274  6291 I SpinonBootstrap: SPINON_RUNTIME_DISPATCH=status=0 seq=60 op=dispatch status=0 caller_tid=6291 owner_tid=6292 callback_tid=6292 queue_wait_us=29 v8_call_us=1 cancel_requested=false callback_count=2 created_nodes=1 last_node_id=59 error=none
09-30 12:57:10.015  6274  6291 I SpinonBootstrap: SPINON_RUNTIME_UI dispatch status=0 seq=60 op=dispatch status=0 caller_tid=6291 owner_tid=6292 callback_tid=6292 queue_wait_us=29 v8_call_us=1 cancel_requested=false callback_count=2 created_nodes=1 last_node_id=59 error=none
09-30 12:57:10.016  6274  6313 I SpinonBootstrap: SPINON_RUNTIME_DISPATCH=status=0 seq=61 op=dispatch status=0 caller_tid=6313 owner_tid=6292 callback_tid=6292 queue_wait_us=175 v8_call_us=4 cancel_requested=false callback_count=2 created_nodes=1 last_node_id=60 error=none
09-30 12:57:10.016  6274  6313 I SpinonBootstrap: SPINON_RUNTIME_UI dispatch status=0 seq=61 op=dispatch status=0 caller_tid=6313 owner_tid=6292 callback_tid=6292 queue_wait_us=175 v8_call_us=4 cancel_requested=false callback_count=2 created_nodes=1 last_node_id=60 error=none
09-30 12:57:10.016  6274  6331 I SpinonBootstrap: SPINON_RUNTIME_DISPATCH=status=0 seq=62 op=dispatch status=0 caller_tid=6331 owner_tid=6292 callback_tid=6292 queue_wait_us=376 v8_call_us=3 cancel_requested=false callback_count=2 created_nodes=1 last_node_id=61 error=none
09-30 12:57:10.016  6274  6331 I SpinonBootstrap: SPINON_RUNTIME_UI dispatch status=0 seq=62 op=dispatch status=0 caller_tid=6331 owner_tid=6292 callback_tid=6292 queue_wait_us=376 v8_call_us=3 cancel_requested=false callback_count=2 created_nodes=1 last_node_id=61 error=none
09-30 12:57:10.016  6274  6291 I SpinonBootstrap: SPINON_RUNTIME_DISPATCH=status=0 seq=63 op=dispatch status=0 caller_tid=6291 owner_tid=6292 callback_tid=6292 queue_wait_us=239 v8_call_us=1 cancel_requested=false callback_count=2 created_nodes=1 last_node_id=62 error=none
09-30 12:57:10.016  6274  6291 I SpinonBootstrap: SPINON_RUNTIME_UI dispatch status=0 seq=63 op=dispatch status=0 caller_tid=6291 owner_tid=6292 callback_tid=6292 queue_wait_us=239 v8_call_us=1 cancel_requested=false callback_count=2 created_nodes=1 last_node_id=62 error=none
09-30 12:57:10.016  6274  6313 I SpinonBootstrap: SPINON_RUNTIME_DISPATCH=status=0 seq=64 op=dispatch status=0 caller_tid=6313 owner_tid=6292 callback_tid=6292 queue_wait_us=40 v8_call_us=1 cancel_requested=false callback_count=2 created_nodes=1 last_node_id=63 error=none
09-30 12:57:10.016  6274  6313 I SpinonBootstrap: SPINON_RUNTIME_UI dispatch status=0 seq=64 op=dispatch status=0 caller_tid=6313 owner_tid=6292 callback_tid=6292 queue_wait_us=40 v8_call_us=1 cancel_requested=false callback_count=2 created_nodes=1 last_node_id=63 error=none
09-30 12:57:10.016  6274  6331 I SpinonBootstrap: SPINON_RUNTIME_DISPATCH=status=0 seq=65 op=dispatch status=0 caller_tid=6331 owner_tid=6292 callback_tid=6292 queue_wait_us=43 v8_call_us=1 cancel_requested=false callback_count=2 created_nodes=1 last_node_id=64 error=none
09-30 12:57:10.016  6274  6331 I SpinonBootstrap: SPINON_RUNTIME_UI dispatch status=0 seq=65 op=dispatch status=0 caller_tid=6331 owner_tid=6292 callback_tid=6292 queue_wait_us=43 v8_call_us=1 cancel_requested=false callback_count=2 created_nodes=1 last_node_id=64 error=none
09-30 12:57:10.016  6274  6291 I SpinonBootstrap: SPINON_RUNTIME_DISPATCH=status=0 seq=66 op=dispatch status=0 caller_tid=6291 owner_tid=6292 callback_tid=6292 queue_wait_us=39 v8_call_us=1 cancel_requested=false callback_count=2 created_nodes=1 last_node_id=65 error=none
09-30 12:57:10.016  6274  6291 I SpinonBootstrap: SPINON_RUNTIME_UI dispatch status=0 seq=66 op=dispatch status=0 caller_tid=6291 owner_tid=6292 callback_tid=6292 queue_wait_us=39 v8_call_us=1 cancel_requested=false callback_count=2 created_nodes=1 last_node_id=65 error=none
09-30 12:57:10.016  6274  6313 I SpinonBootstrap: SPINON_RUNTIME_DISPATCH=status=0 seq=67 op=dispatch status=0 caller_tid=6313 owner_tid=6292 callback_tid=6292 queue_wait_us=26 v8_call_us=1 cancel_requested=false callback_count=2 created_nodes=1 last_node_id=66 error=none
09-30 12:57:10.016  6274  6313 I SpinonBootstrap: SPINON_RUNTIME_UI dispatch status=0 seq=67 op=dispatch status=0 caller_tid=6313 owner_tid=6292 callback_tid=6292 queue_wait_us=26 v8_call_us=1 cancel_requested=false callback_count=2 created_nodes=1 last_node_id=66 error=none
09-30 12:57:10.016  6274  6331 I SpinonBootstrap: SPINON_RUNTIME_DISPATCH=status=0 seq=68 op=dispatch status=0 caller_tid=6331 owner_tid=6292 callback_tid=6292 queue_wait_us=27 v8_call_us=355 cancel_requested=false callback_count=2 created_nodes=1 last_node_id=67 error=none
09-30 12:57:10.016  6274  6331 I SpinonBootstrap: SPINON_RUNTIME_UI dispatch status=0 seq=68 op=dispatch status=0 caller_tid=6331 owner_tid=6292 callback_tid=6292 queue_wait_us=27 v8_call_us=355 cancel_requested=false callback_count=2 created_nodes=1 last_node_id=67 error=none
09-30 12:57:10.016  6274  6291 I SpinonBootstrap: SPINON_RUNTIME_DISPATCH=status=0 seq=69 op=dispatch status=0 caller_tid=6291 owner_tid=6292 callback_tid=6292 queue_wait_us=409 v8_call_us=3 cancel_requested=false callback_count=2 created_nodes=1 last_node_id=68 error=none
09-30 12:57:10.016  6274  6291 I SpinonBootstrap: SPINON_RUNTIME_UI dispatch status=0 seq=69 op=dispatch status=0 caller_tid=6291 owner_tid=6292 callback_tid=6292 queue_wait_us=409 v8_call_us=3 cancel_requested=false callback_count=2 created_nodes=1 last_node_id=68 error=none
09-30 12:57:10.016  6274  6332 I SpinonBootstrap: SPINON_RUNTIME_DISPATCH=status=0 seq=17 op=dispatch status=0 caller_tid=6332 owner_tid=6292 callback_tid=6292 queue_wait_us=342 v8_call_us=2 cancel_requested=false callback_count=2 created_nodes=1 last_node_id=16 error=none
09-30 12:57:10.016  6274  6332 I SpinonBootstrap: SPINON_RUNTIME_UI dispatch status=0 seq=17 op=dispatch status=0 caller_tid=6332 owner_tid=6292 callback_tid=6292 queue_wait_us=342 v8_call_us=2 cancel_requested=false callback_count=2 created_nodes=1 last_node_id=16 error=none
09-30 12:57:58.326  6274  6625 I SpinonBootstrap: SPINON_RUNTIME_CANCEL status=1
09-30 12:57:58.326  6274  6625 I SpinonBootstrap: SPINON_RUNTIME_SESSION_FREE start
09-30 12:57:58.327  6274  6625 I SpinonBootstrap: SPINON_RUNTIME_SESSION_FREE done
