--------- beginning of main
10-03 22:04:39.056 21213 21213 I SpinonBootstrap: SPINON_R08_UI=ready text-input=EditText accessibility=button+EditText
10-03 22:04:39.216 21213 21213 I SpinonBootstrap: SPINON_S04_RENDERER=ready surface_generation=1 size=1080x2400 density=2.6250 backend=Vulkan device=Cpu name=llvmpipe (LLVM 21.1.4, 128 bits) format=Rgba8UnormSrgb color_space=Srgb supported_formats=[Rgba8UnormSrgb, Rgba8Unorm, Rgba16Float, Rgb10a2Unorm]
10-03 22:04:39.217 21213 21213 I SpinonBootstrap: SPINON_R08_WGPU_SURFACE=size 1080x2400
10-03 22:04:39.219 21213 21213 I SpinonBootstrap: SPINON_S04_FRAME status=0 acquire=Success surface_generation=1 frame_sequence=1 submission_index=SubmissionIndex { index: 1 } present=requested fixture=S04-flex-paint-v1 document_revision=1 render_tree_revision=1 diagnostics=deferred_to_readback
10-03 22:04:39.219 21213 21213 I SpinonBootstrap: SPINON_S04_FRAME status=0 acquire=Success surface_generation=1 frame_sequence=1 submission_index=SubmissionIndex { index: 1 } present=requested fixture=S04-flex-paint-v1 document_revision=1 render_tree_revision=1 diagnostics=deferred_to_readback
10-03 22:04:39.253 21213 21213 I SpinonBootstrap: SPINON_S04_READBACK status=1 surface_generation=1 frame_sequence=1 fixture=S04-flex-paint-v1 target=Rgba8UnormSrgb size=301x40 bytes_per_row=1280 sample_rows=3 samples=42 rgba=exact diagnostics=none
10-03 22:04:39.253 21213 21213 I SpinonBootstrap: SPINON_S04_READBACK=passed status=1 surface_generation=1 frame_sequence=1 fixture=S04-flex-paint-v1 target=Rgba8UnormSrgb size=301x40 bytes_per_row=1280 sample_rows=3 samples=42 rgba=exact diagnostics=none
10-03 22:05:27.729 21213 21213 I SpinonBootstrap: SPINON_R08_WGPU_SURFACE=destroyed
10-03 22:05:27.785 21213 21213 I SpinonBootstrap: SPINON_R08_UI=ready text-input=EditText accessibility=button+EditText
10-03 22:05:27.848 21213 21213 I SpinonBootstrap: SPINON_S04_RENDERER=ready surface_generation=2 size=2400x1080 density=2.6250 backend=Vulkan device=Cpu name=llvmpipe (LLVM 21.1.4, 128 bits) format=Rgba8UnormSrgb color_space=Srgb supported_formats=[Rgba8UnormSrgb, Rgba8Unorm, Rgba16Float, Rgb10a2Unorm]
10-03 22:05:27.849 21213 21213 I SpinonBootstrap: SPINON_R08_WGPU_SURFACE=size 2400x1080
10-03 22:05:27.849 21213 21213 I SpinonBootstrap: SPINON_S04_FRAME status=0 acquire=Success surface_generation=2 frame_sequence=1 submission_index=SubmissionIndex { index: 1 } present=requested fixture=S04-flex-paint-v1 document_revision=1 render_tree_revision=1 diagnostics=deferred_to_readback
10-03 22:05:27.849 21213 21213 I SpinonBootstrap: SPINON_S04_FRAME status=0 acquire=Success surface_generation=2 frame_sequence=1 submission_index=SubmissionIndex { index: 1 } present=requested fixture=S04-flex-paint-v1 document_revision=1 render_tree_revision=1 diagnostics=deferred_to_readback
10-03 22:05:27.867 21213 21213 I SpinonBootstrap: SPINON_S04_READBACK status=1 surface_generation=2 frame_sequence=1 fixture=S04-flex-paint-v1 target=Rgba8UnormSrgb size=301x40 bytes_per_row=1280 sample_rows=3 samples=42 rgba=exact diagnostics=none
10-03 22:05:27.867 21213 21213 I SpinonBootstrap: SPINON_S04_READBACK=passed status=1 surface_generation=2 frame_sequence=1 fixture=S04-flex-paint-v1 target=Rgba8UnormSrgb size=301x40 bytes_per_row=1280 sample_rows=3 samples=42 rgba=exact diagnostics=none
10-03 22:05:42.449 21213 21213 I SpinonBootstrap: SPINON_R08_WGPU_SURFACE=destroyed
10-03 22:05:42.493 21213 21213 I SpinonBootstrap: SPINON_R08_UI=ready text-input=EditText accessibility=button+EditText
10-03 22:05:42.533 21213 21213 I SpinonBootstrap: SPINON_S04_RENDERER=ready surface_generation=3 size=1080x2400 density=2.6250 backend=Vulkan device=Cpu name=llvmpipe (LLVM 21.1.4, 128 bits) format=Rgba8UnormSrgb color_space=Srgb supported_formats=[Rgba8UnormSrgb, Rgba8Unorm, Rgba16Float, Rgb10a2Unorm]
10-03 22:05:42.533 21213 21213 I SpinonBootstrap: SPINON_R08_WGPU_SURFACE=size 1080x2400
10-03 22:05:42.534 21213 21213 I SpinonBootstrap: SPINON_S04_FRAME status=0 acquire=Success surface_generation=3 frame_sequence=1 submission_index=SubmissionIndex { index: 1 } present=requested fixture=S04-flex-paint-v1 document_revision=1 render_tree_revision=1 diagnostics=deferred_to_readback
10-03 22:05:42.534 21213 21213 I SpinonBootstrap: SPINON_S04_FRAME status=0 acquire=Success surface_generation=3 frame_sequence=1 submission_index=SubmissionIndex { index: 1 } present=requested fixture=S04-flex-paint-v1 document_revision=1 render_tree_revision=1 diagnostics=deferred_to_readback
10-03 22:05:42.552 21213 21213 I SpinonBootstrap: SPINON_S04_READBACK status=1 surface_generation=3 frame_sequence=1 fixture=S04-flex-paint-v1 target=Rgba8UnormSrgb size=301x40 bytes_per_row=1280 sample_rows=3 samples=42 rgba=exact diagnostics=none
10-03 22:05:42.552 21213 21213 I SpinonBootstrap: SPINON_S04_READBACK=passed status=1 surface_generation=3 frame_sequence=1 fixture=S04-flex-paint-v1 target=Rgba8UnormSrgb size=301x40 bytes_per_row=1280 sample_rows=3 samples=42 rgba=exact diagnostics=none
