Timestamp               Ty Process[PID:TID]
2026-09-27 01:52:15.681 Df BosonDynamicTree[8764:1b218e0] BOSON_CONTENTION busy_ms=40 max_refresh_hz=60
2026-09-27 01:52:15.681 Df BosonDynamicTree[8764:1b218e0] BOSON_BACKGROUND_WORKERS=4
2026-09-27 01:52:15.694 Df BosonDynamicTree[8764:1b218e0] BOSON_NODE_CREATE id=2 tag=text
2026-09-27 01:52:15.694 Df BosonDynamicTree[8764:1b218e0] BOSON_LAYOUT id=2 x=24 y=24 width=354 height=64
2026-09-27 01:52:15.695 Df BosonDynamicTree[8764:1b218e0] BOSON_NODE_CREATE id=3 tag=button
2026-09-27 01:52:15.696 Df BosonDynamicTree[8764:1b218e0] BOSON_LAYOUT id=3 x=24 y=100 width=354 height=64
2026-09-27 01:52:15.696 Df BosonDynamicTree[8764:1b218e0] BOSON_FRAME result=0 nodes=2
2026-09-27 01:52:15.696 Df BosonDynamicTree[8764:1b218e0] BOSON_RESIZE width=402 height=778
2026-09-27 01:52:15.781 Df BosonDynamicTree[8764:1b218e0] BOSON_FRAME_GAP_MS=25.170
2026-09-27 01:52:15.798 Df BosonDynamicTree[8764:1b218e0] BOSON_FRAME_GAP_MS=16.667
2026-09-27 01:52:15.815 Df BosonDynamicTree[8764:1b218e0] BOSON_FRAME_GAP_MS=16.667
2026-09-27 01:52:15.831 Df BosonDynamicTree[8764:1b218e0] BOSON_FRAME_GAP_MS=16.667
2026-09-27 01:52:15.848 Df BosonDynamicTree[8764:1b218e0] BOSON_FRAME_GAP_MS=16.667
2026-09-27 01:52:15.865 Df BosonDynamicTree[8764:1b218e0] BOSON_FRAME_GAP_MS=16.667
2026-09-27 01:52:15.881 Df BosonDynamicTree[8764:1b218e0] BOSON_FRAME_GAP_MS=16.667
2026-09-27 01:52:15.898 Df BosonDynamicTree[8764:1b218e0] BOSON_FRAME_GAP_MS=16.667
2026-09-27 01:52:15.915 Df BosonDynamicTree[8764:1b218e0] BOSON_FRAME_GAP_MS=16.667
2026-09-27 01:52:15.931 Df BosonDynamicTree[8764:1b218e0] BOSON_FRAME_GAP_MS=16.667
2026-09-27 01:52:15.948 Df BosonDynamicTree[8764:1b218e0] BOSON_FRAME_GAP_MS=16.667
2026-09-27 01:52:15.965 Df BosonDynamicTree[8764:1b218e0] BOSON_FRAME_GAP_MS=16.667
2026-09-27 01:52:15.981 Df BosonDynamicTree[8764:1b218e0] BOSON_FRAME_GAP_MS=16.667
2026-09-27 01:52:15.998 Df BosonDynamicTree[8764:1b218e0] BOSON_FRAME_GAP_MS=16.667
2026-09-27 01:52:16.015 Df BosonDynamicTree[8764:1b218e0] BOSON_FRAME_GAP_MS=16.667
2026-09-27 01:52:16.031 Df BosonDynamicTree[8764:1b218e0] BOSON_FRAME_GAP_MS=16.667
2026-09-27 01:52:16.048 Df BosonDynamicTree[8764:1b218e0] BOSON_FRAME_GAP_MS=16.667
2026-09-27 01:52:16.064 Df BosonDynamicTree[8764:1b218e0] BOSON_FRAME_GAP_MS=16.667
2026-09-27 01:52:16.090 Df BosonDynamicTree[8764:1b218e0] BOSON_FRAME_GAP_MS=16.667
2026-09-27 01:52:16.097 Df BosonDynamicTree[8764:1b218e0] BOSON_FRAME_GAP_MS=16.667
2026-09-27 01:52:16.114 Df BosonDynamicTree[8764:1b218e0] BOSON_FRAME_GAP_MS=16.667
2026-09-27 01:52:16.135 Df BosonDynamicTree[8764:1b218e0] BOSON_FRAME_GAP_MS=16.667
2026-09-27 01:52:16.148 Df BosonDynamicTree[8764:1b218e0] BOSON_FRAME_GAP_MS=16.667
2026-09-27 01:52:16.164 Df BosonDynamicTree[8764:1b218e0] BOSON_FRAME_GAP_MS=16.667
2026-09-27 01:52:16.181 Df BosonDynamicTree[8764:1b218e0] BOSON_FRAME_GAP_MS=16.667
2026-09-27 01:52:16.198 Df BosonDynamicTree[8764:1b218e0] BOSON_FRAME_GAP_MS=16.667
2026-09-27 01:52:16.215 Df BosonDynamicTree[8764:1b218e0] BOSON_FRAME_GAP_MS=16.667
2026-09-27 01:52:16.231 Df BosonDynamicTree[8764:1b218e0] BOSON_FRAME_GAP_MS=16.667
2026-09-27 01:52:16.248 Df BosonDynamicTree[8764:1b218e0] BOSON_FRAME_GAP_MS=16.667
2026-09-27 01:52:16.265 Df BosonDynamicTree[8764:1b218e0] BOSON_FRAME_GAP_MS=16.667
2026-09-27 01:52:16.281 Df BosonDynamicTree[8764:1b218e0] BOSON_FRAME_GAP_MS=16.667
2026-09-27 01:52:16.298 Df BosonDynamicTree[8764:1b218e0] BOSON_FRAME_GAP_MS=16.667
2026-09-27 01:52:16.315 Df BosonDynamicTree[8764:1b218e0] BOSON_FRAME_GAP_MS=16.667
2026-09-27 01:52:16.331 Df BosonDynamicTree[8764:1b218e0] BOSON_FRAME_GAP_MS=16.667
2026-09-27 01:52:16.389 Df BosonDynamicTree[8764:1b218e0] BOSON_LAYOUT id=2 x=24 y=24 width=354 height=64
2026-09-27 01:52:16.389 Df BosonDynamicTree[8764:1b218e0] BOSON_LAYOUT id=3 x=24 y=100 width=354 height=64
2026-09-27 01:52:16.389 Df BosonDynamicTree[8764:1b218e0] BOSON_FRAME result=0 nodes=2
2026-09-27 01:52:16.389 Df BosonDynamicTree[8764:1b218e0] BOSON_METRIC dispatch_us=39327 render_us=280
2026-09-27 01:52:16.389 Df BosonDynamicTree[8764:1b218e0] BOSON_TOUCH_RESULT=0 node=3
2026-09-27 01:52:16.397 Df BosonDynamicTree[8764:1b218e0] BOSON_FRAME_GAP_MS=59.426
2026-09-27 01:52:16.415 Df BosonDynamicTree[8764:1b218e0] BOSON_FRAME_GAP_MS=23.907
2026-09-27 01:52:16.431 Df BosonDynamicTree[8764:1b218e0] BOSON_FRAME_GAP_MS=16.667
2026-09-27 01:52:16.487 Df BosonDynamicTree[8764:1b218e0] BOSON_LAYOUT id=2 x=24 y=24 width=354 height=64
2026-09-27 01:52:16.488 Df BosonDynamicTree[8764:1b218e0] BOSON_LAYOUT id=3 x=24 y=100 width=354 height=64
2026-09-27 01:52:16.488 Df BosonDynamicTree[8764:1b218e0] BOSON_FRAME result=0 nodes=2
2026-09-27 01:52:16.488 Df BosonDynamicTree[8764:1b218e0] BOSON_METRIC dispatch_us=39435 render_us=206
2026-09-27 01:52:16.488 Df BosonDynamicTree[8764:1b218e0] BOSON_TOUCH_RESULT=0 node=3
2026-09-27 01:52:16.497 Df BosonDynamicTree[8764:1b218e0] BOSON_FRAME_GAP_MS=57.854
2026-09-27 01:52:16.515 Df BosonDynamicTree[8764:1b218e0] BOSON_FRAME_GAP_MS=25.479
2026-09-27 01:52:16.531 Df BosonDynamicTree[8764:1b218e0] BOSON_FRAME_GAP_MS=16.667
2026-09-27 01:52:16.548 Df BosonDynamicTree[8764:1b218e0] BOSON_FRAME_GAP_MS=16.667
2026-09-27 01:52:16.604 Df BosonDynamicTree[8764:1b218e0] BOSON_LAYOUT id=2 x=24 y=24 width=354 height=64
2026-09-27 01:52:16.605 Df BosonDynamicTree[8764:1b218e0] BOSON_LAYOUT id=3 x=24 y=100 width=354 height=64
2026-09-27 01:52:16.605 Df BosonDynamicTree[8764:1b218e0] BOSON_FRAME result=0 nodes=2
2026-09-27 01:52:16.605 Df BosonDynamicTree[8764:1b218e0] BOSON_METRIC dispatch_us=39763 render_us=195
2026-09-27 01:52:16.605 Df BosonDynamicTree[8764:1b218e0] BOSON_TOUCH_RESULT=0 node=3
2026-09-27 01:52:16.614 Df BosonDynamicTree[8764:1b218e0] BOSON_FRAME_GAP_MS=62.796
2026-09-27 01:52:16.631 Df BosonDynamicTree[8764:1b218e0] BOSON_FRAME_GAP_MS=20.538
2026-09-27 01:52:16.648 Df BosonDynamicTree[8764:1b218e0] BOSON_FRAME_GAP_MS=16.667
2026-09-27 01:52:16.704 Df BosonDynamicTree[8764:1b218e0] BOSON_LAYOUT id=2 x=24 y=24 width=354 height=64
2026-09-27 01:52:16.705 Df BosonDynamicTree[8764:1b218e0] BOSON_LAYOUT id=3 x=24 y=100 width=354 height=64
2026-09-27 01:52:16.705 Df BosonDynamicTree[8764:1b218e0] BOSON_FRAME result=0 nodes=2
2026-09-27 01:52:16.705 Df BosonDynamicTree[8764:1b218e0] BOSON_METRIC dispatch_us=39761 render_us=219
2026-09-27 01:52:16.705 Df BosonDynamicTree[8764:1b218e0] BOSON_TOUCH_RESULT=0 node=3
2026-09-27 01:52:16.714 Df BosonDynamicTree[8764:1b218e0] BOSON_FRAME_GAP_MS=58.295
2026-09-27 01:52:16.731 Df BosonDynamicTree[8764:1b218e0] BOSON_FRAME_GAP_MS=25.039
2026-09-27 01:52:16.748 Df BosonDynamicTree[8764:1b218e0] BOSON_FRAME_GAP_MS=16.667
2026-09-27 01:52:16.765 Df BosonDynamicTree[8764:1b218e0] BOSON_FRAME_GAP_MS=16.667
2026-09-27 01:52:16.820 Df BosonDynamicTree[8764:1b218e0] BOSON_LAYOUT id=2 x=24 y=24 width=354 height=64
2026-09-27 01:52:16.821 Df BosonDynamicTree[8764:1b218e0] BOSON_LAYOUT id=3 x=24 y=100 width=354 height=64
2026-09-27 01:52:16.821 Df BosonDynamicTree[8764:1b218e0] BOSON_FRAME result=0 nodes=2
2026-09-27 01:52:16.821 Df BosonDynamicTree[8764:1b218e0] BOSON_METRIC dispatch_us=39023 render_us=237
2026-09-27 01:52:16.821 Df BosonDynamicTree[8764:1b218e0] BOSON_TOUCH_RESULT=0 node=3
2026-09-27 01:52:16.831 Df BosonDynamicTree[8764:1b218e0] BOSON_FRAME_GAP_MS=57.641
2026-09-27 01:52:16.847 Df BosonDynamicTree[8764:1b218e0] BOSON_FRAME_GAP_MS=25.692
2026-09-27 01:52:16.865 Df BosonDynamicTree[8764:1b218e0] BOSON_FRAME_GAP_MS=16.667
2026-09-27 01:52:16.937 Df BosonDynamicTree[8764:1b218e0] BOSON_LAYOUT id=2 x=24 y=24 width=354 height=64
2026-09-27 01:52:16.938 Df BosonDynamicTree[8764:1b218e0] BOSON_LAYOUT id=3 x=24 y=100 width=354 height=64
2026-09-27 01:52:16.938 Df BosonDynamicTree[8764:1b218e0] BOSON_FRAME result=0 nodes=2
2026-09-27 01:52:16.938 Df BosonDynamicTree[8764:1b218e0] BOSON_METRIC dispatch_us=39810 render_us=213
2026-09-27 01:52:16.938 Df BosonDynamicTree[8764:1b218e0] BOSON_TOUCH_RESULT=0 node=3
2026-09-27 01:52:16.938 Df BosonDynamicTree[8764:1b218e0] BOSON_FRAME_GAP_MS=16.667
2026-09-27 01:52:16.947 Df BosonDynamicTree[8764:1b218e0] BOSON_FRAME_GAP_MS=58.170
2026-09-27 01:52:16.965 Df BosonDynamicTree[8764:1b218e0] BOSON_FRAME_GAP_MS=25.164
2026-09-27 01:52:16.981 Df BosonDynamicTree[8764:1b218e0] BOSON_FRAME_GAP_MS=16.667
2026-09-27 01:52:17.037 Df BosonDynamicTree[8764:1b218e0] BOSON_LAYOUT id=2 x=24 y=24 width=354 height=64
2026-09-27 01:52:17.038 Df BosonDynamicTree[8764:1b218e0] BOSON_LAYOUT id=3 x=24 y=100 width=354 height=64
2026-09-27 01:52:17.038 Df BosonDynamicTree[8764:1b218e0] BOSON_FRAME result=0 nodes=2
2026-09-27 01:52:17.038 Df BosonDynamicTree[8764:1b218e0] BOSON_METRIC dispatch_us=39519 render_us=215
2026-09-27 01:52:17.038 Df BosonDynamicTree[8764:1b218e0] BOSON_TOUCH_RESULT=0 node=3
2026-09-27 01:52:17.047 Df BosonDynamicTree[8764:1b218e0] BOSON_FRAME_GAP_MS=57.805
2026-09-27 01:52:17.065 Df BosonDynamicTree[8764:1b218e0] BOSON_FRAME_GAP_MS=25.528
2026-09-27 01:52:17.081 Df BosonDynamicTree[8764:1b218e0] BOSON_FRAME_GAP_MS=16.667
2026-09-27 01:52:17.137 Df BosonDynamicTree[8764:1b218e0] BOSON_LAYOUT id=2 x=24 y=24 width=354 height=64
2026-09-27 01:52:17.138 Df BosonDynamicTree[8764:1b218e0] BOSON_LAYOUT id=3 x=24 y=100 width=354 height=64
2026-09-27 01:52:17.138 Df BosonDynamicTree[8764:1b218e0] BOSON_FRAME result=0 nodes=2
2026-09-27 01:52:17.138 Df BosonDynamicTree[8764:1b218e0] BOSON_METRIC dispatch_us=39483 render_us=217
2026-09-27 01:52:17.138 Df BosonDynamicTree[8764:1b218e0] BOSON_TOUCH_RESULT=0 node=3
2026-09-27 01:52:17.147 Df BosonDynamicTree[8764:1b218e0] BOSON_FRAME_GAP_MS=57.857
2026-09-27 01:52:17.165 Df BosonDynamicTree[8764:1b218e0] BOSON_FRAME_GAP_MS=25.476
2026-09-27 01:52:17.181 Df BosonDynamicTree[8764:1b218e0] BOSON_FRAME_GAP_MS=16.667
2026-09-27 01:52:17.254 Df BosonDynamicTree[8764:1b218e0] BOSON_LAYOUT id=2 x=24 y=24 width=354 height=64
2026-09-27 01:52:17.255 Df BosonDynamicTree[8764:1b218e0] BOSON_LAYOUT id=3 x=24 y=100 width=354 height=64
2026-09-27 01:52:17.255 Df BosonDynamicTree[8764:1b218e0] BOSON_FRAME result=0 nodes=2
2026-09-27 01:52:17.255 Df BosonDynamicTree[8764:1b218e0] BOSON_METRIC dispatch_us=39836 render_us=215
2026-09-27 01:52:17.255 Df BosonDynamicTree[8764:1b218e0] BOSON_TOUCH_RESULT=0 node=3
2026-09-27 01:52:17.255 Df BosonDynamicTree[8764:1b218e0] BOSON_FRAME_GAP_MS=16.667
2026-09-27 01:52:17.264 Df BosonDynamicTree[8764:1b218e0] BOSON_FRAME_GAP_MS=58.236
2026-09-27 01:52:17.281 Df BosonDynamicTree[8764:1b218e0] BOSON_FRAME_GAP_MS=25.097
2026-09-27 01:52:17.298 Df BosonDynamicTree[8764:1b218e0] BOSON_FRAME_GAP_MS=16.667
2026-09-27 01:52:17.354 Df BosonDynamicTree[8764:1b218e0] BOSON_LAYOUT id=2 x=24 y=24 width=354 height=64
2026-09-27 01:52:17.355 Df BosonDynamicTree[8764:1b218e0] BOSON_LAYOUT id=3 x=24 y=100 width=354 height=64
2026-09-27 01:52:17.355 Df BosonDynamicTree[8764:1b218e0] BOSON_FRAME result=0 nodes=2
2026-09-27 01:52:17.355 Df BosonDynamicTree[8764:1b218e0] BOSON_METRIC dispatch_us=39811 render_us=214
2026-09-27 01:52:17.355 Df BosonDynamicTree[8764:1b218e0] BOSON_TOUCH_RESULT=0 node=3
2026-09-27 01:52:17.364 Df BosonDynamicTree[8764:1b218e0] BOSON_FRAME_GAP_MS=58.183
2026-09-27 01:52:17.381 Df BosonDynamicTree[8764:1b218e0] BOSON_FRAME_GAP_MS=25.150
2026-09-27 01:52:17.397 Df BosonDynamicTree[8764:1b218e0] BOSON_FRAME_GAP_MS=16.667
2026-09-27 01:52:17.415 Df BosonDynamicTree[8764:1b218e0] BOSON_FRAME_GAP_MS=16.667
2026-09-27 01:52:17.470 Df BosonDynamicTree[8764:1b218e0] BOSON_LAYOUT id=2 x=24 y=24 width=354 height=64
2026-09-27 01:52:17.471 Df BosonDynamicTree[8764:1b218e0] BOSON_LAYOUT id=3 x=24 y=100 width=354 height=64
2026-09-27 01:52:17.471 Df BosonDynamicTree[8764:1b218e0] BOSON_FRAME result=0 nodes=2
2026-09-27 01:52:17.471 Df BosonDynamicTree[8764:1b218e0] BOSON_METRIC dispatch_us=39036 render_us=243
2026-09-27 01:52:17.471 Df BosonDynamicTree[8764:1b218e0] BOSON_TOUCH_RESULT=0 node=3
2026-09-27 01:52:17.481 Df BosonDynamicTree[8764:1b218e0] BOSON_FRAME_GAP_MS=57.532
2026-09-27 01:52:17.498 Df BosonDynamicTree[8764:1b218e0] BOSON_FRAME_GAP_MS=25.801
2026-09-27 01:52:17.515 Df BosonDynamicTree[8764:1b218e0] BOSON_FRAME_GAP_MS=16.667
2026-09-27 01:52:17.570 Df BosonDynamicTree[8764:1b218e0] BOSON_LAYOUT id=2 x=24 y=24 width=354 height=64
2026-09-27 01:52:17.571 Df BosonDynamicTree[8764:1b218e0] BOSON_LAYOUT id=3 x=24 y=100 width=354 height=64
2026-09-27 01:52:17.571 Df BosonDynamicTree[8764:1b218e0] BOSON_FRAME result=0 nodes=2
2026-09-27 01:52:17.571 Df BosonDynamicTree[8764:1b218e0] BOSON_METRIC dispatch_us=39150 render_us=209
2026-09-27 01:52:17.571 Df BosonDynamicTree[8764:1b218e0] BOSON_TOUCH_RESULT=0 node=3
2026-09-27 01:52:17.581 Df BosonDynamicTree[8764:1b218e0] BOSON_FRAME_GAP_MS=57.498
2026-09-27 01:52:17.597 Df BosonDynamicTree[8764:1b218e0] BOSON_FRAME_GAP_MS=25.835
2026-09-27 01:52:17.615 Df BosonDynamicTree[8764:1b218e0] BOSON_FRAME_GAP_MS=16.667
2026-09-27 01:52:17.631 Df BosonDynamicTree[8764:1b218e0] BOSON_FRAME_GAP_MS=16.667
2026-09-27 01:52:17.687 Df BosonDynamicTree[8764:1b218e0] BOSON_LAYOUT id=2 x=24 y=24 width=354 height=64
2026-09-27 01:52:17.688 Df BosonDynamicTree[8764:1b218e0] BOSON_LAYOUT id=3 x=24 y=100 width=354 height=64
2026-09-27 01:52:17.688 Df BosonDynamicTree[8764:1b218e0] BOSON_FRAME result=0 nodes=2
2026-09-27 01:52:17.688 Df BosonDynamicTree[8764:1b218e0] BOSON_METRIC dispatch_us=39445 render_us=234
2026-09-27 01:52:17.688 Df BosonDynamicTree[8764:1b218e0] BOSON_TOUCH_RESULT=0 node=3
2026-09-27 01:52:17.697 Df BosonDynamicTree[8764:1b218e0] BOSON_FRAME_GAP_MS=57.827
2026-09-27 01:52:17.715 Df BosonDynamicTree[8764:1b218e0] BOSON_FRAME_GAP_MS=25.506
2026-09-27 01:52:17.731 Df BosonDynamicTree[8764:1b218e0] BOSON_FRAME_GAP_MS=16.667
2026-09-27 01:52:17.787 Df BosonDynamicTree[8764:1b218e0] BOSON_LAYOUT id=2 x=24 y=24 width=354 height=64
2026-09-27 01:52:17.788 Df BosonDynamicTree[8764:1b218e0] BOSON_LAYOUT id=3 x=24 y=100 width=354 height=64
2026-09-27 01:52:17.788 Df BosonDynamicTree[8764:1b218e0] BOSON_FRAME result=0 nodes=2
2026-09-27 01:52:17.788 Df BosonDynamicTree[8764:1b218e0] BOSON_METRIC dispatch_us=39569 render_us=234
2026-09-27 01:52:17.788 Df BosonDynamicTree[8764:1b218e0] BOSON_TOUCH_RESULT=0 node=3
2026-09-27 01:52:17.797 Df BosonDynamicTree[8764:1b218e0] BOSON_FRAME_GAP_MS=57.981
2026-09-27 01:52:17.815 Df BosonDynamicTree[8764:1b218e0] BOSON_FRAME_GAP_MS=25.352
2026-09-27 01:52:17.831 Df BosonDynamicTree[8764:1b218e0] BOSON_FRAME_GAP_MS=16.667
2026-09-27 01:52:17.847 Df BosonDynamicTree[8764:1b218e0] BOSON_FRAME_GAP_MS=16.667
2026-09-27 01:52:17.904 Df BosonDynamicTree[8764:1b218e0] BOSON_LAYOUT id=2 x=24 y=24 width=354 height=64
2026-09-27 01:52:17.905 Df BosonDynamicTree[8764:1b218e0] BOSON_LAYOUT id=3 x=24 y=100 width=354 height=64
2026-09-27 01:52:17.905 Df BosonDynamicTree[8764:1b218e0] BOSON_FRAME result=0 nodes=2
2026-09-27 01:52:17.905 Df BosonDynamicTree[8764:1b218e0] BOSON_METRIC dispatch_us=39774 render_us=244
2026-09-27 01:52:17.905 Df BosonDynamicTree[8764:1b218e0] BOSON_TOUCH_RESULT=0 node=3
2026-09-27 01:52:17.914 Df BosonDynamicTree[8764:1b218e0] BOSON_FRAME_GAP_MS=58.190
2026-09-27 01:52:17.931 Df BosonDynamicTree[8764:1b218e0] BOSON_FRAME_GAP_MS=25.144
2026-09-27 01:52:17.948 Df BosonDynamicTree[8764:1b218e0] BOSON_FRAME_GAP_MS=16.667
2026-09-27 01:52:18.004 Df BosonDynamicTree[8764:1b218e0] BOSON_LAYOUT id=2 x=24 y=24 width=354 height=64
2026-09-27 01:52:18.005 Df BosonDynamicTree[8764:1b218e0] BOSON_LAYOUT id=3 x=24 y=100 width=354 height=64
2026-09-27 01:52:18.005 Df BosonDynamicTree[8764:1b218e0] BOSON_FRAME result=0 nodes=2
2026-09-27 01:52:18.005 Df BosonDynamicTree[8764:1b218e0] BOSON_METRIC dispatch_us=39799 render_us=242
2026-09-27 01:52:18.005 Df BosonDynamicTree[8764:1b218e0] BOSON_TOUCH_RESULT=0 node=3
2026-09-27 01:52:18.014 Df BosonDynamicTree[8764:1b218e0] BOSON_FRAME_GAP_MS=58.315
2026-09-27 01:52:18.031 Df BosonDynamicTree[8764:1b218e0] BOSON_FRAME_GAP_MS=25.018
2026-09-27 01:52:18.048 Df BosonDynamicTree[8764:1b218e0] BOSON_FRAME_GAP_MS=16.667
2026-09-27 01:52:18.064 Df BosonDynamicTree[8764:1b218e0] BOSON_FRAME_GAP_MS=16.667
2026-09-27 01:52:18.120 Df BosonDynamicTree[8764:1b218e0] BOSON_LAYOUT id=2 x=24 y=24 width=354 height=64
2026-09-27 01:52:18.121 Df BosonDynamicTree[8764:1b218e0] BOSON_LAYOUT id=3 x=24 y=100 width=354 height=64
2026-09-27 01:52:18.121 Df BosonDynamicTree[8764:1b218e0] BOSON_FRAME result=0 nodes=2
2026-09-27 01:52:18.121 Df BosonDynamicTree[8764:1b218e0] BOSON_METRIC dispatch_us=39074 render_us=243
2026-09-27 01:52:18.121 Df BosonDynamicTree[8764:1b218e0] BOSON_TOUCH_RESULT=0 node=3
2026-09-27 01:52:18.131 Df BosonDynamicTree[8764:1b218e0] BOSON_FRAME_GAP_MS=57.536
2026-09-27 01:52:18.148 Df BosonDynamicTree[8764:1b218e0] BOSON_FRAME_GAP_MS=25.798
2026-09-27 01:52:18.164 Df BosonDynamicTree[8764:1b218e0] BOSON_FRAME_GAP_MS=16.667
2026-09-27 01:52:18.181 Df BosonDynamicTree[8764:1b218e0] BOSON_FRAME_GAP_MS=16.667
2026-09-27 01:52:18.197 Df BosonDynamicTree[8764:1b218e0] BOSON_FRAME_GAP_MS=16.667
2026-09-27 01:52:18.254 Df BosonDynamicTree[8764:1b218e0] BOSON_LAYOUT id=2 x=24 y=24 width=354 height=64
2026-09-27 01:52:18.255 Df BosonDynamicTree[8764:1b218e0] BOSON_LAYOUT id=3 x=24 y=100 width=354 height=64
2026-09-27 01:52:18.255 Df BosonDynamicTree[8764:1b218e0] BOSON_FRAME result=0 nodes=2
2026-09-27 01:52:18.255 Df BosonDynamicTree[8764:1b218e0] BOSON_METRIC dispatch_us=39758 render_us=216
2026-09-27 01:52:18.255 Df BosonDynamicTree[8764:1b218e0] BOSON_TOUCH_RESULT=0 node=3
2026-09-27 01:52:18.264 Df BosonDynamicTree[8764:1b218e0] BOSON_FRAME_GAP_MS=58.173
2026-09-27 01:52:18.281 Df BosonDynamicTree[8764:1b218e0] BOSON_FRAME_GAP_MS=25.161
2026-09-27 01:52:18.298 Df BosonDynamicTree[8764:1b218e0] BOSON_FRAME_GAP_MS=16.667
2026-09-27 01:52:18.370 Df BosonDynamicTree[8764:1b218e0] BOSON_LAYOUT id=2 x=24 y=24 width=354 height=64
2026-09-27 01:52:18.371 Df BosonDynamicTree[8764:1b218e0] BOSON_LAYOUT id=3 x=24 y=100 width=354 height=64
2026-09-27 01:52:18.371 Df BosonDynamicTree[8764:1b218e0] BOSON_FRAME result=0 nodes=2
2026-09-27 01:52:18.371 Df BosonDynamicTree[8764:1b218e0] BOSON_METRIC dispatch_us=39120 render_us=233
2026-09-27 01:52:18.371 Df BosonDynamicTree[8764:1b218e0] BOSON_TOUCH_RESULT=0 node=3
2026-09-27 01:52:18.371 Df BosonDynamicTree[8764:1b218e0] BOSON_FRAME_GAP_MS=16.667
2026-09-27 01:52:18.381 Df BosonDynamicTree[8764:1b218e0] BOSON_FRAME_GAP_MS=57.546
2026-09-27 01:52:18.397 Df BosonDynamicTree[8764:1b218e0] BOSON_FRAME_GAP_MS=25.787
2026-09-27 01:52:18.415 Df BosonDynamicTree[8764:1b218e0] BOSON_FRAME_GAP_MS=16.667
2026-09-27 01:52:18.470 Df BosonDynamicTree[8764:1b218e0] BOSON_LAYOUT id=2 x=24 y=24 width=354 height=64
2026-09-27 01:52:18.471 Df BosonDynamicTree[8764:1b218e0] BOSON_LAYOUT id=3 x=24 y=100 width=354 height=64
2026-09-27 01:52:18.471 Df BosonDynamicTree[8764:1b218e0] BOSON_FRAME result=0 nodes=2
2026-09-27 01:52:18.471 Df BosonDynamicTree[8764:1b218e0] BOSON_METRIC dispatch_us=39170 render_us=214
2026-09-27 01:52:18.471 Df BosonDynamicTree[8764:1b218e0] BOSON_TOUCH_RESULT=0 node=3
2026-09-27 01:52:18.481 Df BosonDynamicTree[8764:1b218e0] BOSON_FRAME_GAP_MS=57.484
2026-09-27 01:52:18.497 Df BosonDynamicTree[8764:1b218e0] BOSON_FRAME_GAP_MS=25.849
2026-09-27 01:52:18.515 Df BosonDynamicTree[8764:1b218e0] BOSON_FRAME_GAP_MS=16.667
2026-09-27 01:52:18.531 Df BosonDynamicTree[8764:1b218e0] BOSON_FRAME_GAP_MS=16.667
2026-09-27 01:52:18.548 Df BosonDynamicTree[8764:1b218e0] BOSON_FRAME_GAP_MS=16.667
2026-09-27 01:52:18.565 Df BosonDynamicTree[8764:1b218e0] BOSON_FRAME_GAP_MS=16.667
2026-09-27 01:52:18.581 Df BosonDynamicTree[8764:1b218e0] BOSON_FRAME_GAP_MS=16.667
2026-09-27 01:52:18.598 Df BosonDynamicTree[8764:1b218e0] BOSON_FRAME_GAP_MS=16.667
2026-09-27 01:52:18.615 Df BosonDynamicTree[8764:1b218e0] BOSON_FRAME_GAP_MS=16.667
2026-09-27 01:52:18.631 Df BosonDynamicTree[8764:1b218e0] BOSON_FRAME_GAP_MS=16.667
2026-09-27 01:52:18.648 Df BosonDynamicTree[8764:1b218e0] BOSON_FRAME_GAP_MS=16.667
2026-09-27 01:52:18.664 Df BosonDynamicTree[8764:1b218e0] BOSON_FRAME_GAP_MS=16.667
2026-09-27 01:52:18.681 Df BosonDynamicTree[8764:1b218e0] BOSON_FRAME_GAP_MS=16.667
2026-09-27 01:52:18.697 Df BosonDynamicTree[8764:1b218e0] BOSON_FRAME_GAP_MS=16.667
2026-09-27 01:52:18.715 Df BosonDynamicTree[8764:1b218e0] BOSON_FRAME_GAP_MS=16.667
2026-09-27 01:52:18.747 Df BosonDynamicTree[8764:1b218e0] BOSON_FRAME_GAP_MS=16.667
2026-09-27 01:52:18.764 Df BosonDynamicTree[8764:1b218e0] BOSON_FRAME_GAP_MS=16.667
2026-09-27 01:52:18.781 Df BosonDynamicTree[8764:1b218e0] BOSON_FRAME_GAP_MS=16.667
2026-09-27 01:52:18.797 Df BosonDynamicTree[8764:1b218e0] BOSON_FRAME_GAP_MS=16.667
2026-09-27 01:52:18.814 Df BosonDynamicTree[8764:1b218e0] BOSON_FRAME_GAP_MS=16.667
2026-09-27 01:52:18.831 Df BosonDynamicTree[8764:1b218e0] BOSON_FRAME_GAP_MS=16.667
2026-09-27 01:52:18.847 Df BosonDynamicTree[8764:1b218e0] BOSON_FRAME_GAP_MS=16.667
2026-09-27 01:52:18.864 Df BosonDynamicTree[8764:1b218e0] BOSON_FRAME_GAP_MS=16.667
2026-09-27 01:52:18.881 Df BosonDynamicTree[8764:1b218e0] BOSON_FRAME_GAP_MS=16.667
2026-09-27 01:52:18.897 Df BosonDynamicTree[8764:1b218e0] BOSON_FRAME_GAP_MS=16.667
2026-09-27 01:52:18.914 Df BosonDynamicTree[8764:1b218e0] BOSON_FRAME_GAP_MS=16.667
2026-09-27 01:52:18.931 Df BosonDynamicTree[8764:1b218e0] BOSON_FRAME_GAP_MS=16.667
2026-09-27 01:52:18.947 Df BosonDynamicTree[8764:1b218e0] BOSON_FRAME_GAP_MS=16.667
2026-09-27 01:52:18.964 Df BosonDynamicTree[8764:1b218e0] BOSON_FRAME_GAP_MS=16.667
2026-09-27 01:52:18.981 Df BosonDynamicTree[8764:1b218e0] BOSON_FRAME_GAP_MS=16.667
2026-09-27 01:52:18.997 Df BosonDynamicTree[8764:1b218e0] BOSON_FRAME_GAP_MS=16.667
2026-09-27 01:52:19.014 Df BosonDynamicTree[8764:1b218e0] BOSON_FRAME_GAP_MS=16.667
2026-09-27 01:52:19.031 Df BosonDynamicTree[8764:1b218e0] BOSON_FRAME_GAP_MS=16.667
2026-09-27 01:52:19.047 Df BosonDynamicTree[8764:1b218e0] BOSON_FRAME_GAP_MS=16.667
2026-09-27 01:52:19.064 Df BosonDynamicTree[8764:1b218e0] BOSON_FRAME_GAP_MS=16.667
2026-09-27 01:52:19.081 Df BosonDynamicTree[8764:1b218e0] BOSON_FRAME_GAP_MS=16.667
2026-09-27 01:52:19.097 Df BosonDynamicTree[8764:1b218e0] BOSON_FRAME_GAP_MS=16.667
2026-09-27 01:52:19.114 Df BosonDynamicTree[8764:1b218e0] BOSON_FRAME_GAP_MS=16.667
2026-09-27 01:52:19.131 Df BosonDynamicTree[8764:1b218e0] BOSON_FRAME_GAP_MS=16.667
2026-09-27 01:52:19.147 Df BosonDynamicTree[8764:1b218e0] BOSON_FRAME_GAP_MS=16.667
2026-09-27 01:52:19.164 Df BosonDynamicTree[8764:1b218e0] BOSON_FRAME_GAP_MS=16.667
2026-09-27 01:52:19.181 Df BosonDynamicTree[8764:1b218e0] BOSON_FRAME_GAP_MS=16.667
2026-09-27 01:52:19.197 Df BosonDynamicTree[8764:1b218e0] BOSON_FRAME_GAP_MS=16.667
2026-09-27 01:52:19.214 Df BosonDynamicTree[8764:1b218e0] BOSON_FRAME_GAP_MS=16.667
2026-09-27 01:52:19.231 Df BosonDynamicTree[8764:1b218e0] BOSON_FRAME_GAP_MS=16.667
2026-09-27 01:52:19.248 Df BosonDynamicTree[8764:1b218e0] BOSON_FRAME_GAP_MS=16.667
2026-09-27 01:52:19.264 Df BosonDynamicTree[8764:1b218e0] BOSON_FRAME_GAP_MS=16.667
2026-09-27 01:52:19.281 Df BosonDynamicTree[8764:1b218e0] BOSON_FRAME_GAP_MS=16.667
2026-09-27 01:52:19.297 Df BosonDynamicTree[8764:1b218e0] BOSON_FRAME_GAP_MS=16.667
