--------- beginning of main
09-27 01:51:53.097 13887 13887 I BosonTree: BOSON_CONTENTION busy_ms=40 background_workers=4 refresh_hz=120.00001
09-27 01:51:53.104 13887 13887 I BosonTree: BOSON_NODE_CREATE id=2 tag=text
09-27 01:51:53.104 13887 13887 I BosonTree: BOSON_LAYOUT id=2 x=24 y=24 width=336 height=64
09-27 01:51:53.105 13887 13887 I BosonTree: BOSON_NODE_CREATE id=3 tag=button
09-27 01:51:53.105 13887 13887 I BosonTree: BOSON_LAYOUT id=3 x=24 y=100 width=336 height=64
09-27 01:51:53.105 13887 13887 I BosonTree: BOSON_FRAME nodes=2
09-27 01:51:53.105 13887 13887 I BosonTree: BOSON_METRIC init_total_us=8469 scenario=contention
09-27 01:51:53.112 13887 13887 I BosonTree: BOSON_FRAME_GAP_MS=8.354408
09-27 01:51:53.120 13887 13887 I BosonTree: BOSON_FRAME_GAP_MS=8.347663
09-27 01:51:53.129 13887 13887 I BosonTree: BOSON_FRAME_GAP_MS=8.334704
09-27 01:51:53.137 13887 13887 I BosonTree: BOSON_FRAME_GAP_MS=8.335651
09-27 01:51:53.145 13887 13887 I BosonTree: BOSON_FRAME_GAP_MS=8.33373
09-27 01:51:53.154 13887 13887 I BosonTree: BOSON_FRAME_GAP_MS=8.335896
09-27 01:51:53.162 13887 13887 I BosonTree: BOSON_FRAME_GAP_MS=8.334463
09-27 01:51:53.170 13887 13887 I BosonTree: BOSON_FRAME_GAP_MS=8.330657
09-27 01:51:53.178 13887 13887 I BosonTree: BOSON_FRAME_GAP_MS=8.330335
09-27 01:51:53.187 13887 13887 I BosonTree: BOSON_FRAME_GAP_MS=8.332961
09-27 01:51:53.195 13887 13887 I BosonTree: BOSON_FRAME_GAP_MS=8.332193
09-27 01:51:53.203 13887 13887 I BosonTree: BOSON_FRAME_GAP_MS=8.336486
09-27 01:51:53.212 13887 13887 I BosonTree: BOSON_FRAME_GAP_MS=8.338564
09-27 01:51:53.220 13887 13887 I BosonTree: BOSON_FRAME_GAP_MS=8.37806
09-27 01:51:53.228 13887 13887 I BosonTree: BOSON_FRAME_GAP_MS=8.371419
09-27 01:51:53.237 13887 13887 I BosonTree: BOSON_FRAME_GAP_MS=8.328836
09-27 01:51:53.245 13887 13887 I BosonTree: BOSON_FRAME_GAP_MS=8.327833
09-27 01:51:53.253 13887 13887 I BosonTree: BOSON_FRAME_GAP_MS=8.33404
09-27 01:51:53.262 13887 13887 I BosonTree: BOSON_FRAME_GAP_MS=8.380479
09-27 01:51:53.270 13887 13887 I BosonTree: BOSON_FRAME_GAP_MS=8.327584
09-27 01:51:53.279 13887 13887 I BosonTree: BOSON_FRAME_GAP_MS=8.367909
09-27 01:51:53.287 13887 13887 I BosonTree: BOSON_FRAME_GAP_MS=8.329701
09-27 01:51:53.295 13887 13887 I BosonTree: BOSON_FRAME_GAP_MS=8.320122
09-27 01:51:53.304 13887 13887 I BosonTree: BOSON_FRAME_GAP_MS=8.322217
09-27 01:51:53.312 13887 13887 I BosonTree: BOSON_FRAME_GAP_MS=8.322193
09-27 01:51:53.320 13887 13887 I BosonTree: BOSON_FRAME_GAP_MS=8.325267
09-27 01:51:53.329 13887 13887 I BosonTree: BOSON_FRAME_GAP_MS=8.325526
09-27 01:51:53.337 13887 13887 I BosonTree: BOSON_FRAME_GAP_MS=8.323347
09-27 01:51:53.345 13887 13887 I BosonTree: BOSON_FRAME_GAP_MS=8.324737
09-27 01:51:53.353 13887 13887 I BosonTree: BOSON_FRAME_GAP_MS=8.321846
09-27 01:51:53.362 13887 13887 I BosonTree: BOSON_FRAME_GAP_MS=8.32293
09-27 01:51:53.370 13887 13887 I BosonTree: BOSON_FRAME_GAP_MS=8.3232
09-27 01:51:53.378 13887 13887 I BosonTree: BOSON_FRAME_GAP_MS=8.323965
09-27 01:51:53.387 13887 13887 I BosonTree: BOSON_FRAME_GAP_MS=8.349963
09-27 01:51:53.395 13887 13887 I BosonTree: BOSON_FRAME_GAP_MS=8.355116
09-27 01:51:53.404 13887 13887 I BosonTree: BOSON_FRAME_GAP_MS=8.330521
09-27 01:51:53.412 13887 13887 I BosonTree: BOSON_FRAME_GAP_MS=8.330184
09-27 01:51:53.420 13887 13887 I BosonTree: BOSON_FRAME_GAP_MS=8.333027
09-27 01:51:53.428 13887 13887 I BosonTree: BOSON_FRAME_GAP_MS=8.33634
09-27 01:51:53.437 13887 13887 I BosonTree: BOSON_FRAME_GAP_MS=8.36737
09-27 01:51:53.445 13887 13887 I BosonTree: BOSON_FRAME_GAP_MS=8.333625
09-27 01:51:53.454 13887 13887 I BosonTree: BOSON_FRAME_GAP_MS=8.335623
09-27 01:51:53.462 13887 13887 I BosonTree: BOSON_FRAME_GAP_MS=8.335623
09-27 01:51:53.470 13887 13887 I BosonTree: BOSON_FRAME_GAP_MS=8.335623
09-27 01:51:53.479 13887 13887 I BosonTree: BOSON_FRAME_GAP_MS=8.335623
09-27 01:51:53.487 13887 13887 I BosonTree: BOSON_FRAME_GAP_MS=8.335623
09-27 01:51:53.495 13887 13887 I BosonTree: BOSON_FRAME_GAP_MS=8.335623
09-27 01:51:53.504 13887 13887 I BosonTree: BOSON_FRAME_GAP_MS=8.335623
09-27 01:51:53.512 13887 13887 I BosonTree: BOSON_FRAME_GAP_MS=8.335623
09-27 01:51:53.520 13887 13887 I BosonTree: BOSON_FRAME_GAP_MS=8.335623
09-27 01:51:53.529 13887 13887 I BosonTree: BOSON_FRAME_GAP_MS=8.335623
09-27 01:51:53.537 13887 13887 I BosonTree: BOSON_FRAME_GAP_MS=8.335623
09-27 01:51:53.546 13887 13887 I BosonTree: BOSON_FRAME_GAP_MS=8.335623
09-27 01:51:53.554 13887 13887 I BosonTree: BOSON_FRAME_GAP_MS=8.335623
09-27 01:51:53.562 13887 13887 I BosonTree: BOSON_FRAME_GAP_MS=8.335623
09-27 01:51:53.570 13887 13887 I BosonTree: BOSON_FRAME_GAP_MS=8.335623
09-27 01:51:53.579 13887 13887 I BosonTree: BOSON_FRAME_GAP_MS=8.335623
09-27 01:51:53.587 13887 13887 I BosonTree: BOSON_FRAME_GAP_MS=8.335623
09-27 01:51:53.595 13887 13887 I BosonTree: BOSON_FRAME_GAP_MS=8.335623
09-27 01:51:53.604 13887 13887 I BosonTree: BOSON_FRAME_GAP_MS=8.335623
09-27 01:51:53.612 13887 13887 I BosonTree: BOSON_FRAME_GAP_MS=8.335623
09-27 01:51:53.620 13887 13887 I BosonTree: BOSON_FRAME_GAP_MS=8.335623
09-27 01:51:53.629 13887 13887 I BosonTree: BOSON_FRAME_GAP_MS=8.335623
09-27 01:51:53.637 13887 13887 I BosonTree: BOSON_FRAME_GAP_MS=8.335623
09-27 01:51:53.645 13887 13887 I BosonTree: BOSON_FRAME_GAP_MS=8.335623
09-27 01:51:53.654 13887 13887 I BosonTree: BOSON_FRAME_GAP_MS=8.335623
09-27 01:51:53.662 13887 13887 I BosonTree: BOSON_FRAME_GAP_MS=8.335623
09-27 01:51:53.670 13887 13887 I BosonTree: BOSON_FRAME_GAP_MS=8.335623
09-27 01:51:53.679 13887 13887 I BosonTree: BOSON_FRAME_GAP_MS=8.335623
09-27 01:51:53.680 13887 13887 I BosonTree: BOSON_FRAME_GAP_MS=1.11397
09-27 01:51:53.687 13887 13887 I BosonTree: BOSON_FRAME_GAP_MS=7.153581
09-27 01:51:53.695 13887 13887 I BosonTree: BOSON_FRAME_GAP_MS=8.333333
09-27 01:51:53.703 13887 13887 I BosonTree: BOSON_FRAME_GAP_MS=8.333333
09-27 01:51:53.729 13887 13887 I BosonTree: BOSON_FRAME_GAP_MS=25.122954
09-27 01:51:53.745 13887 13887 I BosonTree: BOSON_FRAME_GAP_MS=16.698
09-27 01:51:53.762 13887 13887 I BosonTree: BOSON_FRAME_GAP_MS=16.666667
09-27 01:51:53.779 13887 13887 I BosonTree: BOSON_FRAME_GAP_MS=16.666667
09-27 01:51:53.796 13887 13887 I BosonTree: BOSON_FRAME_GAP_MS=16.666667
09-27 01:51:53.812 13887 13887 I BosonTree: BOSON_FRAME_GAP_MS=16.884691
09-27 01:51:53.829 13887 13887 I BosonTree: BOSON_FRAME_GAP_MS=16.695914
09-27 01:51:53.846 13887 13887 I BosonTree: BOSON_FRAME_GAP_MS=16.695914
09-27 01:51:53.863 13887 13887 I BosonTree: BOSON_FRAME_GAP_MS=16.695914
09-27 01:51:53.879 13887 13887 I BosonTree: BOSON_FRAME_GAP_MS=16.695914
09-27 01:51:53.896 13887 13887 I BosonTree: BOSON_FRAME_GAP_MS=16.695914
09-27 01:51:53.913 13887 13887 I BosonTree: BOSON_FRAME_GAP_MS=16.695914
09-27 01:51:53.929 13887 13887 I BosonTree: BOSON_FRAME_GAP_MS=16.695914
09-27 01:51:53.946 13887 13887 I BosonTree: BOSON_FRAME_GAP_MS=16.695914
09-27 01:51:53.964 13887 13887 I BosonTree: BOSON_FRAME_GAP_MS=16.695914
09-27 01:51:53.980 13887 13887 I BosonTree: BOSON_FRAME_GAP_MS=16.695914
09-27 01:51:53.997 13887 13887 I BosonTree: BOSON_FRAME_GAP_MS=16.695914
09-27 01:51:54.014 13887 13887 I BosonTree: BOSON_FRAME_GAP_MS=16.695914
09-27 01:51:54.031 13887 13887 I BosonTree: BOSON_FRAME_GAP_MS=16.695914
09-27 01:51:54.047 13887 13887 I BosonTree: BOSON_FRAME_GAP_MS=16.695914
09-27 01:51:54.064 13887 13887 I BosonTree: BOSON_FRAME_GAP_MS=16.695914
09-27 01:51:54.081 13887 13887 I BosonTree: BOSON_FRAME_GAP_MS=16.695914
09-27 01:51:54.097 13887 13887 I BosonTree: BOSON_FRAME_GAP_MS=16.695914
09-27 01:51:54.114 13887 13887 I BosonTree: BOSON_FRAME_GAP_MS=16.695914
09-27 01:51:54.131 13887 13887 I BosonTree: BOSON_FRAME_GAP_MS=16.695914
09-27 01:51:54.147 13887 13887 I BosonTree: BOSON_FRAME_GAP_MS=16.695914
09-27 01:51:54.164 13887 13887 I BosonTree: BOSON_FRAME_GAP_MS=16.695914
09-27 01:51:54.180 13887 13887 I BosonTree: BOSON_FRAME_GAP_MS=16.695914
09-27 01:51:54.196 13887 13887 I BosonTree: BOSON_FRAME_GAP_MS=16.695914
09-27 01:51:54.213 13887 13887 I BosonTree: BOSON_FRAME_GAP_MS=16.695914
09-27 01:51:54.230 13887 13887 I BosonTree: BOSON_FRAME_GAP_MS=16.695914
09-27 01:51:54.262 13887 13887 I BosonTree: BOSON_FRAME_GAP_MS=32.69079
09-27 01:51:54.303 13887 13887 I BosonTree: BOSON_LAYOUT id=2 x=24 y=24 width=336 height=64
09-27 01:51:54.303 13887 13887 I BosonTree: BOSON_LAYOUT id=3 x=24 y=100 width=336 height=64
09-27 01:51:54.303 13887 13887 I BosonTree: BOSON_FRAME nodes=2
09-27 01:51:54.303 13887 13887 I BosonTree: BOSON_METRIC dispatch_us=39683 render_us=294
09-27 01:51:54.303 13887 13887 I BosonTree: BOSON_TOUCH_RESULT=0 node=3
09-27 01:51:54.303 13887 13887 I BosonTree: BOSON_FRAME_GAP_MS=33.333332
09-27 01:51:54.304 13887 13887 I BosonTree: BOSON_FRAME_GAP_MS=8.357001
09-27 01:51:54.312 13887 13887 I BosonTree: BOSON_FRAME_GAP_MS=8.333333
09-27 01:51:54.321 13887 13887 I BosonTree: BOSON_FRAME_GAP_MS=8.333333
09-27 01:51:54.329 13887 13887 I BosonTree: BOSON_FRAME_GAP_MS=8.333333
09-27 01:51:54.337 13887 13887 I BosonTree: BOSON_FRAME_GAP_MS=8.369418
09-27 01:51:54.378 13887 13887 I BosonTree: BOSON_LAYOUT id=2 x=24 y=24 width=336 height=64
09-27 01:51:54.378 13887 13887 I BosonTree: BOSON_LAYOUT id=3 x=24 y=100 width=336 height=64
09-27 01:51:54.378 13887 13887 I BosonTree: BOSON_FRAME nodes=2
09-27 01:51:54.378 13887 13887 I BosonTree: BOSON_METRIC dispatch_us=39857 render_us=208
09-27 01:51:54.378 13887 13887 I BosonTree: BOSON_TOUCH_RESULT=0 node=3
09-27 01:51:54.378 13887 13887 I BosonTree: BOSON_FRAME_GAP_MS=33.504607
09-27 01:51:54.379 13887 13887 I BosonTree: BOSON_FRAME_GAP_MS=8.282789
09-27 01:51:54.388 13887 13887 I BosonTree: BOSON_FRAME_GAP_MS=8.345045
09-27 01:51:54.396 13887 13887 I BosonTree: BOSON_FRAME_GAP_MS=8.307505
09-27 01:51:54.404 13887 13887 I BosonTree: BOSON_FRAME_GAP_MS=8.341966
09-27 01:51:54.412 13887 13887 I BosonTree: BOSON_FRAME_GAP_MS=8.330855
09-27 01:51:54.421 13887 13887 I BosonTree: BOSON_FRAME_GAP_MS=8.335191
09-27 01:51:54.461 13887 13887 I BosonTree: BOSON_LAYOUT id=2 x=24 y=24 width=336 height=64
09-27 01:51:54.461 13887 13887 I BosonTree: BOSON_LAYOUT id=3 x=24 y=100 width=336 height=64
09-27 01:51:54.461 13887 13887 I BosonTree: BOSON_FRAME nodes=2
09-27 01:51:54.461 13887 13887 I BosonTree: BOSON_METRIC dispatch_us=39436 render_us=209
09-27 01:51:54.461 13887 13887 I BosonTree: BOSON_TOUCH_RESULT=0 node=3
09-27 01:51:54.461 13887 13887 I BosonTree: BOSON_FRAME_GAP_MS=33.351699
09-27 01:51:54.463 13887 13887 I BosonTree: BOSON_FRAME_GAP_MS=8.323913
09-27 01:51:54.471 13887 13887 I BosonTree: BOSON_FRAME_GAP_MS=8.338881
09-27 01:51:54.479 13887 13887 I BosonTree: BOSON_FRAME_GAP_MS=8.327542
09-27 01:51:54.488 13887 13887 I BosonTree: BOSON_FRAME_GAP_MS=8.333535
09-27 01:51:54.496 13887 13887 I BosonTree: BOSON_FRAME_GAP_MS=8.323576
09-27 01:51:54.536 13887 13887 I BosonTree: BOSON_LAYOUT id=2 x=24 y=24 width=336 height=64
09-27 01:51:54.536 13887 13887 I BosonTree: BOSON_LAYOUT id=3 x=24 y=100 width=336 height=64
09-27 01:51:54.536 13887 13887 I BosonTree: BOSON_FRAME nodes=2
09-27 01:51:54.536 13887 13887 I BosonTree: BOSON_METRIC dispatch_us=39342 render_us=192
09-27 01:51:54.536 13887 13887 I BosonTree: BOSON_TOUCH_RESULT=0 node=3
09-27 01:51:54.536 13887 13887 I BosonTree: BOSON_FRAME_GAP_MS=33.336288
09-27 01:51:54.538 13887 13887 I BosonTree: BOSON_FRAME_GAP_MS=8.367135
09-27 01:51:54.546 13887 13887 I BosonTree: BOSON_FRAME_GAP_MS=8.338067
09-27 01:51:54.554 13887 13887 I BosonTree: BOSON_FRAME_GAP_MS=8.336828
09-27 01:51:54.563 13887 13887 I BosonTree: BOSON_FRAME_GAP_MS=8.337965
09-27 01:51:54.603 13887 13887 I BosonTree: BOSON_LAYOUT id=2 x=24 y=24 width=336 height=64
09-27 01:51:54.603 13887 13887 I BosonTree: BOSON_LAYOUT id=3 x=24 y=100 width=336 height=64
09-27 01:51:54.603 13887 13887 I BosonTree: BOSON_FRAME nodes=2
09-27 01:51:54.603 13887 13887 I BosonTree: BOSON_METRIC dispatch_us=39730 render_us=192
09-27 01:51:54.603 13887 13887 I BosonTree: BOSON_TOUCH_RESULT=0 node=3
09-27 01:51:54.603 13887 13887 I BosonTree: BOSON_FRAME_GAP_MS=33.350304
09-27 01:51:54.605 13887 13887 I BosonTree: BOSON_FRAME_GAP_MS=8.360201
09-27 01:51:54.613 13887 13887 I BosonTree: BOSON_FRAME_GAP_MS=8.338969
09-27 01:51:54.621 13887 13887 I BosonTree: BOSON_FRAME_GAP_MS=8.345127
09-27 01:51:54.629 13887 13887 I BosonTree: BOSON_FRAME_GAP_MS=8.33416
09-27 01:51:54.670 13887 13887 I BosonTree: BOSON_LAYOUT id=2 x=24 y=24 width=336 height=64
09-27 01:51:54.670 13887 13887 I BosonTree: BOSON_LAYOUT id=3 x=24 y=100 width=336 height=64
09-27 01:51:54.670 13887 13887 I BosonTree: BOSON_FRAME nodes=2
09-27 01:51:54.670 13887 13887 I BosonTree: BOSON_METRIC dispatch_us=40044 render_us=189
09-27 01:51:54.670 13887 13887 I BosonTree: BOSON_TOUCH_RESULT=0 node=3
09-27 01:51:54.670 13887 13887 I BosonTree: BOSON_FRAME_GAP_MS=33.352488
09-27 01:51:54.671 13887 13887 I BosonTree: BOSON_FRAME_GAP_MS=8.332615
09-27 01:51:54.680 13887 13887 I BosonTree: BOSON_FRAME_GAP_MS=8.338564
09-27 01:51:54.688 13887 13887 I BosonTree: BOSON_FRAME_GAP_MS=8.337041
09-27 01:51:54.696 13887 13887 I BosonTree: BOSON_FRAME_GAP_MS=8.342893
09-27 01:51:54.704 13887 13887 I BosonTree: BOSON_FRAME_GAP_MS=8.331684
09-27 01:51:54.713 13887 13887 I BosonTree: BOSON_FRAME_GAP_MS=8.333552
09-27 01:51:54.721 13887 13887 I BosonTree: BOSON_FRAME_GAP_MS=8.330324
09-27 01:51:54.729 13887 13887 I BosonTree: BOSON_FRAME_GAP_MS=8.332695
09-27 01:51:54.738 13887 13887 I BosonTree: BOSON_FRAME_GAP_MS=8.333794
09-27 01:51:54.778 13887 13887 I BosonTree: BOSON_LAYOUT id=2 x=24 y=24 width=336 height=64
09-27 01:51:54.778 13887 13887 I BosonTree: BOSON_LAYOUT id=3 x=24 y=100 width=336 height=64
09-27 01:51:54.778 13887 13887 I BosonTree: BOSON_FRAME nodes=2
09-27 01:51:54.778 13887 13887 I BosonTree: BOSON_METRIC dispatch_us=39112 render_us=188
09-27 01:51:54.778 13887 13887 I BosonTree: BOSON_TOUCH_RESULT=0 node=3
09-27 01:51:54.778 13887 13887 I BosonTree: BOSON_FRAME_GAP_MS=33.347203
09-27 01:51:54.779 13887 13887 I BosonTree: BOSON_FRAME_GAP_MS=8.351572
09-27 01:51:54.788 13887 13887 I BosonTree: BOSON_FRAME_GAP_MS=8.337689
09-27 01:51:54.796 13887 13887 I BosonTree: BOSON_FRAME_GAP_MS=8.337278
09-27 01:51:54.804 13887 13887 I BosonTree: BOSON_FRAME_GAP_MS=8.336304
09-27 01:51:54.813 13887 13887 I BosonTree: BOSON_FRAME_GAP_MS=8.338752
09-27 01:51:54.853 13887 13887 I BosonTree: BOSON_LAYOUT id=2 x=24 y=24 width=336 height=64
09-27 01:51:54.853 13887 13887 I BosonTree: BOSON_LAYOUT id=3 x=24 y=100 width=336 height=64
09-27 01:51:54.853 13887 13887 I BosonTree: BOSON_FRAME nodes=2
09-27 01:51:54.853 13887 13887 I BosonTree: BOSON_METRIC dispatch_us=39573 render_us=188
09-27 01:51:54.853 13887 13887 I BosonTree: BOSON_TOUCH_RESULT=0 node=3
09-27 01:51:54.853 13887 13887 I BosonTree: BOSON_FRAME_GAP_MS=33.351047
09-27 01:51:54.854 13887 13887 I BosonTree: BOSON_FRAME_GAP_MS=8.36978
09-27 01:51:54.863 13887 13887 I BosonTree: BOSON_FRAME_GAP_MS=8.339761
09-27 01:51:54.871 13887 13887 I BosonTree: BOSON_FRAME_GAP_MS=8.336895
09-27 01:51:54.879 13887 13887 I BosonTree: BOSON_FRAME_GAP_MS=8.344428
09-27 01:51:54.888 13887 13887 I BosonTree: BOSON_FRAME_GAP_MS=8.334487
09-27 01:51:54.928 13887 13887 I BosonTree: BOSON_LAYOUT id=2 x=24 y=24 width=336 height=64
09-27 01:51:54.928 13887 13887 I BosonTree: BOSON_LAYOUT id=3 x=24 y=100 width=336 height=64
09-27 01:51:54.928 13887 13887 I BosonTree: BOSON_FRAME nodes=2
09-27 01:51:54.928 13887 13887 I BosonTree: BOSON_METRIC dispatch_us=39070 render_us=190
09-27 01:51:54.928 13887 13887 I BosonTree: BOSON_TOUCH_RESULT=0 node=3
09-27 01:51:54.928 13887 13887 I BosonTree: BOSON_FRAME_GAP_MS=33.354696
09-27 01:51:54.929 13887 13887 I BosonTree: BOSON_FRAME_GAP_MS=8.322329
09-27 01:51:54.938 13887 13887 I BosonTree: BOSON_FRAME_GAP_MS=8.338508
09-27 01:51:54.946 13887 13887 I BosonTree: BOSON_FRAME_GAP_MS=8.335434
09-27 01:51:54.987 13887 13887 I BosonTree: BOSON_LAYOUT id=2 x=24 y=24 width=336 height=64
09-27 01:51:54.987 13887 13887 I BosonTree: BOSON_LAYOUT id=3 x=24 y=100 width=336 height=64
09-27 01:51:54.987 13887 13887 I BosonTree: BOSON_FRAME nodes=2
09-27 01:51:54.987 13887 13887 I BosonTree: BOSON_METRIC dispatch_us=39720 render_us=192
09-27 01:51:54.987 13887 13887 I BosonTree: BOSON_TOUCH_RESULT=0 node=3
09-27 01:51:54.987 13887 13887 I BosonTree: BOSON_FRAME_GAP_MS=33.353251
09-27 01:51:54.988 13887 13887 I BosonTree: BOSON_FRAME_GAP_MS=8.393458
09-27 01:51:54.997 13887 13887 I BosonTree: BOSON_FRAME_GAP_MS=8.341138
09-27 01:51:55.005 13887 13887 I BosonTree: BOSON_FRAME_GAP_MS=8.331032
09-27 01:51:55.013 13887 13887 I BosonTree: BOSON_FRAME_GAP_MS=8.341801
09-27 01:51:55.053 13887 13887 I BosonTree: BOSON_LAYOUT id=2 x=24 y=24 width=336 height=64
09-27 01:51:55.053 13887 13887 I BosonTree: BOSON_LAYOUT id=3 x=24 y=100 width=336 height=64
09-27 01:51:55.053 13887 13887 I BosonTree: BOSON_FRAME nodes=2
09-27 01:51:55.053 13887 13887 I BosonTree: BOSON_METRIC dispatch_us=39244 render_us=180
09-27 01:51:55.053 13887 13887 I BosonTree: BOSON_TOUCH_RESULT=0 node=3
09-27 01:51:55.053 13887 13887 I BosonTree: BOSON_FRAME_GAP_MS=33.352093
09-27 01:51:55.055 13887 13887 I BosonTree: BOSON_FRAME_GAP_MS=8.32265
09-27 01:51:55.063 13887 13887 I BosonTree: BOSON_FRAME_GAP_MS=8.339539
09-27 01:51:55.071 13887 13887 I BosonTree: BOSON_FRAME_GAP_MS=8.333912
09-27 01:51:55.080 13887 13887 I BosonTree: BOSON_FRAME_GAP_MS=8.338776
09-27 01:51:55.088 13887 13887 I BosonTree: BOSON_FRAME_GAP_MS=8.329622
09-27 01:51:55.129 13887 13887 I BosonTree: BOSON_LAYOUT id=2 x=24 y=24 width=336 height=64
09-27 01:51:55.129 13887 13887 I BosonTree: BOSON_LAYOUT id=3 x=24 y=100 width=336 height=64
09-27 01:51:55.129 13887 13887 I BosonTree: BOSON_FRAME nodes=2
09-27 01:51:55.129 13887 13887 I BosonTree: BOSON_METRIC dispatch_us=40051 render_us=275
09-27 01:51:55.129 13887 13887 I BosonTree: BOSON_TOUCH_RESULT=0 node=3
09-27 01:51:55.129 13887 13887 I BosonTree: BOSON_FRAME_GAP_MS=33.340823
09-27 01:51:55.130 13887 13887 I BosonTree: BOSON_FRAME_GAP_MS=8.318442
09-27 01:51:55.138 13887 13887 I BosonTree: BOSON_FRAME_GAP_MS=8.335133
09-27 01:51:55.147 13887 13887 I BosonTree: BOSON_FRAME_GAP_MS=8.379049
09-27 01:51:55.155 13887 13887 I BosonTree: BOSON_FRAME_GAP_MS=8.339106
09-27 01:51:55.195 13887 13887 I BosonTree: BOSON_LAYOUT id=2 x=24 y=24 width=336 height=64
09-27 01:51:55.195 13887 13887 I BosonTree: BOSON_LAYOUT id=3 x=24 y=100 width=336 height=64
09-27 01:51:55.195 13887 13887 I BosonTree: BOSON_FRAME nodes=2
09-27 01:51:55.195 13887 13887 I BosonTree: BOSON_METRIC dispatch_us=39346 render_us=252
09-27 01:51:55.195 13887 13887 I BosonTree: BOSON_TOUCH_RESULT=0 node=3
09-27 01:51:55.195 13887 13887 I BosonTree: BOSON_FRAME_GAP_MS=33.347297
09-27 01:51:55.196 13887 13887 I BosonTree: BOSON_FRAME_GAP_MS=8.334304
09-27 01:51:55.205 13887 13887 I BosonTree: BOSON_FRAME_GAP_MS=8.338231
09-27 01:51:55.213 13887 13887 I BosonTree: BOSON_FRAME_GAP_MS=8.338521
09-27 01:51:55.222 13887 13887 I BosonTree: BOSON_FRAME_GAP_MS=8.333055
09-27 01:51:55.230 13887 13887 I BosonTree: BOSON_FRAME_GAP_MS=8.331429
09-27 01:51:55.270 13887 13887 I BosonTree: BOSON_LAYOUT id=2 x=24 y=24 width=336 height=64
09-27 01:51:55.270 13887 13887 I BosonTree: BOSON_LAYOUT id=3 x=24 y=100 width=336 height=64
09-27 01:51:55.270 13887 13887 I BosonTree: BOSON_FRAME nodes=2
09-27 01:51:55.270 13887 13887 I BosonTree: BOSON_METRIC dispatch_us=39238 render_us=345
09-27 01:51:55.270 13887 13887 I BosonTree: BOSON_TOUCH_RESULT=0 node=3
09-27 01:51:55.270 13887 13887 I BosonTree: BOSON_FRAME_GAP_MS=33.344541
09-27 01:51:55.272 13887 13887 I BosonTree: BOSON_FRAME_GAP_MS=8.342475
09-27 01:51:55.280 13887 13887 I BosonTree: BOSON_FRAME_GAP_MS=8.337505
09-27 01:51:55.288 13887 13887 I BosonTree: BOSON_FRAME_GAP_MS=8.404948
09-27 01:51:55.296 13887 13887 I BosonTree: BOSON_FRAME_GAP_MS=8.326438
09-27 01:51:55.338 13887 13887 I BosonTree: BOSON_LAYOUT id=2 x=24 y=24 width=336 height=64
09-27 01:51:55.338 13887 13887 I BosonTree: BOSON_LAYOUT id=3 x=24 y=100 width=336 height=64
09-27 01:51:55.338 13887 13887 I BosonTree: BOSON_FRAME nodes=2
09-27 01:51:55.338 13887 13887 I BosonTree: BOSON_METRIC dispatch_us=39977 render_us=333
09-27 01:51:55.338 13887 13887 I BosonTree: BOSON_TOUCH_RESULT=0 node=3
09-27 01:51:55.338 13887 13887 I BosonTree: BOSON_FRAME_GAP_MS=41.687962
09-27 01:51:55.347 13887 13887 I BosonTree: BOSON_FRAME_GAP_MS=8.305439
09-27 01:51:55.355 13887 13887 I BosonTree: BOSON_FRAME_GAP_MS=8.340525
09-27 01:51:55.363 13887 13887 I BosonTree: BOSON_FRAME_GAP_MS=8.329574
09-27 01:51:55.404 13887 13887 I BosonTree: BOSON_LAYOUT id=2 x=24 y=24 width=336 height=64
09-27 01:51:55.404 13887 13887 I BosonTree: BOSON_LAYOUT id=3 x=24 y=100 width=336 height=64
09-27 01:51:55.404 13887 13887 I BosonTree: BOSON_FRAME nodes=2
09-27 01:51:55.404 13887 13887 I BosonTree: BOSON_METRIC dispatch_us=39653 render_us=319
09-27 01:51:55.404 13887 13887 I BosonTree: BOSON_TOUCH_RESULT=0 node=3
09-27 01:51:55.404 13887 13887 I BosonTree: BOSON_FRAME_GAP_MS=33.337972
09-27 01:51:55.405 13887 13887 I BosonTree: BOSON_FRAME_GAP_MS=8.320389
09-27 01:51:55.413 13887 13887 I BosonTree: BOSON_FRAME_GAP_MS=8.335348
09-27 01:51:55.421 13887 13887 I BosonTree: BOSON_FRAME_GAP_MS=8.341561
09-27 01:51:55.430 13887 13887 I BosonTree: BOSON_FRAME_GAP_MS=8.329803
09-27 01:51:55.439 13887 13887 I BosonTree: BOSON_FRAME_GAP_MS=8.328062
09-27 01:51:55.479 13887 13887 I BosonTree: BOSON_LAYOUT id=2 x=24 y=24 width=336 height=64
09-27 01:51:55.479 13887 13887 I BosonTree: BOSON_LAYOUT id=3 x=24 y=100 width=336 height=64
09-27 01:51:55.479 13887 13887 I BosonTree: BOSON_FRAME nodes=2
09-27 01:51:55.479 13887 13887 I BosonTree: BOSON_METRIC dispatch_us=39207 render_us=312
09-27 01:51:55.479 13887 13887 I BosonTree: BOSON_TOUCH_RESULT=0 node=3
09-27 01:51:55.479 13887 13887 I BosonTree: BOSON_FRAME_GAP_MS=33.34829
09-27 01:51:55.480 13887 13887 I BosonTree: BOSON_FRAME_GAP_MS=8.412508
09-27 01:51:55.488 13887 13887 I BosonTree: BOSON_FRAME_GAP_MS=8.339995
09-27 01:51:55.497 13887 13887 I BosonTree: BOSON_FRAME_GAP_MS=8.337124
09-27 01:51:55.505 13887 13887 I BosonTree: BOSON_FRAME_GAP_MS=8.331702
09-27 01:51:55.545 13887 13887 I BosonTree: BOSON_LAYOUT id=2 x=24 y=24 width=336 height=64
09-27 01:51:55.545 13887 13887 I BosonTree: BOSON_LAYOUT id=3 x=24 y=100 width=336 height=64
09-27 01:51:55.545 13887 13887 I BosonTree: BOSON_FRAME nodes=2
09-27 01:51:55.545 13887 13887 I BosonTree: BOSON_METRIC dispatch_us=39126 render_us=326
09-27 01:51:55.545 13887 13887 I BosonTree: BOSON_TOUCH_RESULT=0 node=3
09-27 01:51:55.545 13887 13887 I BosonTree: BOSON_FRAME_GAP_MS=33.348891
09-27 01:51:55.547 13887 13887 I BosonTree: BOSON_FRAME_GAP_MS=8.309662
09-27 01:51:55.555 13887 13887 I BosonTree: BOSON_FRAME_GAP_MS=8.336889
09-27 01:51:55.563 13887 13887 I BosonTree: BOSON_FRAME_GAP_MS=8.342827
09-27 01:51:55.572 13887 13887 I BosonTree: BOSON_FRAME_GAP_MS=8.333621
09-27 01:51:55.612 13887 13887 I BosonTree: BOSON_LAYOUT id=2 x=24 y=24 width=336 height=64
09-27 01:51:55.612 13887 13887 I BosonTree: BOSON_LAYOUT id=3 x=24 y=100 width=336 height=64
09-27 01:51:55.612 13887 13887 I BosonTree: BOSON_FRAME nodes=2
09-27 01:51:55.612 13887 13887 I BosonTree: BOSON_METRIC dispatch_us=39169 render_us=345
09-27 01:51:55.612 13887 13887 I BosonTree: BOSON_TOUCH_RESULT=0 node=3
09-27 01:51:55.612 13887 13887 I BosonTree: BOSON_FRAME_GAP_MS=33.339154
09-27 01:51:55.613 13887 13887 I BosonTree: BOSON_FRAME_GAP_MS=8.330705
09-27 01:51:55.622 13887 13887 I BosonTree: BOSON_FRAME_GAP_MS=8.335778
09-27 01:51:55.630 13887 13887 I BosonTree: BOSON_FRAME_GAP_MS=8.342974
09-27 01:51:55.639 13887 13887 I BosonTree: BOSON_FRAME_GAP_MS=8.356009
09-27 01:51:55.679 13887 13887 I BosonTree: BOSON_LAYOUT id=2 x=24 y=24 width=336 height=64
09-27 01:51:55.679 13887 13887 I BosonTree: BOSON_LAYOUT id=3 x=24 y=100 width=336 height=64
09-27 01:51:55.679 13887 13887 I BosonTree: BOSON_FRAME nodes=2
09-27 01:51:55.679 13887 13887 I BosonTree: BOSON_METRIC dispatch_us=39546 render_us=339
09-27 01:51:55.679 13887 13887 I BosonTree: BOSON_TOUCH_RESULT=0 node=3
09-27 01:51:55.679 13887 13887 I BosonTree: BOSON_FRAME_GAP_MS=33.350369
09-27 01:51:55.680 13887 13887 I BosonTree: BOSON_FRAME_GAP_MS=8.330602
09-27 01:51:55.688 13887 13887 I BosonTree: BOSON_FRAME_GAP_MS=8.337438
09-27 01:51:55.697 13887 13887 I BosonTree: BOSON_FRAME_GAP_MS=8.342321
09-27 01:51:55.705 13887 13887 I BosonTree: BOSON_FRAME_GAP_MS=8.336791
09-27 01:51:55.713 13887 13887 I BosonTree: BOSON_FRAME_GAP_MS=8.334283
09-27 01:51:55.722 13887 13887 I BosonTree: BOSON_FRAME_GAP_MS=8.333136
09-27 01:51:55.730 13887 13887 I BosonTree: BOSON_FRAME_GAP_MS=8.333542
09-27 01:51:55.738 13887 13887 I BosonTree: BOSON_FRAME_GAP_MS=8.338205
09-27 01:51:55.747 13887 13887 I BosonTree: BOSON_FRAME_GAP_MS=8.335001
09-27 01:51:55.755 13887 13887 I BosonTree: BOSON_FRAME_GAP_MS=8.337836
09-27 01:51:55.763 13887 13887 I BosonTree: BOSON_FRAME_GAP_MS=8.333609
09-27 01:51:55.772 13887 13887 I BosonTree: BOSON_FRAME_GAP_MS=8.333338
09-27 01:51:55.780 13887 13887 I BosonTree: BOSON_FRAME_GAP_MS=8.338717
09-27 01:51:55.788 13887 13887 I BosonTree: BOSON_FRAME_GAP_MS=8.336028
09-27 01:51:55.799 13887 13887 I BosonTree: BOSON_FRAME_GAP_MS=8.33905
09-27 01:51:55.805 13887 13887 I BosonTree: BOSON_FRAME_GAP_MS=8.341025
09-27 01:51:55.813 13887 13887 I BosonTree: BOSON_FRAME_GAP_MS=8.336982
