--------- beginning of main
09-27 01:51:06.710 13339 13339 I BosonTree: BOSON_CONTENTION busy_ms=0 background_workers=0 refresh_hz=120.00001
09-27 01:51:06.719 13339 13339 I BosonTree: BOSON_NODE_CREATE id=2 tag=text
09-27 01:51:06.719 13339 13339 I BosonTree: BOSON_LAYOUT id=2 x=24 y=24 width=336 height=64
09-27 01:51:06.719 13339 13339 I BosonTree: BOSON_NODE_CREATE id=3 tag=button
09-27 01:51:06.719 13339 13339 I BosonTree: BOSON_LAYOUT id=3 x=24 y=100 width=336 height=64
09-27 01:51:06.719 13339 13339 I BosonTree: BOSON_FRAME nodes=2
09-27 01:51:06.719 13339 13339 I BosonTree: BOSON_METRIC init_total_us=9609 scenario=contention
09-27 01:51:06.725 13339 13339 I BosonTree: BOSON_FRAME_GAP_MS=8.322061
09-27 01:51:06.733 13339 13339 I BosonTree: BOSON_FRAME_GAP_MS=8.337884
09-27 01:51:06.741 13339 13339 I BosonTree: BOSON_FRAME_GAP_MS=8.332804
09-27 01:51:06.750 13339 13339 I BosonTree: BOSON_FRAME_GAP_MS=8.341943
09-27 01:51:06.758 13339 13339 I BosonTree: BOSON_FRAME_GAP_MS=8.330494
09-27 01:51:06.766 13339 13339 I BosonTree: BOSON_FRAME_GAP_MS=8.336036
09-27 01:51:06.775 13339 13339 I BosonTree: BOSON_FRAME_GAP_MS=8.330645
09-27 01:51:06.783 13339 13339 I BosonTree: BOSON_FRAME_GAP_MS=8.329512
09-27 01:51:06.791 13339 13339 I BosonTree: BOSON_FRAME_GAP_MS=8.329704
09-27 01:51:06.800 13339 13339 I BosonTree: BOSON_FRAME_GAP_MS=8.330294
09-27 01:51:06.808 13339 13339 I BosonTree: BOSON_FRAME_GAP_MS=8.333527
09-27 01:51:06.816 13339 13339 I BosonTree: BOSON_FRAME_GAP_MS=8.330018
09-27 01:51:06.824 13339 13339 I BosonTree: BOSON_FRAME_GAP_MS=8.326236
09-27 01:51:06.833 13339 13339 I BosonTree: BOSON_FRAME_GAP_MS=8.327465
09-27 01:51:06.841 13339 13339 I BosonTree: BOSON_FRAME_GAP_MS=8.331633
09-27 01:51:06.850 13339 13339 I BosonTree: BOSON_FRAME_GAP_MS=8.35249
09-27 01:51:06.858 13339 13339 I BosonTree: BOSON_FRAME_GAP_MS=8.332197
09-27 01:51:06.866 13339 13339 I BosonTree: BOSON_FRAME_GAP_MS=8.337983
09-27 01:51:06.875 13339 13339 I BosonTree: BOSON_FRAME_GAP_MS=8.33462
09-27 01:51:06.883 13339 13339 I BosonTree: BOSON_FRAME_GAP_MS=8.334819
09-27 01:51:06.891 13339 13339 I BosonTree: BOSON_FRAME_GAP_MS=8.332459
09-27 01:51:06.900 13339 13339 I BosonTree: BOSON_FRAME_GAP_MS=8.333636
09-27 01:51:06.908 13339 13339 I BosonTree: BOSON_FRAME_GAP_MS=8.336914
09-27 01:51:06.916 13339 13339 I BosonTree: BOSON_FRAME_GAP_MS=8.340184
09-27 01:51:06.925 13339 13339 I BosonTree: BOSON_FRAME_GAP_MS=8.337251
09-27 01:51:06.933 13339 13339 I BosonTree: BOSON_FRAME_GAP_MS=8.339263
09-27 01:51:06.941 13339 13339 I BosonTree: BOSON_FRAME_GAP_MS=8.338338
09-27 01:51:06.950 13339 13339 I BosonTree: BOSON_FRAME_GAP_MS=8.337847
09-27 01:51:06.958 13339 13339 I BosonTree: BOSON_FRAME_GAP_MS=8.338911
09-27 01:51:06.966 13339 13339 I BosonTree: BOSON_FRAME_GAP_MS=8.338636
09-27 01:51:06.975 13339 13339 I BosonTree: BOSON_FRAME_GAP_MS=8.340301
09-27 01:51:06.983 13339 13339 I BosonTree: BOSON_FRAME_GAP_MS=8.340025
09-27 01:51:06.991 13339 13339 I BosonTree: BOSON_FRAME_GAP_MS=8.336789
09-27 01:51:07.000 13339 13339 I BosonTree: BOSON_FRAME_GAP_MS=8.337444
09-27 01:51:07.008 13339 13339 I BosonTree: BOSON_FRAME_GAP_MS=8.340148
09-27 01:51:07.017 13339 13339 I BosonTree: BOSON_FRAME_GAP_MS=8.342529
09-27 01:51:07.025 13339 13339 I BosonTree: BOSON_FRAME_GAP_MS=8.338542
09-27 01:51:07.033 13339 13339 I BosonTree: BOSON_FRAME_GAP_MS=8.337643
09-27 01:51:07.041 13339 13339 I BosonTree: BOSON_FRAME_GAP_MS=8.33466
09-27 01:51:07.050 13339 13339 I BosonTree: BOSON_FRAME_GAP_MS=8.335546
09-27 01:51:07.058 13339 13339 I BosonTree: BOSON_FRAME_GAP_MS=8.337408
09-27 01:51:07.066 13339 13339 I BosonTree: BOSON_FRAME_GAP_MS=8.337408
09-27 01:51:07.075 13339 13339 I BosonTree: BOSON_FRAME_GAP_MS=8.337408
09-27 01:51:07.083 13339 13339 I BosonTree: BOSON_FRAME_GAP_MS=8.337408
09-27 01:51:07.091 13339 13339 I BosonTree: BOSON_FRAME_GAP_MS=8.337408
09-27 01:51:07.100 13339 13339 I BosonTree: BOSON_FRAME_GAP_MS=8.337408
09-27 01:51:07.108 13339 13339 I BosonTree: BOSON_FRAME_GAP_MS=8.337408
09-27 01:51:07.117 13339 13339 I BosonTree: BOSON_FRAME_GAP_MS=8.337408
09-27 01:51:07.125 13339 13339 I BosonTree: BOSON_FRAME_GAP_MS=8.337408
09-27 01:51:07.133 13339 13339 I BosonTree: BOSON_FRAME_GAP_MS=8.337408
09-27 01:51:07.141 13339 13339 I BosonTree: BOSON_FRAME_GAP_MS=8.337408
09-27 01:51:07.150 13339 13339 I BosonTree: BOSON_FRAME_GAP_MS=8.337408
09-27 01:51:07.158 13339 13339 I BosonTree: BOSON_FRAME_GAP_MS=8.337408
09-27 01:51:07.167 13339 13339 I BosonTree: BOSON_FRAME_GAP_MS=8.337408
09-27 01:51:07.175 13339 13339 I BosonTree: BOSON_FRAME_GAP_MS=8.337408
09-27 01:51:07.183 13339 13339 I BosonTree: BOSON_FRAME_GAP_MS=8.337408
09-27 01:51:07.192 13339 13339 I BosonTree: BOSON_FRAME_GAP_MS=8.337408
09-27 01:51:07.200 13339 13339 I BosonTree: BOSON_FRAME_GAP_MS=8.337408
09-27 01:51:07.208 13339 13339 I BosonTree: BOSON_FRAME_GAP_MS=8.337408
09-27 01:51:07.217 13339 13339 I BosonTree: BOSON_FRAME_GAP_MS=8.337408
09-27 01:51:07.225 13339 13339 I BosonTree: BOSON_FRAME_GAP_MS=8.337408
09-27 01:51:07.233 13339 13339 I BosonTree: BOSON_FRAME_GAP_MS=8.337408
09-27 01:51:07.242 13339 13339 I BosonTree: BOSON_FRAME_GAP_MS=8.337408
09-27 01:51:07.250 13339 13339 I BosonTree: BOSON_FRAME_GAP_MS=8.337408
09-27 01:51:07.258 13339 13339 I BosonTree: BOSON_FRAME_GAP_MS=8.337408
09-27 01:51:07.267 13339 13339 I BosonTree: BOSON_FRAME_GAP_MS=8.337408
09-27 01:51:07.269 13339 13339 I BosonTree: BOSON_FRAME_GAP_MS=1.871011
09-27 01:51:07.275 13339 13339 I BosonTree: BOSON_FRAME_GAP_MS=6.332619
09-27 01:51:07.283 13339 13339 I BosonTree: BOSON_FRAME_GAP_MS=8.333333
09-27 01:51:07.292 13339 13339 I BosonTree: BOSON_FRAME_GAP_MS=8.333333
09-27 01:51:07.317 13339 13339 I BosonTree: BOSON_FRAME_GAP_MS=25.088901
09-27 01:51:07.334 13339 13339 I BosonTree: BOSON_FRAME_GAP_MS=16.712
09-27 01:51:07.351 13339 13339 I BosonTree: BOSON_FRAME_GAP_MS=16.666667
09-27 01:51:07.368 13339 13339 I BosonTree: BOSON_FRAME_GAP_MS=16.666667
09-27 01:51:07.385 13339 13339 I BosonTree: BOSON_FRAME_GAP_MS=16.666667
09-27 01:51:07.401 13339 13339 I BosonTree: BOSON_FRAME_GAP_MS=16.666667
09-27 01:51:07.418 13339 13339 I BosonTree: BOSON_FRAME_GAP_MS=17.206138
09-27 01:51:07.435 13339 13339 I BosonTree: BOSON_FRAME_GAP_MS=16.731714
09-27 01:51:07.452 13339 13339 I BosonTree: BOSON_FRAME_GAP_MS=16.731714
09-27 01:51:07.469 13339 13339 I BosonTree: BOSON_FRAME_GAP_MS=16.731714
09-27 01:51:07.486 13339 13339 I BosonTree: BOSON_FRAME_GAP_MS=16.731714
09-27 01:51:07.503 13339 13339 I BosonTree: BOSON_FRAME_GAP_MS=16.731714
09-27 01:51:07.519 13339 13339 I BosonTree: BOSON_FRAME_GAP_MS=16.731714
09-27 01:51:07.536 13339 13339 I BosonTree: BOSON_FRAME_GAP_MS=16.731714
09-27 01:51:07.554 13339 13339 I BosonTree: BOSON_FRAME_GAP_MS=16.731714
09-27 01:51:07.570 13339 13339 I BosonTree: BOSON_FRAME_GAP_MS=16.731714
09-27 01:51:07.589 13339 13339 I BosonTree: BOSON_FRAME_GAP_MS=16.731714
09-27 01:51:07.605 13339 13339 I BosonTree: BOSON_FRAME_GAP_MS=16.731714
09-27 01:51:07.622 13339 13339 I BosonTree: BOSON_FRAME_GAP_MS=16.731714
09-27 01:51:07.639 13339 13339 I BosonTree: BOSON_FRAME_GAP_MS=16.731714
09-27 01:51:07.652 13339 13339 I BosonTree: BOSON_FRAME_GAP_MS=16.731714
09-27 01:51:07.669 13339 13339 I BosonTree: BOSON_FRAME_GAP_MS=16.731714
09-27 01:51:07.685 13339 13339 I BosonTree: BOSON_FRAME_GAP_MS=16.731714
09-27 01:51:07.702 13339 13339 I BosonTree: BOSON_FRAME_GAP_MS=16.731714
09-27 01:51:07.719 13339 13339 I BosonTree: BOSON_FRAME_GAP_MS=16.731714
09-27 01:51:07.736 13339 13339 I BosonTree: BOSON_FRAME_GAP_MS=16.731714
09-27 01:51:07.752 13339 13339 I BosonTree: BOSON_FRAME_GAP_MS=16.731714
09-27 01:51:07.769 13339 13339 I BosonTree: BOSON_FRAME_GAP_MS=16.731714
09-27 01:51:07.786 13339 13339 I BosonTree: BOSON_FRAME_GAP_MS=16.731714
09-27 01:51:07.802 13339 13339 I BosonTree: BOSON_FRAME_GAP_MS=16.731714
09-27 01:51:07.819 13339 13339 I BosonTree: BOSON_FRAME_GAP_MS=16.731714
09-27 01:51:07.836 13339 13339 I BosonTree: BOSON_FRAME_GAP_MS=16.731714
09-27 01:51:07.867 13339 13339 I BosonTree: BOSON_FRAME_GAP_MS=31.372676
09-27 01:51:07.870 13339 13339 I BosonTree: BOSON_LAYOUT id=2 x=24 y=24 width=336 height=64
09-27 01:51:07.870 13339 13339 I BosonTree: BOSON_LAYOUT id=3 x=24 y=100 width=336 height=64
09-27 01:51:07.870 13339 13339 I BosonTree: BOSON_FRAME nodes=2
09-27 01:51:07.870 13339 13339 I BosonTree: BOSON_METRIC dispatch_us=352 render_us=540
09-27 01:51:07.870 13339 13339 I BosonTree: BOSON_TOUCH_RESULT=0 node=3
09-27 01:51:07.875 13339 13339 I BosonTree: BOSON_FRAME_GAP_MS=8.333333
09-27 01:51:07.883 13339 13339 I BosonTree: BOSON_FRAME_GAP_MS=8.333333
09-27 01:51:07.892 13339 13339 I BosonTree: BOSON_FRAME_GAP_MS=8.333333
09-27 01:51:07.900 13339 13339 I BosonTree: BOSON_FRAME_GAP_MS=8.333333
09-27 01:51:07.908 13339 13339 I BosonTree: BOSON_FRAME_GAP_MS=8.333333
09-27 01:51:07.917 13339 13339 I BosonTree: BOSON_FRAME_GAP_MS=8.333333
09-27 01:51:07.925 13339 13339 I BosonTree: BOSON_FRAME_GAP_MS=8.38558
09-27 01:51:07.927 13339 13339 I BosonTree: BOSON_LAYOUT id=2 x=24 y=24 width=336 height=64
09-27 01:51:07.927 13339 13339 I BosonTree: BOSON_LAYOUT id=3 x=24 y=100 width=336 height=64
09-27 01:51:07.927 13339 13339 I BosonTree: BOSON_FRAME nodes=2
09-27 01:51:07.927 13339 13339 I BosonTree: BOSON_METRIC dispatch_us=86 render_us=655
09-27 01:51:07.927 13339 13339 I BosonTree: BOSON_TOUCH_RESULT=0 node=3
09-27 01:51:07.934 13339 13339 I BosonTree: BOSON_FRAME_GAP_MS=8.33239
09-27 01:51:07.942 13339 13339 I BosonTree: BOSON_FRAME_GAP_MS=8.321785
09-27 01:51:07.950 13339 13339 I BosonTree: BOSON_FRAME_GAP_MS=8.359972
09-27 01:51:07.959 13339 13339 I BosonTree: BOSON_FRAME_GAP_MS=8.393402
09-27 01:51:07.967 13339 13339 I BosonTree: BOSON_FRAME_GAP_MS=8.331903
09-27 01:51:07.975 13339 13339 I BosonTree: BOSON_FRAME_GAP_MS=8.326436
09-27 01:51:07.984 13339 13339 I BosonTree: BOSON_FRAME_GAP_MS=8.337304
09-27 01:51:07.992 13339 13339 I BosonTree: BOSON_FRAME_GAP_MS=8.340194
09-27 01:51:08.000 13339 13339 I BosonTree: BOSON_FRAME_GAP_MS=8.330403
09-27 01:51:08.009 13339 13339 I BosonTree: BOSON_FRAME_GAP_MS=8.336085
09-27 01:51:08.010 13339 13339 I BosonTree: BOSON_LAYOUT id=2 x=24 y=24 width=336 height=64
09-27 01:51:08.011 13339 13339 I BosonTree: BOSON_LAYOUT id=3 x=24 y=100 width=336 height=64
09-27 01:51:08.011 13339 13339 I BosonTree: BOSON_FRAME nodes=2
09-27 01:51:08.011 13339 13339 I BosonTree: BOSON_METRIC dispatch_us=148 render_us=621
09-27 01:51:08.011 13339 13339 I BosonTree: BOSON_TOUCH_RESULT=0 node=3
09-27 01:51:08.017 13339 13339 I BosonTree: BOSON_FRAME_GAP_MS=8.338658
09-27 01:51:08.026 13339 13339 I BosonTree: BOSON_FRAME_GAP_MS=8.331954
09-27 01:51:08.034 13339 13339 I BosonTree: BOSON_FRAME_GAP_MS=8.35052
09-27 01:51:08.043 13339 13339 I BosonTree: BOSON_FRAME_GAP_MS=8.350653
09-27 01:51:08.051 13339 13339 I BosonTree: BOSON_FRAME_GAP_MS=8.331639
09-27 01:51:08.059 13339 13339 I BosonTree: BOSON_FRAME_GAP_MS=8.378165
09-27 01:51:08.067 13339 13339 I BosonTree: BOSON_FRAME_GAP_MS=8.337696
09-27 01:51:08.075 13339 13339 I BosonTree: BOSON_FRAME_GAP_MS=8.32579
09-27 01:51:08.084 13339 13339 I BosonTree: BOSON_FRAME_GAP_MS=8.336387
09-27 01:51:08.092 13339 13339 I BosonTree: BOSON_FRAME_GAP_MS=8.328256
09-27 01:51:08.093 13339 13339 I BosonTree: BOSON_LAYOUT id=2 x=24 y=24 width=336 height=64
09-27 01:51:08.094 13339 13339 I BosonTree: BOSON_LAYOUT id=3 x=24 y=100 width=336 height=64
09-27 01:51:08.094 13339 13339 I BosonTree: BOSON_FRAME nodes=2
09-27 01:51:08.094 13339 13339 I BosonTree: BOSON_METRIC dispatch_us=136 render_us=478
09-27 01:51:08.094 13339 13339 I BosonTree: BOSON_TOUCH_RESULT=0 node=3
09-27 01:51:08.102 13339 13339 I BosonTree: BOSON_FRAME_GAP_MS=8.320143
09-27 01:51:08.109 13339 13339 I BosonTree: BOSON_FRAME_GAP_MS=8.322312
09-27 01:51:08.117 13339 13339 I BosonTree: BOSON_FRAME_GAP_MS=8.336534
09-27 01:51:08.126 13339 13339 I BosonTree: BOSON_FRAME_GAP_MS=8.354795
09-27 01:51:08.134 13339 13339 I BosonTree: BOSON_FRAME_GAP_MS=8.321657
09-27 01:51:08.142 13339 13339 I BosonTree: BOSON_FRAME_GAP_MS=8.333478
09-27 01:51:08.150 13339 13339 I BosonTree: BOSON_FRAME_GAP_MS=8.325224
09-27 01:51:08.159 13339 13339 I BosonTree: BOSON_FRAME_GAP_MS=8.328478
09-27 01:51:08.167 13339 13339 I BosonTree: BOSON_FRAME_GAP_MS=8.330149
09-27 01:51:08.175 13339 13339 I BosonTree: BOSON_FRAME_GAP_MS=8.35383
09-27 01:51:08.184 13339 13339 I BosonTree: BOSON_FRAME_GAP_MS=8.335266
09-27 01:51:08.186 13339 13339 I BosonTree: BOSON_LAYOUT id=2 x=24 y=24 width=336 height=64
09-27 01:51:08.186 13339 13339 I BosonTree: BOSON_LAYOUT id=3 x=24 y=100 width=336 height=64
09-27 01:51:08.186 13339 13339 I BosonTree: BOSON_FRAME nodes=2
09-27 01:51:08.186 13339 13339 I BosonTree: BOSON_METRIC dispatch_us=134 render_us=706
09-27 01:51:08.186 13339 13339 I BosonTree: BOSON_TOUCH_RESULT=0 node=3
09-27 01:51:08.193 13339 13339 I BosonTree: BOSON_FRAME_GAP_MS=8.327721
09-27 01:51:08.201 13339 13339 I BosonTree: BOSON_FRAME_GAP_MS=8.333852
09-27 01:51:08.209 13339 13339 I BosonTree: BOSON_FRAME_GAP_MS=8.343666
09-27 01:51:08.217 13339 13339 I BosonTree: BOSON_FRAME_GAP_MS=8.345945
09-27 01:51:08.225 13339 13339 I BosonTree: BOSON_FRAME_GAP_MS=8.364754
09-27 01:51:08.234 13339 13339 I BosonTree: BOSON_FRAME_GAP_MS=8.334592
09-27 01:51:08.243 13339 13339 I BosonTree: BOSON_FRAME_GAP_MS=8.330257
09-27 01:51:08.251 13339 13339 I BosonTree: BOSON_FRAME_GAP_MS=8.327247
09-27 01:51:08.259 13339 13339 I BosonTree: BOSON_FRAME_GAP_MS=8.332835
09-27 01:51:08.267 13339 13339 I BosonTree: BOSON_FRAME_GAP_MS=8.327816
09-27 01:51:08.275 13339 13339 I BosonTree: BOSON_FRAME_GAP_MS=8.326809
09-27 01:51:08.277 13339 13339 I BosonTree: BOSON_LAYOUT id=2 x=24 y=24 width=336 height=64
09-27 01:51:08.277 13339 13339 I BosonTree: BOSON_LAYOUT id=3 x=24 y=100 width=336 height=64
09-27 01:51:08.277 13339 13339 I BosonTree: BOSON_FRAME nodes=2
09-27 01:51:08.277 13339 13339 I BosonTree: BOSON_METRIC dispatch_us=175 render_us=596
09-27 01:51:08.277 13339 13339 I BosonTree: BOSON_TOUCH_RESULT=0 node=3
09-27 01:51:08.284 13339 13339 I BosonTree: BOSON_FRAME_GAP_MS=8.336244
09-27 01:51:08.293 13339 13339 I BosonTree: BOSON_FRAME_GAP_MS=8.335974
09-27 01:51:08.301 13339 13339 I BosonTree: BOSON_FRAME_GAP_MS=8.340605
09-27 01:51:08.309 13339 13339 I BosonTree: BOSON_FRAME_GAP_MS=8.348829
09-27 01:51:08.317 13339 13339 I BosonTree: BOSON_FRAME_GAP_MS=8.328343
09-27 01:51:08.326 13339 13339 I BosonTree: BOSON_FRAME_GAP_MS=8.343226
09-27 01:51:08.334 13339 13339 I BosonTree: BOSON_FRAME_GAP_MS=8.329548
09-27 01:51:08.342 13339 13339 I BosonTree: BOSON_FRAME_GAP_MS=8.38869
09-27 01:51:08.351 13339 13339 I BosonTree: BOSON_FRAME_GAP_MS=8.329708
09-27 01:51:08.359 13339 13339 I BosonTree: BOSON_FRAME_GAP_MS=8.343395
09-27 01:51:08.368 13339 13339 I BosonTree: BOSON_FRAME_GAP_MS=8.363024
09-27 01:51:08.375 13339 13339 I BosonTree: BOSON_FRAME_GAP_MS=8.336471
09-27 01:51:08.377 13339 13339 I BosonTree: BOSON_LAYOUT id=2 x=24 y=24 width=336 height=64
09-27 01:51:08.377 13339 13339 I BosonTree: BOSON_LAYOUT id=3 x=24 y=100 width=336 height=64
09-27 01:51:08.377 13339 13339 I BosonTree: BOSON_FRAME nodes=2
09-27 01:51:08.377 13339 13339 I BosonTree: BOSON_METRIC dispatch_us=68 render_us=497
09-27 01:51:08.377 13339 13339 I BosonTree: BOSON_TOUCH_RESULT=0 node=3
09-27 01:51:08.384 13339 13339 I BosonTree: BOSON_FRAME_GAP_MS=8.329717
09-27 01:51:08.393 13339 13339 I BosonTree: BOSON_FRAME_GAP_MS=8.332476
09-27 01:51:08.401 13339 13339 I BosonTree: BOSON_FRAME_GAP_MS=8.332433
09-27 01:51:08.409 13339 13339 I BosonTree: BOSON_FRAME_GAP_MS=8.346186
09-27 01:51:08.417 13339 13339 I BosonTree: BOSON_FRAME_GAP_MS=8.328309
09-27 01:51:08.426 13339 13339 I BosonTree: BOSON_FRAME_GAP_MS=8.330752
09-27 01:51:08.434 13339 13339 I BosonTree: BOSON_FRAME_GAP_MS=8.318949
09-27 01:51:08.442 13339 13339 I BosonTree: BOSON_FRAME_GAP_MS=8.318768
09-27 01:51:08.451 13339 13339 I BosonTree: BOSON_FRAME_GAP_MS=8.325443
09-27 01:51:08.459 13339 13339 I BosonTree: BOSON_FRAME_GAP_MS=8.324179
09-27 01:51:08.461 13339 13339 I BosonTree: BOSON_LAYOUT id=2 x=24 y=24 width=336 height=64
09-27 01:51:08.461 13339 13339 I BosonTree: BOSON_LAYOUT id=3 x=24 y=100 width=336 height=64
09-27 01:51:08.461 13339 13339 I BosonTree: BOSON_FRAME nodes=2
09-27 01:51:08.461 13339 13339 I BosonTree: BOSON_METRIC dispatch_us=144 render_us=660
09-27 01:51:08.461 13339 13339 I BosonTree: BOSON_TOUCH_RESULT=0 node=3
09-27 01:51:08.468 13339 13339 I BosonTree: BOSON_FRAME_GAP_MS=8.333158
09-27 01:51:08.476 13339 13339 I BosonTree: BOSON_FRAME_GAP_MS=8.338206
09-27 01:51:08.484 13339 13339 I BosonTree: BOSON_FRAME_GAP_MS=8.325817
09-27 01:51:08.492 13339 13339 I BosonTree: BOSON_FRAME_GAP_MS=8.33941
09-27 01:51:08.500 13339 13339 I BosonTree: BOSON_FRAME_GAP_MS=8.367354
09-27 01:51:08.509 13339 13339 I BosonTree: BOSON_FRAME_GAP_MS=8.358273
09-27 01:51:08.517 13339 13339 I BosonTree: BOSON_FRAME_GAP_MS=8.318759
09-27 01:51:08.526 13339 13339 I BosonTree: BOSON_FRAME_GAP_MS=8.335795
09-27 01:51:08.534 13339 13339 I BosonTree: BOSON_FRAME_GAP_MS=8.346542
09-27 01:51:08.542 13339 13339 I BosonTree: BOSON_FRAME_GAP_MS=8.341741
09-27 01:51:08.551 13339 13339 I BosonTree: BOSON_FRAME_GAP_MS=8.329165
09-27 01:51:08.554 13339 13339 I BosonTree: BOSON_LAYOUT id=2 x=24 y=24 width=336 height=64
09-27 01:51:08.554 13339 13339 I BosonTree: BOSON_LAYOUT id=3 x=24 y=100 width=336 height=64
09-27 01:51:08.554 13339 13339 I BosonTree: BOSON_FRAME nodes=2
09-27 01:51:08.554 13339 13339 I BosonTree: BOSON_METRIC dispatch_us=215 render_us=839
09-27 01:51:08.554 13339 13339 I BosonTree: BOSON_TOUCH_RESULT=0 node=3
09-27 01:51:08.559 13339 13339 I BosonTree: BOSON_FRAME_GAP_MS=8.325176
09-27 01:51:08.568 13339 13339 I BosonTree: BOSON_FRAME_GAP_MS=8.336318
09-27 01:51:08.576 13339 13339 I BosonTree: BOSON_FRAME_GAP_MS=8.330701
09-27 01:51:08.584 13339 13339 I BosonTree: BOSON_FRAME_GAP_MS=8.349845
09-27 01:51:08.592 13339 13339 I BosonTree: BOSON_FRAME_GAP_MS=8.348382
09-27 01:51:08.601 13339 13339 I BosonTree: BOSON_FRAME_GAP_MS=8.330942
09-27 01:51:08.609 13339 13339 I BosonTree: BOSON_FRAME_GAP_MS=8.328114
09-27 01:51:08.617 13339 13339 I BosonTree: BOSON_FRAME_GAP_MS=8.324326
09-27 01:51:08.626 13339 13339 I BosonTree: BOSON_FRAME_GAP_MS=8.3276
09-27 01:51:08.635 13339 13339 I BosonTree: BOSON_FRAME_GAP_MS=8.330166
09-27 01:51:08.636 13339 13339 I BosonTree: BOSON_LAYOUT id=2 x=24 y=24 width=336 height=64
09-27 01:51:08.637 13339 13339 I BosonTree: BOSON_LAYOUT id=3 x=24 y=100 width=336 height=64
09-27 01:51:08.637 13339 13339 I BosonTree: BOSON_FRAME nodes=2
09-27 01:51:08.637 13339 13339 I BosonTree: BOSON_METRIC dispatch_us=215 render_us=671
09-27 01:51:08.637 13339 13339 I BosonTree: BOSON_TOUCH_RESULT=0 node=3
09-27 01:51:08.643 13339 13339 I BosonTree: BOSON_FRAME_GAP_MS=8.3291
09-27 01:51:08.651 13339 13339 I BosonTree: BOSON_FRAME_GAP_MS=8.334346
09-27 01:51:08.659 13339 13339 I BosonTree: BOSON_FRAME_GAP_MS=8.344135
09-27 01:51:08.667 13339 13339 I BosonTree: BOSON_FRAME_GAP_MS=8.355935
09-27 01:51:08.676 13339 13339 I BosonTree: BOSON_FRAME_GAP_MS=8.442736
09-27 01:51:08.684 13339 13339 I BosonTree: BOSON_FRAME_GAP_MS=8.377769
09-27 01:51:08.692 13339 13339 I BosonTree: BOSON_FRAME_GAP_MS=8.320171
09-27 01:51:08.701 13339 13339 I BosonTree: BOSON_FRAME_GAP_MS=8.31591
09-27 01:51:08.709 13339 13339 I BosonTree: BOSON_FRAME_GAP_MS=8.320868
09-27 01:51:08.718 13339 13339 I BosonTree: BOSON_FRAME_GAP_MS=8.334003
09-27 01:51:08.726 13339 13339 I BosonTree: BOSON_FRAME_GAP_MS=8.326746
09-27 01:51:08.734 13339 13339 I BosonTree: BOSON_FRAME_GAP_MS=8.324661
09-27 01:51:08.737 13339 13339 I BosonTree: BOSON_LAYOUT id=2 x=24 y=24 width=336 height=64
09-27 01:51:08.737 13339 13339 I BosonTree: BOSON_LAYOUT id=3 x=24 y=100 width=336 height=64
09-27 01:51:08.737 13339 13339 I BosonTree: BOSON_FRAME nodes=2
09-27 01:51:08.737 13339 13339 I BosonTree: BOSON_METRIC dispatch_us=125 render_us=486
09-27 01:51:08.737 13339 13339 I BosonTree: BOSON_TOUCH_RESULT=0 node=3
09-27 01:51:08.743 13339 13339 I BosonTree: BOSON_FRAME_GAP_MS=8.323975
09-27 01:51:08.751 13339 13339 I BosonTree: BOSON_FRAME_GAP_MS=8.322835
09-27 01:51:08.759 13339 13339 I BosonTree: BOSON_FRAME_GAP_MS=8.331422
09-27 01:51:08.768 13339 13339 I BosonTree: BOSON_FRAME_GAP_MS=8.332309
09-27 01:51:08.776 13339 13339 I BosonTree: BOSON_FRAME_GAP_MS=8.341965
09-27 01:51:08.784 13339 13339 I BosonTree: BOSON_FRAME_GAP_MS=8.412707
09-27 01:51:08.793 13339 13339 I BosonTree: BOSON_FRAME_GAP_MS=8.310222
09-27 01:51:08.801 13339 13339 I BosonTree: BOSON_FRAME_GAP_MS=8.304031
09-27 01:51:08.810 13339 13339 I BosonTree: BOSON_FRAME_GAP_MS=8.320559
09-27 01:51:08.818 13339 13339 I BosonTree: BOSON_FRAME_GAP_MS=8.319284
09-27 01:51:08.826 13339 13339 I BosonTree: BOSON_FRAME_GAP_MS=8.322907
09-27 01:51:08.828 13339 13339 I BosonTree: BOSON_LAYOUT id=2 x=24 y=24 width=336 height=64
09-27 01:51:08.828 13339 13339 I BosonTree: BOSON_LAYOUT id=3 x=24 y=100 width=336 height=64
09-27 01:51:08.828 13339 13339 I BosonTree: BOSON_FRAME nodes=2
09-27 01:51:08.828 13339 13339 I BosonTree: BOSON_METRIC dispatch_us=125 render_us=551
09-27 01:51:08.828 13339 13339 I BosonTree: BOSON_TOUCH_RESULT=0 node=3
09-27 01:51:08.834 13339 13339 I BosonTree: BOSON_FRAME_GAP_MS=8.339399
09-27 01:51:08.843 13339 13339 I BosonTree: BOSON_FRAME_GAP_MS=8.386854
09-27 01:51:08.852 13339 13339 I BosonTree: BOSON_FRAME_GAP_MS=8.348801
09-27 01:51:08.860 13339 13339 I BosonTree: BOSON_FRAME_GAP_MS=8.342623
09-27 01:51:08.868 13339 13339 I BosonTree: BOSON_FRAME_GAP_MS=8.33388
09-27 01:51:08.876 13339 13339 I BosonTree: BOSON_FRAME_GAP_MS=8.33324
09-27 01:51:08.885 13339 13339 I BosonTree: BOSON_FRAME_GAP_MS=8.326635
09-27 01:51:08.893 13339 13339 I BosonTree: BOSON_FRAME_GAP_MS=8.326731
09-27 01:51:08.901 13339 13339 I BosonTree: BOSON_FRAME_GAP_MS=8.321846
09-27 01:51:08.909 13339 13339 I BosonTree: BOSON_FRAME_GAP_MS=8.31932
09-27 01:51:08.917 13339 13339 I BosonTree: BOSON_FRAME_GAP_MS=8.319331
09-27 01:51:08.926 13339 13339 I BosonTree: BOSON_FRAME_GAP_MS=8.322636
09-27 01:51:08.934 13339 13339 I BosonTree: BOSON_FRAME_GAP_MS=8.320103
09-27 01:51:08.943 13339 13339 I BosonTree: BOSON_FRAME_GAP_MS=8.336374
09-27 01:51:08.946 13339 13339 I BosonTree: BOSON_LAYOUT id=2 x=24 y=24 width=336 height=64
09-27 01:51:08.946 13339 13339 I BosonTree: BOSON_LAYOUT id=3 x=24 y=100 width=336 height=64
09-27 01:51:08.946 13339 13339 I BosonTree: BOSON_FRAME nodes=2
09-27 01:51:08.946 13339 13339 I BosonTree: BOSON_METRIC dispatch_us=116 render_us=534
09-27 01:51:08.946 13339 13339 I BosonTree: BOSON_TOUCH_RESULT=0 node=3
09-27 01:51:08.952 13339 13339 I BosonTree: BOSON_FRAME_GAP_MS=8.393069
09-27 01:51:08.959 13339 13339 I BosonTree: BOSON_FRAME_GAP_MS=8.318919
09-27 01:51:08.968 13339 13339 I BosonTree: BOSON_FRAME_GAP_MS=8.323653
09-27 01:51:08.976 13339 13339 I BosonTree: BOSON_FRAME_GAP_MS=8.334062
09-27 01:51:08.984 13339 13339 I BosonTree: BOSON_FRAME_GAP_MS=8.361894
09-27 01:51:08.993 13339 13339 I BosonTree: BOSON_FRAME_GAP_MS=8.335197
09-27 01:51:09.001 13339 13339 I BosonTree: BOSON_FRAME_GAP_MS=8.336486
09-27 01:51:09.009 13339 13339 I BosonTree: BOSON_FRAME_GAP_MS=8.329145
09-27 01:51:09.017 13339 13339 I BosonTree: BOSON_FRAME_GAP_MS=8.331366
09-27 01:51:09.026 13339 13339 I BosonTree: BOSON_FRAME_GAP_MS=8.345971
09-27 01:51:09.034 13339 13339 I BosonTree: BOSON_FRAME_GAP_MS=8.341815
09-27 01:51:09.036 13339 13339 I BosonTree: BOSON_LAYOUT id=2 x=24 y=24 width=336 height=64
09-27 01:51:09.037 13339 13339 I BosonTree: BOSON_LAYOUT id=3 x=24 y=100 width=336 height=64
09-27 01:51:09.037 13339 13339 I BosonTree: BOSON_FRAME nodes=2
09-27 01:51:09.037 13339 13339 I BosonTree: BOSON_METRIC dispatch_us=122 render_us=696
09-27 01:51:09.037 13339 13339 I BosonTree: BOSON_TOUCH_RESULT=0 node=3
09-27 01:51:09.043 13339 13339 I BosonTree: BOSON_FRAME_GAP_MS=8.342714
09-27 01:51:09.052 13339 13339 I BosonTree: BOSON_FRAME_GAP_MS=8.339417
09-27 01:51:09.060 13339 13339 I BosonTree: BOSON_FRAME_GAP_MS=8.343413
09-27 01:51:09.068 13339 13339 I BosonTree: BOSON_FRAME_GAP_MS=8.359077
09-27 01:51:09.076 13339 13339 I BosonTree: BOSON_FRAME_GAP_MS=8.368752
09-27 01:51:09.084 13339 13339 I BosonTree: BOSON_FRAME_GAP_MS=8.348435
09-27 01:51:09.093 13339 13339 I BosonTree: BOSON_FRAME_GAP_MS=8.330158
09-27 01:51:09.101 13339 13339 I BosonTree: BOSON_FRAME_GAP_MS=8.325636
09-27 01:51:09.109 13339 13339 I BosonTree: BOSON_FRAME_GAP_MS=8.325
09-27 01:51:09.117 13339 13339 I BosonTree: BOSON_FRAME_GAP_MS=8.331337
09-27 01:51:09.119 13339 13339 I BosonTree: BOSON_LAYOUT id=2 x=24 y=24 width=336 height=64
09-27 01:51:09.119 13339 13339 I BosonTree: BOSON_LAYOUT id=3 x=24 y=100 width=336 height=64
09-27 01:51:09.119 13339 13339 I BosonTree: BOSON_FRAME nodes=2
09-27 01:51:09.119 13339 13339 I BosonTree: BOSON_METRIC dispatch_us=110 render_us=526
09-27 01:51:09.119 13339 13339 I BosonTree: BOSON_TOUCH_RESULT=0 node=3
09-27 01:51:09.126 13339 13339 I BosonTree: BOSON_FRAME_GAP_MS=8.325794
09-27 01:51:09.135 13339 13339 I BosonTree: BOSON_FRAME_GAP_MS=8.330377
09-27 01:51:09.143 13339 13339 I BosonTree: BOSON_FRAME_GAP_MS=8.333496
09-27 01:51:09.151 13339 13339 I BosonTree: BOSON_FRAME_GAP_MS=8.535336
09-27 01:51:09.159 13339 13339 I BosonTree: BOSON_FRAME_GAP_MS=8.348003
09-27 01:51:09.168 13339 13339 I BosonTree: BOSON_FRAME_GAP_MS=8.335179
09-27 01:51:09.176 13339 13339 I BosonTree: BOSON_FRAME_GAP_MS=8.304014
09-27 01:51:09.184 13339 13339 I BosonTree: BOSON_FRAME_GAP_MS=8.302828
09-27 01:51:09.193 13339 13339 I BosonTree: BOSON_FRAME_GAP_MS=8.311259
09-27 01:51:09.201 13339 13339 I BosonTree: BOSON_FRAME_GAP_MS=8.306575
09-27 01:51:09.204 13339 13339 I BosonTree: BOSON_LAYOUT id=2 x=24 y=24 width=336 height=64
09-27 01:51:09.204 13339 13339 I BosonTree: BOSON_LAYOUT id=3 x=24 y=100 width=336 height=64
09-27 01:51:09.204 13339 13339 I BosonTree: BOSON_FRAME nodes=2
09-27 01:51:09.204 13339 13339 I BosonTree: BOSON_METRIC dispatch_us=130 render_us=791
09-27 01:51:09.204 13339 13339 I BosonTree: BOSON_TOUCH_RESULT=0 node=3
09-27 01:51:09.210 13339 13339 I BosonTree: BOSON_FRAME_GAP_MS=8.306543
09-27 01:51:09.218 13339 13339 I BosonTree: BOSON_FRAME_GAP_MS=8.316202
09-27 01:51:09.226 13339 13339 I BosonTree: BOSON_FRAME_GAP_MS=8.315513
09-27 01:51:09.234 13339 13339 I BosonTree: BOSON_FRAME_GAP_MS=8.341933
09-27 01:51:09.243 13339 13339 I BosonTree: BOSON_FRAME_GAP_MS=8.333542
09-27 01:51:09.251 13339 13339 I BosonTree: BOSON_FRAME_GAP_MS=8.325562
09-27 01:51:09.260 13339 13339 I BosonTree: BOSON_FRAME_GAP_MS=8.316844
09-27 01:51:09.268 13339 13339 I BosonTree: BOSON_FRAME_GAP_MS=8.31329
09-27 01:51:09.276 13339 13339 I BosonTree: BOSON_FRAME_GAP_MS=8.313746
09-27 01:51:09.285 13339 13339 I BosonTree: BOSON_FRAME_GAP_MS=8.318253
09-27 01:51:09.288 13339 13339 I BosonTree: BOSON_LAYOUT id=2 x=24 y=24 width=336 height=64
09-27 01:51:09.289 13339 13339 I BosonTree: BOSON_LAYOUT id=3 x=24 y=100 width=336 height=64
09-27 01:51:09.289 13339 13339 I BosonTree: BOSON_FRAME nodes=2
09-27 01:51:09.289 13339 13339 I BosonTree: BOSON_METRIC dispatch_us=230 render_us=835
09-27 01:51:09.289 13339 13339 I BosonTree: BOSON_TOUCH_RESULT=0 node=3
09-27 01:51:09.294 13339 13339 I BosonTree: BOSON_FRAME_GAP_MS=8.316744
09-27 01:51:09.301 13339 13339 I BosonTree: BOSON_FRAME_GAP_MS=8.31506
09-27 01:51:09.309 13339 13339 I BosonTree: BOSON_FRAME_GAP_MS=8.320752
09-27 01:51:09.318 13339 13339 I BosonTree: BOSON_FRAME_GAP_MS=8.447119
09-27 01:51:09.326 13339 13339 I BosonTree: BOSON_FRAME_GAP_MS=8.356885
09-27 01:51:09.334 13339 13339 I BosonTree: BOSON_FRAME_GAP_MS=8.367542
09-27 01:51:09.343 13339 13339 I BosonTree: BOSON_FRAME_GAP_MS=8.336867
09-27 01:51:09.351 13339 13339 I BosonTree: BOSON_FRAME_GAP_MS=8.329025
09-27 01:51:09.360 13339 13339 I BosonTree: BOSON_FRAME_GAP_MS=8.333209
09-27 01:51:09.368 13339 13339 I BosonTree: BOSON_FRAME_GAP_MS=8.340663
09-27 01:51:09.376 13339 13339 I BosonTree: BOSON_FRAME_GAP_MS=8.349711
09-27 01:51:09.384 13339 13339 I BosonTree: BOSON_FRAME_GAP_MS=8.331938
09-27 01:51:09.385 13339 13339 I BosonTree: BOSON_LAYOUT id=2 x=24 y=24 width=336 height=64
09-27 01:51:09.385 13339 13339 I BosonTree: BOSON_LAYOUT id=3 x=24 y=100 width=336 height=64
09-27 01:51:09.385 13339 13339 I BosonTree: BOSON_FRAME nodes=2
09-27 01:51:09.385 13339 13339 I BosonTree: BOSON_METRIC dispatch_us=115 render_us=410
09-27 01:51:09.385 13339 13339 I BosonTree: BOSON_TOUCH_RESULT=0 node=3
09-27 01:51:09.393 13339 13339 I BosonTree: BOSON_FRAME_GAP_MS=8.33418
09-27 01:51:09.401 13339 13339 I BosonTree: BOSON_FRAME_GAP_MS=8.341192
09-27 01:51:09.409 13339 13339 I BosonTree: BOSON_FRAME_GAP_MS=8.329525
09-27 01:51:09.417 13339 13339 I BosonTree: BOSON_FRAME_GAP_MS=8.336226
09-27 01:51:09.426 13339 13339 I BosonTree: BOSON_FRAME_GAP_MS=8.337388
09-27 01:51:09.434 13339 13339 I BosonTree: BOSON_FRAME_GAP_MS=8.331069
09-27 01:51:09.443 13339 13339 I BosonTree: BOSON_FRAME_GAP_MS=8.330921
09-27 01:51:09.451 13339 13339 I BosonTree: BOSON_FRAME_GAP_MS=8.332063
09-27 01:51:09.459 13339 13339 I BosonTree: BOSON_FRAME_GAP_MS=8.334924
09-27 01:51:09.468 13339 13339 I BosonTree: BOSON_FRAME_GAP_MS=8.333595
09-27 01:51:09.476 13339 13339 I BosonTree: BOSON_FRAME_GAP_MS=8.335172
09-27 01:51:09.485 13339 13339 I BosonTree: BOSON_FRAME_GAP_MS=8.356147
09-27 01:51:09.486 13339 13339 I BosonTree: BOSON_LAYOUT id=2 x=24 y=24 width=336 height=64
09-27 01:51:09.486 13339 13339 I BosonTree: BOSON_LAYOUT id=3 x=24 y=100 width=336 height=64
09-27 01:51:09.486 13339 13339 I BosonTree: BOSON_FRAME nodes=2
09-27 01:51:09.486 13339 13339 I BosonTree: BOSON_METRIC dispatch_us=103 render_us=428
09-27 01:51:09.486 13339 13339 I BosonTree: BOSON_TOUCH_RESULT=0 node=3
09-27 01:51:09.493 13339 13339 I BosonTree: BOSON_FRAME_GAP_MS=8.344038
09-27 01:51:09.502 13339 13339 I BosonTree: BOSON_FRAME_GAP_MS=8.341375
09-27 01:51:09.510 13339 13339 I BosonTree: BOSON_FRAME_GAP_MS=8.341495
09-27 01:51:09.519 13339 13339 I BosonTree: BOSON_FRAME_GAP_MS=8.354886
09-27 01:51:09.526 13339 13339 I BosonTree: BOSON_FRAME_GAP_MS=8.340344
09-27 01:51:09.535 13339 13339 I BosonTree: BOSON_FRAME_GAP_MS=8.351715
09-27 01:51:09.543 13339 13339 I BosonTree: BOSON_FRAME_GAP_MS=8.342401
09-27 01:51:09.551 13339 13339 I BosonTree: BOSON_FRAME_GAP_MS=8.332232
09-27 01:51:09.559 13339 13339 I BosonTree: BOSON_FRAME_GAP_MS=8.334791
09-27 01:51:09.568 13339 13339 I BosonTree: BOSON_FRAME_GAP_MS=8.333356
09-27 01:51:09.569 13339 13339 I BosonTree: BOSON_LAYOUT id=2 x=24 y=24 width=336 height=64
09-27 01:51:09.569 13339 13339 I BosonTree: BOSON_LAYOUT id=3 x=24 y=100 width=336 height=64
09-27 01:51:09.569 13339 13339 I BosonTree: BOSON_FRAME nodes=2
09-27 01:51:09.569 13339 13339 I BosonTree: BOSON_METRIC dispatch_us=63 render_us=439
09-27 01:51:09.569 13339 13339 I BosonTree: BOSON_TOUCH_RESULT=0 node=3
09-27 01:51:09.576 13339 13339 I BosonTree: BOSON_FRAME_GAP_MS=8.328539
09-27 01:51:09.585 13339 13339 I BosonTree: BOSON_FRAME_GAP_MS=8.332262
09-27 01:51:09.594 13339 13339 I BosonTree: BOSON_FRAME_GAP_MS=8.333029
09-27 01:51:09.601 13339 13339 I BosonTree: BOSON_FRAME_GAP_MS=8.351139
09-27 01:51:09.610 13339 13339 I BosonTree: BOSON_FRAME_GAP_MS=8.354245
09-27 01:51:09.618 13339 13339 I BosonTree: BOSON_FRAME_GAP_MS=8.324474
09-27 01:51:09.626 13339 13339 I BosonTree: BOSON_FRAME_GAP_MS=8.32683
09-27 01:51:09.635 13339 13339 I BosonTree: BOSON_FRAME_GAP_MS=8.323677
09-27 01:51:09.643 13339 13339 I BosonTree: BOSON_FRAME_GAP_MS=8.337433
09-27 01:51:09.652 13339 13339 I BosonTree: BOSON_FRAME_GAP_MS=8.361344
09-27 01:51:09.659 13339 13339 I BosonTree: BOSON_FRAME_GAP_MS=8.336289
09-27 01:51:09.668 13339 13339 I BosonTree: BOSON_FRAME_GAP_MS=8.330813
09-27 01:51:09.676 13339 13339 I BosonTree: BOSON_FRAME_GAP_MS=8.330924
09-27 01:51:09.684 13339 13339 I BosonTree: BOSON_FRAME_GAP_MS=8.339148
09-27 01:51:09.693 13339 13339 I BosonTree: BOSON_FRAME_GAP_MS=8.334638
09-27 01:51:09.701 13339 13339 I BosonTree: BOSON_FRAME_GAP_MS=8.33919
09-27 01:51:09.710 13339 13339 I BosonTree: BOSON_FRAME_GAP_MS=8.33262
09-27 01:51:09.718 13339 13339 I BosonTree: BOSON_FRAME_GAP_MS=8.333417
09-27 01:51:09.726 13339 13339 I BosonTree: BOSON_FRAME_GAP_MS=8.33482
09-27 01:51:09.735 13339 13339 I BosonTree: BOSON_FRAME_GAP_MS=8.333891
09-27 01:51:09.743 13339 13339 I BosonTree: BOSON_FRAME_GAP_MS=8.334688
09-27 01:51:09.751 13339 13339 I BosonTree: BOSON_FRAME_GAP_MS=8.33196
09-27 01:51:09.760 13339 13339 I BosonTree: BOSON_FRAME_GAP_MS=8.324374
09-27 01:51:09.768 13339 13339 I BosonTree: BOSON_FRAME_GAP_MS=8.347926
09-27 01:51:09.776 13339 13339 I BosonTree: BOSON_FRAME_GAP_MS=8.361529
09-27 01:51:09.784 13339 13339 I BosonTree: BOSON_FRAME_GAP_MS=8.331643
09-27 01:51:09.793 13339 13339 I BosonTree: BOSON_FRAME_GAP_MS=8.326712
