Timestamp               Ty Process[PID:TID]
2026-09-27 01:47:37.882 Df BosonDynamicTree[2704:1b1a2f1] BOSON_CONTENTION busy_ms=0 max_refresh_hz=60
2026-09-27 01:47:37.882 Df BosonDynamicTree[2704:1b1a2f1] BOSON_BACKGROUND_WORKERS=0
2026-09-27 01:47:37.895 Df BosonDynamicTree[2704:1b1a2f1] BOSON_NODE_CREATE id=2 tag=text
2026-09-27 01:47:37.895 Df BosonDynamicTree[2704:1b1a2f1] BOSON_LAYOUT id=2 x=24 y=24 width=354 height=64
2026-09-27 01:47:37.896 Df BosonDynamicTree[2704:1b1a2f1] BOSON_NODE_CREATE id=3 tag=button
2026-09-27 01:47:37.896 Df BosonDynamicTree[2704:1b1a2f1] BOSON_LAYOUT id=3 x=24 y=100 width=354 height=64
2026-09-27 01:47:37.896 Df BosonDynamicTree[2704:1b1a2f1] BOSON_FRAME result=0 nodes=2
2026-09-27 01:47:37.896 Df BosonDynamicTree[2704:1b1a2f1] BOSON_RESIZE width=402 height=778
2026-09-27 01:47:37.981 Df BosonDynamicTree[2704:1b1a2f1] BOSON_FRAME_GAP_MS=25.820
2026-09-27 01:47:37.997 Df BosonDynamicTree[2704:1b1a2f1] BOSON_FRAME_GAP_MS=16.667
2026-09-27 01:47:38.014 Df BosonDynamicTree[2704:1b1a2f1] BOSON_FRAME_GAP_MS=16.667
2026-09-27 01:47:38.031 Df BosonDynamicTree[2704:1b1a2f1] BOSON_FRAME_GAP_MS=16.667
2026-09-27 01:47:38.048 Df BosonDynamicTree[2704:1b1a2f1] BOSON_FRAME_GAP_MS=16.667
2026-09-27 01:47:38.065 Df BosonDynamicTree[2704:1b1a2f1] BOSON_FRAME_GAP_MS=16.667
2026-09-27 01:47:38.081 Df BosonDynamicTree[2704:1b1a2f1] BOSON_FRAME_GAP_MS=16.667
2026-09-27 01:47:38.098 Df BosonDynamicTree[2704:1b1a2f1] BOSON_FRAME_GAP_MS=16.667
2026-09-27 01:47:38.115 Df BosonDynamicTree[2704:1b1a2f1] BOSON_FRAME_GAP_MS=16.667
2026-09-27 01:47:38.131 Df BosonDynamicTree[2704:1b1a2f1] BOSON_FRAME_GAP_MS=16.667
2026-09-27 01:47:38.148 Df BosonDynamicTree[2704:1b1a2f1] BOSON_FRAME_GAP_MS=16.667
2026-09-27 01:47:38.165 Df BosonDynamicTree[2704:1b1a2f1] BOSON_FRAME_GAP_MS=16.667
2026-09-27 01:47:38.181 Df BosonDynamicTree[2704:1b1a2f1] BOSON_FRAME_GAP_MS=16.667
2026-09-27 01:47:38.197 Df BosonDynamicTree[2704:1b1a2f1] BOSON_FRAME_GAP_MS=16.667
2026-09-27 01:47:38.215 Df BosonDynamicTree[2704:1b1a2f1] BOSON_FRAME_GAP_MS=16.667
2026-09-27 01:47:38.236 Df BosonDynamicTree[2704:1b1a2f1] BOSON_FRAME_GAP_MS=16.667
2026-09-27 01:47:38.249 Df BosonDynamicTree[2704:1b1a2f1] BOSON_FRAME_GAP_MS=16.667
2026-09-27 01:47:38.265 Df BosonDynamicTree[2704:1b1a2f1] BOSON_FRAME_GAP_MS=16.667
2026-09-27 01:47:38.281 Df BosonDynamicTree[2704:1b1a2f1] BOSON_FRAME_GAP_MS=16.667
2026-09-27 01:47:38.298 Df BosonDynamicTree[2704:1b1a2f1] BOSON_FRAME_GAP_MS=16.667
2026-09-27 01:47:38.315 Df BosonDynamicTree[2704:1b1a2f1] BOSON_FRAME_GAP_MS=16.667
2026-09-27 01:47:38.331 Df BosonDynamicTree[2704:1b1a2f1] BOSON_FRAME_GAP_MS=16.667
2026-09-27 01:47:38.352 Df BosonDynamicTree[2704:1b1a2f1] BOSON_FRAME_GAP_MS=16.667
2026-09-27 01:47:38.364 Df BosonDynamicTree[2704:1b1a2f1] BOSON_FRAME_GAP_MS=16.667
2026-09-27 01:47:38.382 Df BosonDynamicTree[2704:1b1a2f1] BOSON_FRAME_GAP_MS=16.667
2026-09-27 01:47:38.397 Df BosonDynamicTree[2704:1b1a2f1] BOSON_FRAME_GAP_MS=16.667
2026-09-27 01:47:38.417 Df BosonDynamicTree[2704:1b1a2f1] BOSON_FRAME_GAP_MS=16.667
2026-09-27 01:47:38.435 Df BosonDynamicTree[2704:1b1a2f1] BOSON_FRAME_GAP_MS=16.667
2026-09-27 01:47:38.448 Df BosonDynamicTree[2704:1b1a2f1] BOSON_FRAME_GAP_MS=16.667
2026-09-27 01:47:38.464 Df BosonDynamicTree[2704:1b1a2f1] BOSON_FRAME_GAP_MS=16.667
2026-09-27 01:47:38.481 Df BosonDynamicTree[2704:1b1a2f1] BOSON_FRAME_GAP_MS=16.667
2026-09-27 01:47:38.497 Df BosonDynamicTree[2704:1b1a2f1] BOSON_FRAME_GAP_MS=16.667
2026-09-27 01:47:38.515 Df BosonDynamicTree[2704:1b1a2f1] BOSON_FRAME_GAP_MS=16.667
2026-09-27 01:47:38.531 Df BosonDynamicTree[2704:1b1a2f1] BOSON_FRAME_GAP_MS=16.667
2026-09-27 01:47:38.549 Df BosonDynamicTree[2704:1b1a2f1] BOSON_LAYOUT id=2 x=24 y=24 width=354 height=64
2026-09-27 01:47:38.549 Df BosonDynamicTree[2704:1b1a2f1] BOSON_LAYOUT id=3 x=24 y=100 width=354 height=64
2026-09-27 01:47:38.549 Df BosonDynamicTree[2704:1b1a2f1] BOSON_FRAME result=0 nodes=2
2026-09-27 01:47:38.549 Df BosonDynamicTree[2704:1b1a2f1] BOSON_METRIC dispatch_us=84 render_us=230
2026-09-27 01:47:38.549 Df BosonDynamicTree[2704:1b1a2f1] BOSON_TOUCH_RESULT=0 node=3
2026-09-27 01:47:38.564 Df BosonDynamicTree[2704:1b1a2f1] BOSON_FRAME_GAP_MS=16.667
2026-09-27 01:47:38.581 Df BosonDynamicTree[2704:1b1a2f1] BOSON_FRAME_GAP_MS=16.667
2026-09-27 01:47:38.597 Df BosonDynamicTree[2704:1b1a2f1] BOSON_FRAME_GAP_MS=16.667
2026-09-27 01:47:38.614 Df BosonDynamicTree[2704:1b1a2f1] BOSON_FRAME_GAP_MS=16.667
2026-09-27 01:47:38.631 Df BosonDynamicTree[2704:1b1a2f1] BOSON_FRAME_GAP_MS=16.667
2026-09-27 01:47:38.647 Df BosonDynamicTree[2704:1b1a2f1] BOSON_FRAME_GAP_MS=16.667
2026-09-27 01:47:38.665 Df BosonDynamicTree[2704:1b1a2f1] BOSON_LAYOUT id=2 x=24 y=24 width=354 height=64
2026-09-27 01:47:38.665 Df BosonDynamicTree[2704:1b1a2f1] BOSON_LAYOUT id=3 x=24 y=100 width=354 height=64
2026-09-27 01:47:38.665 Df BosonDynamicTree[2704:1b1a2f1] BOSON_FRAME result=0 nodes=2
2026-09-27 01:47:38.665 Df BosonDynamicTree[2704:1b1a2f1] BOSON_METRIC dispatch_us=24 render_us=250
2026-09-27 01:47:38.665 Df BosonDynamicTree[2704:1b1a2f1] BOSON_TOUCH_RESULT=0 node=3
2026-09-27 01:47:38.665 Df BosonDynamicTree[2704:1b1a2f1] BOSON_FRAME_GAP_MS=16.667
2026-09-27 01:47:38.681 Df BosonDynamicTree[2704:1b1a2f1] BOSON_FRAME_GAP_MS=16.667
2026-09-27 01:47:38.697 Df BosonDynamicTree[2704:1b1a2f1] BOSON_FRAME_GAP_MS=16.667
2026-09-27 01:47:38.714 Df BosonDynamicTree[2704:1b1a2f1] BOSON_FRAME_GAP_MS=16.667
2026-09-27 01:47:38.731 Df BosonDynamicTree[2704:1b1a2f1] BOSON_FRAME_GAP_MS=16.667
2026-09-27 01:47:38.747 Df BosonDynamicTree[2704:1b1a2f1] BOSON_FRAME_GAP_MS=16.667
2026-09-27 01:47:38.765 Df BosonDynamicTree[2704:1b1a2f1] BOSON_LAYOUT id=2 x=24 y=24 width=354 height=64
2026-09-27 01:47:38.766 Df BosonDynamicTree[2704:1b1a2f1] BOSON_LAYOUT id=3 x=24 y=100 width=354 height=64
2026-09-27 01:47:38.766 Df BosonDynamicTree[2704:1b1a2f1] BOSON_FRAME result=0 nodes=2
2026-09-27 01:47:38.766 Df BosonDynamicTree[2704:1b1a2f1] BOSON_METRIC dispatch_us=32 render_us=355
2026-09-27 01:47:38.766 Df BosonDynamicTree[2704:1b1a2f1] BOSON_TOUCH_RESULT=0 node=3
2026-09-27 01:47:38.766 Df BosonDynamicTree[2704:1b1a2f1] BOSON_FRAME_GAP_MS=16.667
2026-09-27 01:47:38.781 Df BosonDynamicTree[2704:1b1a2f1] BOSON_FRAME_GAP_MS=16.667
2026-09-27 01:47:38.797 Df BosonDynamicTree[2704:1b1a2f1] BOSON_FRAME_GAP_MS=16.667
2026-09-27 01:47:38.814 Df BosonDynamicTree[2704:1b1a2f1] BOSON_FRAME_GAP_MS=16.667
2026-09-27 01:47:38.831 Df BosonDynamicTree[2704:1b1a2f1] BOSON_FRAME_GAP_MS=16.667
2026-09-27 01:47:38.847 Df BosonDynamicTree[2704:1b1a2f1] BOSON_FRAME_GAP_MS=16.667
2026-09-27 01:47:38.865 Df BosonDynamicTree[2704:1b1a2f1] BOSON_LAYOUT id=2 x=24 y=24 width=354 height=64
2026-09-27 01:47:38.865 Df BosonDynamicTree[2704:1b1a2f1] BOSON_LAYOUT id=3 x=24 y=100 width=354 height=64
2026-09-27 01:47:38.865 Df BosonDynamicTree[2704:1b1a2f1] BOSON_FRAME result=0 nodes=2
2026-09-27 01:47:38.865 Df BosonDynamicTree[2704:1b1a2f1] BOSON_METRIC dispatch_us=25 render_us=160
2026-09-27 01:47:38.865 Df BosonDynamicTree[2704:1b1a2f1] BOSON_TOUCH_RESULT=0 node=3
2026-09-27 01:47:38.865 Df BosonDynamicTree[2704:1b1a2f1] BOSON_FRAME_GAP_MS=16.667
2026-09-27 01:47:38.881 Df BosonDynamicTree[2704:1b1a2f1] BOSON_FRAME_GAP_MS=16.667
2026-09-27 01:47:38.897 Df BosonDynamicTree[2704:1b1a2f1] BOSON_FRAME_GAP_MS=16.667
2026-09-27 01:47:38.914 Df BosonDynamicTree[2704:1b1a2f1] BOSON_FRAME_GAP_MS=16.667
2026-09-27 01:47:38.931 Df BosonDynamicTree[2704:1b1a2f1] BOSON_FRAME_GAP_MS=16.667
2026-09-27 01:47:38.947 Df BosonDynamicTree[2704:1b1a2f1] BOSON_FRAME_GAP_MS=16.667
2026-09-27 01:47:38.964 Df BosonDynamicTree[2704:1b1a2f1] BOSON_FRAME_GAP_MS=16.667
2026-09-27 01:47:38.984 Df BosonDynamicTree[2704:1b1a2f1] BOSON_LAYOUT id=2 x=24 y=24 width=354 height=64
2026-09-27 01:47:38.984 Df BosonDynamicTree[2704:1b1a2f1] BOSON_LAYOUT id=3 x=24 y=100 width=354 height=64
2026-09-27 01:47:38.984 Df BosonDynamicTree[2704:1b1a2f1] BOSON_FRAME result=0 nodes=2
2026-09-27 01:47:38.984 Df BosonDynamicTree[2704:1b1a2f1] BOSON_METRIC dispatch_us=37 render_us=562
2026-09-27 01:47:38.984 Df BosonDynamicTree[2704:1b1a2f1] BOSON_TOUCH_RESULT=0 node=3
2026-09-27 01:47:38.985 Df BosonDynamicTree[2704:1b1a2f1] BOSON_FRAME_GAP_MS=16.667
2026-09-27 01:47:38.998 Df BosonDynamicTree[2704:1b1a2f1] BOSON_FRAME_GAP_MS=16.667
2026-09-27 01:47:39.014 Df BosonDynamicTree[2704:1b1a2f1] BOSON_FRAME_GAP_MS=16.667
2026-09-27 01:47:39.031 Df BosonDynamicTree[2704:1b1a2f1] BOSON_FRAME_GAP_MS=16.667
2026-09-27 01:47:39.047 Df BosonDynamicTree[2704:1b1a2f1] BOSON_FRAME_GAP_MS=16.667
2026-09-27 01:47:39.064 Df BosonDynamicTree[2704:1b1a2f1] BOSON_FRAME_GAP_MS=16.667
2026-09-27 01:47:39.082 Df BosonDynamicTree[2704:1b1a2f1] BOSON_LAYOUT id=2 x=24 y=24 width=354 height=64
2026-09-27 01:47:39.083 Df BosonDynamicTree[2704:1b1a2f1] BOSON_LAYOUT id=3 x=24 y=100 width=354 height=64
2026-09-27 01:47:39.083 Df BosonDynamicTree[2704:1b1a2f1] BOSON_FRAME result=0 nodes=2
2026-09-27 01:47:39.083 Df BosonDynamicTree[2704:1b1a2f1] BOSON_METRIC dispatch_us=35 render_us=693
2026-09-27 01:47:39.083 Df BosonDynamicTree[2704:1b1a2f1] BOSON_TOUCH_RESULT=0 node=3
2026-09-27 01:47:39.083 Df BosonDynamicTree[2704:1b1a2f1] BOSON_FRAME_GAP_MS=16.667
2026-09-27 01:47:39.098 Df BosonDynamicTree[2704:1b1a2f1] BOSON_FRAME_GAP_MS=16.667
2026-09-27 01:47:39.114 Df BosonDynamicTree[2704:1b1a2f1] BOSON_FRAME_GAP_MS=16.667
2026-09-27 01:47:39.131 Df BosonDynamicTree[2704:1b1a2f1] BOSON_FRAME_GAP_MS=16.667
2026-09-27 01:47:39.147 Df BosonDynamicTree[2704:1b1a2f1] BOSON_FRAME_GAP_MS=16.667
2026-09-27 01:47:39.164 Df BosonDynamicTree[2704:1b1a2f1] BOSON_FRAME_GAP_MS=16.667
2026-09-27 01:47:39.183 Df BosonDynamicTree[2704:1b1a2f1] BOSON_LAYOUT id=2 x=24 y=24 width=354 height=64
2026-09-27 01:47:39.183 Df BosonDynamicTree[2704:1b1a2f1] BOSON_LAYOUT id=3 x=24 y=100 width=354 height=64
2026-09-27 01:47:39.183 Df BosonDynamicTree[2704:1b1a2f1] BOSON_FRAME result=0 nodes=2
2026-09-27 01:47:39.183 Df BosonDynamicTree[2704:1b1a2f1] BOSON_METRIC dispatch_us=45 render_us=564
2026-09-27 01:47:39.183 Df BosonDynamicTree[2704:1b1a2f1] BOSON_TOUCH_RESULT=0 node=3
2026-09-27 01:47:39.184 Df BosonDynamicTree[2704:1b1a2f1] BOSON_FRAME_GAP_MS=16.667
2026-09-27 01:47:39.198 Df BosonDynamicTree[2704:1b1a2f1] BOSON_FRAME_GAP_MS=16.667
2026-09-27 01:47:39.214 Df BosonDynamicTree[2704:1b1a2f1] BOSON_FRAME_GAP_MS=16.667
2026-09-27 01:47:39.231 Df BosonDynamicTree[2704:1b1a2f1] BOSON_FRAME_GAP_MS=16.667
2026-09-27 01:47:39.248 Df BosonDynamicTree[2704:1b1a2f1] BOSON_FRAME_GAP_MS=16.667
2026-09-27 01:47:39.264 Df BosonDynamicTree[2704:1b1a2f1] BOSON_FRAME_GAP_MS=16.667
2026-09-27 01:47:39.283 Df BosonDynamicTree[2704:1b1a2f1] BOSON_LAYOUT id=2 x=24 y=24 width=354 height=64
2026-09-27 01:47:39.283 Df BosonDynamicTree[2704:1b1a2f1] BOSON_LAYOUT id=3 x=24 y=100 width=354 height=64
2026-09-27 01:47:39.283 Df BosonDynamicTree[2704:1b1a2f1] BOSON_FRAME result=0 nodes=2
2026-09-27 01:47:39.283 Df BosonDynamicTree[2704:1b1a2f1] BOSON_METRIC dispatch_us=42 render_us=581
2026-09-27 01:47:39.283 Df BosonDynamicTree[2704:1b1a2f1] BOSON_TOUCH_RESULT=0 node=3
2026-09-27 01:47:39.284 Df BosonDynamicTree[2704:1b1a2f1] BOSON_FRAME_GAP_MS=16.667
2026-09-27 01:47:39.298 Df BosonDynamicTree[2704:1b1a2f1] BOSON_FRAME_GAP_MS=16.667
2026-09-27 01:47:39.314 Df BosonDynamicTree[2704:1b1a2f1] BOSON_FRAME_GAP_MS=16.667
2026-09-27 01:47:39.331 Df BosonDynamicTree[2704:1b1a2f1] BOSON_FRAME_GAP_MS=16.667
2026-09-27 01:47:39.348 Df BosonDynamicTree[2704:1b1a2f1] BOSON_FRAME_GAP_MS=16.667
2026-09-27 01:47:39.364 Df BosonDynamicTree[2704:1b1a2f1] BOSON_FRAME_GAP_MS=16.667
2026-09-27 01:47:39.381 Df BosonDynamicTree[2704:1b1a2f1] BOSON_FRAME_GAP_MS=16.667
2026-09-27 01:47:39.399 Df BosonDynamicTree[2704:1b1a2f1] BOSON_LAYOUT id=2 x=24 y=24 width=354 height=64
2026-09-27 01:47:39.399 Df BosonDynamicTree[2704:1b1a2f1] BOSON_LAYOUT id=3 x=24 y=100 width=354 height=64
2026-09-27 01:47:39.399 Df BosonDynamicTree[2704:1b1a2f1] BOSON_FRAME result=0 nodes=2
2026-09-27 01:47:39.399 Df BosonDynamicTree[2704:1b1a2f1] BOSON_METRIC dispatch_us=48 render_us=363
2026-09-27 01:47:39.399 Df BosonDynamicTree[2704:1b1a2f1] BOSON_TOUCH_RESULT=0 node=3
2026-09-27 01:47:39.399 Df BosonDynamicTree[2704:1b1a2f1] BOSON_FRAME_GAP_MS=16.667
2026-09-27 01:47:39.414 Df BosonDynamicTree[2704:1b1a2f1] BOSON_FRAME_GAP_MS=16.667
2026-09-27 01:47:39.431 Df BosonDynamicTree[2704:1b1a2f1] BOSON_FRAME_GAP_MS=16.667
2026-09-27 01:47:39.447 Df BosonDynamicTree[2704:1b1a2f1] BOSON_FRAME_GAP_MS=16.667
2026-09-27 01:47:39.464 Df BosonDynamicTree[2704:1b1a2f1] BOSON_FRAME_GAP_MS=16.667
2026-09-27 01:47:39.481 Df BosonDynamicTree[2704:1b1a2f1] BOSON_FRAME_GAP_MS=16.667
2026-09-27 01:47:39.499 Df BosonDynamicTree[2704:1b1a2f1] BOSON_LAYOUT id=2 x=24 y=24 width=354 height=64
2026-09-27 01:47:39.499 Df BosonDynamicTree[2704:1b1a2f1] BOSON_LAYOUT id=3 x=24 y=100 width=354 height=64
2026-09-27 01:47:39.499 Df BosonDynamicTree[2704:1b1a2f1] BOSON_FRAME result=0 nodes=2
2026-09-27 01:47:39.499 Df BosonDynamicTree[2704:1b1a2f1] BOSON_METRIC dispatch_us=51 render_us=336
2026-09-27 01:47:39.499 Df BosonDynamicTree[2704:1b1a2f1] BOSON_TOUCH_RESULT=0 node=3
2026-09-27 01:47:39.499 Df BosonDynamicTree[2704:1b1a2f1] BOSON_FRAME_GAP_MS=16.667
2026-09-27 01:47:39.514 Df BosonDynamicTree[2704:1b1a2f1] BOSON_FRAME_GAP_MS=16.667
2026-09-27 01:47:39.531 Df BosonDynamicTree[2704:1b1a2f1] BOSON_FRAME_GAP_MS=16.667
2026-09-27 01:47:39.547 Df BosonDynamicTree[2704:1b1a2f1] BOSON_FRAME_GAP_MS=16.667
2026-09-27 01:47:39.564 Df BosonDynamicTree[2704:1b1a2f1] BOSON_FRAME_GAP_MS=16.667
2026-09-27 01:47:39.581 Df BosonDynamicTree[2704:1b1a2f1] BOSON_FRAME_GAP_MS=16.667
2026-09-27 01:47:39.598 Df BosonDynamicTree[2704:1b1a2f1] BOSON_LAYOUT id=2 x=24 y=24 width=354 height=64
2026-09-27 01:47:39.599 Df BosonDynamicTree[2704:1b1a2f1] BOSON_LAYOUT id=3 x=24 y=100 width=354 height=64
2026-09-27 01:47:39.599 Df BosonDynamicTree[2704:1b1a2f1] BOSON_FRAME result=0 nodes=2
2026-09-27 01:47:39.599 Df BosonDynamicTree[2704:1b1a2f1] BOSON_METRIC dispatch_us=27 render_us=295
2026-09-27 01:47:39.599 Df BosonDynamicTree[2704:1b1a2f1] BOSON_TOUCH_RESULT=0 node=3
2026-09-27 01:47:39.599 Df BosonDynamicTree[2704:1b1a2f1] BOSON_FRAME_GAP_MS=16.667
2026-09-27 01:47:39.614 Df BosonDynamicTree[2704:1b1a2f1] BOSON_FRAME_GAP_MS=16.667
2026-09-27 01:47:39.631 Df BosonDynamicTree[2704:1b1a2f1] BOSON_FRAME_GAP_MS=16.667
2026-09-27 01:47:39.647 Df BosonDynamicTree[2704:1b1a2f1] BOSON_FRAME_GAP_MS=16.667
2026-09-27 01:47:39.664 Df BosonDynamicTree[2704:1b1a2f1] BOSON_FRAME_GAP_MS=16.667
2026-09-27 01:47:39.681 Df BosonDynamicTree[2704:1b1a2f1] BOSON_FRAME_GAP_MS=16.667
2026-09-27 01:47:39.699 Df BosonDynamicTree[2704:1b1a2f1] BOSON_LAYOUT id=2 x=24 y=24 width=354 height=64
2026-09-27 01:47:39.699 Df BosonDynamicTree[2704:1b1a2f1] BOSON_LAYOUT id=3 x=24 y=100 width=354 height=64
2026-09-27 01:47:39.699 Df BosonDynamicTree[2704:1b1a2f1] BOSON_FRAME result=0 nodes=2
2026-09-27 01:47:39.699 Df BosonDynamicTree[2704:1b1a2f1] BOSON_METRIC dispatch_us=28 render_us=342
2026-09-27 01:47:39.700 Df BosonDynamicTree[2704:1b1a2f1] BOSON_TOUCH_RESULT=0 node=3
2026-09-27 01:47:39.700 Df BosonDynamicTree[2704:1b1a2f1] BOSON_FRAME_GAP_MS=16.667
2026-09-27 01:47:39.714 Df BosonDynamicTree[2704:1b1a2f1] BOSON_FRAME_GAP_MS=16.667
2026-09-27 01:47:39.731 Df BosonDynamicTree[2704:1b1a2f1] BOSON_FRAME_GAP_MS=16.667
2026-09-27 01:47:39.747 Df BosonDynamicTree[2704:1b1a2f1] BOSON_FRAME_GAP_MS=16.667
2026-09-27 01:47:39.764 Df BosonDynamicTree[2704:1b1a2f1] BOSON_FRAME_GAP_MS=16.667
2026-09-27 01:47:39.781 Df BosonDynamicTree[2704:1b1a2f1] BOSON_FRAME_GAP_MS=16.667
2026-09-27 01:47:39.797 Df BosonDynamicTree[2704:1b1a2f1] BOSON_FRAME_GAP_MS=16.667
2026-09-27 01:47:39.816 Df BosonDynamicTree[2704:1b1a2f1] BOSON_LAYOUT id=2 x=24 y=24 width=354 height=64
2026-09-27 01:47:39.816 Df BosonDynamicTree[2704:1b1a2f1] BOSON_LAYOUT id=3 x=24 y=100 width=354 height=64
2026-09-27 01:47:39.816 Df BosonDynamicTree[2704:1b1a2f1] BOSON_FRAME result=0 nodes=2
2026-09-27 01:47:39.816 Df BosonDynamicTree[2704:1b1a2f1] BOSON_METRIC dispatch_us=32 render_us=424
2026-09-27 01:47:39.816 Df BosonDynamicTree[2704:1b1a2f1] BOSON_TOUCH_RESULT=0 node=3
2026-09-27 01:47:39.816 Df BosonDynamicTree[2704:1b1a2f1] BOSON_FRAME_GAP_MS=16.667
2026-09-27 01:47:39.831 Df BosonDynamicTree[2704:1b1a2f1] BOSON_FRAME_GAP_MS=16.667
2026-09-27 01:47:39.847 Df BosonDynamicTree[2704:1b1a2f1] BOSON_FRAME_GAP_MS=16.667
2026-09-27 01:47:39.864 Df BosonDynamicTree[2704:1b1a2f1] BOSON_FRAME_GAP_MS=16.667
2026-09-27 01:47:39.881 Df BosonDynamicTree[2704:1b1a2f1] BOSON_FRAME_GAP_MS=16.667
2026-09-27 01:47:39.897 Df BosonDynamicTree[2704:1b1a2f1] BOSON_FRAME_GAP_MS=16.667
2026-09-27 01:47:39.917 Df BosonDynamicTree[2704:1b1a2f1] BOSON_LAYOUT id=2 x=24 y=24 width=354 height=64
2026-09-27 01:47:39.918 Df BosonDynamicTree[2704:1b1a2f1] BOSON_LAYOUT id=3 x=24 y=100 width=354 height=64
2026-09-27 01:47:39.918 Df BosonDynamicTree[2704:1b1a2f1] BOSON_FRAME result=0 nodes=2
2026-09-27 01:47:39.918 Df BosonDynamicTree[2704:1b1a2f1] BOSON_METRIC dispatch_us=40 render_us=741
2026-09-27 01:47:39.918 Df BosonDynamicTree[2704:1b1a2f1] BOSON_TOUCH_RESULT=0 node=3
2026-09-27 01:47:39.918 Df BosonDynamicTree[2704:1b1a2f1] BOSON_FRAME_GAP_MS=16.667
2026-09-27 01:47:39.931 Df BosonDynamicTree[2704:1b1a2f1] BOSON_FRAME_GAP_MS=16.667
2026-09-27 01:47:39.947 Df BosonDynamicTree[2704:1b1a2f1] BOSON_FRAME_GAP_MS=16.667
2026-09-27 01:47:39.964 Df BosonDynamicTree[2704:1b1a2f1] BOSON_FRAME_GAP_MS=16.667
2026-09-27 01:47:39.981 Df BosonDynamicTree[2704:1b1a2f1] BOSON_FRAME_GAP_MS=16.667
2026-09-27 01:47:39.997 Df BosonDynamicTree[2704:1b1a2f1] BOSON_FRAME_GAP_MS=16.667
2026-09-27 01:47:40.016 Df BosonDynamicTree[2704:1b1a2f1] BOSON_LAYOUT id=2 x=24 y=24 width=354 height=64
2026-09-27 01:47:40.016 Df BosonDynamicTree[2704:1b1a2f1] BOSON_LAYOUT id=3 x=24 y=100 width=354 height=64
2026-09-27 01:47:40.016 Df BosonDynamicTree[2704:1b1a2f1] BOSON_FRAME result=0 nodes=2
2026-09-27 01:47:40.016 Df BosonDynamicTree[2704:1b1a2f1] BOSON_METRIC dispatch_us=28 render_us=412
2026-09-27 01:47:40.016 Df BosonDynamicTree[2704:1b1a2f1] BOSON_TOUCH_RESULT=0 node=3
2026-09-27 01:47:40.016 Df BosonDynamicTree[2704:1b1a2f1] BOSON_FRAME_GAP_MS=16.667
2026-09-27 01:47:40.031 Df BosonDynamicTree[2704:1b1a2f1] BOSON_FRAME_GAP_MS=16.667
2026-09-27 01:47:40.047 Df BosonDynamicTree[2704:1b1a2f1] BOSON_FRAME_GAP_MS=16.667
2026-09-27 01:47:40.064 Df BosonDynamicTree[2704:1b1a2f1] BOSON_FRAME_GAP_MS=16.667
2026-09-27 01:47:40.081 Df BosonDynamicTree[2704:1b1a2f1] BOSON_FRAME_GAP_MS=16.667
2026-09-27 01:47:40.097 Df BosonDynamicTree[2704:1b1a2f1] BOSON_FRAME_GAP_MS=16.667
2026-09-27 01:47:40.116 Df BosonDynamicTree[2704:1b1a2f1] BOSON_LAYOUT id=2 x=24 y=24 width=354 height=64
2026-09-27 01:47:40.116 Df BosonDynamicTree[2704:1b1a2f1] BOSON_LAYOUT id=3 x=24 y=100 width=354 height=64
2026-09-27 01:47:40.117 Df BosonDynamicTree[2704:1b1a2f1] BOSON_FRAME result=0 nodes=2
2026-09-27 01:47:40.117 Df BosonDynamicTree[2704:1b1a2f1] BOSON_METRIC dispatch_us=34 render_us=739
2026-09-27 01:47:40.117 Df BosonDynamicTree[2704:1b1a2f1] BOSON_TOUCH_RESULT=0 node=3
2026-09-27 01:47:40.117 Df BosonDynamicTree[2704:1b1a2f1] BOSON_FRAME_GAP_MS=16.667
2026-09-27 01:47:40.131 Df BosonDynamicTree[2704:1b1a2f1] BOSON_FRAME_GAP_MS=16.667
2026-09-27 01:47:40.147 Df BosonDynamicTree[2704:1b1a2f1] BOSON_FRAME_GAP_MS=16.667
2026-09-27 01:47:40.164 Df BosonDynamicTree[2704:1b1a2f1] BOSON_FRAME_GAP_MS=16.667
2026-09-27 01:47:40.181 Df BosonDynamicTree[2704:1b1a2f1] BOSON_FRAME_GAP_MS=16.667
2026-09-27 01:47:40.197 Df BosonDynamicTree[2704:1b1a2f1] BOSON_FRAME_GAP_MS=16.667
2026-09-27 01:47:40.214 Df BosonDynamicTree[2704:1b1a2f1] BOSON_FRAME_GAP_MS=16.667
2026-09-27 01:47:40.232 Df BosonDynamicTree[2704:1b1a2f1] BOSON_LAYOUT id=2 x=24 y=24 width=354 height=64
2026-09-27 01:47:40.232 Df BosonDynamicTree[2704:1b1a2f1] BOSON_LAYOUT id=3 x=24 y=100 width=354 height=64
2026-09-27 01:47:40.233 Df BosonDynamicTree[2704:1b1a2f1] BOSON_FRAME result=0 nodes=2
2026-09-27 01:47:40.233 Df BosonDynamicTree[2704:1b1a2f1] BOSON_METRIC dispatch_us=33 render_us=459
2026-09-27 01:47:40.233 Df BosonDynamicTree[2704:1b1a2f1] BOSON_TOUCH_RESULT=0 node=3
2026-09-27 01:47:40.233 Df BosonDynamicTree[2704:1b1a2f1] BOSON_FRAME_GAP_MS=16.667
2026-09-27 01:47:40.248 Df BosonDynamicTree[2704:1b1a2f1] BOSON_FRAME_GAP_MS=16.667
2026-09-27 01:47:40.264 Df BosonDynamicTree[2704:1b1a2f1] BOSON_FRAME_GAP_MS=16.667
2026-09-27 01:47:40.281 Df BosonDynamicTree[2704:1b1a2f1] BOSON_FRAME_GAP_MS=16.667
2026-09-27 01:47:40.297 Df BosonDynamicTree[2704:1b1a2f1] BOSON_FRAME_GAP_MS=16.667
2026-09-27 01:47:40.314 Df BosonDynamicTree[2704:1b1a2f1] BOSON_FRAME_GAP_MS=16.667
2026-09-27 01:47:40.332 Df BosonDynamicTree[2704:1b1a2f1] BOSON_LAYOUT id=2 x=24 y=24 width=354 height=64
2026-09-27 01:47:40.333 Df BosonDynamicTree[2704:1b1a2f1] BOSON_LAYOUT id=3 x=24 y=100 width=354 height=64
2026-09-27 01:47:40.333 Df BosonDynamicTree[2704:1b1a2f1] BOSON_FRAME result=0 nodes=2
2026-09-27 01:47:40.333 Df BosonDynamicTree[2704:1b1a2f1] BOSON_METRIC dispatch_us=28 render_us=360
2026-09-27 01:47:40.333 Df BosonDynamicTree[2704:1b1a2f1] BOSON_TOUCH_RESULT=0 node=3
2026-09-27 01:47:40.333 Df BosonDynamicTree[2704:1b1a2f1] BOSON_FRAME_GAP_MS=16.667
2026-09-27 01:47:40.348 Df BosonDynamicTree[2704:1b1a2f1] BOSON_FRAME_GAP_MS=16.667
2026-09-27 01:47:40.364 Df BosonDynamicTree[2704:1b1a2f1] BOSON_FRAME_GAP_MS=16.667
2026-09-27 01:47:40.381 Df BosonDynamicTree[2704:1b1a2f1] BOSON_FRAME_GAP_MS=16.667
2026-09-27 01:47:40.397 Df BosonDynamicTree[2704:1b1a2f1] BOSON_FRAME_GAP_MS=16.667
2026-09-27 01:47:40.414 Df BosonDynamicTree[2704:1b1a2f1] BOSON_FRAME_GAP_MS=16.667
2026-09-27 01:47:40.431 Df BosonDynamicTree[2704:1b1a2f1] BOSON_LAYOUT id=2 x=24 y=24 width=354 height=64
2026-09-27 01:47:40.431 Df BosonDynamicTree[2704:1b1a2f1] BOSON_LAYOUT id=3 x=24 y=100 width=354 height=64
2026-09-27 01:47:40.432 Df BosonDynamicTree[2704:1b1a2f1] BOSON_FRAME result=0 nodes=2
2026-09-27 01:47:40.432 Df BosonDynamicTree[2704:1b1a2f1] BOSON_METRIC dispatch_us=41 render_us=185
2026-09-27 01:47:40.432 Df BosonDynamicTree[2704:1b1a2f1] BOSON_TOUCH_RESULT=0 node=3
2026-09-27 01:47:40.432 Df BosonDynamicTree[2704:1b1a2f1] BOSON_FRAME_GAP_MS=16.667
2026-09-27 01:47:40.448 Df BosonDynamicTree[2704:1b1a2f1] BOSON_FRAME_GAP_MS=16.667
2026-09-27 01:47:40.464 Df BosonDynamicTree[2704:1b1a2f1] BOSON_FRAME_GAP_MS=16.667
2026-09-27 01:47:40.481 Df BosonDynamicTree[2704:1b1a2f1] BOSON_FRAME_GAP_MS=16.667
2026-09-27 01:47:40.497 Df BosonDynamicTree[2704:1b1a2f1] BOSON_FRAME_GAP_MS=16.667
2026-09-27 01:47:40.514 Df BosonDynamicTree[2704:1b1a2f1] BOSON_FRAME_GAP_MS=16.667
2026-09-27 01:47:40.533 Df BosonDynamicTree[2704:1b1a2f1] BOSON_LAYOUT id=2 x=24 y=24 width=354 height=64
2026-09-27 01:47:40.533 Df BosonDynamicTree[2704:1b1a2f1] BOSON_LAYOUT id=3 x=24 y=100 width=354 height=64
2026-09-27 01:47:40.533 Df BosonDynamicTree[2704:1b1a2f1] BOSON_FRAME result=0 nodes=2
2026-09-27 01:47:40.533 Df BosonDynamicTree[2704:1b1a2f1] BOSON_METRIC dispatch_us=48 render_us=515
2026-09-27 01:47:40.533 Df BosonDynamicTree[2704:1b1a2f1] BOSON_TOUCH_RESULT=0 node=3
2026-09-27 01:47:40.534 Df BosonDynamicTree[2704:1b1a2f1] BOSON_FRAME_GAP_MS=16.667
2026-09-27 01:47:40.548 Df BosonDynamicTree[2704:1b1a2f1] BOSON_FRAME_GAP_MS=16.667
2026-09-27 01:47:40.564 Df BosonDynamicTree[2704:1b1a2f1] BOSON_FRAME_GAP_MS=16.667
2026-09-27 01:47:40.581 Df BosonDynamicTree[2704:1b1a2f1] BOSON_FRAME_GAP_MS=16.667
2026-09-27 01:47:40.597 Df BosonDynamicTree[2704:1b1a2f1] BOSON_FRAME_GAP_MS=16.667
2026-09-27 01:47:40.614 Df BosonDynamicTree[2704:1b1a2f1] BOSON_FRAME_GAP_MS=16.667
2026-09-27 01:47:40.631 Df BosonDynamicTree[2704:1b1a2f1] BOSON_FRAME_GAP_MS=16.667
2026-09-27 01:47:40.650 Df BosonDynamicTree[2704:1b1a2f1] BOSON_FRAME_GAP_MS=16.667
2026-09-27 01:47:40.664 Df BosonDynamicTree[2704:1b1a2f1] BOSON_FRAME_GAP_MS=16.667
2026-09-27 01:47:40.681 Df BosonDynamicTree[2704:1b1a2f1] BOSON_FRAME_GAP_MS=16.667
2026-09-27 01:47:40.697 Df BosonDynamicTree[2704:1b1a2f1] BOSON_FRAME_GAP_MS=16.667
2026-09-27 01:47:40.714 Df BosonDynamicTree[2704:1b1a2f1] BOSON_FRAME_GAP_MS=16.667
2026-09-27 01:47:40.731 Df BosonDynamicTree[2704:1b1a2f1] BOSON_FRAME_GAP_MS=16.667
2026-09-27 01:47:40.747 Df BosonDynamicTree[2704:1b1a2f1] BOSON_FRAME_GAP_MS=16.667
2026-09-27 01:47:40.764 Df BosonDynamicTree[2704:1b1a2f1] BOSON_FRAME_GAP_MS=16.667
2026-09-27 01:47:40.781 Df BosonDynamicTree[2704:1b1a2f1] BOSON_FRAME_GAP_MS=16.667
2026-09-27 01:47:40.797 Df BosonDynamicTree[2704:1b1a2f1] BOSON_FRAME_GAP_MS=16.667
2026-09-27 01:47:40.814 Df BosonDynamicTree[2704:1b1a2f1] BOSON_FRAME_GAP_MS=16.667
2026-09-27 01:47:40.831 Df BosonDynamicTree[2704:1b1a2f1] BOSON_FRAME_GAP_MS=16.667
2026-09-27 01:47:40.847 Df BosonDynamicTree[2704:1b1a2f1] BOSON_FRAME_GAP_MS=16.667
2026-09-27 01:47:40.864 Df BosonDynamicTree[2704:1b1a2f1] BOSON_FRAME_GAP_MS=16.667
2026-09-27 01:47:40.881 Df BosonDynamicTree[2704:1b1a2f1] BOSON_FRAME_GAP_MS=16.667
2026-09-27 01:47:40.897 Df BosonDynamicTree[2704:1b1a2f1] BOSON_FRAME_GAP_MS=16.667
2026-09-27 01:47:40.914 Df BosonDynamicTree[2704:1b1a2f1] BOSON_FRAME_GAP_MS=16.667
2026-09-27 01:47:40.931 Df BosonDynamicTree[2704:1b1a2f1] BOSON_FRAME_GAP_MS=16.667
2026-09-27 01:47:40.947 Df BosonDynamicTree[2704:1b1a2f1] BOSON_FRAME_GAP_MS=16.667
2026-09-27 01:47:40.964 Df BosonDynamicTree[2704:1b1a2f1] BOSON_FRAME_GAP_MS=16.667
2026-09-27 01:47:40.981 Df BosonDynamicTree[2704:1b1a2f1] BOSON_FRAME_GAP_MS=16.667
2026-09-27 01:47:40.997 Df BosonDynamicTree[2704:1b1a2f1] BOSON_FRAME_GAP_MS=16.667
2026-09-27 01:47:41.014 Df BosonDynamicTree[2704:1b1a2f1] BOSON_FRAME_GAP_MS=16.667
2026-09-27 01:47:41.031 Df BosonDynamicTree[2704:1b1a2f1] BOSON_FRAME_GAP_MS=16.667
2026-09-27 01:47:41.047 Df BosonDynamicTree[2704:1b1a2f1] BOSON_FRAME_GAP_MS=16.667
2026-09-27 01:47:41.064 Df BosonDynamicTree[2704:1b1a2f1] BOSON_FRAME_GAP_MS=16.667
2026-09-27 01:47:41.081 Df BosonDynamicTree[2704:1b1a2f1] BOSON_FRAME_GAP_MS=16.667
2026-09-27 01:47:41.097 Df BosonDynamicTree[2704:1b1a2f1] BOSON_FRAME_GAP_MS=16.667
2026-09-27 01:47:41.114 Df BosonDynamicTree[2704:1b1a2f1] BOSON_FRAME_GAP_MS=16.667
2026-09-27 01:47:41.131 Df BosonDynamicTree[2704:1b1a2f1] BOSON_FRAME_GAP_MS=16.667
2026-09-27 01:47:41.147 Df BosonDynamicTree[2704:1b1a2f1] BOSON_FRAME_GAP_MS=16.667
2026-09-27 01:47:41.164 Df BosonDynamicTree[2704:1b1a2f1] BOSON_FRAME_GAP_MS=16.667
2026-09-27 01:47:41.181 Df BosonDynamicTree[2704:1b1a2f1] BOSON_FRAME_GAP_MS=16.667
2026-09-27 01:47:41.197 Df BosonDynamicTree[2704:1b1a2f1] BOSON_FRAME_GAP_MS=16.667
2026-09-27 01:47:41.214 Df BosonDynamicTree[2704:1b1a2f1] BOSON_FRAME_GAP_MS=16.667
2026-09-27 01:47:41.231 Df BosonDynamicTree[2704:1b1a2f1] BOSON_FRAME_GAP_MS=16.667
2026-09-27 01:47:41.247 Df BosonDynamicTree[2704:1b1a2f1] BOSON_FRAME_GAP_MS=16.667
2026-09-27 01:47:41.264 Df BosonDynamicTree[2704:1b1a2f1] BOSON_FRAME_GAP_MS=16.667
2026-09-27 01:47:41.281 Df BosonDynamicTree[2704:1b1a2f1] BOSON_FRAME_GAP_MS=16.667
2026-09-27 01:47:41.297 Df BosonDynamicTree[2704:1b1a2f1] BOSON_FRAME_GAP_MS=16.667
2026-09-27 01:47:41.314 Df BosonDynamicTree[2704:1b1a2f1] BOSON_FRAME_GAP_MS=16.667
2026-09-27 01:47:41.331 Df BosonDynamicTree[2704:1b1a2f1] BOSON_FRAME_GAP_MS=16.667
2026-09-27 01:47:41.347 Df BosonDynamicTree[2704:1b1a2f1] BOSON_FRAME_GAP_MS=16.667
2026-09-27 01:47:41.364 Df BosonDynamicTree[2704:1b1a2f1] BOSON_FRAME_GAP_MS=16.667
2026-09-27 01:47:41.381 Df BosonDynamicTree[2704:1b1a2f1] BOSON_FRAME_GAP_MS=16.667
2026-09-27 01:47:41.397 Df BosonDynamicTree[2704:1b1a2f1] BOSON_FRAME_GAP_MS=16.667
2026-09-27 01:47:41.414 Df BosonDynamicTree[2704:1b1a2f1] BOSON_FRAME_GAP_MS=16.667
