Timestamp               Ty Process[PID:TID]
2026-09-27 01:49:27.797 Df BosonDynamicTree[3700:1b1b877] BOSON_CONTENTION busy_ms=0 max_refresh_hz=60
2026-09-27 01:49:27.797 Df BosonDynamicTree[3700:1b1b877] BOSON_BACKGROUND_WORKERS=4
2026-09-27 01:49:27.810 Df BosonDynamicTree[3700:1b1b877] BOSON_NODE_CREATE id=2 tag=text
2026-09-27 01:49:27.810 Df BosonDynamicTree[3700:1b1b877] BOSON_LAYOUT id=2 x=24 y=24 width=354 height=64
2026-09-27 01:49:27.811 Df BosonDynamicTree[3700:1b1b877] BOSON_NODE_CREATE id=3 tag=button
2026-09-27 01:49:27.811 Df BosonDynamicTree[3700:1b1b877] BOSON_LAYOUT id=3 x=24 y=100 width=354 height=64
2026-09-27 01:49:27.811 Df BosonDynamicTree[3700:1b1b877] BOSON_FRAME result=0 nodes=2
2026-09-27 01:49:27.811 Df BosonDynamicTree[3700:1b1b877] BOSON_RESIZE width=402 height=778
2026-09-27 01:49:27.898 Df BosonDynamicTree[3700:1b1b877] BOSON_FRAME_GAP_MS=26.169
2026-09-27 01:49:27.915 Df BosonDynamicTree[3700:1b1b877] BOSON_FRAME_GAP_MS=16.667
2026-09-27 01:49:27.931 Df BosonDynamicTree[3700:1b1b877] BOSON_FRAME_GAP_MS=16.667
2026-09-27 01:49:27.948 Df BosonDynamicTree[3700:1b1b877] BOSON_FRAME_GAP_MS=16.667
2026-09-27 01:49:27.964 Df BosonDynamicTree[3700:1b1b877] BOSON_FRAME_GAP_MS=16.667
2026-09-27 01:49:27.981 Df BosonDynamicTree[3700:1b1b877] BOSON_FRAME_GAP_MS=16.667
2026-09-27 01:49:27.998 Df BosonDynamicTree[3700:1b1b877] BOSON_FRAME_GAP_MS=16.667
2026-09-27 01:49:28.015 Df BosonDynamicTree[3700:1b1b877] BOSON_FRAME_GAP_MS=16.667
2026-09-27 01:49:28.031 Df BosonDynamicTree[3700:1b1b877] BOSON_FRAME_GAP_MS=16.667
2026-09-27 01:49:28.048 Df BosonDynamicTree[3700:1b1b877] BOSON_FRAME_GAP_MS=16.667
2026-09-27 01:49:28.064 Df BosonDynamicTree[3700:1b1b877] BOSON_FRAME_GAP_MS=16.667
2026-09-27 01:49:28.081 Df BosonDynamicTree[3700:1b1b877] BOSON_FRAME_GAP_MS=16.667
2026-09-27 01:49:28.097 Df BosonDynamicTree[3700:1b1b877] BOSON_FRAME_GAP_MS=16.667
2026-09-27 01:49:28.115 Df BosonDynamicTree[3700:1b1b877] BOSON_FRAME_GAP_MS=16.667
2026-09-27 01:49:28.131 Df BosonDynamicTree[3700:1b1b877] BOSON_FRAME_GAP_MS=16.667
2026-09-27 01:49:28.153 Df BosonDynamicTree[3700:1b1b877] BOSON_FRAME_GAP_MS=16.667
2026-09-27 01:49:28.165 Df BosonDynamicTree[3700:1b1b877] BOSON_FRAME_GAP_MS=16.667
2026-09-27 01:49:28.181 Df BosonDynamicTree[3700:1b1b877] BOSON_FRAME_GAP_MS=16.667
2026-09-27 01:49:28.205 Df BosonDynamicTree[3700:1b1b877] BOSON_FRAME_GAP_MS=16.667
2026-09-27 01:49:28.214 Df BosonDynamicTree[3700:1b1b877] BOSON_FRAME_GAP_MS=16.667
2026-09-27 01:49:28.231 Df BosonDynamicTree[3700:1b1b877] BOSON_FRAME_GAP_MS=16.667
2026-09-27 01:49:28.249 Df BosonDynamicTree[3700:1b1b877] BOSON_FRAME_GAP_MS=16.667
2026-09-27 01:49:28.265 Df BosonDynamicTree[3700:1b1b877] BOSON_FRAME_GAP_MS=16.667
2026-09-27 01:49:28.281 Df BosonDynamicTree[3700:1b1b877] BOSON_FRAME_GAP_MS=16.667
2026-09-27 01:49:28.297 Df BosonDynamicTree[3700:1b1b877] BOSON_FRAME_GAP_MS=16.667
2026-09-27 01:49:28.314 Df BosonDynamicTree[3700:1b1b877] BOSON_FRAME_GAP_MS=16.667
2026-09-27 01:49:28.331 Df BosonDynamicTree[3700:1b1b877] BOSON_FRAME_GAP_MS=16.667
2026-09-27 01:49:28.348 Df BosonDynamicTree[3700:1b1b877] BOSON_FRAME_GAP_MS=16.667
2026-09-27 01:49:28.365 Df BosonDynamicTree[3700:1b1b877] BOSON_FRAME_GAP_MS=16.667
2026-09-27 01:49:28.381 Df BosonDynamicTree[3700:1b1b877] BOSON_FRAME_GAP_MS=16.667
2026-09-27 01:49:28.397 Df BosonDynamicTree[3700:1b1b877] BOSON_FRAME_GAP_MS=16.667
2026-09-27 01:49:28.415 Df BosonDynamicTree[3700:1b1b877] BOSON_FRAME_GAP_MS=16.667
2026-09-27 01:49:28.431 Df BosonDynamicTree[3700:1b1b877] BOSON_FRAME_GAP_MS=16.667
2026-09-27 01:49:28.448 Df BosonDynamicTree[3700:1b1b877] BOSON_FRAME_GAP_MS=16.667
2026-09-27 01:49:28.466 Df BosonDynamicTree[3700:1b1b877] BOSON_LAYOUT id=2 x=24 y=24 width=354 height=64
2026-09-27 01:49:28.466 Df BosonDynamicTree[3700:1b1b877] BOSON_LAYOUT id=3 x=24 y=100 width=354 height=64
2026-09-27 01:49:28.466 Df BosonDynamicTree[3700:1b1b877] BOSON_FRAME result=0 nodes=2
2026-09-27 01:49:28.466 Df BosonDynamicTree[3700:1b1b877] BOSON_METRIC dispatch_us=109 render_us=226
2026-09-27 01:49:28.466 Df BosonDynamicTree[3700:1b1b877] BOSON_TOUCH_RESULT=0 node=3
2026-09-27 01:49:28.481 Df BosonDynamicTree[3700:1b1b877] BOSON_FRAME_GAP_MS=16.667
2026-09-27 01:49:28.497 Df BosonDynamicTree[3700:1b1b877] BOSON_FRAME_GAP_MS=16.667
2026-09-27 01:49:28.514 Df BosonDynamicTree[3700:1b1b877] BOSON_FRAME_GAP_MS=16.667
2026-09-27 01:49:28.531 Df BosonDynamicTree[3700:1b1b877] BOSON_FRAME_GAP_MS=16.667
2026-09-27 01:49:28.547 Df BosonDynamicTree[3700:1b1b877] BOSON_FRAME_GAP_MS=16.667
2026-09-27 01:49:28.564 Df BosonDynamicTree[3700:1b1b877] BOSON_FRAME_GAP_MS=16.667
2026-09-27 01:49:28.581 Df BosonDynamicTree[3700:1b1b877] BOSON_LAYOUT id=2 x=24 y=24 width=354 height=64
2026-09-27 01:49:28.582 Df BosonDynamicTree[3700:1b1b877] BOSON_LAYOUT id=3 x=24 y=100 width=354 height=64
2026-09-27 01:49:28.582 Df BosonDynamicTree[3700:1b1b877] BOSON_FRAME result=0 nodes=2
2026-09-27 01:49:28.582 Df BosonDynamicTree[3700:1b1b877] BOSON_METRIC dispatch_us=23 render_us=172
2026-09-27 01:49:28.582 Df BosonDynamicTree[3700:1b1b877] BOSON_TOUCH_RESULT=0 node=3
2026-09-27 01:49:28.582 Df BosonDynamicTree[3700:1b1b877] BOSON_FRAME_GAP_MS=16.667
2026-09-27 01:49:28.598 Df BosonDynamicTree[3700:1b1b877] BOSON_FRAME_GAP_MS=16.667
2026-09-27 01:49:28.614 Df BosonDynamicTree[3700:1b1b877] BOSON_FRAME_GAP_MS=16.667
2026-09-27 01:49:28.631 Df BosonDynamicTree[3700:1b1b877] BOSON_FRAME_GAP_MS=16.667
2026-09-27 01:49:28.647 Df BosonDynamicTree[3700:1b1b877] BOSON_FRAME_GAP_MS=16.667
2026-09-27 01:49:28.664 Df BosonDynamicTree[3700:1b1b877] BOSON_FRAME_GAP_MS=16.667
2026-09-27 01:49:28.681 Df BosonDynamicTree[3700:1b1b877] BOSON_LAYOUT id=2 x=24 y=24 width=354 height=64
2026-09-27 01:49:28.681 Df BosonDynamicTree[3700:1b1b877] BOSON_LAYOUT id=3 x=24 y=100 width=354 height=64
2026-09-27 01:49:28.681 Df BosonDynamicTree[3700:1b1b877] BOSON_FRAME result=0 nodes=2
2026-09-27 01:49:28.681 Df BosonDynamicTree[3700:1b1b877] BOSON_METRIC dispatch_us=22 render_us=177
2026-09-27 01:49:28.681 Df BosonDynamicTree[3700:1b1b877] BOSON_TOUCH_RESULT=0 node=3
2026-09-27 01:49:28.682 Df BosonDynamicTree[3700:1b1b877] BOSON_FRAME_GAP_MS=16.667
2026-09-27 01:49:28.698 Df BosonDynamicTree[3700:1b1b877] BOSON_FRAME_GAP_MS=16.667
2026-09-27 01:49:28.714 Df BosonDynamicTree[3700:1b1b877] BOSON_FRAME_GAP_MS=16.667
2026-09-27 01:49:28.731 Df BosonDynamicTree[3700:1b1b877] BOSON_FRAME_GAP_MS=16.667
2026-09-27 01:49:28.747 Df BosonDynamicTree[3700:1b1b877] BOSON_FRAME_GAP_MS=16.667
2026-09-27 01:49:28.764 Df BosonDynamicTree[3700:1b1b877] BOSON_FRAME_GAP_MS=16.667
2026-09-27 01:49:28.781 Df BosonDynamicTree[3700:1b1b877] BOSON_FRAME_GAP_MS=16.667
2026-09-27 01:49:28.798 Df BosonDynamicTree[3700:1b1b877] BOSON_LAYOUT id=2 x=24 y=24 width=354 height=64
2026-09-27 01:49:28.798 Df BosonDynamicTree[3700:1b1b877] BOSON_LAYOUT id=3 x=24 y=100 width=354 height=64
2026-09-27 01:49:28.798 Df BosonDynamicTree[3700:1b1b877] BOSON_FRAME result=0 nodes=2
2026-09-27 01:49:28.798 Df BosonDynamicTree[3700:1b1b877] BOSON_METRIC dispatch_us=22 render_us=176
2026-09-27 01:49:28.798 Df BosonDynamicTree[3700:1b1b877] BOSON_TOUCH_RESULT=0 node=3
2026-09-27 01:49:28.798 Df BosonDynamicTree[3700:1b1b877] BOSON_FRAME_GAP_MS=16.667
2026-09-27 01:49:28.814 Df BosonDynamicTree[3700:1b1b877] BOSON_FRAME_GAP_MS=16.667
2026-09-27 01:49:28.831 Df BosonDynamicTree[3700:1b1b877] BOSON_FRAME_GAP_MS=16.667
2026-09-27 01:49:28.847 Df BosonDynamicTree[3700:1b1b877] BOSON_FRAME_GAP_MS=16.667
2026-09-27 01:49:28.864 Df BosonDynamicTree[3700:1b1b877] BOSON_FRAME_GAP_MS=16.667
2026-09-27 01:49:28.881 Df BosonDynamicTree[3700:1b1b877] BOSON_FRAME_GAP_MS=16.667
2026-09-27 01:49:28.898 Df BosonDynamicTree[3700:1b1b877] BOSON_LAYOUT id=2 x=24 y=24 width=354 height=64
2026-09-27 01:49:28.898 Df BosonDynamicTree[3700:1b1b877] BOSON_LAYOUT id=3 x=24 y=100 width=354 height=64
2026-09-27 01:49:28.898 Df BosonDynamicTree[3700:1b1b877] BOSON_FRAME result=0 nodes=2
2026-09-27 01:49:28.898 Df BosonDynamicTree[3700:1b1b877] BOSON_METRIC dispatch_us=26 render_us=172
2026-09-27 01:49:28.898 Df BosonDynamicTree[3700:1b1b877] BOSON_TOUCH_RESULT=0 node=3
2026-09-27 01:49:28.898 Df BosonDynamicTree[3700:1b1b877] BOSON_FRAME_GAP_MS=16.667
2026-09-27 01:49:28.914 Df BosonDynamicTree[3700:1b1b877] BOSON_FRAME_GAP_MS=16.667
2026-09-27 01:49:28.931 Df BosonDynamicTree[3700:1b1b877] BOSON_FRAME_GAP_MS=16.667
2026-09-27 01:49:28.947 Df BosonDynamicTree[3700:1b1b877] BOSON_FRAME_GAP_MS=16.667
2026-09-27 01:49:28.964 Df BosonDynamicTree[3700:1b1b877] BOSON_FRAME_GAP_MS=16.667
2026-09-27 01:49:28.981 Df BosonDynamicTree[3700:1b1b877] BOSON_FRAME_GAP_MS=16.667
2026-09-27 01:49:28.998 Df BosonDynamicTree[3700:1b1b877] BOSON_LAYOUT id=2 x=24 y=24 width=354 height=64
2026-09-27 01:49:28.998 Df BosonDynamicTree[3700:1b1b877] BOSON_LAYOUT id=3 x=24 y=100 width=354 height=64
2026-09-27 01:49:28.998 Df BosonDynamicTree[3700:1b1b877] BOSON_FRAME result=0 nodes=2
2026-09-27 01:49:28.998 Df BosonDynamicTree[3700:1b1b877] BOSON_METRIC dispatch_us=23 render_us=178
2026-09-27 01:49:28.998 Df BosonDynamicTree[3700:1b1b877] BOSON_TOUCH_RESULT=0 node=3
2026-09-27 01:49:28.998 Df BosonDynamicTree[3700:1b1b877] BOSON_FRAME_GAP_MS=16.667
2026-09-27 01:49:29.014 Df BosonDynamicTree[3700:1b1b877] BOSON_FRAME_GAP_MS=16.667
2026-09-27 01:49:29.031 Df BosonDynamicTree[3700:1b1b877] BOSON_FRAME_GAP_MS=16.667
2026-09-27 01:49:29.047 Df BosonDynamicTree[3700:1b1b877] BOSON_FRAME_GAP_MS=16.667
2026-09-27 01:49:29.064 Df BosonDynamicTree[3700:1b1b877] BOSON_FRAME_GAP_MS=16.667
2026-09-27 01:49:29.081 Df BosonDynamicTree[3700:1b1b877] BOSON_FRAME_GAP_MS=16.667
2026-09-27 01:49:29.097 Df BosonDynamicTree[3700:1b1b877] BOSON_FRAME_GAP_MS=16.667
2026-09-27 01:49:29.115 Df BosonDynamicTree[3700:1b1b877] BOSON_LAYOUT id=2 x=24 y=24 width=354 height=64
2026-09-27 01:49:29.115 Df BosonDynamicTree[3700:1b1b877] BOSON_LAYOUT id=3 x=24 y=100 width=354 height=64
2026-09-27 01:49:29.115 Df BosonDynamicTree[3700:1b1b877] BOSON_FRAME result=0 nodes=2
2026-09-27 01:49:29.115 Df BosonDynamicTree[3700:1b1b877] BOSON_METRIC dispatch_us=23 render_us=144
2026-09-27 01:49:29.115 Df BosonDynamicTree[3700:1b1b877] BOSON_TOUCH_RESULT=0 node=3
2026-09-27 01:49:29.115 Df BosonDynamicTree[3700:1b1b877] BOSON_FRAME_GAP_MS=16.667
2026-09-27 01:49:29.131 Df BosonDynamicTree[3700:1b1b877] BOSON_FRAME_GAP_MS=16.667
2026-09-27 01:49:29.147 Df BosonDynamicTree[3700:1b1b877] BOSON_FRAME_GAP_MS=16.667
2026-09-27 01:49:29.164 Df BosonDynamicTree[3700:1b1b877] BOSON_FRAME_GAP_MS=16.667
2026-09-27 01:49:29.181 Df BosonDynamicTree[3700:1b1b877] BOSON_FRAME_GAP_MS=16.667
2026-09-27 01:49:29.197 Df BosonDynamicTree[3700:1b1b877] BOSON_FRAME_GAP_MS=16.667
2026-09-27 01:49:29.215 Df BosonDynamicTree[3700:1b1b877] BOSON_LAYOUT id=2 x=24 y=24 width=354 height=64
2026-09-27 01:49:29.215 Df BosonDynamicTree[3700:1b1b877] BOSON_LAYOUT id=3 x=24 y=100 width=354 height=64
2026-09-27 01:49:29.215 Df BosonDynamicTree[3700:1b1b877] BOSON_FRAME result=0 nodes=2
2026-09-27 01:49:29.215 Df BosonDynamicTree[3700:1b1b877] BOSON_METRIC dispatch_us=23 render_us=172
2026-09-27 01:49:29.215 Df BosonDynamicTree[3700:1b1b877] BOSON_TOUCH_RESULT=0 node=3
2026-09-27 01:49:29.215 Df BosonDynamicTree[3700:1b1b877] BOSON_FRAME_GAP_MS=16.667
2026-09-27 01:49:29.231 Df BosonDynamicTree[3700:1b1b877] BOSON_FRAME_GAP_MS=16.667
2026-09-27 01:49:29.247 Df BosonDynamicTree[3700:1b1b877] BOSON_FRAME_GAP_MS=16.667
2026-09-27 01:49:29.264 Df BosonDynamicTree[3700:1b1b877] BOSON_FRAME_GAP_MS=16.667
2026-09-27 01:49:29.281 Df BosonDynamicTree[3700:1b1b877] BOSON_FRAME_GAP_MS=16.667
2026-09-27 01:49:29.297 Df BosonDynamicTree[3700:1b1b877] BOSON_FRAME_GAP_MS=16.667
2026-09-27 01:49:29.315 Df BosonDynamicTree[3700:1b1b877] BOSON_LAYOUT id=2 x=24 y=24 width=354 height=64
2026-09-27 01:49:29.315 Df BosonDynamicTree[3700:1b1b877] BOSON_LAYOUT id=3 x=24 y=100 width=354 height=64
2026-09-27 01:49:29.315 Df BosonDynamicTree[3700:1b1b877] BOSON_FRAME result=0 nodes=2
2026-09-27 01:49:29.315 Df BosonDynamicTree[3700:1b1b877] BOSON_METRIC dispatch_us=32 render_us=155
2026-09-27 01:49:29.315 Df BosonDynamicTree[3700:1b1b877] BOSON_TOUCH_RESULT=0 node=3
2026-09-27 01:49:29.315 Df BosonDynamicTree[3700:1b1b877] BOSON_FRAME_GAP_MS=16.667
2026-09-27 01:49:29.331 Df BosonDynamicTree[3700:1b1b877] BOSON_FRAME_GAP_MS=16.667
2026-09-27 01:49:29.347 Df BosonDynamicTree[3700:1b1b877] BOSON_FRAME_GAP_MS=16.667
2026-09-27 01:49:29.364 Df BosonDynamicTree[3700:1b1b877] BOSON_FRAME_GAP_MS=16.667
2026-09-27 01:49:29.381 Df BosonDynamicTree[3700:1b1b877] BOSON_FRAME_GAP_MS=16.667
2026-09-27 01:49:29.397 Df BosonDynamicTree[3700:1b1b877] BOSON_FRAME_GAP_MS=16.667
2026-09-27 01:49:29.414 Df BosonDynamicTree[3700:1b1b877] BOSON_FRAME_GAP_MS=16.667
2026-09-27 01:49:29.431 Df BosonDynamicTree[3700:1b1b877] BOSON_LAYOUT id=2 x=24 y=24 width=354 height=64
2026-09-27 01:49:29.431 Df BosonDynamicTree[3700:1b1b877] BOSON_LAYOUT id=3 x=24 y=100 width=354 height=64
2026-09-27 01:49:29.431 Df BosonDynamicTree[3700:1b1b877] BOSON_FRAME result=0 nodes=2
2026-09-27 01:49:29.432 Df BosonDynamicTree[3700:1b1b877] BOSON_METRIC dispatch_us=30 render_us=180
2026-09-27 01:49:29.432 Df BosonDynamicTree[3700:1b1b877] BOSON_TOUCH_RESULT=0 node=3
2026-09-27 01:49:29.432 Df BosonDynamicTree[3700:1b1b877] BOSON_FRAME_GAP_MS=16.667
2026-09-27 01:49:29.448 Df BosonDynamicTree[3700:1b1b877] BOSON_FRAME_GAP_MS=16.667
2026-09-27 01:49:29.464 Df BosonDynamicTree[3700:1b1b877] BOSON_FRAME_GAP_MS=16.667
2026-09-27 01:49:29.481 Df BosonDynamicTree[3700:1b1b877] BOSON_FRAME_GAP_MS=16.667
2026-09-27 01:49:29.497 Df BosonDynamicTree[3700:1b1b877] BOSON_FRAME_GAP_MS=16.667
2026-09-27 01:49:29.514 Df BosonDynamicTree[3700:1b1b877] BOSON_FRAME_GAP_MS=16.667
2026-09-27 01:49:29.531 Df BosonDynamicTree[3700:1b1b877] BOSON_LAYOUT id=2 x=24 y=24 width=354 height=64
2026-09-27 01:49:29.531 Df BosonDynamicTree[3700:1b1b877] BOSON_LAYOUT id=3 x=24 y=100 width=354 height=64
2026-09-27 01:49:29.531 Df BosonDynamicTree[3700:1b1b877] BOSON_FRAME result=0 nodes=2
2026-09-27 01:49:29.531 Df BosonDynamicTree[3700:1b1b877] BOSON_METRIC dispatch_us=20 render_us=188
2026-09-27 01:49:29.532 Df BosonDynamicTree[3700:1b1b877] BOSON_TOUCH_RESULT=0 node=3
2026-09-27 01:49:29.532 Df BosonDynamicTree[3700:1b1b877] BOSON_FRAME_GAP_MS=16.667
2026-09-27 01:49:29.548 Df BosonDynamicTree[3700:1b1b877] BOSON_FRAME_GAP_MS=16.667
2026-09-27 01:49:29.564 Df BosonDynamicTree[3700:1b1b877] BOSON_FRAME_GAP_MS=16.667
2026-09-27 01:49:29.581 Df BosonDynamicTree[3700:1b1b877] BOSON_FRAME_GAP_MS=16.667
2026-09-27 01:49:29.597 Df BosonDynamicTree[3700:1b1b877] BOSON_FRAME_GAP_MS=16.667
2026-09-27 01:49:29.614 Df BosonDynamicTree[3700:1b1b877] BOSON_FRAME_GAP_MS=16.667
2026-09-27 01:49:29.631 Df BosonDynamicTree[3700:1b1b877] BOSON_FRAME_GAP_MS=16.667
2026-09-27 01:49:29.648 Df BosonDynamicTree[3700:1b1b877] BOSON_LAYOUT id=2 x=24 y=24 width=354 height=64
2026-09-27 01:49:29.648 Df BosonDynamicTree[3700:1b1b877] BOSON_LAYOUT id=3 x=24 y=100 width=354 height=64
2026-09-27 01:49:29.648 Df BosonDynamicTree[3700:1b1b877] BOSON_FRAME result=0 nodes=2
2026-09-27 01:49:29.648 Df BosonDynamicTree[3700:1b1b877] BOSON_METRIC dispatch_us=20 render_us=162
2026-09-27 01:49:29.648 Df BosonDynamicTree[3700:1b1b877] BOSON_TOUCH_RESULT=0 node=3
2026-09-27 01:49:29.648 Df BosonDynamicTree[3700:1b1b877] BOSON_FRAME_GAP_MS=16.667
2026-09-27 01:49:29.664 Df BosonDynamicTree[3700:1b1b877] BOSON_FRAME_GAP_MS=16.667
2026-09-27 01:49:29.681 Df BosonDynamicTree[3700:1b1b877] BOSON_FRAME_GAP_MS=16.667
2026-09-27 01:49:29.697 Df BosonDynamicTree[3700:1b1b877] BOSON_FRAME_GAP_MS=16.667
2026-09-27 01:49:29.714 Df BosonDynamicTree[3700:1b1b877] BOSON_FRAME_GAP_MS=16.667
2026-09-27 01:49:29.731 Df BosonDynamicTree[3700:1b1b877] BOSON_FRAME_GAP_MS=16.667
2026-09-27 01:49:29.748 Df BosonDynamicTree[3700:1b1b877] BOSON_LAYOUT id=2 x=24 y=24 width=354 height=64
2026-09-27 01:49:29.748 Df BosonDynamicTree[3700:1b1b877] BOSON_LAYOUT id=3 x=24 y=100 width=354 height=64
2026-09-27 01:49:29.748 Df BosonDynamicTree[3700:1b1b877] BOSON_FRAME result=0 nodes=2
2026-09-27 01:49:29.748 Df BosonDynamicTree[3700:1b1b877] BOSON_METRIC dispatch_us=20 render_us=144
2026-09-27 01:49:29.748 Df BosonDynamicTree[3700:1b1b877] BOSON_TOUCH_RESULT=0 node=3
2026-09-27 01:49:29.748 Df BosonDynamicTree[3700:1b1b877] BOSON_FRAME_GAP_MS=16.667
2026-09-27 01:49:29.764 Df BosonDynamicTree[3700:1b1b877] BOSON_FRAME_GAP_MS=16.667
2026-09-27 01:49:29.781 Df BosonDynamicTree[3700:1b1b877] BOSON_FRAME_GAP_MS=16.667
2026-09-27 01:49:29.797 Df BosonDynamicTree[3700:1b1b877] BOSON_FRAME_GAP_MS=16.667
2026-09-27 01:49:29.814 Df BosonDynamicTree[3700:1b1b877] BOSON_FRAME_GAP_MS=16.667
2026-09-27 01:49:29.831 Df BosonDynamicTree[3700:1b1b877] BOSON_FRAME_GAP_MS=16.667
2026-09-27 01:49:29.848 Df BosonDynamicTree[3700:1b1b877] BOSON_LAYOUT id=2 x=24 y=24 width=354 height=64
2026-09-27 01:49:29.848 Df BosonDynamicTree[3700:1b1b877] BOSON_LAYOUT id=3 x=24 y=100 width=354 height=64
2026-09-27 01:49:29.848 Df BosonDynamicTree[3700:1b1b877] BOSON_FRAME result=0 nodes=2
2026-09-27 01:49:29.848 Df BosonDynamicTree[3700:1b1b877] BOSON_METRIC dispatch_us=18 render_us=162
2026-09-27 01:49:29.848 Df BosonDynamicTree[3700:1b1b877] BOSON_TOUCH_RESULT=0 node=3
2026-09-27 01:49:29.848 Df BosonDynamicTree[3700:1b1b877] BOSON_FRAME_GAP_MS=16.667
2026-09-27 01:49:29.864 Df BosonDynamicTree[3700:1b1b877] BOSON_FRAME_GAP_MS=16.667
2026-09-27 01:49:29.881 Df BosonDynamicTree[3700:1b1b877] BOSON_FRAME_GAP_MS=16.667
2026-09-27 01:49:29.897 Df BosonDynamicTree[3700:1b1b877] BOSON_FRAME_GAP_MS=16.667
2026-09-27 01:49:29.914 Df BosonDynamicTree[3700:1b1b877] BOSON_FRAME_GAP_MS=16.667
2026-09-27 01:49:29.931 Df BosonDynamicTree[3700:1b1b877] BOSON_FRAME_GAP_MS=16.667
2026-09-27 01:49:29.947 Df BosonDynamicTree[3700:1b1b877] BOSON_FRAME_GAP_MS=16.667
2026-09-27 01:49:29.965 Df BosonDynamicTree[3700:1b1b877] BOSON_LAYOUT id=2 x=24 y=24 width=354 height=64
2026-09-27 01:49:29.965 Df BosonDynamicTree[3700:1b1b877] BOSON_LAYOUT id=3 x=24 y=100 width=354 height=64
2026-09-27 01:49:29.965 Df BosonDynamicTree[3700:1b1b877] BOSON_FRAME result=0 nodes=2
2026-09-27 01:49:29.965 Df BosonDynamicTree[3700:1b1b877] BOSON_METRIC dispatch_us=19 render_us=181
2026-09-27 01:49:29.965 Df BosonDynamicTree[3700:1b1b877] BOSON_TOUCH_RESULT=0 node=3
2026-09-27 01:49:29.965 Df BosonDynamicTree[3700:1b1b877] BOSON_FRAME_GAP_MS=16.667
2026-09-27 01:49:29.981 Df BosonDynamicTree[3700:1b1b877] BOSON_FRAME_GAP_MS=16.667
2026-09-27 01:49:29.997 Df BosonDynamicTree[3700:1b1b877] BOSON_FRAME_GAP_MS=16.667
2026-09-27 01:49:30.014 Df BosonDynamicTree[3700:1b1b877] BOSON_FRAME_GAP_MS=16.667
2026-09-27 01:49:30.031 Df BosonDynamicTree[3700:1b1b877] BOSON_FRAME_GAP_MS=16.667
2026-09-27 01:49:30.047 Df BosonDynamicTree[3700:1b1b877] BOSON_FRAME_GAP_MS=16.667
2026-09-27 01:49:30.065 Df BosonDynamicTree[3700:1b1b877] BOSON_LAYOUT id=2 x=24 y=24 width=354 height=64
2026-09-27 01:49:30.065 Df BosonDynamicTree[3700:1b1b877] BOSON_LAYOUT id=3 x=24 y=100 width=354 height=64
2026-09-27 01:49:30.065 Df BosonDynamicTree[3700:1b1b877] BOSON_FRAME result=0 nodes=2
2026-09-27 01:49:30.065 Df BosonDynamicTree[3700:1b1b877] BOSON_METRIC dispatch_us=25 render_us=165
2026-09-27 01:49:30.065 Df BosonDynamicTree[3700:1b1b877] BOSON_TOUCH_RESULT=0 node=3
2026-09-27 01:49:30.065 Df BosonDynamicTree[3700:1b1b877] BOSON_FRAME_GAP_MS=16.667
2026-09-27 01:49:30.081 Df BosonDynamicTree[3700:1b1b877] BOSON_FRAME_GAP_MS=16.667
2026-09-27 01:49:30.097 Df BosonDynamicTree[3700:1b1b877] BOSON_FRAME_GAP_MS=16.667
2026-09-27 01:49:30.114 Df BosonDynamicTree[3700:1b1b877] BOSON_FRAME_GAP_MS=16.667
2026-09-27 01:49:30.131 Df BosonDynamicTree[3700:1b1b877] BOSON_FRAME_GAP_MS=16.667
2026-09-27 01:49:30.147 Df BosonDynamicTree[3700:1b1b877] BOSON_FRAME_GAP_MS=16.667
2026-09-27 01:49:30.165 Df BosonDynamicTree[3700:1b1b877] BOSON_LAYOUT id=2 x=24 y=24 width=354 height=64
2026-09-27 01:49:30.165 Df BosonDynamicTree[3700:1b1b877] BOSON_LAYOUT id=3 x=24 y=100 width=354 height=64
2026-09-27 01:49:30.165 Df BosonDynamicTree[3700:1b1b877] BOSON_FRAME result=0 nodes=2
2026-09-27 01:49:30.165 Df BosonDynamicTree[3700:1b1b877] BOSON_METRIC dispatch_us=19 render_us=184
2026-09-27 01:49:30.165 Df BosonDynamicTree[3700:1b1b877] BOSON_TOUCH_RESULT=0 node=3
2026-09-27 01:49:30.165 Df BosonDynamicTree[3700:1b1b877] BOSON_FRAME_GAP_MS=16.667
2026-09-27 01:49:30.181 Df BosonDynamicTree[3700:1b1b877] BOSON_FRAME_GAP_MS=16.667
2026-09-27 01:49:30.197 Df BosonDynamicTree[3700:1b1b877] BOSON_FRAME_GAP_MS=16.667
2026-09-27 01:49:30.214 Df BosonDynamicTree[3700:1b1b877] BOSON_FRAME_GAP_MS=16.667
2026-09-27 01:49:30.231 Df BosonDynamicTree[3700:1b1b877] BOSON_FRAME_GAP_MS=16.667
2026-09-27 01:49:30.247 Df BosonDynamicTree[3700:1b1b877] BOSON_FRAME_GAP_MS=16.667
2026-09-27 01:49:30.264 Df BosonDynamicTree[3700:1b1b877] BOSON_FRAME_GAP_MS=16.667
2026-09-27 01:49:30.281 Df BosonDynamicTree[3700:1b1b877] BOSON_LAYOUT id=2 x=24 y=24 width=354 height=64
2026-09-27 01:49:30.281 Df BosonDynamicTree[3700:1b1b877] BOSON_LAYOUT id=3 x=24 y=100 width=354 height=64
2026-09-27 01:49:30.281 Df BosonDynamicTree[3700:1b1b877] BOSON_FRAME result=0 nodes=2
2026-09-27 01:49:30.281 Df BosonDynamicTree[3700:1b1b877] BOSON_METRIC dispatch_us=18 render_us=153
2026-09-27 01:49:30.281 Df BosonDynamicTree[3700:1b1b877] BOSON_TOUCH_RESULT=0 node=3
2026-09-27 01:49:30.281 Df BosonDynamicTree[3700:1b1b877] BOSON_FRAME_GAP_MS=16.667
2026-09-27 01:49:30.298 Df BosonDynamicTree[3700:1b1b877] BOSON_FRAME_GAP_MS=16.667
2026-09-27 01:49:30.314 Df BosonDynamicTree[3700:1b1b877] BOSON_FRAME_GAP_MS=16.667
2026-09-27 01:49:30.331 Df BosonDynamicTree[3700:1b1b877] BOSON_FRAME_GAP_MS=16.667
2026-09-27 01:49:30.347 Df BosonDynamicTree[3700:1b1b877] BOSON_FRAME_GAP_MS=16.667
2026-09-27 01:49:30.364 Df BosonDynamicTree[3700:1b1b877] BOSON_FRAME_GAP_MS=16.667
2026-09-27 01:49:30.381 Df BosonDynamicTree[3700:1b1b877] BOSON_LAYOUT id=2 x=24 y=24 width=354 height=64
2026-09-27 01:49:30.381 Df BosonDynamicTree[3700:1b1b877] BOSON_LAYOUT id=3 x=24 y=100 width=354 height=64
2026-09-27 01:49:30.381 Df BosonDynamicTree[3700:1b1b877] BOSON_FRAME result=0 nodes=2
2026-09-27 01:49:30.381 Df BosonDynamicTree[3700:1b1b877] BOSON_METRIC dispatch_us=19 render_us=161
2026-09-27 01:49:30.381 Df BosonDynamicTree[3700:1b1b877] BOSON_TOUCH_RESULT=0 node=3
2026-09-27 01:49:30.382 Df BosonDynamicTree[3700:1b1b877] BOSON_FRAME_GAP_MS=16.667
2026-09-27 01:49:30.398 Df BosonDynamicTree[3700:1b1b877] BOSON_FRAME_GAP_MS=16.667
2026-09-27 01:49:30.414 Df BosonDynamicTree[3700:1b1b877] BOSON_FRAME_GAP_MS=16.667
2026-09-27 01:49:30.431 Df BosonDynamicTree[3700:1b1b877] BOSON_FRAME_GAP_MS=16.667
2026-09-27 01:49:30.447 Df BosonDynamicTree[3700:1b1b877] BOSON_FRAME_GAP_MS=16.667
2026-09-27 01:49:30.464 Df BosonDynamicTree[3700:1b1b877] BOSON_FRAME_GAP_MS=16.667
2026-09-27 01:49:30.481 Df BosonDynamicTree[3700:1b1b877] BOSON_FRAME_GAP_MS=16.667
2026-09-27 01:49:30.498 Df BosonDynamicTree[3700:1b1b877] BOSON_LAYOUT id=2 x=24 y=24 width=354 height=64
2026-09-27 01:49:30.498 Df BosonDynamicTree[3700:1b1b877] BOSON_LAYOUT id=3 x=24 y=100 width=354 height=64
2026-09-27 01:49:30.498 Df BosonDynamicTree[3700:1b1b877] BOSON_FRAME result=0 nodes=2
2026-09-27 01:49:30.498 Df BosonDynamicTree[3700:1b1b877] BOSON_METRIC dispatch_us=19 render_us=158
2026-09-27 01:49:30.498 Df BosonDynamicTree[3700:1b1b877] BOSON_TOUCH_RESULT=0 node=3
2026-09-27 01:49:30.498 Df BosonDynamicTree[3700:1b1b877] BOSON_FRAME_GAP_MS=16.667
2026-09-27 01:49:30.514 Df BosonDynamicTree[3700:1b1b877] BOSON_FRAME_GAP_MS=16.667
2026-09-27 01:49:30.531 Df BosonDynamicTree[3700:1b1b877] BOSON_FRAME_GAP_MS=16.667
2026-09-27 01:49:30.547 Df BosonDynamicTree[3700:1b1b877] BOSON_FRAME_GAP_MS=16.667
2026-09-27 01:49:30.564 Df BosonDynamicTree[3700:1b1b877] BOSON_FRAME_GAP_MS=16.667
2026-09-27 01:49:30.581 Df BosonDynamicTree[3700:1b1b877] BOSON_FRAME_GAP_MS=16.667
2026-09-27 01:49:30.599 Df BosonDynamicTree[3700:1b1b877] BOSON_FRAME_GAP_MS=16.667
2026-09-27 01:49:30.614 Df BosonDynamicTree[3700:1b1b877] BOSON_FRAME_GAP_MS=16.667
2026-09-27 01:49:30.631 Df BosonDynamicTree[3700:1b1b877] BOSON_FRAME_GAP_MS=16.667
2026-09-27 01:49:30.647 Df BosonDynamicTree[3700:1b1b877] BOSON_FRAME_GAP_MS=16.667
2026-09-27 01:49:30.664 Df BosonDynamicTree[3700:1b1b877] BOSON_FRAME_GAP_MS=16.667
2026-09-27 01:49:30.681 Df BosonDynamicTree[3700:1b1b877] BOSON_FRAME_GAP_MS=16.667
2026-09-27 01:49:30.697 Df BosonDynamicTree[3700:1b1b877] BOSON_FRAME_GAP_MS=16.667
2026-09-27 01:49:30.714 Df BosonDynamicTree[3700:1b1b877] BOSON_FRAME_GAP_MS=16.667
2026-09-27 01:49:30.731 Df BosonDynamicTree[3700:1b1b877] BOSON_FRAME_GAP_MS=16.667
2026-09-27 01:49:30.747 Df BosonDynamicTree[3700:1b1b877] BOSON_FRAME_GAP_MS=16.667
2026-09-27 01:49:30.764 Df BosonDynamicTree[3700:1b1b877] BOSON_FRAME_GAP_MS=16.667
2026-09-27 01:49:30.781 Df BosonDynamicTree[3700:1b1b877] BOSON_FRAME_GAP_MS=16.667
2026-09-27 01:49:30.797 Df BosonDynamicTree[3700:1b1b877] BOSON_FRAME_GAP_MS=16.667
2026-09-27 01:49:30.814 Df BosonDynamicTree[3700:1b1b877] BOSON_FRAME_GAP_MS=16.667
2026-09-27 01:49:30.831 Df BosonDynamicTree[3700:1b1b877] BOSON_FRAME_GAP_MS=16.667
2026-09-27 01:49:30.847 Df BosonDynamicTree[3700:1b1b877] BOSON_FRAME_GAP_MS=16.667
2026-09-27 01:49:30.864 Df BosonDynamicTree[3700:1b1b877] BOSON_FRAME_GAP_MS=16.667
2026-09-27 01:49:30.881 Df BosonDynamicTree[3700:1b1b877] BOSON_FRAME_GAP_MS=16.667
2026-09-27 01:49:30.897 Df BosonDynamicTree[3700:1b1b877] BOSON_FRAME_GAP_MS=16.667
2026-09-27 01:49:30.914 Df BosonDynamicTree[3700:1b1b877] BOSON_FRAME_GAP_MS=16.667
2026-09-27 01:49:30.931 Df BosonDynamicTree[3700:1b1b877] BOSON_FRAME_GAP_MS=16.667
2026-09-27 01:49:30.947 Df BosonDynamicTree[3700:1b1b877] BOSON_FRAME_GAP_MS=16.667
2026-09-27 01:49:30.964 Df BosonDynamicTree[3700:1b1b877] BOSON_FRAME_GAP_MS=16.667
2026-09-27 01:49:30.981 Df BosonDynamicTree[3700:1b1b877] BOSON_FRAME_GAP_MS=16.667
2026-09-27 01:49:30.997 Df BosonDynamicTree[3700:1b1b877] BOSON_FRAME_GAP_MS=16.667
2026-09-27 01:49:31.014 Df BosonDynamicTree[3700:1b1b877] BOSON_FRAME_GAP_MS=16.667
2026-09-27 01:49:31.031 Df BosonDynamicTree[3700:1b1b877] BOSON_FRAME_GAP_MS=16.667
2026-09-27 01:49:31.047 Df BosonDynamicTree[3700:1b1b877] BOSON_FRAME_GAP_MS=16.667
2026-09-27 01:49:31.064 Df BosonDynamicTree[3700:1b1b877] BOSON_FRAME_GAP_MS=16.667
2026-09-27 01:49:31.081 Df BosonDynamicTree[3700:1b1b877] BOSON_FRAME_GAP_MS=16.667
2026-09-27 01:49:31.097 Df BosonDynamicTree[3700:1b1b877] BOSON_FRAME_GAP_MS=16.667
2026-09-27 01:49:31.114 Df BosonDynamicTree[3700:1b1b877] BOSON_FRAME_GAP_MS=16.667
2026-09-27 01:49:31.131 Df BosonDynamicTree[3700:1b1b877] BOSON_FRAME_GAP_MS=16.667
2026-09-27 01:49:31.147 Df BosonDynamicTree[3700:1b1b877] BOSON_FRAME_GAP_MS=16.667
2026-09-27 01:49:31.164 Df BosonDynamicTree[3700:1b1b877] BOSON_FRAME_GAP_MS=16.667
2026-09-27 01:49:31.181 Df BosonDynamicTree[3700:1b1b877] BOSON_FRAME_GAP_MS=16.667
2026-09-27 01:49:31.197 Df BosonDynamicTree[3700:1b1b877] BOSON_FRAME_GAP_MS=16.667
2026-09-27 01:49:31.214 Df BosonDynamicTree[3700:1b1b877] BOSON_FRAME_GAP_MS=16.667
2026-09-27 01:49:31.231 Df BosonDynamicTree[3700:1b1b877] BOSON_FRAME_GAP_MS=16.667
2026-09-27 01:49:31.248 Df BosonDynamicTree[3700:1b1b877] BOSON_FRAME_GAP_MS=16.667
2026-09-27 01:49:31.264 Df BosonDynamicTree[3700:1b1b877] BOSON_FRAME_GAP_MS=16.667
2026-09-27 01:49:31.281 Df BosonDynamicTree[3700:1b1b877] BOSON_FRAME_GAP_MS=16.667
2026-09-27 01:49:31.297 Df BosonDynamicTree[3700:1b1b877] BOSON_FRAME_GAP_MS=16.667
2026-09-27 01:49:31.314 Df BosonDynamicTree[3700:1b1b877] BOSON_FRAME_GAP_MS=16.667
2026-09-27 01:49:31.331 Df BosonDynamicTree[3700:1b1b877] BOSON_FRAME_GAP_MS=16.667
2026-09-27 01:49:31.347 Df BosonDynamicTree[3700:1b1b877] BOSON_FRAME_GAP_MS=16.667
