Timestamp               Ty Process[PID:TID]
2026-09-27 01:48:49.376 Df BosonDynamicTree[3264:1b1aff4] BOSON_CONTENTION busy_ms=40 max_refresh_hz=60
2026-09-27 01:48:49.376 Df BosonDynamicTree[3264:1b1aff4] BOSON_BACKGROUND_WORKERS=0
2026-09-27 01:48:49.393 Df BosonDynamicTree[3264:1b1aff4] BOSON_NODE_CREATE id=2 tag=text
2026-09-27 01:48:49.393 Df BosonDynamicTree[3264:1b1aff4] BOSON_LAYOUT id=2 x=24 y=24 width=354 height=64
2026-09-27 01:48:49.396 Df BosonDynamicTree[3264:1b1aff4] BOSON_NODE_CREATE id=3 tag=button
2026-09-27 01:48:49.396 Df BosonDynamicTree[3264:1b1aff4] BOSON_LAYOUT id=3 x=24 y=100 width=354 height=64
2026-09-27 01:48:49.396 Df BosonDynamicTree[3264:1b1aff4] BOSON_FRAME result=0 nodes=2
2026-09-27 01:48:49.396 Df BosonDynamicTree[3264:1b1aff4] BOSON_RESIZE width=402 height=778
2026-09-27 01:48:49.481 Df BosonDynamicTree[3264:1b1aff4] BOSON_FRAME_GAP_MS=21.307
2026-09-27 01:48:49.498 Df BosonDynamicTree[3264:1b1aff4] BOSON_FRAME_GAP_MS=16.667
2026-09-27 01:48:49.514 Df BosonDynamicTree[3264:1b1aff4] BOSON_FRAME_GAP_MS=16.667
2026-09-27 01:48:49.531 Df BosonDynamicTree[3264:1b1aff4] BOSON_FRAME_GAP_MS=16.667
2026-09-27 01:48:49.548 Df BosonDynamicTree[3264:1b1aff4] BOSON_FRAME_GAP_MS=16.667
2026-09-27 01:48:49.564 Df BosonDynamicTree[3264:1b1aff4] BOSON_FRAME_GAP_MS=16.667
2026-09-27 01:48:49.581 Df BosonDynamicTree[3264:1b1aff4] BOSON_FRAME_GAP_MS=16.667
2026-09-27 01:48:49.598 Df BosonDynamicTree[3264:1b1aff4] BOSON_FRAME_GAP_MS=16.667
2026-09-27 01:48:49.615 Df BosonDynamicTree[3264:1b1aff4] BOSON_FRAME_GAP_MS=16.667
2026-09-27 01:48:49.631 Df BosonDynamicTree[3264:1b1aff4] BOSON_FRAME_GAP_MS=16.667
2026-09-27 01:48:49.647 Df BosonDynamicTree[3264:1b1aff4] BOSON_FRAME_GAP_MS=16.667
2026-09-27 01:48:49.665 Df BosonDynamicTree[3264:1b1aff4] BOSON_FRAME_GAP_MS=16.667
2026-09-27 01:48:49.681 Df BosonDynamicTree[3264:1b1aff4] BOSON_FRAME_GAP_MS=16.667
2026-09-27 01:48:49.698 Df BosonDynamicTree[3264:1b1aff4] BOSON_FRAME_GAP_MS=16.667
2026-09-27 01:48:49.714 Df BosonDynamicTree[3264:1b1aff4] BOSON_FRAME_GAP_MS=16.667
2026-09-27 01:48:49.731 Df BosonDynamicTree[3264:1b1aff4] BOSON_FRAME_GAP_MS=16.667
2026-09-27 01:48:49.748 Df BosonDynamicTree[3264:1b1aff4] BOSON_FRAME_GAP_MS=16.667
2026-09-27 01:48:49.765 Df BosonDynamicTree[3264:1b1aff4] BOSON_FRAME_GAP_MS=16.667
2026-09-27 01:48:49.781 Df BosonDynamicTree[3264:1b1aff4] BOSON_FRAME_GAP_MS=16.667
2026-09-27 01:48:49.797 Df BosonDynamicTree[3264:1b1aff4] BOSON_FRAME_GAP_MS=16.667
2026-09-27 01:48:49.815 Df BosonDynamicTree[3264:1b1aff4] BOSON_FRAME_GAP_MS=16.667
2026-09-27 01:48:49.831 Df BosonDynamicTree[3264:1b1aff4] BOSON_FRAME_GAP_MS=16.667
2026-09-27 01:48:49.847 Df BosonDynamicTree[3264:1b1aff4] BOSON_FRAME_GAP_MS=16.667
2026-09-27 01:48:49.864 Df BosonDynamicTree[3264:1b1aff4] BOSON_FRAME_GAP_MS=16.667
2026-09-27 01:48:49.881 Df BosonDynamicTree[3264:1b1aff4] BOSON_FRAME_GAP_MS=16.667
2026-09-27 01:48:49.897 Df BosonDynamicTree[3264:1b1aff4] BOSON_FRAME_GAP_MS=16.667
2026-09-27 01:48:49.914 Df BosonDynamicTree[3264:1b1aff4] BOSON_FRAME_GAP_MS=16.667
2026-09-27 01:48:49.931 Df BosonDynamicTree[3264:1b1aff4] BOSON_FRAME_GAP_MS=16.667
2026-09-27 01:48:49.948 Df BosonDynamicTree[3264:1b1aff4] BOSON_FRAME_GAP_MS=16.667
2026-09-27 01:48:49.965 Df BosonDynamicTree[3264:1b1aff4] BOSON_FRAME_GAP_MS=16.667
2026-09-27 01:48:49.981 Df BosonDynamicTree[3264:1b1aff4] BOSON_FRAME_GAP_MS=16.667
2026-09-27 01:48:49.998 Df BosonDynamicTree[3264:1b1aff4] BOSON_FRAME_GAP_MS=16.667
2026-09-27 01:48:50.015 Df BosonDynamicTree[3264:1b1aff4] BOSON_FRAME_GAP_MS=16.667
2026-09-27 01:48:50.031 Df BosonDynamicTree[3264:1b1aff4] BOSON_FRAME_GAP_MS=16.667
2026-09-27 01:48:50.048 Df BosonDynamicTree[3264:1b1aff4] BOSON_FRAME_GAP_MS=16.667
2026-09-27 01:48:50.065 Df BosonDynamicTree[3264:1b1aff4] BOSON_FRAME_GAP_MS=16.667
2026-09-27 01:48:50.081 Df BosonDynamicTree[3264:1b1aff4] BOSON_FRAME_GAP_MS=16.667
2026-09-27 01:48:50.098 Df BosonDynamicTree[3264:1b1aff4] BOSON_FRAME_GAP_MS=16.667
2026-09-27 01:48:50.156 Df BosonDynamicTree[3264:1b1aff4] BOSON_LAYOUT id=2 x=24 y=24 width=354 height=64
2026-09-27 01:48:50.156 Df BosonDynamicTree[3264:1b1aff4] BOSON_LAYOUT id=3 x=24 y=100 width=354 height=64
2026-09-27 01:48:50.156 Df BosonDynamicTree[3264:1b1aff4] BOSON_FRAME result=0 nodes=2
2026-09-27 01:48:50.156 Df BosonDynamicTree[3264:1b1aff4] BOSON_METRIC dispatch_us=39872 render_us=291
2026-09-27 01:48:50.156 Df BosonDynamicTree[3264:1b1aff4] BOSON_TOUCH_RESULT=0 node=3
2026-09-27 01:48:50.164 Df BosonDynamicTree[3264:1b1aff4] BOSON_FRAME_GAP_MS=59.778
2026-09-27 01:48:50.181 Df BosonDynamicTree[3264:1b1aff4] BOSON_FRAME_GAP_MS=23.555
2026-09-27 01:48:50.197 Df BosonDynamicTree[3264:1b1aff4] BOSON_FRAME_GAP_MS=16.667
2026-09-27 01:48:50.255 Df BosonDynamicTree[3264:1b1aff4] BOSON_LAYOUT id=2 x=24 y=24 width=354 height=64
2026-09-27 01:48:50.255 Df BosonDynamicTree[3264:1b1aff4] BOSON_LAYOUT id=3 x=24 y=100 width=354 height=64
2026-09-27 01:48:50.255 Df BosonDynamicTree[3264:1b1aff4] BOSON_FRAME result=0 nodes=2
2026-09-27 01:48:50.255 Df BosonDynamicTree[3264:1b1aff4] BOSON_METRIC dispatch_us=39773 render_us=266
2026-09-27 01:48:50.255 Df BosonDynamicTree[3264:1b1aff4] BOSON_TOUCH_RESULT=0 node=3
2026-09-27 01:48:50.264 Df BosonDynamicTree[3264:1b1aff4] BOSON_FRAME_GAP_MS=58.402
2026-09-27 01:48:50.281 Df BosonDynamicTree[3264:1b1aff4] BOSON_FRAME_GAP_MS=24.931
2026-09-27 01:48:50.298 Df BosonDynamicTree[3264:1b1aff4] BOSON_FRAME_GAP_MS=16.667
2026-09-27 01:48:50.314 Df BosonDynamicTree[3264:1b1aff4] BOSON_FRAME_GAP_MS=16.667
2026-09-27 01:48:50.371 Df BosonDynamicTree[3264:1b1aff4] BOSON_LAYOUT id=2 x=24 y=24 width=354 height=64
2026-09-27 01:48:50.371 Df BosonDynamicTree[3264:1b1aff4] BOSON_LAYOUT id=3 x=24 y=100 width=354 height=64
2026-09-27 01:48:50.371 Df BosonDynamicTree[3264:1b1aff4] BOSON_FRAME result=0 nodes=2
2026-09-27 01:48:50.371 Df BosonDynamicTree[3264:1b1aff4] BOSON_METRIC dispatch_us=39152 render_us=233
2026-09-27 01:48:50.371 Df BosonDynamicTree[3264:1b1aff4] BOSON_TOUCH_RESULT=0 node=3
2026-09-27 01:48:50.381 Df BosonDynamicTree[3264:1b1aff4] BOSON_FRAME_GAP_MS=57.637
2026-09-27 01:48:50.398 Df BosonDynamicTree[3264:1b1aff4] BOSON_FRAME_GAP_MS=25.697
2026-09-27 01:48:50.414 Df BosonDynamicTree[3264:1b1aff4] BOSON_FRAME_GAP_MS=16.667
2026-09-27 01:48:50.471 Df BosonDynamicTree[3264:1b1aff4] BOSON_LAYOUT id=2 x=24 y=24 width=354 height=64
2026-09-27 01:48:50.471 Df BosonDynamicTree[3264:1b1aff4] BOSON_LAYOUT id=3 x=24 y=100 width=354 height=64
2026-09-27 01:48:50.471 Df BosonDynamicTree[3264:1b1aff4] BOSON_FRAME result=0 nodes=2
2026-09-27 01:48:50.471 Df BosonDynamicTree[3264:1b1aff4] BOSON_METRIC dispatch_us=39215 render_us=243
2026-09-27 01:48:50.471 Df BosonDynamicTree[3264:1b1aff4] BOSON_TOUCH_RESULT=0 node=3
2026-09-27 01:48:50.481 Df BosonDynamicTree[3264:1b1aff4] BOSON_FRAME_GAP_MS=57.705
2026-09-27 01:48:50.498 Df BosonDynamicTree[3264:1b1aff4] BOSON_FRAME_GAP_MS=25.628
2026-09-27 01:48:50.514 Df BosonDynamicTree[3264:1b1aff4] BOSON_FRAME_GAP_MS=16.667
2026-09-27 01:48:50.571 Df BosonDynamicTree[3264:1b1aff4] BOSON_LAYOUT id=2 x=24 y=24 width=354 height=64
2026-09-27 01:48:50.571 Df BosonDynamicTree[3264:1b1aff4] BOSON_LAYOUT id=3 x=24 y=100 width=354 height=64
2026-09-27 01:48:50.571 Df BosonDynamicTree[3264:1b1aff4] BOSON_FRAME result=0 nodes=2
2026-09-27 01:48:50.571 Df BosonDynamicTree[3264:1b1aff4] BOSON_METRIC dispatch_us=39274 render_us=226
2026-09-27 01:48:50.571 Df BosonDynamicTree[3264:1b1aff4] BOSON_TOUCH_RESULT=0 node=3
2026-09-27 01:48:50.581 Df BosonDynamicTree[3264:1b1aff4] BOSON_FRAME_GAP_MS=57.657
2026-09-27 01:48:50.598 Df BosonDynamicTree[3264:1b1aff4] BOSON_FRAME_GAP_MS=25.676
2026-09-27 01:48:50.614 Df BosonDynamicTree[3264:1b1aff4] BOSON_FRAME_GAP_MS=16.667
2026-09-27 01:48:50.631 Df BosonDynamicTree[3264:1b1aff4] BOSON_FRAME_GAP_MS=16.667
2026-09-27 01:48:50.688 Df BosonDynamicTree[3264:1b1aff4] BOSON_LAYOUT id=2 x=24 y=24 width=354 height=64
2026-09-27 01:48:50.688 Df BosonDynamicTree[3264:1b1aff4] BOSON_LAYOUT id=3 x=24 y=100 width=354 height=64
2026-09-27 01:48:50.688 Df BosonDynamicTree[3264:1b1aff4] BOSON_FRAME result=0 nodes=2
2026-09-27 01:48:50.688 Df BosonDynamicTree[3264:1b1aff4] BOSON_METRIC dispatch_us=39523 render_us=243
2026-09-27 01:48:50.688 Df BosonDynamicTree[3264:1b1aff4] BOSON_TOUCH_RESULT=0 node=3
2026-09-27 01:48:50.697 Df BosonDynamicTree[3264:1b1aff4] BOSON_FRAME_GAP_MS=57.988
2026-09-27 01:48:50.714 Df BosonDynamicTree[3264:1b1aff4] BOSON_FRAME_GAP_MS=25.345
2026-09-27 01:48:50.731 Df BosonDynamicTree[3264:1b1aff4] BOSON_FRAME_GAP_MS=16.667
2026-09-27 01:48:50.788 Df BosonDynamicTree[3264:1b1aff4] BOSON_LAYOUT id=2 x=24 y=24 width=354 height=64
2026-09-27 01:48:50.788 Df BosonDynamicTree[3264:1b1aff4] BOSON_LAYOUT id=3 x=24 y=100 width=354 height=64
2026-09-27 01:48:50.788 Df BosonDynamicTree[3264:1b1aff4] BOSON_FRAME result=0 nodes=2
2026-09-27 01:48:50.788 Df BosonDynamicTree[3264:1b1aff4] BOSON_METRIC dispatch_us=39561 render_us=199
2026-09-27 01:48:50.788 Df BosonDynamicTree[3264:1b1aff4] BOSON_TOUCH_RESULT=0 node=3
2026-09-27 01:48:50.797 Df BosonDynamicTree[3264:1b1aff4] BOSON_FRAME_GAP_MS=57.884
2026-09-27 01:48:50.814 Df BosonDynamicTree[3264:1b1aff4] BOSON_FRAME_GAP_MS=25.450
2026-09-27 01:48:50.831 Df BosonDynamicTree[3264:1b1aff4] BOSON_FRAME_GAP_MS=16.667
2026-09-27 01:48:50.888 Df BosonDynamicTree[3264:1b1aff4] BOSON_LAYOUT id=2 x=24 y=24 width=354 height=64
2026-09-27 01:48:50.888 Df BosonDynamicTree[3264:1b1aff4] BOSON_LAYOUT id=3 x=24 y=100 width=354 height=64
2026-09-27 01:48:50.888 Df BosonDynamicTree[3264:1b1aff4] BOSON_FRAME result=0 nodes=2
2026-09-27 01:48:50.888 Df BosonDynamicTree[3264:1b1aff4] BOSON_METRIC dispatch_us=39549 render_us=215
2026-09-27 01:48:50.888 Df BosonDynamicTree[3264:1b1aff4] BOSON_TOUCH_RESULT=0 node=3
2026-09-27 01:48:50.897 Df BosonDynamicTree[3264:1b1aff4] BOSON_FRAME_GAP_MS=57.954
2026-09-27 01:48:50.915 Df BosonDynamicTree[3264:1b1aff4] BOSON_FRAME_GAP_MS=25.379
2026-09-27 01:48:50.931 Df BosonDynamicTree[3264:1b1aff4] BOSON_FRAME_GAP_MS=16.667
2026-09-27 01:48:50.988 Df BosonDynamicTree[3264:1b1aff4] BOSON_LAYOUT id=2 x=24 y=24 width=354 height=64
2026-09-27 01:48:50.988 Df BosonDynamicTree[3264:1b1aff4] BOSON_LAYOUT id=3 x=24 y=100 width=354 height=64
2026-09-27 01:48:50.988 Df BosonDynamicTree[3264:1b1aff4] BOSON_FRAME result=0 nodes=2
2026-09-27 01:48:50.988 Df BosonDynamicTree[3264:1b1aff4] BOSON_METRIC dispatch_us=39618 render_us=205
2026-09-27 01:48:50.988 Df BosonDynamicTree[3264:1b1aff4] BOSON_TOUCH_RESULT=0 node=3
2026-09-27 01:48:50.997 Df BosonDynamicTree[3264:1b1aff4] BOSON_FRAME_GAP_MS=57.855
2026-09-27 01:48:51.015 Df BosonDynamicTree[3264:1b1aff4] BOSON_FRAME_GAP_MS=25.479
2026-09-27 01:48:51.031 Df BosonDynamicTree[3264:1b1aff4] BOSON_FRAME_GAP_MS=16.667
2026-09-27 01:48:51.048 Df BosonDynamicTree[3264:1b1aff4] BOSON_FRAME_GAP_MS=16.667
2026-09-27 01:48:51.105 Df BosonDynamicTree[3264:1b1aff4] BOSON_LAYOUT id=2 x=24 y=24 width=354 height=64
2026-09-27 01:48:51.105 Df BosonDynamicTree[3264:1b1aff4] BOSON_LAYOUT id=3 x=24 y=100 width=354 height=64
2026-09-27 01:48:51.105 Df BosonDynamicTree[3264:1b1aff4] BOSON_FRAME result=0 nodes=2
2026-09-27 01:48:51.105 Df BosonDynamicTree[3264:1b1aff4] BOSON_METRIC dispatch_us=39876 render_us=214
2026-09-27 01:48:51.105 Df BosonDynamicTree[3264:1b1aff4] BOSON_TOUCH_RESULT=0 node=3
2026-09-27 01:48:51.114 Df BosonDynamicTree[3264:1b1aff4] BOSON_FRAME_GAP_MS=58.272
2026-09-27 01:48:51.131 Df BosonDynamicTree[3264:1b1aff4] BOSON_FRAME_GAP_MS=25.061
2026-09-27 01:48:51.148 Df BosonDynamicTree[3264:1b1aff4] BOSON_FRAME_GAP_MS=16.667
2026-09-27 01:48:51.205 Df BosonDynamicTree[3264:1b1aff4] BOSON_LAYOUT id=2 x=24 y=24 width=354 height=64
2026-09-27 01:48:51.205 Df BosonDynamicTree[3264:1b1aff4] BOSON_LAYOUT id=3 x=24 y=100 width=354 height=64
2026-09-27 01:48:51.205 Df BosonDynamicTree[3264:1b1aff4] BOSON_FRAME result=0 nodes=2
2026-09-27 01:48:51.205 Df BosonDynamicTree[3264:1b1aff4] BOSON_METRIC dispatch_us=39866 render_us=223
2026-09-27 01:48:51.205 Df BosonDynamicTree[3264:1b1aff4] BOSON_TOUCH_RESULT=0 node=3
2026-09-27 01:48:51.214 Df BosonDynamicTree[3264:1b1aff4] BOSON_FRAME_GAP_MS=58.247
2026-09-27 01:48:51.231 Df BosonDynamicTree[3264:1b1aff4] BOSON_FRAME_GAP_MS=25.086
2026-09-27 01:48:51.248 Df BosonDynamicTree[3264:1b1aff4] BOSON_FRAME_GAP_MS=16.667
2026-09-27 01:48:51.305 Df BosonDynamicTree[3264:1b1aff4] BOSON_LAYOUT id=2 x=24 y=24 width=354 height=64
2026-09-27 01:48:51.305 Df BosonDynamicTree[3264:1b1aff4] BOSON_LAYOUT id=3 x=24 y=100 width=354 height=64
2026-09-27 01:48:51.305 Df BosonDynamicTree[3264:1b1aff4] BOSON_FRAME result=0 nodes=2
2026-09-27 01:48:51.305 Df BosonDynamicTree[3264:1b1aff4] BOSON_METRIC dispatch_us=39887 render_us=205
2026-09-27 01:48:51.305 Df BosonDynamicTree[3264:1b1aff4] BOSON_TOUCH_RESULT=0 node=3
2026-09-27 01:48:51.314 Df BosonDynamicTree[3264:1b1aff4] BOSON_FRAME_GAP_MS=58.220
2026-09-27 01:48:51.331 Df BosonDynamicTree[3264:1b1aff4] BOSON_FRAME_GAP_MS=25.113
2026-09-27 01:48:51.348 Df BosonDynamicTree[3264:1b1aff4] BOSON_FRAME_GAP_MS=16.667
2026-09-27 01:48:51.364 Df BosonDynamicTree[3264:1b1aff4] BOSON_FRAME_GAP_MS=16.667
2026-09-27 01:48:51.421 Df BosonDynamicTree[3264:1b1aff4] BOSON_LAYOUT id=2 x=24 y=24 width=354 height=64
2026-09-27 01:48:51.421 Df BosonDynamicTree[3264:1b1aff4] BOSON_LAYOUT id=3 x=24 y=100 width=354 height=64
2026-09-27 01:48:51.421 Df BosonDynamicTree[3264:1b1aff4] BOSON_FRAME result=0 nodes=2
2026-09-27 01:48:51.421 Df BosonDynamicTree[3264:1b1aff4] BOSON_METRIC dispatch_us=39184 render_us=241
2026-09-27 01:48:51.421 Df BosonDynamicTree[3264:1b1aff4] BOSON_TOUCH_RESULT=0 node=3
2026-09-27 01:48:51.431 Df BosonDynamicTree[3264:1b1aff4] BOSON_FRAME_GAP_MS=57.630
2026-09-27 01:48:51.448 Df BosonDynamicTree[3264:1b1aff4] BOSON_FRAME_GAP_MS=25.703
2026-09-27 01:48:51.464 Df BosonDynamicTree[3264:1b1aff4] BOSON_FRAME_GAP_MS=16.667
2026-09-27 01:48:51.521 Df BosonDynamicTree[3264:1b1aff4] BOSON_LAYOUT id=2 x=24 y=24 width=354 height=64
2026-09-27 01:48:51.521 Df BosonDynamicTree[3264:1b1aff4] BOSON_LAYOUT id=3 x=24 y=100 width=354 height=64
2026-09-27 01:48:51.521 Df BosonDynamicTree[3264:1b1aff4] BOSON_FRAME result=0 nodes=2
2026-09-27 01:48:51.521 Df BosonDynamicTree[3264:1b1aff4] BOSON_METRIC dispatch_us=39239 render_us=207
2026-09-27 01:48:51.521 Df BosonDynamicTree[3264:1b1aff4] BOSON_TOUCH_RESULT=0 node=3
2026-09-27 01:48:51.531 Df BosonDynamicTree[3264:1b1aff4] BOSON_FRAME_GAP_MS=57.717
2026-09-27 01:48:51.548 Df BosonDynamicTree[3264:1b1aff4] BOSON_FRAME_GAP_MS=25.616
2026-09-27 01:48:51.565 Df BosonDynamicTree[3264:1b1aff4] BOSON_FRAME_GAP_MS=16.667
2026-09-27 01:48:51.621 Df BosonDynamicTree[3264:1b1aff4] BOSON_LAYOUT id=2 x=24 y=24 width=354 height=64
2026-09-27 01:48:51.621 Df BosonDynamicTree[3264:1b1aff4] BOSON_LAYOUT id=3 x=24 y=100 width=354 height=64
2026-09-27 01:48:51.621 Df BosonDynamicTree[3264:1b1aff4] BOSON_FRAME result=0 nodes=2
2026-09-27 01:48:51.621 Df BosonDynamicTree[3264:1b1aff4] BOSON_METRIC dispatch_us=39109 render_us=221
2026-09-27 01:48:51.621 Df BosonDynamicTree[3264:1b1aff4] BOSON_TOUCH_RESULT=0 node=3
2026-09-27 01:48:51.631 Df BosonDynamicTree[3264:1b1aff4] BOSON_FRAME_GAP_MS=57.547
2026-09-27 01:48:51.648 Df BosonDynamicTree[3264:1b1aff4] BOSON_FRAME_GAP_MS=25.787
2026-09-27 01:48:51.665 Df BosonDynamicTree[3264:1b1aff4] BOSON_FRAME_GAP_MS=16.667
2026-09-27 01:48:51.681 Df BosonDynamicTree[3264:1b1aff4] BOSON_FRAME_GAP_MS=16.667
2026-09-27 01:48:51.738 Df BosonDynamicTree[3264:1b1aff4] BOSON_LAYOUT id=2 x=24 y=24 width=354 height=64
2026-09-27 01:48:51.738 Df BosonDynamicTree[3264:1b1aff4] BOSON_LAYOUT id=3 x=24 y=100 width=354 height=64
2026-09-27 01:48:51.738 Df BosonDynamicTree[3264:1b1aff4] BOSON_FRAME result=0 nodes=2
2026-09-27 01:48:51.738 Df BosonDynamicTree[3264:1b1aff4] BOSON_METRIC dispatch_us=39543 render_us=285
2026-09-27 01:48:51.738 Df BosonDynamicTree[3264:1b1aff4] BOSON_TOUCH_RESULT=0 node=3
2026-09-27 01:48:51.747 Df BosonDynamicTree[3264:1b1aff4] BOSON_FRAME_GAP_MS=57.943
2026-09-27 01:48:51.765 Df BosonDynamicTree[3264:1b1aff4] BOSON_FRAME_GAP_MS=25.390
2026-09-27 01:48:51.781 Df BosonDynamicTree[3264:1b1aff4] BOSON_FRAME_GAP_MS=16.667
2026-09-27 01:48:51.838 Df BosonDynamicTree[3264:1b1aff4] BOSON_LAYOUT id=2 x=24 y=24 width=354 height=64
2026-09-27 01:48:51.838 Df BosonDynamicTree[3264:1b1aff4] BOSON_LAYOUT id=3 x=24 y=100 width=354 height=64
2026-09-27 01:48:51.838 Df BosonDynamicTree[3264:1b1aff4] BOSON_FRAME result=0 nodes=2
2026-09-27 01:48:51.838 Df BosonDynamicTree[3264:1b1aff4] BOSON_METRIC dispatch_us=39575 render_us=214
2026-09-27 01:48:51.838 Df BosonDynamicTree[3264:1b1aff4] BOSON_TOUCH_RESULT=0 node=3
2026-09-27 01:48:51.847 Df BosonDynamicTree[3264:1b1aff4] BOSON_FRAME_GAP_MS=57.893
2026-09-27 01:48:51.865 Df BosonDynamicTree[3264:1b1aff4] BOSON_FRAME_GAP_MS=25.441
2026-09-27 01:48:51.881 Df BosonDynamicTree[3264:1b1aff4] BOSON_FRAME_GAP_MS=16.667
2026-09-27 01:48:51.938 Df BosonDynamicTree[3264:1b1aff4] BOSON_LAYOUT id=2 x=24 y=24 width=354 height=64
2026-09-27 01:48:51.938 Df BosonDynamicTree[3264:1b1aff4] BOSON_LAYOUT id=3 x=24 y=100 width=354 height=64
2026-09-27 01:48:51.938 Df BosonDynamicTree[3264:1b1aff4] BOSON_FRAME result=0 nodes=2
2026-09-27 01:48:51.938 Df BosonDynamicTree[3264:1b1aff4] BOSON_METRIC dispatch_us=39573 render_us=217
2026-09-27 01:48:51.938 Df BosonDynamicTree[3264:1b1aff4] BOSON_TOUCH_RESULT=0 node=3
2026-09-27 01:48:51.938 Df BosonDynamicTree[3264:1b1aff4] BOSON_FRAME_GAP_MS=16.667
2026-09-27 01:48:51.947 Df BosonDynamicTree[3264:1b1aff4] BOSON_FRAME_GAP_MS=41.279
2026-09-27 01:48:51.965 Df BosonDynamicTree[3264:1b1aff4] BOSON_FRAME_GAP_MS=25.388
2026-09-27 01:48:51.981 Df BosonDynamicTree[3264:1b1aff4] BOSON_FRAME_GAP_MS=16.667
2026-09-27 01:48:51.997 Df BosonDynamicTree[3264:1b1aff4] BOSON_FRAME_GAP_MS=16.667
2026-09-27 01:48:52.055 Df BosonDynamicTree[3264:1b1aff4] BOSON_LAYOUT id=2 x=24 y=24 width=354 height=64
2026-09-27 01:48:52.055 Df BosonDynamicTree[3264:1b1aff4] BOSON_LAYOUT id=3 x=24 y=100 width=354 height=64
2026-09-27 01:48:52.055 Df BosonDynamicTree[3264:1b1aff4] BOSON_FRAME result=0 nodes=2
2026-09-27 01:48:52.055 Df BosonDynamicTree[3264:1b1aff4] BOSON_METRIC dispatch_us=39932 render_us=217
2026-09-27 01:48:52.055 Df BosonDynamicTree[3264:1b1aff4] BOSON_TOUCH_RESULT=0 node=3
2026-09-27 01:48:52.064 Df BosonDynamicTree[3264:1b1aff4] BOSON_FRAME_GAP_MS=58.256
2026-09-27 01:48:52.081 Df BosonDynamicTree[3264:1b1aff4] BOSON_FRAME_GAP_MS=25.077
2026-09-27 01:48:52.097 Df BosonDynamicTree[3264:1b1aff4] BOSON_FRAME_GAP_MS=16.667
2026-09-27 01:48:52.155 Df BosonDynamicTree[3264:1b1aff4] BOSON_LAYOUT id=2 x=24 y=24 width=354 height=64
2026-09-27 01:48:52.155 Df BosonDynamicTree[3264:1b1aff4] BOSON_LAYOUT id=3 x=24 y=100 width=354 height=64
2026-09-27 01:48:52.155 Df BosonDynamicTree[3264:1b1aff4] BOSON_FRAME result=0 nodes=2
2026-09-27 01:48:52.155 Df BosonDynamicTree[3264:1b1aff4] BOSON_METRIC dispatch_us=39893 render_us=216
2026-09-27 01:48:52.155 Df BosonDynamicTree[3264:1b1aff4] BOSON_TOUCH_RESULT=0 node=3
2026-09-27 01:48:52.164 Df BosonDynamicTree[3264:1b1aff4] BOSON_FRAME_GAP_MS=58.214
2026-09-27 01:48:52.181 Df BosonDynamicTree[3264:1b1aff4] BOSON_FRAME_GAP_MS=25.119
2026-09-27 01:48:52.198 Df BosonDynamicTree[3264:1b1aff4] BOSON_FRAME_GAP_MS=16.667
2026-09-27 01:48:52.215 Df BosonDynamicTree[3264:1b1aff4] BOSON_FRAME_GAP_MS=16.667
2026-09-27 01:48:52.231 Df BosonDynamicTree[3264:1b1aff4] BOSON_FRAME_GAP_MS=16.667
2026-09-27 01:48:52.248 Df BosonDynamicTree[3264:1b1aff4] BOSON_FRAME_GAP_MS=16.667
2026-09-27 01:48:52.281 Df BosonDynamicTree[3264:1b1aff4] BOSON_FRAME_GAP_MS=16.667
2026-09-27 01:48:52.297 Df BosonDynamicTree[3264:1b1aff4] BOSON_FRAME_GAP_MS=16.667
2026-09-27 01:48:52.314 Df BosonDynamicTree[3264:1b1aff4] BOSON_FRAME_GAP_MS=16.667
2026-09-27 01:48:52.331 Df BosonDynamicTree[3264:1b1aff4] BOSON_FRAME_GAP_MS=16.667
2026-09-27 01:48:52.347 Df BosonDynamicTree[3264:1b1aff4] BOSON_FRAME_GAP_MS=16.667
2026-09-27 01:48:52.364 Df BosonDynamicTree[3264:1b1aff4] BOSON_FRAME_GAP_MS=16.667
2026-09-27 01:48:52.381 Df BosonDynamicTree[3264:1b1aff4] BOSON_FRAME_GAP_MS=16.667
2026-09-27 01:48:52.397 Df BosonDynamicTree[3264:1b1aff4] BOSON_FRAME_GAP_MS=16.667
2026-09-27 01:48:52.414 Df BosonDynamicTree[3264:1b1aff4] BOSON_FRAME_GAP_MS=16.667
2026-09-27 01:48:52.431 Df BosonDynamicTree[3264:1b1aff4] BOSON_FRAME_GAP_MS=16.667
2026-09-27 01:48:52.447 Df BosonDynamicTree[3264:1b1aff4] BOSON_FRAME_GAP_MS=16.667
2026-09-27 01:48:52.464 Df BosonDynamicTree[3264:1b1aff4] BOSON_FRAME_GAP_MS=16.667
2026-09-27 01:48:52.481 Df BosonDynamicTree[3264:1b1aff4] BOSON_FRAME_GAP_MS=16.667
2026-09-27 01:48:52.497 Df BosonDynamicTree[3264:1b1aff4] BOSON_FRAME_GAP_MS=16.667
2026-09-27 01:48:52.514 Df BosonDynamicTree[3264:1b1aff4] BOSON_FRAME_GAP_MS=16.667
2026-09-27 01:48:52.531 Df BosonDynamicTree[3264:1b1aff4] BOSON_FRAME_GAP_MS=16.667
2026-09-27 01:48:52.547 Df BosonDynamicTree[3264:1b1aff4] BOSON_FRAME_GAP_MS=16.667
2026-09-27 01:48:52.564 Df BosonDynamicTree[3264:1b1aff4] BOSON_FRAME_GAP_MS=16.667
2026-09-27 01:48:52.581 Df BosonDynamicTree[3264:1b1aff4] BOSON_FRAME_GAP_MS=16.667
2026-09-27 01:48:52.597 Df BosonDynamicTree[3264:1b1aff4] BOSON_FRAME_GAP_MS=16.667
2026-09-27 01:48:52.614 Df BosonDynamicTree[3264:1b1aff4] BOSON_FRAME_GAP_MS=16.667
2026-09-27 01:48:52.631 Df BosonDynamicTree[3264:1b1aff4] BOSON_FRAME_GAP_MS=16.667
2026-09-27 01:48:52.647 Df BosonDynamicTree[3264:1b1aff4] BOSON_FRAME_GAP_MS=16.667
2026-09-27 01:48:52.664 Df BosonDynamicTree[3264:1b1aff4] BOSON_FRAME_GAP_MS=16.667
2026-09-27 01:48:52.681 Df BosonDynamicTree[3264:1b1aff4] BOSON_FRAME_GAP_MS=16.667
2026-09-27 01:48:52.697 Df BosonDynamicTree[3264:1b1aff4] BOSON_FRAME_GAP_MS=16.667
2026-09-27 01:48:52.714 Df BosonDynamicTree[3264:1b1aff4] BOSON_FRAME_GAP_MS=16.667
2026-09-27 01:48:52.731 Df BosonDynamicTree[3264:1b1aff4] BOSON_FRAME_GAP_MS=16.667
2026-09-27 01:48:52.747 Df BosonDynamicTree[3264:1b1aff4] BOSON_FRAME_GAP_MS=16.667
2026-09-27 01:48:52.764 Df BosonDynamicTree[3264:1b1aff4] BOSON_FRAME_GAP_MS=16.667
2026-09-27 01:48:52.781 Df BosonDynamicTree[3264:1b1aff4] BOSON_FRAME_GAP_MS=16.667
2026-09-27 01:48:52.797 Df BosonDynamicTree[3264:1b1aff4] BOSON_FRAME_GAP_MS=16.667
2026-09-27 01:48:52.814 Df BosonDynamicTree[3264:1b1aff4] BOSON_FRAME_GAP_MS=16.667
2026-09-27 01:48:52.831 Df BosonDynamicTree[3264:1b1aff4] BOSON_FRAME_GAP_MS=16.667
2026-09-27 01:48:52.847 Df BosonDynamicTree[3264:1b1aff4] BOSON_FRAME_GAP_MS=16.667
2026-09-27 01:48:52.864 Df BosonDynamicTree[3264:1b1aff4] BOSON_FRAME_GAP_MS=16.667
2026-09-27 01:48:52.881 Df BosonDynamicTree[3264:1b1aff4] BOSON_FRAME_GAP_MS=16.667
2026-09-27 01:48:52.897 Df BosonDynamicTree[3264:1b1aff4] BOSON_FRAME_GAP_MS=16.667
2026-09-27 01:48:52.914 Df BosonDynamicTree[3264:1b1aff4] BOSON_FRAME_GAP_MS=16.667
2026-09-27 01:48:52.931 Df BosonDynamicTree[3264:1b1aff4] BOSON_FRAME_GAP_MS=16.667
2026-09-27 01:48:52.947 Df BosonDynamicTree[3264:1b1aff4] BOSON_FRAME_GAP_MS=16.667
2026-09-27 01:48:52.964 Df BosonDynamicTree[3264:1b1aff4] BOSON_FRAME_GAP_MS=16.667
2026-09-27 01:48:52.981 Df BosonDynamicTree[3264:1b1aff4] BOSON_FRAME_GAP_MS=16.667
2026-09-27 01:48:52.997 Df BosonDynamicTree[3264:1b1aff4] BOSON_FRAME_GAP_MS=16.667
2026-09-27 01:48:53.014 Df BosonDynamicTree[3264:1b1aff4] BOSON_FRAME_GAP_MS=16.667
2026-09-27 01:48:53.031 Df BosonDynamicTree[3264:1b1aff4] BOSON_FRAME_GAP_MS=16.667
2026-09-27 01:48:53.047 Df BosonDynamicTree[3264:1b1aff4] BOSON_FRAME_GAP_MS=16.667
