--------- beginning of main
09-27 01:44:55.097 11031 11031 I BosonTree: BOSON_CONTENTION busy_ms=0 background_workers=4 refresh_hz=120.00001
09-27 01:44:55.111 11031 11031 I BosonTree: BOSON_NODE_CREATE id=2 tag=text
09-27 01:44:55.111 11031 11031 I BosonTree: BOSON_LAYOUT id=2 x=24 y=24 width=336 height=64
09-27 01:44:55.112 11031 11031 I BosonTree: BOSON_NODE_CREATE id=3 tag=button
09-27 01:44:55.112 11031 11031 I BosonTree: BOSON_LAYOUT id=3 x=24 y=100 width=336 height=64
09-27 01:44:55.112 11031 11031 I BosonTree: BOSON_FRAME nodes=2
09-27 01:44:55.112 11031 11031 I BosonTree: BOSON_METRIC init_total_us=14355 scenario=contention
09-27 01:44:55.115 11031 11031 I BosonTree: BOSON_FRAME_GAP_MS=8.336514
09-27 01:44:55.123 11031 11031 I BosonTree: BOSON_FRAME_GAP_MS=8.338448
09-27 01:44:55.131 11031 11031 I BosonTree: BOSON_FRAME_GAP_MS=8.335552
09-27 01:44:55.140 11031 11031 I BosonTree: BOSON_FRAME_GAP_MS=8.341633
09-27 01:44:55.148 11031 11031 I BosonTree: BOSON_FRAME_GAP_MS=8.335067
09-27 01:44:55.156 11031 11031 I BosonTree: BOSON_FRAME_GAP_MS=8.335617
09-27 01:44:55.165 11031 11031 I BosonTree: BOSON_FRAME_GAP_MS=8.337614
09-27 01:44:55.173 11031 11031 I BosonTree: BOSON_FRAME_GAP_MS=8.334142
09-27 01:44:55.181 11031 11031 I BosonTree: BOSON_FRAME_GAP_MS=8.336664
09-27 01:44:55.190 11031 11031 I BosonTree: BOSON_FRAME_GAP_MS=8.334894
09-27 01:44:55.198 11031 11031 I BosonTree: BOSON_FRAME_GAP_MS=8.34826
09-27 01:44:55.207 11031 11031 I BosonTree: BOSON_FRAME_GAP_MS=8.338809
09-27 01:44:55.215 11031 11031 I BosonTree: BOSON_FRAME_GAP_MS=8.332994
09-27 01:44:55.223 11031 11031 I BosonTree: BOSON_FRAME_GAP_MS=8.334149
09-27 01:44:55.231 11031 11031 I BosonTree: BOSON_FRAME_GAP_MS=8.331174
09-27 01:44:55.239 11031 11031 I BosonTree: BOSON_FRAME_GAP_MS=8.332341
09-27 01:44:55.248 11031 11031 I BosonTree: BOSON_FRAME_GAP_MS=8.337866
09-27 01:44:55.256 11031 11031 I BosonTree: BOSON_FRAME_GAP_MS=8.37524
09-27 01:44:55.265 11031 11031 I BosonTree: BOSON_FRAME_GAP_MS=8.372137
09-27 01:44:55.273 11031 11031 I BosonTree: BOSON_FRAME_GAP_MS=8.370312
09-27 01:44:55.281 11031 11031 I BosonTree: BOSON_FRAME_GAP_MS=8.328205
09-27 01:44:55.290 11031 11031 I BosonTree: BOSON_FRAME_GAP_MS=8.325685
09-27 01:44:55.298 11031 11031 I BosonTree: BOSON_FRAME_GAP_MS=8.320514
09-27 01:44:55.306 11031 11031 I BosonTree: BOSON_FRAME_GAP_MS=8.329269
09-27 01:44:55.315 11031 11031 I BosonTree: BOSON_FRAME_GAP_MS=8.328551
09-27 01:44:55.323 11031 11031 I BosonTree: BOSON_FRAME_GAP_MS=8.331054
09-27 01:44:55.331 11031 11031 I BosonTree: BOSON_FRAME_GAP_MS=8.33161
09-27 01:44:55.332 11031 11031 I BosonTree: BOSON_LAYOUT id=2 x=24 y=24 width=336 height=64
09-27 01:44:55.332 11031 11031 I BosonTree: BOSON_LAYOUT id=3 x=24 y=100 width=336 height=64
09-27 01:44:55.332 11031 11031 I BosonTree: BOSON_FRAME nodes=2
09-27 01:44:55.332 11031 11031 I BosonTree: BOSON_METRIC dispatch_us=200 render_us=181
09-27 01:44:55.332 11031 11031 I BosonTree: BOSON_TOUCH_RESULT=0 node=3
09-27 01:44:55.340 11031 11031 I BosonTree: BOSON_FRAME_GAP_MS=8.329153
09-27 01:44:55.348 11031 11031 I BosonTree: BOSON_FRAME_GAP_MS=8.328116
09-27 01:44:55.356 11031 11031 I BosonTree: BOSON_FRAME_GAP_MS=8.329389
09-27 01:44:55.365 11031 11031 I BosonTree: BOSON_FRAME_GAP_MS=8.332215
09-27 01:44:55.373 11031 11031 I BosonTree: BOSON_FRAME_GAP_MS=8.331667
09-27 01:44:55.381 11031 11031 I BosonTree: BOSON_FRAME_GAP_MS=8.333956
09-27 01:44:55.390 11031 11031 I BosonTree: BOSON_FRAME_GAP_MS=8.327564
09-27 01:44:55.398 11031 11031 I BosonTree: BOSON_FRAME_GAP_MS=8.328897
09-27 01:44:55.406 11031 11031 I BosonTree: BOSON_FRAME_GAP_MS=8.326926
09-27 01:44:55.415 11031 11031 I BosonTree: BOSON_FRAME_GAP_MS=8.3349
09-27 01:44:55.423 11031 11031 I BosonTree: BOSON_FRAME_GAP_MS=8.332124
09-27 01:44:55.431 11031 11031 I BosonTree: BOSON_FRAME_GAP_MS=8.361971
09-27 01:44:55.440 11031 11031 I BosonTree: BOSON_FRAME_GAP_MS=8.363601
09-27 01:44:55.440 11031 11031 I BosonTree: BOSON_LAYOUT id=2 x=24 y=24 width=336 height=64
09-27 01:44:55.440 11031 11031 I BosonTree: BOSON_LAYOUT id=3 x=24 y=100 width=336 height=64
09-27 01:44:55.440 11031 11031 I BosonTree: BOSON_FRAME nodes=2
09-27 01:44:55.440 11031 11031 I BosonTree: BOSON_METRIC dispatch_us=57 render_us=253
09-27 01:44:55.440 11031 11031 I BosonTree: BOSON_TOUCH_RESULT=0 node=3
09-27 01:44:55.448 11031 11031 I BosonTree: BOSON_FRAME_GAP_MS=8.36312
09-27 01:44:55.456 11031 11031 I BosonTree: BOSON_FRAME_GAP_MS=8.341338
09-27 01:44:55.465 11031 11031 I BosonTree: BOSON_FRAME_GAP_MS=8.338442
09-27 01:44:55.473 11031 11031 I BosonTree: BOSON_FRAME_GAP_MS=8.333031
09-27 01:44:55.481 11031 11031 I BosonTree: BOSON_FRAME_GAP_MS=8.33474
09-27 01:44:55.490 11031 11031 I BosonTree: BOSON_FRAME_GAP_MS=8.33744
09-27 01:44:55.498 11031 11031 I BosonTree: BOSON_FRAME_GAP_MS=8.379681
09-27 01:44:55.506 11031 11031 I BosonTree: BOSON_FRAME_GAP_MS=8.336899
09-27 01:44:55.515 11031 11031 I BosonTree: BOSON_FRAME_GAP_MS=8.335828
09-27 01:44:55.523 11031 11031 I BosonTree: BOSON_FRAME_GAP_MS=8.333433
09-27 01:44:55.531 11031 11031 I BosonTree: BOSON_FRAME_GAP_MS=8.333759
09-27 01:44:55.532 11031 11031 I BosonTree: BOSON_LAYOUT id=2 x=24 y=24 width=336 height=64
09-27 01:44:55.532 11031 11031 I BosonTree: BOSON_LAYOUT id=3 x=24 y=100 width=336 height=64
09-27 01:44:55.532 11031 11031 I BosonTree: BOSON_FRAME nodes=2
09-27 01:44:55.532 11031 11031 I BosonTree: BOSON_METRIC dispatch_us=55 render_us=251
09-27 01:44:55.532 11031 11031 I BosonTree: BOSON_TOUCH_RESULT=0 node=3
09-27 01:44:55.540 11031 11031 I BosonTree: BOSON_FRAME_GAP_MS=8.332182
09-27 01:44:55.548 11031 11031 I BosonTree: BOSON_FRAME_GAP_MS=8.333658
09-27 01:44:55.556 11031 11031 I BosonTree: BOSON_FRAME_GAP_MS=8.333004
09-27 01:44:55.565 11031 11031 I BosonTree: BOSON_FRAME_GAP_MS=8.328536
09-27 01:44:55.573 11031 11031 I BosonTree: BOSON_FRAME_GAP_MS=8.330529
09-27 01:44:55.581 11031 11031 I BosonTree: BOSON_FRAME_GAP_MS=8.328675
09-27 01:44:55.590 11031 11031 I BosonTree: BOSON_FRAME_GAP_MS=8.335201
09-27 01:44:55.598 11031 11031 I BosonTree: BOSON_FRAME_GAP_MS=8.334843
09-27 01:44:55.606 11031 11031 I BosonTree: BOSON_FRAME_GAP_MS=8.337894
09-27 01:44:55.615 11031 11031 I BosonTree: BOSON_FRAME_GAP_MS=8.330222
09-27 01:44:55.623 11031 11031 I BosonTree: BOSON_FRAME_GAP_MS=8.333022
09-27 01:44:55.631 11031 11031 I BosonTree: BOSON_FRAME_GAP_MS=8.337236
09-27 01:44:55.632 11031 11031 I BosonTree: BOSON_LAYOUT id=2 x=24 y=24 width=336 height=64
09-27 01:44:55.632 11031 11031 I BosonTree: BOSON_LAYOUT id=3 x=24 y=100 width=336 height=64
09-27 01:44:55.632 11031 11031 I BosonTree: BOSON_FRAME nodes=2
09-27 01:44:55.632 11031 11031 I BosonTree: BOSON_METRIC dispatch_us=55 render_us=247
09-27 01:44:55.632 11031 11031 I BosonTree: BOSON_TOUCH_RESULT=0 node=3
09-27 01:44:55.640 11031 11031 I BosonTree: BOSON_FRAME_GAP_MS=8.329529
09-27 01:44:55.648 11031 11031 I BosonTree: BOSON_FRAME_GAP_MS=8.331773
09-27 01:44:55.656 11031 11031 I BosonTree: BOSON_FRAME_GAP_MS=8.332543
09-27 01:44:55.665 11031 11031 I BosonTree: BOSON_FRAME_GAP_MS=8.357847
09-27 01:44:55.673 11031 11031 I BosonTree: BOSON_FRAME_GAP_MS=8.33502
09-27 01:44:55.681 11031 11031 I BosonTree: BOSON_FRAME_GAP_MS=8.337181
09-27 01:44:55.690 11031 11031 I BosonTree: BOSON_FRAME_GAP_MS=8.334654
09-27 01:44:55.698 11031 11031 I BosonTree: BOSON_FRAME_GAP_MS=8.349699
09-27 01:44:55.706 11031 11031 I BosonTree: BOSON_FRAME_GAP_MS=8.338341
09-27 01:44:55.715 11031 11031 I BosonTree: BOSON_FRAME_GAP_MS=8.335201
09-27 01:44:55.723 11031 11031 I BosonTree: BOSON_FRAME_GAP_MS=8.336567
09-27 01:44:55.731 11031 11031 I BosonTree: BOSON_FRAME_GAP_MS=8.335266
09-27 01:44:55.740 11031 11031 I BosonTree: BOSON_FRAME_GAP_MS=8.347012
09-27 01:44:55.740 11031 11031 I BosonTree: BOSON_LAYOUT id=2 x=24 y=24 width=336 height=64
09-27 01:44:55.740 11031 11031 I BosonTree: BOSON_LAYOUT id=3 x=24 y=100 width=336 height=64
09-27 01:44:55.740 11031 11031 I BosonTree: BOSON_FRAME nodes=2
09-27 01:44:55.740 11031 11031 I BosonTree: BOSON_METRIC dispatch_us=54 render_us=130
09-27 01:44:55.740 11031 11031 I BosonTree: BOSON_TOUCH_RESULT=0 node=3
09-27 01:44:55.748 11031 11031 I BosonTree: BOSON_FRAME_GAP_MS=8.338654
09-27 01:44:55.756 11031 11031 I BosonTree: BOSON_FRAME_GAP_MS=8.335622
09-27 01:44:55.765 11031 11031 I BosonTree: BOSON_FRAME_GAP_MS=8.335338
09-27 01:44:55.773 11031 11031 I BosonTree: BOSON_FRAME_GAP_MS=8.344453
09-27 01:44:55.781 11031 11031 I BosonTree: BOSON_FRAME_GAP_MS=8.340951
09-27 01:44:55.790 11031 11031 I BosonTree: BOSON_FRAME_GAP_MS=8.341694
09-27 01:44:55.798 11031 11031 I BosonTree: BOSON_FRAME_GAP_MS=8.351289
09-27 01:44:55.806 11031 11031 I BosonTree: BOSON_FRAME_GAP_MS=8.358406
09-27 01:44:55.815 11031 11031 I BosonTree: BOSON_FRAME_GAP_MS=8.338554
09-27 01:44:55.823 11031 11031 I BosonTree: BOSON_FRAME_GAP_MS=8.334889
09-27 01:44:55.831 11031 11031 I BosonTree: BOSON_FRAME_GAP_MS=8.33267
09-27 01:44:55.840 11031 11031 I BosonTree: BOSON_FRAME_GAP_MS=8.33022
09-27 01:44:55.848 11031 11031 I BosonTree: BOSON_FRAME_GAP_MS=8.338603
09-27 01:44:55.856 11031 11031 I BosonTree: BOSON_FRAME_GAP_MS=8.333223
09-27 01:44:55.865 11031 11031 I BosonTree: BOSON_FRAME_GAP_MS=8.341569
09-27 01:44:55.865 11031 11031 I BosonTree: BOSON_LAYOUT id=2 x=24 y=24 width=336 height=64
09-27 01:44:55.865 11031 11031 I BosonTree: BOSON_LAYOUT id=3 x=24 y=100 width=336 height=64
09-27 01:44:55.865 11031 11031 I BosonTree: BOSON_FRAME nodes=2
09-27 01:44:55.865 11031 11031 I BosonTree: BOSON_METRIC dispatch_us=44 render_us=101
09-27 01:44:55.865 11031 11031 I BosonTree: BOSON_TOUCH_RESULT=0 node=3
09-27 01:44:55.873 11031 11031 I BosonTree: BOSON_FRAME_GAP_MS=8.332678
09-27 01:44:55.881 11031 11031 I BosonTree: BOSON_FRAME_GAP_MS=8.335425
09-27 01:44:55.890 11031 11031 I BosonTree: BOSON_FRAME_GAP_MS=8.333238
09-27 01:44:55.898 11031 11031 I BosonTree: BOSON_FRAME_GAP_MS=8.338047
09-27 01:44:55.907 11031 11031 I BosonTree: BOSON_FRAME_GAP_MS=8.343714
09-27 01:44:55.915 11031 11031 I BosonTree: BOSON_FRAME_GAP_MS=8.338381
09-27 01:44:55.923 11031 11031 I BosonTree: BOSON_FRAME_GAP_MS=8.341979
09-27 01:44:55.932 11031 11031 I BosonTree: BOSON_FRAME_GAP_MS=8.344517
09-27 01:44:55.940 11031 11031 I BosonTree: BOSON_FRAME_GAP_MS=8.354607
09-27 01:44:55.948 11031 11031 I BosonTree: BOSON_FRAME_GAP_MS=8.329453
09-27 01:44:55.957 11031 11031 I BosonTree: BOSON_FRAME_GAP_MS=8.326865
09-27 01:44:55.965 11031 11031 I BosonTree: BOSON_FRAME_GAP_MS=8.331829
09-27 01:44:55.973 11031 11031 I BosonTree: BOSON_FRAME_GAP_MS=8.33805
09-27 01:44:55.982 11031 11031 I BosonTree: BOSON_FRAME_GAP_MS=8.331403
09-27 01:44:55.990 11031 11031 I BosonTree: BOSON_FRAME_GAP_MS=8.327835
09-27 01:44:55.998 11031 11031 I BosonTree: BOSON_FRAME_GAP_MS=8.335658
09-27 01:44:56.007 11031 11031 I BosonTree: BOSON_FRAME_GAP_MS=8.328641
09-27 01:44:56.007 11031 11031 I BosonTree: BOSON_LAYOUT id=2 x=24 y=24 width=336 height=64
09-27 01:44:56.007 11031 11031 I BosonTree: BOSON_LAYOUT id=3 x=24 y=100 width=336 height=64
09-27 01:44:56.007 11031 11031 I BosonTree: BOSON_FRAME nodes=2
09-27 01:44:56.007 11031 11031 I BosonTree: BOSON_METRIC dispatch_us=34 render_us=94
09-27 01:44:56.007 11031 11031 I BosonTree: BOSON_TOUCH_RESULT=0 node=3
09-27 01:44:56.015 11031 11031 I BosonTree: BOSON_FRAME_GAP_MS=8.330444
09-27 01:44:56.023 11031 11031 I BosonTree: BOSON_FRAME_GAP_MS=8.336059
09-27 01:44:56.032 11031 11031 I BosonTree: BOSON_FRAME_GAP_MS=8.326214
09-27 01:44:56.040 11031 11031 I BosonTree: BOSON_FRAME_GAP_MS=8.330295
09-27 01:44:56.048 11031 11031 I BosonTree: BOSON_FRAME_GAP_MS=8.346681
09-27 01:44:56.057 11031 11031 I BosonTree: BOSON_FRAME_GAP_MS=8.346911
09-27 01:44:56.065 11031 11031 I BosonTree: BOSON_FRAME_GAP_MS=8.344721
09-27 01:44:56.073 11031 11031 I BosonTree: BOSON_FRAME_GAP_MS=8.354111
09-27 01:44:56.082 11031 11031 I BosonTree: BOSON_FRAME_GAP_MS=8.33556
09-27 01:44:56.090 11031 11031 I BosonTree: BOSON_FRAME_GAP_MS=8.334241
09-27 01:44:56.098 11031 11031 I BosonTree: BOSON_FRAME_GAP_MS=8.336256
09-27 01:44:56.107 11031 11031 I BosonTree: BOSON_FRAME_GAP_MS=8.340449
09-27 01:44:56.115 11031 11031 I BosonTree: BOSON_FRAME_GAP_MS=8.351451
09-27 01:44:56.123 11031 11031 I BosonTree: BOSON_FRAME_GAP_MS=8.34315
09-27 01:44:56.132 11031 11031 I BosonTree: BOSON_FRAME_GAP_MS=8.336299
09-27 01:44:56.132 11031 11031 I BosonTree: BOSON_LAYOUT id=2 x=24 y=24 width=336 height=64
09-27 01:44:56.132 11031 11031 I BosonTree: BOSON_LAYOUT id=3 x=24 y=100 width=336 height=64
09-27 01:44:56.132 11031 11031 I BosonTree: BOSON_FRAME nodes=2
09-27 01:44:56.132 11031 11031 I BosonTree: BOSON_METRIC dispatch_us=38 render_us=88
09-27 01:44:56.132 11031 11031 I BosonTree: BOSON_TOUCH_RESULT=0 node=3
09-27 01:44:56.140 11031 11031 I BosonTree: BOSON_FRAME_GAP_MS=8.326069
09-27 01:44:56.148 11031 11031 I BosonTree: BOSON_FRAME_GAP_MS=8.325453
09-27 01:44:56.157 11031 11031 I BosonTree: BOSON_FRAME_GAP_MS=8.343405
09-27 01:44:56.165 11031 11031 I BosonTree: BOSON_FRAME_GAP_MS=8.342637
09-27 01:44:56.173 11031 11031 I BosonTree: BOSON_FRAME_GAP_MS=8.349863
09-27 01:44:56.182 11031 11031 I BosonTree: BOSON_FRAME_GAP_MS=8.338706
09-27 01:44:56.190 11031 11031 I BosonTree: BOSON_FRAME_GAP_MS=8.340333
09-27 01:44:56.198 11031 11031 I BosonTree: BOSON_FRAME_GAP_MS=8.337798
09-27 01:44:56.207 11031 11031 I BosonTree: BOSON_FRAME_GAP_MS=8.326717
09-27 01:44:56.215 11031 11031 I BosonTree: BOSON_FRAME_GAP_MS=8.329919
09-27 01:44:56.223 11031 11031 I BosonTree: BOSON_FRAME_GAP_MS=8.330184
09-27 01:44:56.232 11031 11031 I BosonTree: BOSON_FRAME_GAP_MS=8.330476
09-27 01:44:56.240 11031 11031 I BosonTree: BOSON_FRAME_GAP_MS=8.336075
09-27 01:44:56.248 11031 11031 I BosonTree: BOSON_FRAME_GAP_MS=8.328703
09-27 01:44:56.249 11031 11031 I BosonTree: BOSON_LAYOUT id=2 x=24 y=24 width=336 height=64
09-27 01:44:56.249 11031 11031 I BosonTree: BOSON_LAYOUT id=3 x=24 y=100 width=336 height=64
09-27 01:44:56.249 11031 11031 I BosonTree: BOSON_FRAME nodes=2
09-27 01:44:56.249 11031 11031 I BosonTree: BOSON_METRIC dispatch_us=50 render_us=87
09-27 01:44:56.249 11031 11031 I BosonTree: BOSON_TOUCH_RESULT=0 node=3
09-27 01:44:56.257 11031 11031 I BosonTree: BOSON_FRAME_GAP_MS=8.330061
09-27 01:44:56.265 11031 11031 I BosonTree: BOSON_FRAME_GAP_MS=8.329934
09-27 01:44:56.273 11031 11031 I BosonTree: BOSON_FRAME_GAP_MS=8.326677
09-27 01:44:56.282 11031 11031 I BosonTree: BOSON_FRAME_GAP_MS=8.332266
09-27 01:44:56.290 11031 11031 I BosonTree: BOSON_FRAME_GAP_MS=8.351076
09-27 01:44:56.298 11031 11031 I BosonTree: BOSON_FRAME_GAP_MS=8.412787
09-27 01:44:56.307 11031 11031 I BosonTree: BOSON_FRAME_GAP_MS=8.400615
09-27 01:44:56.315 11031 11031 I BosonTree: BOSON_FRAME_GAP_MS=8.424428
09-27 01:44:56.324 11031 11031 I BosonTree: BOSON_FRAME_GAP_MS=8.363008
09-27 01:44:56.332 11031 11031 I BosonTree: BOSON_FRAME_GAP_MS=8.36166
09-27 01:44:56.340 11031 11031 I BosonTree: BOSON_FRAME_GAP_MS=8.310168
09-27 01:44:56.349 11031 11031 I BosonTree: BOSON_FRAME_GAP_MS=8.321144
09-27 01:44:56.357 11031 11031 I BosonTree: BOSON_FRAME_GAP_MS=8.317508
09-27 01:44:56.365 11031 11031 I BosonTree: BOSON_FRAME_GAP_MS=8.374891
09-27 01:44:56.367 11031 11031 I BosonTree: BOSON_LAYOUT id=2 x=24 y=24 width=336 height=64
09-27 01:44:56.367 11031 11031 I BosonTree: BOSON_LAYOUT id=3 x=24 y=100 width=336 height=64
09-27 01:44:56.367 11031 11031 I BosonTree: BOSON_FRAME nodes=2
09-27 01:44:56.367 11031 11031 I BosonTree: BOSON_METRIC dispatch_us=46 render_us=84
09-27 01:44:56.367 11031 11031 I BosonTree: BOSON_TOUCH_RESULT=0 node=3
09-27 01:44:56.374 11031 11031 I BosonTree: BOSON_FRAME_GAP_MS=8.303783
09-27 01:44:56.382 11031 11031 I BosonTree: BOSON_FRAME_GAP_MS=8.299593
09-27 01:44:56.391 11031 11031 I BosonTree: BOSON_FRAME_GAP_MS=8.30039
09-27 01:44:56.399 11031 11031 I BosonTree: BOSON_FRAME_GAP_MS=8.274633
09-27 01:44:56.407 11031 11031 I BosonTree: BOSON_FRAME_GAP_MS=8.313137
09-27 01:44:56.415 11031 11031 I BosonTree: BOSON_FRAME_GAP_MS=8.333591
09-27 01:44:56.424 11031 11031 I BosonTree: BOSON_FRAME_GAP_MS=8.313264
09-27 01:44:56.432 11031 11031 I BosonTree: BOSON_FRAME_GAP_MS=8.301144
09-27 01:44:56.440 11031 11031 I BosonTree: BOSON_FRAME_GAP_MS=8.299985
09-27 01:44:56.449 11031 11031 I BosonTree: BOSON_FRAME_GAP_MS=8.313135
09-27 01:44:56.457 11031 11031 I BosonTree: BOSON_FRAME_GAP_MS=8.304583
09-27 01:44:56.465 11031 11031 I BosonTree: BOSON_FRAME_GAP_MS=8.353955
09-27 01:44:56.473 11031 11031 I BosonTree: BOSON_FRAME_GAP_MS=8.362833
09-27 01:44:56.482 11031 11031 I BosonTree: BOSON_FRAME_GAP_MS=8.388513
09-27 01:44:56.483 11031 11031 I BosonTree: BOSON_LAYOUT id=2 x=24 y=24 width=336 height=64
09-27 01:44:56.483 11031 11031 I BosonTree: BOSON_LAYOUT id=3 x=24 y=100 width=336 height=64
09-27 01:44:56.483 11031 11031 I BosonTree: BOSON_FRAME nodes=2
09-27 01:44:56.483 11031 11031 I BosonTree: BOSON_METRIC dispatch_us=35 render_us=107
09-27 01:44:56.483 11031 11031 I BosonTree: BOSON_TOUCH_RESULT=0 node=3
09-27 01:44:56.491 11031 11031 I BosonTree: BOSON_FRAME_GAP_MS=8.349511
09-27 01:44:56.499 11031 11031 I BosonTree: BOSON_FRAME_GAP_MS=8.357555
09-27 01:44:56.507 11031 11031 I BosonTree: BOSON_FRAME_GAP_MS=8.336066
09-27 01:44:56.515 11031 11031 I BosonTree: BOSON_FRAME_GAP_MS=8.341187
09-27 01:44:56.524 11031 11031 I BosonTree: BOSON_FRAME_GAP_MS=8.370319
09-27 01:44:56.532 11031 11031 I BosonTree: BOSON_FRAME_GAP_MS=8.378694
09-27 01:44:56.540 11031 11031 I BosonTree: BOSON_FRAME_GAP_MS=8.329574
09-27 01:44:56.549 11031 11031 I BosonTree: BOSON_FRAME_GAP_MS=8.327986
09-27 01:44:56.557 11031 11031 I BosonTree: BOSON_FRAME_GAP_MS=8.330374
09-27 01:44:56.565 11031 11031 I BosonTree: BOSON_FRAME_GAP_MS=8.323901
09-27 01:44:56.574 11031 11031 I BosonTree: BOSON_FRAME_GAP_MS=8.333137
09-27 01:44:56.582 11031 11031 I BosonTree: BOSON_FRAME_GAP_MS=8.342186
09-27 01:44:56.590 11031 11031 I BosonTree: BOSON_FRAME_GAP_MS=8.338325
09-27 01:44:56.591 11031 11031 I BosonTree: BOSON_LAYOUT id=2 x=24 y=24 width=336 height=64
09-27 01:44:56.591 11031 11031 I BosonTree: BOSON_LAYOUT id=3 x=24 y=100 width=336 height=64
09-27 01:44:56.591 11031 11031 I BosonTree: BOSON_FRAME nodes=2
09-27 01:44:56.591 11031 11031 I BosonTree: BOSON_METRIC dispatch_us=24 render_us=93
09-27 01:44:56.591 11031 11031 I BosonTree: BOSON_TOUCH_RESULT=0 node=3
09-27 01:44:56.599 11031 11031 I BosonTree: BOSON_FRAME_GAP_MS=8.325854
09-27 01:44:56.607 11031 11031 I BosonTree: BOSON_FRAME_GAP_MS=8.337664
09-27 01:44:56.616 11031 11031 I BosonTree: BOSON_FRAME_GAP_MS=8.326343
09-27 01:44:56.624 11031 11031 I BosonTree: BOSON_FRAME_GAP_MS=8.349973
09-27 01:44:56.632 11031 11031 I BosonTree: BOSON_FRAME_GAP_MS=8.342299
09-27 01:44:56.640 11031 11031 I BosonTree: BOSON_FRAME_GAP_MS=8.330753
09-27 01:44:56.649 11031 11031 I BosonTree: BOSON_FRAME_GAP_MS=8.333853
09-27 01:44:56.657 11031 11031 I BosonTree: BOSON_FRAME_GAP_MS=8.328207
09-27 01:44:56.665 11031 11031 I BosonTree: BOSON_FRAME_GAP_MS=8.327815
09-27 01:44:56.674 11031 11031 I BosonTree: BOSON_FRAME_GAP_MS=8.335511
09-27 01:44:56.682 11031 11031 I BosonTree: BOSON_FRAME_GAP_MS=8.337083
09-27 01:44:56.690 11031 11031 I BosonTree: BOSON_FRAME_GAP_MS=8.336282
09-27 01:44:56.691 11031 11031 I BosonTree: BOSON_LAYOUT id=2 x=24 y=24 width=336 height=64
09-27 01:44:56.691 11031 11031 I BosonTree: BOSON_LAYOUT id=3 x=24 y=100 width=336 height=64
09-27 01:44:56.691 11031 11031 I BosonTree: BOSON_FRAME nodes=2
09-27 01:44:56.691 11031 11031 I BosonTree: BOSON_METRIC dispatch_us=49 render_us=100
09-27 01:44:56.691 11031 11031 I BosonTree: BOSON_TOUCH_RESULT=0 node=3
09-27 01:44:56.699 11031 11031 I BosonTree: BOSON_FRAME_GAP_MS=8.353694
09-27 01:44:56.707 11031 11031 I BosonTree: BOSON_FRAME_GAP_MS=8.342235
09-27 01:44:56.716 11031 11031 I BosonTree: BOSON_FRAME_GAP_MS=8.341818
09-27 01:44:56.724 11031 11031 I BosonTree: BOSON_FRAME_GAP_MS=8.340475
09-27 01:44:56.732 11031 11031 I BosonTree: BOSON_FRAME_GAP_MS=8.34103
09-27 01:44:56.740 11031 11031 I BosonTree: BOSON_FRAME_GAP_MS=8.340248
09-27 01:44:56.749 11031 11031 I BosonTree: BOSON_FRAME_GAP_MS=8.334073
09-27 01:44:56.757 11031 11031 I BosonTree: BOSON_FRAME_GAP_MS=8.336907
09-27 01:44:56.765 11031 11031 I BosonTree: BOSON_FRAME_GAP_MS=8.333522
09-27 01:44:56.774 11031 11031 I BosonTree: BOSON_FRAME_GAP_MS=8.334218
09-27 01:44:56.782 11031 11031 I BosonTree: BOSON_FRAME_GAP_MS=8.329816
09-27 01:44:56.791 11031 11031 I BosonTree: BOSON_FRAME_GAP_MS=8.335996
09-27 01:44:56.791 11031 11031 I BosonTree: BOSON_LAYOUT id=2 x=24 y=24 width=336 height=64
09-27 01:44:56.791 11031 11031 I BosonTree: BOSON_LAYOUT id=3 x=24 y=100 width=336 height=64
09-27 01:44:56.791 11031 11031 I BosonTree: BOSON_FRAME nodes=2
09-27 01:44:56.791 11031 11031 I BosonTree: BOSON_METRIC dispatch_us=25 render_us=76
09-27 01:44:56.791 11031 11031 I BosonTree: BOSON_TOUCH_RESULT=0 node=3
09-27 01:44:56.799 11031 11031 I BosonTree: BOSON_FRAME_GAP_MS=8.341091
09-27 01:44:56.807 11031 11031 I BosonTree: BOSON_FRAME_GAP_MS=8.337368
09-27 01:44:56.815 11031 11031 I BosonTree: BOSON_FRAME_GAP_MS=8.345375
09-27 01:44:56.824 11031 11031 I BosonTree: BOSON_FRAME_GAP_MS=8.342812
09-27 01:44:56.832 11031 11031 I BosonTree: BOSON_FRAME_GAP_MS=8.337452
09-27 01:44:56.840 11031 11031 I BosonTree: BOSON_FRAME_GAP_MS=8.335445
09-27 01:44:56.849 11031 11031 I BosonTree: BOSON_FRAME_GAP_MS=8.341427
09-27 01:44:56.857 11031 11031 I BosonTree: BOSON_FRAME_GAP_MS=8.336957
09-27 01:44:56.865 11031 11031 I BosonTree: BOSON_FRAME_GAP_MS=8.336726
09-27 01:44:56.874 11031 11031 I BosonTree: BOSON_FRAME_GAP_MS=8.336156
09-27 01:44:56.882 11031 11031 I BosonTree: BOSON_FRAME_GAP_MS=8.335532
09-27 01:44:56.883 11031 11031 I BosonTree: BOSON_LAYOUT id=2 x=24 y=24 width=336 height=64
09-27 01:44:56.883 11031 11031 I BosonTree: BOSON_LAYOUT id=3 x=24 y=100 width=336 height=64
09-27 01:44:56.883 11031 11031 I BosonTree: BOSON_FRAME nodes=2
09-27 01:44:56.883 11031 11031 I BosonTree: BOSON_METRIC dispatch_us=49 render_us=84
09-27 01:44:56.883 11031 11031 I BosonTree: BOSON_TOUCH_RESULT=0 node=3
09-27 01:44:56.891 11031 11031 I BosonTree: BOSON_FRAME_GAP_MS=8.351163
09-27 01:44:56.899 11031 11031 I BosonTree: BOSON_FRAME_GAP_MS=8.337759
09-27 01:44:56.907 11031 11031 I BosonTree: BOSON_FRAME_GAP_MS=8.342016
09-27 01:44:56.916 11031 11031 I BosonTree: BOSON_FRAME_GAP_MS=8.354831
09-27 01:44:56.924 11031 11031 I BosonTree: BOSON_FRAME_GAP_MS=8.340728
09-27 01:44:56.932 11031 11031 I BosonTree: BOSON_FRAME_GAP_MS=8.340494
09-27 01:44:56.940 11031 11031 I BosonTree: BOSON_FRAME_GAP_MS=8.34453
09-27 01:44:56.949 11031 11031 I BosonTree: BOSON_FRAME_GAP_MS=8.33072
09-27 01:44:56.957 11031 11031 I BosonTree: BOSON_FRAME_GAP_MS=8.327609
09-27 01:44:56.966 11031 11031 I BosonTree: BOSON_FRAME_GAP_MS=8.327632
09-27 01:44:56.974 11031 11031 I BosonTree: BOSON_FRAME_GAP_MS=8.329458
09-27 01:44:56.982 11031 11031 I BosonTree: BOSON_FRAME_GAP_MS=8.333814
09-27 01:44:56.982 11031 11031 I BosonTree: BOSON_LAYOUT id=2 x=24 y=24 width=336 height=64
09-27 01:44:56.982 11031 11031 I BosonTree: BOSON_LAYOUT id=3 x=24 y=100 width=336 height=64
09-27 01:44:56.982 11031 11031 I BosonTree: BOSON_FRAME nodes=2
09-27 01:44:56.982 11031 11031 I BosonTree: BOSON_METRIC dispatch_us=34 render_us=80
09-27 01:44:56.982 11031 11031 I BosonTree: BOSON_TOUCH_RESULT=0 node=3
09-27 01:44:56.992 11031 11031 I BosonTree: BOSON_FRAME_GAP_MS=8.336826
09-27 01:44:56.999 11031 11031 I BosonTree: BOSON_FRAME_GAP_MS=8.329469
09-27 01:44:57.007 11031 11031 I BosonTree: BOSON_FRAME_GAP_MS=8.350638
09-27 01:44:57.016 11031 11031 I BosonTree: BOSON_FRAME_GAP_MS=8.351353
09-27 01:44:57.024 11031 11031 I BosonTree: BOSON_FRAME_GAP_MS=8.335363
09-27 01:44:57.032 11031 11031 I BosonTree: BOSON_FRAME_GAP_MS=8.335372
09-27 01:44:57.041 11031 11031 I BosonTree: BOSON_FRAME_GAP_MS=8.345078
09-27 01:44:57.049 11031 11031 I BosonTree: BOSON_FRAME_GAP_MS=8.329801
09-27 01:44:57.057 11031 11031 I BosonTree: BOSON_FRAME_GAP_MS=8.335122
09-27 01:44:57.066 11031 11031 I BosonTree: BOSON_FRAME_GAP_MS=8.33226
09-27 01:44:57.074 11031 11031 I BosonTree: BOSON_FRAME_GAP_MS=8.327679
09-27 01:44:57.082 11031 11031 I BosonTree: BOSON_FRAME_GAP_MS=8.338773
09-27 01:44:57.091 11031 11031 I BosonTree: BOSON_FRAME_GAP_MS=8.333962
09-27 01:44:57.099 11031 11031 I BosonTree: BOSON_FRAME_GAP_MS=8.344998
09-27 01:44:57.108 11031 11031 I BosonTree: BOSON_FRAME_GAP_MS=8.345657
09-27 01:44:57.109 11031 11031 I BosonTree: BOSON_LAYOUT id=2 x=24 y=24 width=336 height=64
09-27 01:44:57.109 11031 11031 I BosonTree: BOSON_LAYOUT id=3 x=24 y=100 width=336 height=64
09-27 01:44:57.109 11031 11031 I BosonTree: BOSON_FRAME nodes=2
09-27 01:44:57.109 11031 11031 I BosonTree: BOSON_METRIC dispatch_us=43 render_us=233
09-27 01:44:57.109 11031 11031 I BosonTree: BOSON_TOUCH_RESULT=0 node=3
09-27 01:44:57.116 11031 11031 I BosonTree: BOSON_FRAME_GAP_MS=8.334496
09-27 01:44:57.124 11031 11031 I BosonTree: BOSON_FRAME_GAP_MS=8.32888
09-27 01:44:57.133 11031 11031 I BosonTree: BOSON_FRAME_GAP_MS=8.351491
09-27 01:44:57.141 11031 11031 I BosonTree: BOSON_FRAME_GAP_MS=8.338557
09-27 01:44:57.149 11031 11031 I BosonTree: BOSON_FRAME_GAP_MS=8.337194
09-27 01:44:57.158 11031 11031 I BosonTree: BOSON_FRAME_GAP_MS=8.338244
09-27 01:44:57.166 11031 11031 I BosonTree: BOSON_FRAME_GAP_MS=8.332105
09-27 01:44:57.174 11031 11031 I BosonTree: BOSON_FRAME_GAP_MS=8.359649
09-27 01:44:57.182 11031 11031 I BosonTree: BOSON_FRAME_GAP_MS=8.362545
09-27 01:44:57.191 11031 11031 I BosonTree: BOSON_FRAME_GAP_MS=8.338942
09-27 01:44:57.199 11031 11031 I BosonTree: BOSON_FRAME_GAP_MS=8.337503
09-27 01:44:57.208 11031 11031 I BosonTree: BOSON_FRAME_GAP_MS=8.339082
09-27 01:44:57.216 11031 11031 I BosonTree: BOSON_FRAME_GAP_MS=8.331595
09-27 01:44:57.224 11031 11031 I BosonTree: BOSON_FRAME_GAP_MS=8.326523
09-27 01:44:57.232 11031 11031 I BosonTree: BOSON_FRAME_GAP_MS=8.327943
09-27 01:44:57.241 11031 11031 I BosonTree: BOSON_FRAME_GAP_MS=8.334203
09-27 01:44:57.249 11031 11031 I BosonTree: BOSON_FRAME_GAP_MS=8.322422
09-27 01:44:57.250 11031 11031 I BosonTree: BOSON_LAYOUT id=2 x=24 y=24 width=336 height=64
09-27 01:44:57.250 11031 11031 I BosonTree: BOSON_LAYOUT id=3 x=24 y=100 width=336 height=64
09-27 01:44:57.250 11031 11031 I BosonTree: BOSON_FRAME nodes=2
09-27 01:44:57.250 11031 11031 I BosonTree: BOSON_METRIC dispatch_us=43 render_us=235
09-27 01:44:57.250 11031 11031 I BosonTree: BOSON_TOUCH_RESULT=0 node=3
09-27 01:44:57.258 11031 11031 I BosonTree: BOSON_FRAME_GAP_MS=8.323064
09-27 01:44:57.266 11031 11031 I BosonTree: BOSON_FRAME_GAP_MS=8.329903
09-27 01:44:57.274 11031 11031 I BosonTree: BOSON_FRAME_GAP_MS=8.336665
09-27 01:44:57.283 11031 11031 I BosonTree: BOSON_FRAME_GAP_MS=8.336056
09-27 01:44:57.291 11031 11031 I BosonTree: BOSON_FRAME_GAP_MS=8.33567
09-27 01:44:57.300 11031 11031 I BosonTree: BOSON_FRAME_GAP_MS=8.34754
09-27 01:44:57.308 11031 11031 I BosonTree: BOSON_FRAME_GAP_MS=8.343681
09-27 01:44:57.316 11031 11031 I BosonTree: BOSON_FRAME_GAP_MS=8.360841
09-27 01:44:57.324 11031 11031 I BosonTree: BOSON_FRAME_GAP_MS=8.367535
09-27 01:44:57.333 11031 11031 I BosonTree: BOSON_FRAME_GAP_MS=8.32722
09-27 01:44:57.341 11031 11031 I BosonTree: BOSON_FRAME_GAP_MS=8.338306
09-27 01:44:57.349 11031 11031 I BosonTree: BOSON_FRAME_GAP_MS=8.339793
09-27 01:44:57.357 11031 11031 I BosonTree: BOSON_FRAME_GAP_MS=8.331774
09-27 01:44:57.366 11031 11031 I BosonTree: BOSON_FRAME_GAP_MS=8.348013
09-27 01:44:57.375 11031 11031 I BosonTree: BOSON_FRAME_GAP_MS=8.326059
09-27 01:44:57.377 11031 11031 I BosonTree: BOSON_LAYOUT id=2 x=24 y=24 width=336 height=64
09-27 01:44:57.377 11031 11031 I BosonTree: BOSON_LAYOUT id=3 x=24 y=100 width=336 height=64
09-27 01:44:57.377 11031 11031 I BosonTree: BOSON_FRAME nodes=2
09-27 01:44:57.377 11031 11031 I BosonTree: BOSON_METRIC dispatch_us=42 render_us=219
09-27 01:44:57.377 11031 11031 I BosonTree: BOSON_TOUCH_RESULT=0 node=3
09-27 01:44:57.383 11031 11031 I BosonTree: BOSON_FRAME_GAP_MS=8.32633
09-27 01:44:57.391 11031 11031 I BosonTree: BOSON_FRAME_GAP_MS=8.324058
09-27 01:44:57.399 11031 11031 I BosonTree: BOSON_FRAME_GAP_MS=8.323079
09-27 01:44:57.408 11031 11031 I BosonTree: BOSON_FRAME_GAP_MS=8.340324
09-27 01:44:57.416 11031 11031 I BosonTree: BOSON_FRAME_GAP_MS=8.335437
09-27 01:44:57.424 11031 11031 I BosonTree: BOSON_FRAME_GAP_MS=8.340551
09-27 01:44:57.433 11031 11031 I BosonTree: BOSON_FRAME_GAP_MS=8.328255
09-27 01:44:57.441 11031 11031 I BosonTree: BOSON_FRAME_GAP_MS=8.344062
09-27 01:44:57.449 11031 11031 I BosonTree: BOSON_FRAME_GAP_MS=8.361282
09-27 01:44:57.457 11031 11031 I BosonTree: BOSON_FRAME_GAP_MS=8.331172
09-27 01:44:57.466 11031 11031 I BosonTree: BOSON_FRAME_GAP_MS=8.329725
09-27 01:44:57.474 11031 11031 I BosonTree: BOSON_FRAME_GAP_MS=8.329153
09-27 01:44:57.482 11031 11031 I BosonTree: BOSON_FRAME_GAP_MS=8.341509
09-27 01:44:57.491 11031 11031 I BosonTree: BOSON_FRAME_GAP_MS=8.357774
09-27 01:44:57.499 11031 11031 I BosonTree: BOSON_FRAME_GAP_MS=8.334053
09-27 01:44:57.507 11031 11031 I BosonTree: BOSON_FRAME_GAP_MS=8.349814
09-27 01:44:57.508 11031 11031 I BosonTree: BOSON_LAYOUT id=2 x=24 y=24 width=336 height=64
09-27 01:44:57.508 11031 11031 I BosonTree: BOSON_LAYOUT id=3 x=24 y=100 width=336 height=64
09-27 01:44:57.508 11031 11031 I BosonTree: BOSON_FRAME nodes=2
09-27 01:44:57.508 11031 11031 I BosonTree: BOSON_METRIC dispatch_us=44 render_us=258
09-27 01:44:57.508 11031 11031 I BosonTree: BOSON_TOUCH_RESULT=0 node=3
09-27 01:44:57.516 11031 11031 I BosonTree: BOSON_FRAME_GAP_MS=8.330009
09-27 01:44:57.524 11031 11031 I BosonTree: BOSON_FRAME_GAP_MS=8.338531
09-27 01:44:57.533 11031 11031 I BosonTree: BOSON_FRAME_GAP_MS=8.334299
09-27 01:44:57.541 11031 11031 I BosonTree: BOSON_FRAME_GAP_MS=8.343611
09-27 01:44:57.549 11031 11031 I BosonTree: BOSON_FRAME_GAP_MS=8.351041
09-27 01:44:57.558 11031 11031 I BosonTree: BOSON_FRAME_GAP_MS=8.440595
09-27 01:44:57.566 11031 11031 I BosonTree: BOSON_FRAME_GAP_MS=8.3176
09-27 01:44:57.574 11031 11031 I BosonTree: BOSON_FRAME_GAP_MS=8.314572
09-27 01:44:57.583 11031 11031 I BosonTree: BOSON_FRAME_GAP_MS=8.319948
09-27 01:44:57.591 11031 11031 I BosonTree: BOSON_FRAME_GAP_MS=8.330144
09-27 01:44:57.599 11031 11031 I BosonTree: BOSON_FRAME_GAP_MS=8.329227
09-27 01:44:57.609 11031 11031 I BosonTree: BOSON_FRAME_GAP_MS=8.330299
09-27 01:44:57.616 11031 11031 I BosonTree: BOSON_FRAME_GAP_MS=8.332195
09-27 01:44:57.624 11031 11031 I BosonTree: BOSON_FRAME_GAP_MS=8.338753
09-27 01:44:57.633 11031 11031 I BosonTree: BOSON_FRAME_GAP_MS=8.325608
09-27 01:44:57.641 11031 11031 I BosonTree: BOSON_FRAME_GAP_MS=8.326069
09-27 01:44:57.649 11031 11031 I BosonTree: BOSON_FRAME_GAP_MS=8.32436
09-27 01:44:57.658 11031 11031 I BosonTree: BOSON_FRAME_GAP_MS=8.324438
09-27 01:44:57.666 11031 11031 I BosonTree: BOSON_FRAME_GAP_MS=8.326282
09-27 01:44:57.674 11031 11031 I BosonTree: BOSON_FRAME_GAP_MS=8.327
09-27 01:44:57.683 11031 11031 I BosonTree: BOSON_FRAME_GAP_MS=8.335877
09-27 01:44:57.691 11031 11031 I BosonTree: BOSON_FRAME_GAP_MS=8.371414
