--------- beginning of main
09-27 01:44:32.676 10618 10618 I BosonTree: BOSON_CONTENTION busy_ms=40 background_workers=0 refresh_hz=120.00001
09-27 01:44:32.685 10618 10618 I BosonTree: BOSON_NODE_CREATE id=2 tag=text
09-27 01:44:32.685 10618 10618 I BosonTree: BOSON_LAYOUT id=2 x=24 y=24 width=336 height=64
09-27 01:44:32.685 10618 10618 I BosonTree: BOSON_NODE_CREATE id=3 tag=button
09-27 01:44:32.685 10618 10618 I BosonTree: BOSON_LAYOUT id=3 x=24 y=100 width=336 height=64
09-27 01:44:32.685 10618 10618 I BosonTree: BOSON_FRAME nodes=2
09-27 01:44:32.685 10618 10618 I BosonTree: BOSON_METRIC init_total_us=9145 scenario=contention
09-27 01:44:32.693 10618 10618 I BosonTree: BOSON_FRAME_GAP_MS=8.335894
09-27 01:44:32.702 10618 10618 I BosonTree: BOSON_FRAME_GAP_MS=8.328287
09-27 01:44:32.710 10618 10618 I BosonTree: BOSON_FRAME_GAP_MS=8.336755
09-27 01:44:32.718 10618 10618 I BosonTree: BOSON_FRAME_GAP_MS=8.330384
09-27 01:44:32.727 10618 10618 I BosonTree: BOSON_FRAME_GAP_MS=8.330652
09-27 01:44:32.735 10618 10618 I BosonTree: BOSON_FRAME_GAP_MS=8.333255
09-27 01:44:32.743 10618 10618 I BosonTree: BOSON_FRAME_GAP_MS=8.351289
09-27 01:44:32.751 10618 10618 I BosonTree: BOSON_FRAME_GAP_MS=8.334238
09-27 01:44:32.760 10618 10618 I BosonTree: BOSON_FRAME_GAP_MS=8.338861
09-27 01:44:32.768 10618 10618 I BosonTree: BOSON_FRAME_GAP_MS=8.3371
09-27 01:44:32.776 10618 10618 I BosonTree: BOSON_FRAME_GAP_MS=8.336928
09-27 01:44:32.785 10618 10618 I BosonTree: BOSON_FRAME_GAP_MS=8.338925
09-27 01:44:32.793 10618 10618 I BosonTree: BOSON_FRAME_GAP_MS=8.338245
09-27 01:44:32.802 10618 10618 I BosonTree: BOSON_FRAME_GAP_MS=8.35762
09-27 01:44:32.843 10618 10618 I BosonTree: BOSON_LAYOUT id=2 x=24 y=24 width=336 height=64
09-27 01:44:32.843 10618 10618 I BosonTree: BOSON_LAYOUT id=3 x=24 y=100 width=336 height=64
09-27 01:44:32.843 10618 10618 I BosonTree: BOSON_FRAME nodes=2
09-27 01:44:32.843 10618 10618 I BosonTree: BOSON_METRIC dispatch_us=40200 render_us=331
09-27 01:44:32.843 10618 10618 I BosonTree: BOSON_TOUCH_RESULT=0 node=3
09-27 01:44:32.843 10618 10618 I BosonTree: BOSON_FRAME_GAP_MS=41.690711
09-27 01:44:32.852 10618 10618 I BosonTree: BOSON_FRAME_GAP_MS=8.354119
09-27 01:44:32.860 10618 10618 I BosonTree: BOSON_FRAME_GAP_MS=8.338919
09-27 01:44:32.868 10618 10618 I BosonTree: BOSON_FRAME_GAP_MS=8.334717
09-27 01:44:32.877 10618 10618 I BosonTree: BOSON_FRAME_GAP_MS=8.37306
09-27 01:44:32.917 10618 10618 I BosonTree: BOSON_LAYOUT id=2 x=24 y=24 width=336 height=64
09-27 01:44:32.917 10618 10618 I BosonTree: BOSON_LAYOUT id=3 x=24 y=100 width=336 height=64
09-27 01:44:32.917 10618 10618 I BosonTree: BOSON_FRAME nodes=2
09-27 01:44:32.917 10618 10618 I BosonTree: BOSON_METRIC dispatch_us=39385 render_us=279
09-27 01:44:32.917 10618 10618 I BosonTree: BOSON_TOUCH_RESULT=0 node=3
09-27 01:44:32.917 10618 10618 I BosonTree: BOSON_FRAME_GAP_MS=33.354603
09-27 01:44:32.918 10618 10618 I BosonTree: BOSON_FRAME_GAP_MS=8.291765
09-27 01:44:32.927 10618 10618 I BosonTree: BOSON_FRAME_GAP_MS=8.328397
09-27 01:44:32.935 10618 10618 I BosonTree: BOSON_FRAME_GAP_MS=8.332119
09-27 01:44:32.943 10618 10618 I BosonTree: BOSON_FRAME_GAP_MS=8.333823
09-27 01:44:32.952 10618 10618 I BosonTree: BOSON_FRAME_GAP_MS=8.336517
09-27 01:44:32.992 10618 10618 I BosonTree: BOSON_LAYOUT id=2 x=24 y=24 width=336 height=64
09-27 01:44:32.992 10618 10618 I BosonTree: BOSON_LAYOUT id=3 x=24 y=100 width=336 height=64
09-27 01:44:32.992 10618 10618 I BosonTree: BOSON_FRAME nodes=2
09-27 01:44:32.992 10618 10618 I BosonTree: BOSON_METRIC dispatch_us=39386 render_us=289
09-27 01:44:32.992 10618 10618 I BosonTree: BOSON_TOUCH_RESULT=0 node=3
09-27 01:44:32.992 10618 10618 I BosonTree: BOSON_FRAME_GAP_MS=33.340315
09-27 01:44:32.993 10618 10618 I BosonTree: BOSON_FRAME_GAP_MS=8.332604
09-27 01:44:33.002 10618 10618 I BosonTree: BOSON_FRAME_GAP_MS=8.335366
09-27 01:44:33.010 10618 10618 I BosonTree: BOSON_FRAME_GAP_MS=8.332653
09-27 01:44:33.050 10618 10618 I BosonTree: BOSON_LAYOUT id=2 x=24 y=24 width=336 height=64
09-27 01:44:33.050 10618 10618 I BosonTree: BOSON_LAYOUT id=3 x=24 y=100 width=336 height=64
09-27 01:44:33.050 10618 10618 I BosonTree: BOSON_FRAME nodes=2
09-27 01:44:33.050 10618 10618 I BosonTree: BOSON_METRIC dispatch_us=39300 render_us=238
09-27 01:44:33.050 10618 10618 I BosonTree: BOSON_TOUCH_RESULT=0 node=3
09-27 01:44:33.050 10618 10618 I BosonTree: BOSON_FRAME_GAP_MS=33.412544
09-27 01:44:33.052 10618 10618 I BosonTree: BOSON_FRAME_GAP_MS=8.370906
09-27 01:44:33.060 10618 10618 I BosonTree: BOSON_FRAME_GAP_MS=8.341846
09-27 01:44:33.068 10618 10618 I BosonTree: BOSON_FRAME_GAP_MS=8.323612
09-27 01:44:33.077 10618 10618 I BosonTree: BOSON_FRAME_GAP_MS=8.324697
09-27 01:44:33.085 10618 10618 I BosonTree: BOSON_FRAME_GAP_MS=8.324095
09-27 01:44:33.126 10618 10618 I BosonTree: BOSON_LAYOUT id=2 x=24 y=24 width=336 height=64
09-27 01:44:33.126 10618 10618 I BosonTree: BOSON_LAYOUT id=3 x=24 y=100 width=336 height=64
09-27 01:44:33.126 10618 10618 I BosonTree: BOSON_FRAME nodes=2
09-27 01:44:33.126 10618 10618 I BosonTree: BOSON_METRIC dispatch_us=39468 render_us=281
09-27 01:44:33.126 10618 10618 I BosonTree: BOSON_TOUCH_RESULT=0 node=3
09-27 01:44:33.126 10618 10618 I BosonTree: BOSON_FRAME_GAP_MS=33.336578
09-27 01:44:33.127 10618 10618 I BosonTree: BOSON_FRAME_GAP_MS=8.300505
09-27 01:44:33.135 10618 10618 I BosonTree: BOSON_FRAME_GAP_MS=8.33496
09-27 01:44:33.144 10618 10618 I BosonTree: BOSON_FRAME_GAP_MS=8.330858
09-27 01:44:33.184 10618 10618 I BosonTree: BOSON_LAYOUT id=2 x=24 y=24 width=336 height=64
09-27 01:44:33.184 10618 10618 I BosonTree: BOSON_LAYOUT id=3 x=24 y=100 width=336 height=64
09-27 01:44:33.184 10618 10618 I BosonTree: BOSON_FRAME nodes=2
09-27 01:44:33.184 10618 10618 I BosonTree: BOSON_METRIC dispatch_us=39323 render_us=240
09-27 01:44:33.184 10618 10618 I BosonTree: BOSON_TOUCH_RESULT=0 node=3
09-27 01:44:33.184 10618 10618 I BosonTree: BOSON_FRAME_GAP_MS=33.329703
09-27 01:44:33.185 10618 10618 I BosonTree: BOSON_FRAME_GAP_MS=8.352521
09-27 01:44:33.193 10618 10618 I BosonTree: BOSON_FRAME_GAP_MS=8.334804
09-27 01:44:33.202 10618 10618 I BosonTree: BOSON_FRAME_GAP_MS=8.364017
09-27 01:44:33.243 10618 10618 I BosonTree: BOSON_LAYOUT id=2 x=24 y=24 width=336 height=64
09-27 01:44:33.243 10618 10618 I BosonTree: BOSON_LAYOUT id=3 x=24 y=100 width=336 height=64
09-27 01:44:33.243 10618 10618 I BosonTree: BOSON_FRAME nodes=2
09-27 01:44:33.243 10618 10618 I BosonTree: BOSON_METRIC dispatch_us=39891 render_us=263
09-27 01:44:33.243 10618 10618 I BosonTree: BOSON_TOUCH_RESULT=0 node=3
09-27 01:44:33.243 10618 10618 I BosonTree: BOSON_FRAME_GAP_MS=33.351523
09-27 01:44:33.244 10618 10618 I BosonTree: BOSON_FRAME_GAP_MS=8.374814
09-27 01:44:33.253 10618 10618 I BosonTree: BOSON_FRAME_GAP_MS=8.336239
09-27 01:44:33.260 10618 10618 I BosonTree: BOSON_FRAME_GAP_MS=8.337926
09-27 01:44:33.269 10618 10618 I BosonTree: BOSON_FRAME_GAP_MS=8.342322
09-27 01:44:33.277 10618 10618 I BosonTree: BOSON_FRAME_GAP_MS=8.331208
09-27 01:44:33.318 10618 10618 I BosonTree: BOSON_LAYOUT id=2 x=24 y=24 width=336 height=64
09-27 01:44:33.318 10618 10618 I BosonTree: BOSON_LAYOUT id=3 x=24 y=100 width=336 height=64
09-27 01:44:33.318 10618 10618 I BosonTree: BOSON_FRAME nodes=2
09-27 01:44:33.318 10618 10618 I BosonTree: BOSON_METRIC dispatch_us=39972 render_us=258
09-27 01:44:33.318 10618 10618 I BosonTree: BOSON_TOUCH_RESULT=0 node=3
09-27 01:44:33.318 10618 10618 I BosonTree: BOSON_FRAME_GAP_MS=33.348899
09-27 01:44:33.319 10618 10618 I BosonTree: BOSON_FRAME_GAP_MS=8.333563
09-27 01:44:33.328 10618 10618 I BosonTree: BOSON_FRAME_GAP_MS=8.338638
09-27 01:44:33.335 10618 10618 I BosonTree: BOSON_FRAME_GAP_MS=8.33593
09-27 01:44:33.344 10618 10618 I BosonTree: BOSON_FRAME_GAP_MS=8.349469
09-27 01:44:33.386 10618 10618 I BosonTree: BOSON_LAYOUT id=2 x=24 y=24 width=336 height=64
09-27 01:44:33.386 10618 10618 I BosonTree: BOSON_LAYOUT id=3 x=24 y=100 width=336 height=64
09-27 01:44:33.386 10618 10618 I BosonTree: BOSON_FRAME nodes=2
09-27 01:44:33.386 10618 10618 I BosonTree: BOSON_METRIC dispatch_us=39965 render_us=415
09-27 01:44:33.386 10618 10618 I BosonTree: BOSON_TOUCH_RESULT=0 node=3
09-27 01:44:33.386 10618 10618 I BosonTree: BOSON_FRAME_GAP_MS=41.686858
09-27 01:44:33.394 10618 10618 I BosonTree: BOSON_FRAME_GAP_MS=8.321354
09-27 01:44:33.402 10618 10618 I BosonTree: BOSON_FRAME_GAP_MS=8.340565
09-27 01:44:33.412 10618 10618 I BosonTree: BOSON_FRAME_GAP_MS=8.340815
09-27 01:44:33.419 10618 10618 I BosonTree: BOSON_FRAME_GAP_MS=8.343546
09-27 01:44:33.427 10618 10618 I BosonTree: BOSON_FRAME_GAP_MS=8.339142
09-27 01:44:33.435 10618 10618 I BosonTree: BOSON_FRAME_GAP_MS=8.336008
09-27 01:44:33.476 10618 10618 I BosonTree: BOSON_LAYOUT id=2 x=24 y=24 width=336 height=64
09-27 01:44:33.476 10618 10618 I BosonTree: BOSON_LAYOUT id=3 x=24 y=100 width=336 height=64
09-27 01:44:33.476 10618 10618 I BosonTree: BOSON_FRAME nodes=2
09-27 01:44:33.476 10618 10618 I BosonTree: BOSON_METRIC dispatch_us=39371 render_us=385
09-27 01:44:33.476 10618 10618 I BosonTree: BOSON_TOUCH_RESULT=0 node=3
09-27 01:44:33.476 10618 10618 I BosonTree: BOSON_FRAME_GAP_MS=33.360276
09-27 01:44:33.477 10618 10618 I BosonTree: BOSON_FRAME_GAP_MS=8.33695
09-27 01:44:33.486 10618 10618 I BosonTree: BOSON_FRAME_GAP_MS=8.338454
09-27 01:44:33.494 10618 10618 I BosonTree: BOSON_FRAME_GAP_MS=8.334964
09-27 01:44:33.502 10618 10618 I BosonTree: BOSON_FRAME_GAP_MS=8.332409
09-27 01:44:33.511 10618 10618 I BosonTree: BOSON_FRAME_GAP_MS=8.362427
09-27 01:44:33.519 10618 10618 I BosonTree: BOSON_FRAME_GAP_MS=8.341999
09-27 01:44:33.527 10618 10618 I BosonTree: BOSON_FRAME_GAP_MS=8.339947
09-27 01:44:33.568 10618 10618 I BosonTree: BOSON_LAYOUT id=2 x=24 y=24 width=336 height=64
09-27 01:44:33.568 10618 10618 I BosonTree: BOSON_LAYOUT id=3 x=24 y=100 width=336 height=64
09-27 01:44:33.568 10618 10618 I BosonTree: BOSON_FRAME nodes=2
09-27 01:44:33.568 10618 10618 I BosonTree: BOSON_METRIC dispatch_us=39898 render_us=328
09-27 01:44:33.568 10618 10618 I BosonTree: BOSON_TOUCH_RESULT=0 node=3
09-27 01:44:33.568 10618 10618 I BosonTree: BOSON_FRAME_GAP_MS=33.354282
09-27 01:44:33.569 10618 10618 I BosonTree: BOSON_FRAME_GAP_MS=8.341366
09-27 01:44:33.578 10618 10618 I BosonTree: BOSON_FRAME_GAP_MS=8.339617
09-27 01:44:33.586 10618 10618 I BosonTree: BOSON_FRAME_GAP_MS=8.332825
09-27 01:44:33.594 10618 10618 I BosonTree: BOSON_FRAME_GAP_MS=8.33185
09-27 01:44:33.634 10618 10618 I BosonTree: BOSON_LAYOUT id=2 x=24 y=24 width=336 height=64
09-27 01:44:33.634 10618 10618 I BosonTree: BOSON_LAYOUT id=3 x=24 y=100 width=336 height=64
09-27 01:44:33.634 10618 10618 I BosonTree: BOSON_FRAME nodes=2
09-27 01:44:33.634 10618 10618 I BosonTree: BOSON_METRIC dispatch_us=39103 render_us=348
09-27 01:44:33.634 10618 10618 I BosonTree: BOSON_TOUCH_RESULT=0 node=3
09-27 01:44:33.634 10618 10618 I BosonTree: BOSON_FRAME_GAP_MS=33.348959
09-27 01:44:33.635 10618 10618 I BosonTree: BOSON_FRAME_GAP_MS=8.338522
09-27 01:44:33.645 10618 10618 I BosonTree: BOSON_FRAME_GAP_MS=8.338282
09-27 01:44:33.653 10618 10618 I BosonTree: BOSON_FRAME_GAP_MS=8.332035
09-27 01:44:33.695 10618 10618 I BosonTree: BOSON_LAYOUT id=2 x=24 y=24 width=336 height=64
09-27 01:44:33.695 10618 10618 I BosonTree: BOSON_LAYOUT id=3 x=24 y=100 width=336 height=64
09-27 01:44:33.695 10618 10618 I BosonTree: BOSON_FRAME nodes=2
09-27 01:44:33.695 10618 10618 I BosonTree: BOSON_METRIC dispatch_us=40084 render_us=293
09-27 01:44:33.695 10618 10618 I BosonTree: BOSON_TOUCH_RESULT=0 node=3
09-27 01:44:33.695 10618 10618 I BosonTree: BOSON_FRAME_GAP_MS=41.680021
09-27 01:44:33.703 10618 10618 I BosonTree: BOSON_FRAME_GAP_MS=8.351675
09-27 01:44:33.711 10618 10618 I BosonTree: BOSON_FRAME_GAP_MS=8.329469
09-27 01:44:33.719 10618 10618 I BosonTree: BOSON_FRAME_GAP_MS=8.333157
09-27 01:44:33.727 10618 10618 I BosonTree: BOSON_FRAME_GAP_MS=8.34205
09-27 01:44:33.736 10618 10618 I BosonTree: BOSON_FRAME_GAP_MS=8.335099
09-27 01:44:33.744 10618 10618 I BosonTree: BOSON_FRAME_GAP_MS=8.324583
09-27 01:44:33.785 10618 10618 I BosonTree: BOSON_LAYOUT id=2 x=24 y=24 width=336 height=64
09-27 01:44:33.785 10618 10618 I BosonTree: BOSON_LAYOUT id=3 x=24 y=100 width=336 height=64
09-27 01:44:33.785 10618 10618 I BosonTree: BOSON_FRAME nodes=2
09-27 01:44:33.785 10618 10618 I BosonTree: BOSON_METRIC dispatch_us=40006 render_us=342
09-27 01:44:33.785 10618 10618 I BosonTree: BOSON_TOUCH_RESULT=0 node=3
09-27 01:44:33.785 10618 10618 I BosonTree: BOSON_FRAME_GAP_MS=41.678786
09-27 01:44:33.796 10618 10618 I BosonTree: BOSON_FRAME_GAP_MS=8.395151
09-27 01:44:33.803 10618 10618 I BosonTree: BOSON_FRAME_GAP_MS=8.337249
09-27 01:44:33.811 10618 10618 I BosonTree: BOSON_FRAME_GAP_MS=8.330393
09-27 01:44:33.819 10618 10618 I BosonTree: BOSON_FRAME_GAP_MS=8.364725
09-27 01:44:33.827 10618 10618 I BosonTree: BOSON_FRAME_GAP_MS=8.333937
09-27 01:44:33.868 10618 10618 I BosonTree: BOSON_LAYOUT id=2 x=24 y=24 width=336 height=64
09-27 01:44:33.868 10618 10618 I BosonTree: BOSON_LAYOUT id=3 x=24 y=100 width=336 height=64
09-27 01:44:33.868 10618 10618 I BosonTree: BOSON_FRAME nodes=2
09-27 01:44:33.868 10618 10618 I BosonTree: BOSON_METRIC dispatch_us=39497 render_us=412
09-27 01:44:33.868 10618 10618 I BosonTree: BOSON_TOUCH_RESULT=0 node=3
09-27 01:44:33.868 10618 10618 I BosonTree: BOSON_FRAME_GAP_MS=33.343719
09-27 01:44:33.869 10618 10618 I BosonTree: BOSON_FRAME_GAP_MS=8.342534
09-27 01:44:33.878 10618 10618 I BosonTree: BOSON_FRAME_GAP_MS=8.340036
09-27 01:44:33.886 10618 10618 I BosonTree: BOSON_FRAME_GAP_MS=8.328524
09-27 01:44:33.895 10618 10618 I BosonTree: BOSON_FRAME_GAP_MS=8.332282
09-27 01:44:33.903 10618 10618 I BosonTree: BOSON_FRAME_GAP_MS=8.328085
09-27 01:44:33.911 10618 10618 I BosonTree: BOSON_FRAME_GAP_MS=8.322659
09-27 01:44:33.920 10618 10618 I BosonTree: BOSON_FRAME_GAP_MS=8.341218
09-27 01:44:33.928 10618 10618 I BosonTree: BOSON_FRAME_GAP_MS=8.37755
09-27 01:44:33.936 10618 10618 I BosonTree: BOSON_FRAME_GAP_MS=8.339179
09-27 01:44:33.977 10618 10618 I BosonTree: BOSON_LAYOUT id=2 x=24 y=24 width=336 height=64
09-27 01:44:33.977 10618 10618 I BosonTree: BOSON_LAYOUT id=3 x=24 y=100 width=336 height=64
09-27 01:44:33.977 10618 10618 I BosonTree: BOSON_FRAME nodes=2
09-27 01:44:33.977 10618 10618 I BosonTree: BOSON_METRIC dispatch_us=39812 render_us=319
09-27 01:44:33.977 10618 10618 I BosonTree: BOSON_TOUCH_RESULT=0 node=3
09-27 01:44:33.977 10618 10618 I BosonTree: BOSON_FRAME_GAP_MS=41.690713
09-27 01:44:33.986 10618 10618 I BosonTree: BOSON_FRAME_GAP_MS=8.33834
09-27 01:44:33.994 10618 10618 I BosonTree: BOSON_FRAME_GAP_MS=8.332373
09-27 01:44:34.002 10618 10618 I BosonTree: BOSON_FRAME_GAP_MS=8.3316
09-27 01:44:34.011 10618 10618 I BosonTree: BOSON_FRAME_GAP_MS=8.333434
09-27 01:44:34.052 10618 10618 I BosonTree: BOSON_LAYOUT id=2 x=24 y=24 width=336 height=64
09-27 01:44:34.052 10618 10618 I BosonTree: BOSON_LAYOUT id=3 x=24 y=100 width=336 height=64
09-27 01:44:34.052 10618 10618 I BosonTree: BOSON_FRAME nodes=2
09-27 01:44:34.052 10618 10618 I BosonTree: BOSON_METRIC dispatch_us=39578 render_us=441
09-27 01:44:34.052 10618 10618 I BosonTree: BOSON_TOUCH_RESULT=0 node=3
09-27 01:44:34.052 10618 10618 I BosonTree: BOSON_FRAME_GAP_MS=41.676781
09-27 01:44:34.062 10618 10618 I BosonTree: BOSON_FRAME_GAP_MS=8.466385
09-27 01:44:34.069 10618 10618 I BosonTree: BOSON_FRAME_GAP_MS=8.313767
09-27 01:44:34.078 10618 10618 I BosonTree: BOSON_FRAME_GAP_MS=8.315952
09-27 01:44:34.087 10618 10618 I BosonTree: BOSON_FRAME_GAP_MS=8.323915
09-27 01:44:34.094 10618 10618 I BosonTree: BOSON_FRAME_GAP_MS=8.318176
09-27 01:44:34.135 10618 10618 I BosonTree: BOSON_LAYOUT id=2 x=24 y=24 width=336 height=64
09-27 01:44:34.135 10618 10618 I BosonTree: BOSON_LAYOUT id=3 x=24 y=100 width=336 height=64
09-27 01:44:34.135 10618 10618 I BosonTree: BOSON_FRAME nodes=2
09-27 01:44:34.135 10618 10618 I BosonTree: BOSON_METRIC dispatch_us=39224 render_us=439
09-27 01:44:34.135 10618 10618 I BosonTree: BOSON_TOUCH_RESULT=0 node=3
09-27 01:44:34.135 10618 10618 I BosonTree: BOSON_FRAME_GAP_MS=41.711767
09-27 01:44:34.145 10618 10618 I BosonTree: BOSON_FRAME_GAP_MS=8.269872
09-27 01:44:34.153 10618 10618 I BosonTree: BOSON_FRAME_GAP_MS=8.318564
09-27 01:44:34.162 10618 10618 I BosonTree: BOSON_FRAME_GAP_MS=8.321956
09-27 01:44:34.203 10618 10618 I BosonTree: BOSON_LAYOUT id=2 x=24 y=24 width=336 height=64
09-27 01:44:34.203 10618 10618 I BosonTree: BOSON_LAYOUT id=3 x=24 y=100 width=336 height=64
09-27 01:44:34.203 10618 10618 I BosonTree: BOSON_FRAME nodes=2
09-27 01:44:34.203 10618 10618 I BosonTree: BOSON_METRIC dispatch_us=39438 render_us=250
09-27 01:44:34.203 10618 10618 I BosonTree: BOSON_TOUCH_RESULT=0 node=3
09-27 01:44:34.203 10618 10618 I BosonTree: BOSON_FRAME_GAP_MS=41.650103
09-27 01:44:34.212 10618 10618 I BosonTree: BOSON_FRAME_GAP_MS=8.423418
09-27 01:44:34.220 10618 10618 I BosonTree: BOSON_FRAME_GAP_MS=8.371889
09-27 01:44:34.227 10618 10618 I BosonTree: BOSON_FRAME_GAP_MS=8.332847
09-27 01:44:34.236 10618 10618 I BosonTree: BOSON_FRAME_GAP_MS=8.354388
09-27 01:44:34.244 10618 10618 I BosonTree: BOSON_FRAME_GAP_MS=8.323836
09-27 01:44:34.285 10618 10618 I BosonTree: BOSON_LAYOUT id=2 x=24 y=24 width=336 height=64
09-27 01:44:34.285 10618 10618 I BosonTree: BOSON_LAYOUT id=3 x=24 y=100 width=336 height=64
09-27 01:44:34.285 10618 10618 I BosonTree: BOSON_FRAME nodes=2
09-27 01:44:34.285 10618 10618 I BosonTree: BOSON_METRIC dispatch_us=39538 render_us=359
09-27 01:44:34.285 10618 10618 I BosonTree: BOSON_TOUCH_RESULT=0 node=3
09-27 01:44:34.285 10618 10618 I BosonTree: BOSON_FRAME_GAP_MS=33.358068
09-27 01:44:34.286 10618 10618 I BosonTree: BOSON_FRAME_GAP_MS=8.31085
09-27 01:44:34.294 10618 10618 I BosonTree: BOSON_FRAME_GAP_MS=8.338873
09-27 01:44:34.303 10618 10618 I BosonTree: BOSON_FRAME_GAP_MS=8.322547
09-27 01:44:34.312 10618 10618 I BosonTree: BOSON_FRAME_GAP_MS=8.325059
09-27 01:44:34.320 10618 10618 I BosonTree: BOSON_FRAME_GAP_MS=8.330917
09-27 01:44:34.328 10618 10618 I BosonTree: BOSON_FRAME_GAP_MS=8.319951
09-27 01:44:34.336 10618 10618 I BosonTree: BOSON_FRAME_GAP_MS=8.321561
09-27 01:44:34.344 10618 10618 I BosonTree: BOSON_FRAME_GAP_MS=8.320419
09-27 01:44:34.352 10618 10618 I BosonTree: BOSON_FRAME_GAP_MS=8.323505
09-27 01:44:34.361 10618 10618 I BosonTree: BOSON_FRAME_GAP_MS=8.334026
09-27 01:44:34.369 10618 10618 I BosonTree: BOSON_FRAME_GAP_MS=8.326231
09-27 01:44:34.378 10618 10618 I BosonTree: BOSON_FRAME_GAP_MS=8.34713
09-27 01:44:34.386 10618 10618 I BosonTree: BOSON_FRAME_GAP_MS=8.361778
09-27 01:44:34.394 10618 10618 I BosonTree: BOSON_FRAME_GAP_MS=8.333956
09-27 01:44:34.403 10618 10618 I BosonTree: BOSON_FRAME_GAP_MS=8.353837
09-27 01:44:34.411 10618 10618 I BosonTree: BOSON_FRAME_GAP_MS=8.334042
09-27 01:44:34.419 10618 10618 I BosonTree: BOSON_FRAME_GAP_MS=8.342147
09-27 01:44:34.428 10618 10618 I BosonTree: BOSON_FRAME_GAP_MS=8.337935
