--------- beginning of main
09-27 00:47:52.149 20922 20922 I BosonTree: BOSON_NODE_CREATE id=2 tag=text
09-27 00:47:52.149 20922 20922 I BosonTree: BOSON_LAYOUT id=2 x=24 y=24 width=336 height=60
09-27 00:47:52.149 20922 20922 I BosonTree: BOSON_NODE_CREATE id=3 tag=button
09-27 00:47:52.149 20922 20922 I BosonTree: BOSON_LAYOUT id=3 x=24 y=100 width=336 height=64
09-27 00:47:52.150 20922 20922 I BosonTree: BOSON_NODE_CREATE id=6 tag=text
09-27 00:47:52.150 20922 20922 I BosonTree: BOSON_LAYOUT id=6 x=24 y=180 width=164 height=56
09-27 00:47:52.150 20922 20922 I BosonTree: BOSON_NODE_CREATE id=7 tag=text
09-27 00:47:52.150 20922 20922 I BosonTree: BOSON_LAYOUT id=7 x=196 y=180 width=164 height=56
09-27 00:47:52.150 20922 20922 I BosonTree: BOSON_FRAME nodes=4
09-27 00:47:52.150 20922 20922 I BosonTree: BOSON_METRIC init_total_us=8620 scenario=default
09-27 00:47:53.139 20922 20922 I BosonTree: BOSON_LAYOUT id=2 x=24 y=24 width=336 height=60
09-27 00:47:53.139 20922 20922 I BosonTree: BOSON_LAYOUT id=3 x=24 y=100 width=336 height=64
09-27 00:47:53.139 20922 20922 I BosonTree: BOSON_NODE_CREATE id=4 tag=text
09-27 00:47:53.139 20922 20922 I BosonTree: BOSON_LAYOUT id=4 x=24 y=180 width=336 height=48
09-27 00:47:53.139 20922 20922 I BosonTree: BOSON_LAYOUT id=6 x=24 y=244 width=164 height=56
09-27 00:47:53.139 20922 20922 I BosonTree: BOSON_LAYOUT id=7 x=196 y=244 width=164 height=56
09-27 00:47:53.139 20922 20922 I BosonTree: BOSON_FRAME nodes=5
09-27 00:47:53.139 20922 20922 I BosonTree: BOSON_METRIC dispatch_us=611 render_us=1117
09-27 00:47:53.139 20922 20922 I BosonTree: BOSON_TOUCH_RESULT=0 node=3
09-27 00:47:53.197 20922 20922 I BosonTree: BOSON_LAYOUT id=2 x=24 y=24 width=336 height=60
09-27 00:47:53.198 20922 20922 I BosonTree: BOSON_LAYOUT id=3 x=24 y=100 width=336 height=64
09-27 00:47:53.198 20922 20922 I BosonTree: BOSON_LAYOUT id=6 x=24 y=180 width=164 height=56
09-27 00:47:53.198 20922 20922 I BosonTree: BOSON_LAYOUT id=7 x=196 y=180 width=164 height=56
09-27 00:47:53.198 20922 20922 I BosonTree: BOSON_NODE_REMOVE id=4
09-27 00:47:53.198 20922 20922 I BosonTree: BOSON_FRAME nodes=4
09-27 00:47:53.198 20922 20922 I BosonTree: BOSON_METRIC dispatch_us=54 render_us=530
09-27 00:47:53.198 20922 20922 I BosonTree: BOSON_TOUCH_RESULT=0 node=3
09-27 00:47:53.247 20922 20922 I BosonTree: BOSON_LAYOUT id=2 x=24 y=24 width=336 height=60
09-27 00:47:53.247 20922 20922 I BosonTree: BOSON_LAYOUT id=3 x=24 y=100 width=336 height=64
09-27 00:47:53.248 20922 20922 I BosonTree: BOSON_NODE_CREATE id=4 tag=text
09-27 00:47:53.248 20922 20922 I BosonTree: BOSON_LAYOUT id=4 x=24 y=180 width=336 height=48
09-27 00:47:53.248 20922 20922 I BosonTree: BOSON_LAYOUT id=6 x=24 y=244 width=164 height=56
09-27 00:47:53.248 20922 20922 I BosonTree: BOSON_LAYOUT id=7 x=196 y=244 width=164 height=56
09-27 00:47:53.248 20922 20922 I BosonTree: BOSON_FRAME nodes=5
09-27 00:47:53.248 20922 20922 I BosonTree: BOSON_METRIC dispatch_us=76 render_us=1017
09-27 00:47:53.248 20922 20922 I BosonTree: BOSON_TOUCH_RESULT=0 node=3
09-27 00:47:53.290 20922 20922 I BosonTree: BOSON_LAYOUT id=2 x=24 y=24 width=336 height=60
09-27 00:47:53.291 20922 20922 I BosonTree: BOSON_LAYOUT id=3 x=24 y=100 width=336 height=64
09-27 00:47:53.291 20922 20922 I BosonTree: BOSON_LAYOUT id=6 x=24 y=180 width=164 height=56
09-27 00:47:53.291 20922 20922 I BosonTree: BOSON_LAYOUT id=7 x=196 y=180 width=164 height=56
09-27 00:47:53.291 20922 20922 I BosonTree: BOSON_NODE_REMOVE id=4
09-27 00:47:53.291 20922 20922 I BosonTree: BOSON_FRAME nodes=4
09-27 00:47:53.291 20922 20922 I BosonTree: BOSON_METRIC dispatch_us=105 render_us=1268
09-27 00:47:53.291 20922 20922 I BosonTree: BOSON_TOUCH_RESULT=0 node=3
09-27 00:47:53.340 20922 20922 I BosonTree: BOSON_LAYOUT id=2 x=24 y=24 width=336 height=60
09-27 00:47:53.340 20922 20922 I BosonTree: BOSON_LAYOUT id=3 x=24 y=100 width=336 height=64
09-27 00:47:53.340 20922 20922 I BosonTree: BOSON_NODE_CREATE id=4 tag=text
09-27 00:47:53.340 20922 20922 I BosonTree: BOSON_LAYOUT id=4 x=24 y=180 width=336 height=48
09-27 00:47:53.340 20922 20922 I BosonTree: BOSON_LAYOUT id=6 x=24 y=244 width=164 height=56
09-27 00:47:53.340 20922 20922 I BosonTree: BOSON_LAYOUT id=7 x=196 y=244 width=164 height=56
09-27 00:47:53.340 20922 20922 I BosonTree: BOSON_FRAME nodes=5
09-27 00:47:53.340 20922 20922 I BosonTree: BOSON_METRIC dispatch_us=94 render_us=1053
09-27 00:47:53.340 20922 20922 I BosonTree: BOSON_TOUCH_RESULT=0 node=3
09-27 00:47:53.406 20922 20922 I BosonTree: BOSON_LAYOUT id=2 x=24 y=24 width=336 height=60
09-27 00:47:53.406 20922 20922 I BosonTree: BOSON_LAYOUT id=3 x=24 y=100 width=336 height=64
09-27 00:47:53.407 20922 20922 I BosonTree: BOSON_LAYOUT id=6 x=24 y=180 width=164 height=56
09-27 00:47:53.407 20922 20922 I BosonTree: BOSON_LAYOUT id=7 x=196 y=180 width=164 height=56
09-27 00:47:53.407 20922 20922 I BosonTree: BOSON_NODE_REMOVE id=4
09-27 00:47:53.407 20922 20922 I BosonTree: BOSON_FRAME nodes=4
09-27 00:47:53.407 20922 20922 I BosonTree: BOSON_METRIC dispatch_us=102 render_us=743
09-27 00:47:53.407 20922 20922 I BosonTree: BOSON_TOUCH_RESULT=0 node=3
09-27 00:47:53.457 20922 20922 I BosonTree: BOSON_LAYOUT id=2 x=24 y=24 width=336 height=60
09-27 00:47:53.457 20922 20922 I BosonTree: BOSON_LAYOUT id=3 x=24 y=100 width=336 height=64
09-27 00:47:53.458 20922 20922 I BosonTree: BOSON_NODE_CREATE id=4 tag=text
09-27 00:47:53.458 20922 20922 I BosonTree: BOSON_LAYOUT id=4 x=24 y=180 width=336 height=48
09-27 00:47:53.458 20922 20922 I BosonTree: BOSON_LAYOUT id=6 x=24 y=244 width=164 height=56
09-27 00:47:53.458 20922 20922 I BosonTree: BOSON_LAYOUT id=7 x=196 y=244 width=164 height=56
09-27 00:47:53.458 20922 20922 I BosonTree: BOSON_FRAME nodes=5
09-27 00:47:53.458 20922 20922 I BosonTree: BOSON_METRIC dispatch_us=169 render_us=1011
09-27 00:47:53.458 20922 20922 I BosonTree: BOSON_TOUCH_RESULT=0 node=3
09-27 00:47:53.498 20922 20922 I BosonTree: BOSON_LAYOUT id=2 x=24 y=24 width=336 height=60
09-27 00:47:53.498 20922 20922 I BosonTree: BOSON_LAYOUT id=3 x=24 y=100 width=336 height=64
09-27 00:47:53.498 20922 20922 I BosonTree: BOSON_LAYOUT id=6 x=24 y=180 width=164 height=56
09-27 00:47:53.498 20922 20922 I BosonTree: BOSON_LAYOUT id=7 x=196 y=180 width=164 height=56
09-27 00:47:53.498 20922 20922 I BosonTree: BOSON_NODE_REMOVE id=4
09-27 00:47:53.498 20922 20922 I BosonTree: BOSON_FRAME nodes=4
09-27 00:47:53.498 20922 20922 I BosonTree: BOSON_METRIC dispatch_us=56 render_us=425
09-27 00:47:53.498 20922 20922 I BosonTree: BOSON_TOUCH_RESULT=0 node=3
09-27 00:47:53.549 20922 20922 I BosonTree: BOSON_LAYOUT id=2 x=24 y=24 width=336 height=60
09-27 00:47:53.549 20922 20922 I BosonTree: BOSON_LAYOUT id=3 x=24 y=100 width=336 height=64
09-27 00:47:53.549 20922 20922 I BosonTree: BOSON_NODE_CREATE id=4 tag=text
09-27 00:47:53.549 20922 20922 I BosonTree: BOSON_LAYOUT id=4 x=24 y=180 width=336 height=48
09-27 00:47:53.550 20922 20922 I BosonTree: BOSON_LAYOUT id=6 x=24 y=244 width=164 height=56
09-27 00:47:53.550 20922 20922 I BosonTree: BOSON_LAYOUT id=7 x=196 y=244 width=164 height=56
09-27 00:47:53.550 20922 20922 I BosonTree: BOSON_FRAME nodes=5
09-27 00:47:53.550 20922 20922 I BosonTree: BOSON_METRIC dispatch_us=388 render_us=1476
09-27 00:47:53.550 20922 20922 I BosonTree: BOSON_TOUCH_RESULT=0 node=3
09-27 00:47:53.599 20922 20922 I BosonTree: BOSON_LAYOUT id=2 x=24 y=24 width=336 height=60
09-27 00:47:53.599 20922 20922 I BosonTree: BOSON_LAYOUT id=3 x=24 y=100 width=336 height=64
09-27 00:47:53.599 20922 20922 I BosonTree: BOSON_LAYOUT id=6 x=24 y=180 width=164 height=56
09-27 00:47:53.599 20922 20922 I BosonTree: BOSON_LAYOUT id=7 x=196 y=180 width=164 height=56
09-27 00:47:53.599 20922 20922 I BosonTree: BOSON_NODE_REMOVE id=4
09-27 00:47:53.599 20922 20922 I BosonTree: BOSON_FRAME nodes=4
09-27 00:47:53.599 20922 20922 I BosonTree: BOSON_METRIC dispatch_us=171 render_us=1232
09-27 00:47:53.599 20922 20922 I BosonTree: BOSON_TOUCH_RESULT=0 node=3
09-27 00:47:53.641 20922 20922 I BosonTree: BOSON_LAYOUT id=2 x=24 y=24 width=336 height=60
09-27 00:47:53.641 20922 20922 I BosonTree: BOSON_LAYOUT id=3 x=24 y=100 width=336 height=64
09-27 00:47:53.641 20922 20922 I BosonTree: BOSON_NODE_CREATE id=4 tag=text
09-27 00:47:53.642 20922 20922 I BosonTree: BOSON_LAYOUT id=4 x=24 y=180 width=336 height=48
09-27 00:47:53.642 20922 20922 I BosonTree: BOSON_LAYOUT id=6 x=24 y=244 width=164 height=56
09-27 00:47:53.642 20922 20922 I BosonTree: BOSON_LAYOUT id=7 x=196 y=244 width=164 height=56
09-27 00:47:53.642 20922 20922 I BosonTree: BOSON_FRAME nodes=5
09-27 00:47:53.642 20922 20922 I BosonTree: BOSON_METRIC dispatch_us=125 render_us=1571
09-27 00:47:53.642 20922 20922 I BosonTree: BOSON_TOUCH_RESULT=0 node=3
09-27 00:47:53.700 20922 20922 I BosonTree: BOSON_LAYOUT id=2 x=24 y=24 width=336 height=60
09-27 00:47:53.700 20922 20922 I BosonTree: BOSON_LAYOUT id=3 x=24 y=100 width=336 height=64
09-27 00:47:53.700 20922 20922 I BosonTree: BOSON_LAYOUT id=6 x=24 y=180 width=164 height=56
09-27 00:47:53.700 20922 20922 I BosonTree: BOSON_LAYOUT id=7 x=196 y=180 width=164 height=56
09-27 00:47:53.700 20922 20922 I BosonTree: BOSON_NODE_REMOVE id=4
09-27 00:47:53.700 20922 20922 I BosonTree: BOSON_FRAME nodes=4
09-27 00:47:53.700 20922 20922 I BosonTree: BOSON_METRIC dispatch_us=86 render_us=1090
09-27 00:47:53.700 20922 20922 I BosonTree: BOSON_TOUCH_RESULT=0 node=3
09-27 00:47:53.747 20922 20922 I BosonTree: BOSON_LAYOUT id=2 x=24 y=24 width=336 height=60
09-27 00:47:53.748 20922 20922 I BosonTree: BOSON_LAYOUT id=3 x=24 y=100 width=336 height=64
09-27 00:47:53.748 20922 20922 I BosonTree: BOSON_NODE_CREATE id=4 tag=text
09-27 00:47:53.748 20922 20922 I BosonTree: BOSON_LAYOUT id=4 x=24 y=180 width=336 height=48
09-27 00:47:53.748 20922 20922 I BosonTree: BOSON_LAYOUT id=6 x=24 y=244 width=164 height=56
09-27 00:47:53.748 20922 20922 I BosonTree: BOSON_LAYOUT id=7 x=196 y=244 width=164 height=56
09-27 00:47:53.748 20922 20922 I BosonTree: BOSON_FRAME nodes=5
09-27 00:47:53.748 20922 20922 I BosonTree: BOSON_METRIC dispatch_us=74 render_us=587
09-27 00:47:53.748 20922 20922 I BosonTree: BOSON_TOUCH_RESULT=0 node=3
09-27 00:47:53.789 20922 20922 I BosonTree: BOSON_LAYOUT id=2 x=24 y=24 width=336 height=60
09-27 00:47:53.789 20922 20922 I BosonTree: BOSON_LAYOUT id=3 x=24 y=100 width=336 height=64
09-27 00:47:53.789 20922 20922 I BosonTree: BOSON_LAYOUT id=6 x=24 y=180 width=164 height=56
09-27 00:47:53.789 20922 20922 I BosonTree: BOSON_LAYOUT id=7 x=196 y=180 width=164 height=56
09-27 00:47:53.790 20922 20922 I BosonTree: BOSON_NODE_REMOVE id=4
09-27 00:47:53.790 20922 20922 I BosonTree: BOSON_FRAME nodes=4
09-27 00:47:53.790 20922 20922 I BosonTree: BOSON_METRIC dispatch_us=41 render_us=374
09-27 00:47:53.790 20922 20922 I BosonTree: BOSON_TOUCH_RESULT=0 node=3
09-27 00:47:53.839 20922 20922 I BosonTree: BOSON_LAYOUT id=2 x=24 y=24 width=336 height=60
09-27 00:47:53.839 20922 20922 I BosonTree: BOSON_LAYOUT id=3 x=24 y=100 width=336 height=64
09-27 00:47:53.840 20922 20922 I BosonTree: BOSON_NODE_CREATE id=4 tag=text
09-27 00:47:53.840 20922 20922 I BosonTree: BOSON_LAYOUT id=4 x=24 y=180 width=336 height=48
09-27 00:47:53.840 20922 20922 I BosonTree: BOSON_LAYOUT id=6 x=24 y=244 width=164 height=56
09-27 00:47:53.840 20922 20922 I BosonTree: BOSON_LAYOUT id=7 x=196 y=244 width=164 height=56
09-27 00:47:53.840 20922 20922 I BosonTree: BOSON_FRAME nodes=5
09-27 00:47:53.840 20922 20922 I BosonTree: BOSON_METRIC dispatch_us=66 render_us=1249
09-27 00:47:53.840 20922 20922 I BosonTree: BOSON_TOUCH_RESULT=0 node=3
09-27 00:47:53.882 20922 20922 I BosonTree: BOSON_LAYOUT id=2 x=24 y=24 width=336 height=60
09-27 00:47:53.882 20922 20922 I BosonTree: BOSON_LAYOUT id=3 x=24 y=100 width=336 height=64
09-27 00:47:53.882 20922 20922 I BosonTree: BOSON_LAYOUT id=6 x=24 y=180 width=164 height=56
09-27 00:47:53.882 20922 20922 I BosonTree: BOSON_LAYOUT id=7 x=196 y=180 width=164 height=56
09-27 00:47:53.882 20922 20922 I BosonTree: BOSON_NODE_REMOVE id=4
09-27 00:47:53.882 20922 20922 I BosonTree: BOSON_FRAME nodes=4
09-27 00:47:53.882 20922 20922 I BosonTree: BOSON_METRIC dispatch_us=64 render_us=992
09-27 00:47:53.882 20922 20922 I BosonTree: BOSON_TOUCH_RESULT=0 node=3
09-27 00:47:53.931 20922 20922 I BosonTree: BOSON_LAYOUT id=2 x=24 y=24 width=336 height=60
09-27 00:47:53.931 20922 20922 I BosonTree: BOSON_LAYOUT id=3 x=24 y=100 width=336 height=64
09-27 00:47:53.931 20922 20922 I BosonTree: BOSON_NODE_CREATE id=4 tag=text
09-27 00:47:53.932 20922 20922 I BosonTree: BOSON_LAYOUT id=4 x=24 y=180 width=336 height=48
09-27 00:47:53.932 20922 20922 I BosonTree: BOSON_LAYOUT id=6 x=24 y=244 width=164 height=56
09-27 00:47:53.932 20922 20922 I BosonTree: BOSON_LAYOUT id=7 x=196 y=244 width=164 height=56
09-27 00:47:53.932 20922 20922 I BosonTree: BOSON_FRAME nodes=5
09-27 00:47:53.932 20922 20922 I BosonTree: BOSON_METRIC dispatch_us=79 render_us=926
09-27 00:47:53.932 20922 20922 I BosonTree: BOSON_TOUCH_RESULT=0 node=3
09-27 00:47:53.982 20922 20922 I BosonTree: BOSON_LAYOUT id=2 x=24 y=24 width=336 height=60
09-27 00:47:53.982 20922 20922 I BosonTree: BOSON_LAYOUT id=3 x=24 y=100 width=336 height=64
09-27 00:47:53.983 20922 20922 I BosonTree: BOSON_LAYOUT id=6 x=24 y=180 width=164 height=56
09-27 00:47:53.983 20922 20922 I BosonTree: BOSON_LAYOUT id=7 x=196 y=180 width=164 height=56
09-27 00:47:53.983 20922 20922 I BosonTree: BOSON_NODE_REMOVE id=4
09-27 00:47:53.983 20922 20922 I BosonTree: BOSON_FRAME nodes=4
09-27 00:47:53.983 20922 20922 I BosonTree: BOSON_METRIC dispatch_us=113 render_us=1201
09-27 00:47:53.983 20922 20922 I BosonTree: BOSON_TOUCH_RESULT=0 node=3
09-27 00:47:54.023 20922 20922 I BosonTree: BOSON_LAYOUT id=2 x=24 y=24 width=336 height=60
09-27 00:47:54.023 20922 20922 I BosonTree: BOSON_LAYOUT id=3 x=24 y=100 width=336 height=64
09-27 00:47:54.023 20922 20922 I BosonTree: BOSON_NODE_CREATE id=4 tag=text
09-27 00:47:54.023 20922 20922 I BosonTree: BOSON_LAYOUT id=4 x=24 y=180 width=336 height=48
09-27 00:47:54.024 20922 20922 I BosonTree: BOSON_LAYOUT id=6 x=24 y=244 width=164 height=56
09-27 00:47:54.024 20922 20922 I BosonTree: BOSON_LAYOUT id=7 x=196 y=244 width=164 height=56
09-27 00:47:54.024 20922 20922 I BosonTree: BOSON_FRAME nodes=5
09-27 00:47:54.024 20922 20922 I BosonTree: BOSON_METRIC dispatch_us=75 render_us=970
09-27 00:47:54.024 20922 20922 I BosonTree: BOSON_TOUCH_RESULT=0 node=3
09-27 00:47:54.073 20922 20922 I BosonTree: BOSON_LAYOUT id=2 x=24 y=24 width=336 height=60
09-27 00:47:54.073 20922 20922 I BosonTree: BOSON_LAYOUT id=3 x=24 y=100 width=336 height=64
09-27 00:47:54.073 20922 20922 I BosonTree: BOSON_LAYOUT id=6 x=24 y=180 width=164 height=56
09-27 00:47:54.073 20922 20922 I BosonTree: BOSON_LAYOUT id=7 x=196 y=180 width=164 height=56
09-27 00:47:54.073 20922 20922 I BosonTree: BOSON_NODE_REMOVE id=4
09-27 00:47:54.073 20922 20922 I BosonTree: BOSON_FRAME nodes=4
09-27 00:47:54.073 20922 20922 I BosonTree: BOSON_METRIC dispatch_us=40 render_us=1047
09-27 00:47:54.073 20922 20922 I BosonTree: BOSON_TOUCH_RESULT=0 node=3
09-27 00:47:54.132 20922 20922 I BosonTree: BOSON_LAYOUT id=2 x=24 y=24 width=336 height=60
09-27 00:47:54.132 20922 20922 I BosonTree: BOSON_LAYOUT id=3 x=24 y=100 width=336 height=64
09-27 00:47:54.133 20922 20922 I BosonTree: BOSON_NODE_CREATE id=4 tag=text
09-27 00:47:54.133 20922 20922 I BosonTree: BOSON_LAYOUT id=4 x=24 y=180 width=336 height=48
09-27 00:47:54.133 20922 20922 I BosonTree: BOSON_LAYOUT id=6 x=24 y=244 width=164 height=56
09-27 00:47:54.133 20922 20922 I BosonTree: BOSON_LAYOUT id=7 x=196 y=244 width=164 height=56
09-27 00:47:54.133 20922 20922 I BosonTree: BOSON_FRAME nodes=5
09-27 00:47:54.133 20922 20922 I BosonTree: BOSON_METRIC dispatch_us=134 render_us=849
09-27 00:47:54.133 20922 20922 I BosonTree: BOSON_TOUCH_RESULT=0 node=3
09-27 00:47:54.181 20922 20922 I BosonTree: BOSON_LAYOUT id=2 x=24 y=24 width=336 height=60
09-27 00:47:54.181 20922 20922 I BosonTree: BOSON_LAYOUT id=3 x=24 y=100 width=336 height=64
09-27 00:47:54.181 20922 20922 I BosonTree: BOSON_LAYOUT id=6 x=24 y=180 width=164 height=56
09-27 00:47:54.181 20922 20922 I BosonTree: BOSON_LAYOUT id=7 x=196 y=180 width=164 height=56
09-27 00:47:54.181 20922 20922 I BosonTree: BOSON_NODE_REMOVE id=4
09-27 00:47:54.181 20922 20922 I BosonTree: BOSON_FRAME nodes=4
09-27 00:47:54.181 20922 20922 I BosonTree: BOSON_METRIC dispatch_us=38 render_us=436
09-27 00:47:54.181 20922 20922 I BosonTree: BOSON_TOUCH_RESULT=0 node=3
09-27 00:47:54.224 20922 20922 I BosonTree: BOSON_LAYOUT id=2 x=24 y=24 width=336 height=60
09-27 00:47:54.224 20922 20922 I BosonTree: BOSON_LAYOUT id=3 x=24 y=100 width=336 height=64
09-27 00:47:54.224 20922 20922 I BosonTree: BOSON_NODE_CREATE id=4 tag=text
09-27 00:47:54.224 20922 20922 I BosonTree: BOSON_LAYOUT id=4 x=24 y=180 width=336 height=48
09-27 00:47:54.224 20922 20922 I BosonTree: BOSON_LAYOUT id=6 x=24 y=244 width=164 height=56
09-27 00:47:54.224 20922 20922 I BosonTree: BOSON_LAYOUT id=7 x=196 y=244 width=164 height=56
09-27 00:47:54.224 20922 20922 I BosonTree: BOSON_FRAME nodes=5
09-27 00:47:54.224 20922 20922 I BosonTree: BOSON_METRIC dispatch_us=140 render_us=1026
09-27 00:47:54.224 20922 20922 I BosonTree: BOSON_TOUCH_RESULT=0 node=3
09-27 00:47:54.281 20922 20922 I BosonTree: BOSON_LAYOUT id=2 x=24 y=24 width=336 height=60
09-27 00:47:54.281 20922 20922 I BosonTree: BOSON_LAYOUT id=3 x=24 y=100 width=336 height=64
09-27 00:47:54.281 20922 20922 I BosonTree: BOSON_LAYOUT id=6 x=24 y=180 width=164 height=56
09-27 00:47:54.282 20922 20922 I BosonTree: BOSON_LAYOUT id=7 x=196 y=180 width=164 height=56
09-27 00:47:54.282 20922 20922 I BosonTree: BOSON_NODE_REMOVE id=4
09-27 00:47:54.282 20922 20922 I BosonTree: BOSON_FRAME nodes=4
09-27 00:47:54.282 20922 20922 I BosonTree: BOSON_METRIC dispatch_us=73 render_us=647
09-27 00:47:54.282 20922 20922 I BosonTree: BOSON_TOUCH_RESULT=0 node=3
09-27 00:47:54.331 20922 20922 I BosonTree: BOSON_LAYOUT id=2 x=24 y=24 width=336 height=60
09-27 00:47:54.331 20922 20922 I BosonTree: BOSON_LAYOUT id=3 x=24 y=100 width=336 height=64
09-27 00:47:54.332 20922 20922 I BosonTree: BOSON_NODE_CREATE id=4 tag=text
09-27 00:47:54.332 20922 20922 I BosonTree: BOSON_LAYOUT id=4 x=24 y=180 width=336 height=48
09-27 00:47:54.332 20922 20922 I BosonTree: BOSON_LAYOUT id=6 x=24 y=244 width=164 height=56
09-27 00:47:54.332 20922 20922 I BosonTree: BOSON_LAYOUT id=7 x=196 y=244 width=164 height=56
09-27 00:47:54.332 20922 20922 I BosonTree: BOSON_FRAME nodes=5
09-27 00:47:54.332 20922 20922 I BosonTree: BOSON_METRIC dispatch_us=136 render_us=794
09-27 00:47:54.332 20922 20922 I BosonTree: BOSON_TOUCH_RESULT=0 node=3
09-27 00:47:54.382 20922 20922 I BosonTree: BOSON_LAYOUT id=2 x=24 y=24 width=336 height=60
09-27 00:47:54.382 20922 20922 I BosonTree: BOSON_LAYOUT id=3 x=24 y=100 width=336 height=64
09-27 00:47:54.382 20922 20922 I BosonTree: BOSON_LAYOUT id=6 x=24 y=180 width=164 height=56
09-27 00:47:54.382 20922 20922 I BosonTree: BOSON_LAYOUT id=7 x=196 y=180 width=164 height=56
09-27 00:47:54.383 20922 20922 I BosonTree: BOSON_NODE_REMOVE id=4
09-27 00:47:54.383 20922 20922 I BosonTree: BOSON_FRAME nodes=4
09-27 00:47:54.383 20922 20922 I BosonTree: BOSON_METRIC dispatch_us=53 render_us=1190
09-27 00:47:54.383 20922 20922 I BosonTree: BOSON_TOUCH_RESULT=0 node=3
09-27 00:47:54.431 20922 20922 I BosonTree: BOSON_LAYOUT id=2 x=24 y=24 width=336 height=60
09-27 00:47:54.431 20922 20922 I BosonTree: BOSON_LAYOUT id=3 x=24 y=100 width=336 height=64
09-27 00:47:54.431 20922 20922 I BosonTree: BOSON_NODE_CREATE id=4 tag=text
09-27 00:47:54.431 20922 20922 I BosonTree: BOSON_LAYOUT id=4 x=24 y=180 width=336 height=48
09-27 00:47:54.432 20922 20922 I BosonTree: BOSON_LAYOUT id=6 x=24 y=244 width=164 height=56
09-27 00:47:54.432 20922 20922 I BosonTree: BOSON_LAYOUT id=7 x=196 y=244 width=164 height=56
09-27 00:47:54.432 20922 20922 I BosonTree: BOSON_FRAME nodes=5
09-27 00:47:54.432 20922 20922 I BosonTree: BOSON_METRIC dispatch_us=68 render_us=789
09-27 00:47:54.432 20922 20922 I BosonTree: BOSON_TOUCH_RESULT=0 node=3
09-27 00:47:54.473 20922 20922 I BosonTree: BOSON_LAYOUT id=2 x=24 y=24 width=336 height=60
09-27 00:47:54.473 20922 20922 I BosonTree: BOSON_LAYOUT id=3 x=24 y=100 width=336 height=64
09-27 00:47:54.473 20922 20922 I BosonTree: BOSON_LAYOUT id=6 x=24 y=180 width=164 height=56
09-27 00:47:54.473 20922 20922 I BosonTree: BOSON_LAYOUT id=7 x=196 y=180 width=164 height=56
09-27 00:47:54.473 20922 20922 I BosonTree: BOSON_NODE_REMOVE id=4
09-27 00:47:54.473 20922 20922 I BosonTree: BOSON_FRAME nodes=4
09-27 00:47:54.473 20922 20922 I BosonTree: BOSON_METRIC dispatch_us=39 render_us=323
09-27 00:47:54.473 20922 20922 I BosonTree: BOSON_TOUCH_RESULT=0 node=3
09-27 00:47:54.524 20922 20922 I BosonTree: BOSON_LAYOUT id=2 x=24 y=24 width=336 height=60
09-27 00:47:54.524 20922 20922 I BosonTree: BOSON_LAYOUT id=3 x=24 y=100 width=336 height=64
09-27 00:47:54.524 20922 20922 I BosonTree: BOSON_NODE_CREATE id=4 tag=text
09-27 00:47:54.524 20922 20922 I BosonTree: BOSON_LAYOUT id=4 x=24 y=180 width=336 height=48
09-27 00:47:54.524 20922 20922 I BosonTree: BOSON_LAYOUT id=6 x=24 y=244 width=164 height=56
09-27 00:47:54.524 20922 20922 I BosonTree: BOSON_LAYOUT id=7 x=196 y=244 width=164 height=56
09-27 00:47:54.524 20922 20922 I BosonTree: BOSON_FRAME nodes=5
09-27 00:47:54.524 20922 20922 I BosonTree: BOSON_METRIC dispatch_us=75 render_us=901
09-27 00:47:54.524 20922 20922 I BosonTree: BOSON_TOUCH_RESULT=0 node=3
09-27 00:47:54.591 20922 20922 I BosonTree: BOSON_LAYOUT id=2 x=24 y=24 width=336 height=60
09-27 00:47:54.591 20922 20922 I BosonTree: BOSON_LAYOUT id=3 x=24 y=100 width=336 height=64
09-27 00:47:54.591 20922 20922 I BosonTree: BOSON_LAYOUT id=6 x=24 y=180 width=164 height=56
09-27 00:47:54.591 20922 20922 I BosonTree: BOSON_LAYOUT id=7 x=196 y=180 width=164 height=56
09-27 00:47:54.591 20922 20922 I BosonTree: BOSON_NODE_REMOVE id=4
09-27 00:47:54.591 20922 20922 I BosonTree: BOSON_FRAME nodes=4
09-27 00:47:54.591 20922 20922 I BosonTree: BOSON_METRIC dispatch_us=95 render_us=898
09-27 00:47:54.591 20922 20922 I BosonTree: BOSON_TOUCH_RESULT=0 node=3
09-27 00:47:54.649 20922 20922 I BosonTree: BOSON_LAYOUT id=2 x=24 y=24 width=336 height=60
09-27 00:47:54.649 20922 20922 I BosonTree: BOSON_LAYOUT id=3 x=24 y=100 width=336 height=64
09-27 00:47:54.649 20922 20922 I BosonTree: BOSON_NODE_CREATE id=4 tag=text
09-27 00:47:54.649 20922 20922 I BosonTree: BOSON_LAYOUT id=4 x=24 y=180 width=336 height=48
09-27 00:47:54.649 20922 20922 I BosonTree: BOSON_LAYOUT id=6 x=24 y=244 width=164 height=56
09-27 00:47:54.649 20922 20922 I BosonTree: BOSON_LAYOUT id=7 x=196 y=244 width=164 height=56
09-27 00:47:54.649 20922 20922 I BosonTree: BOSON_FRAME nodes=5
09-27 00:47:54.649 20922 20922 I BosonTree: BOSON_METRIC dispatch_us=91 render_us=938
09-27 00:47:54.649 20922 20922 I BosonTree: BOSON_TOUCH_RESULT=0 node=3
09-27 00:47:54.690 20922 20922 I BosonTree: BOSON_LAYOUT id=2 x=24 y=24 width=336 height=60
09-27 00:47:54.691 20922 20922 I BosonTree: BOSON_LAYOUT id=3 x=24 y=100 width=336 height=64
09-27 00:47:54.691 20922 20922 I BosonTree: BOSON_LAYOUT id=6 x=24 y=180 width=164 height=56
09-27 00:47:54.691 20922 20922 I BosonTree: BOSON_LAYOUT id=7 x=196 y=180 width=164 height=56
09-27 00:47:54.691 20922 20922 I BosonTree: BOSON_NODE_REMOVE id=4
09-27 00:47:54.691 20922 20922 I BosonTree: BOSON_FRAME nodes=4
09-27 00:47:54.691 20922 20922 I BosonTree: BOSON_METRIC dispatch_us=55 render_us=906
09-27 00:47:54.691 20922 20922 I BosonTree: BOSON_TOUCH_RESULT=0 node=3
09-27 00:47:54.739 20922 20922 I BosonTree: BOSON_LAYOUT id=2 x=24 y=24 width=336 height=60
09-27 00:47:54.740 20922 20922 I BosonTree: BOSON_LAYOUT id=3 x=24 y=100 width=336 height=64
09-27 00:47:54.740 20922 20922 I BosonTree: BOSON_NODE_CREATE id=4 tag=text
09-27 00:47:54.740 20922 20922 I BosonTree: BOSON_LAYOUT id=4 x=24 y=180 width=336 height=48
09-27 00:47:54.740 20922 20922 I BosonTree: BOSON_LAYOUT id=6 x=24 y=244 width=164 height=56
09-27 00:47:54.740 20922 20922 I BosonTree: BOSON_LAYOUT id=7 x=196 y=244 width=164 height=56
09-27 00:47:54.740 20922 20922 I BosonTree: BOSON_FRAME nodes=5
09-27 00:47:54.740 20922 20922 I BosonTree: BOSON_METRIC dispatch_us=92 render_us=1150
09-27 00:47:54.740 20922 20922 I BosonTree: BOSON_TOUCH_RESULT=0 node=3
09-27 00:47:54.782 20922 20922 I BosonTree: BOSON_LAYOUT id=2 x=24 y=24 width=336 height=60
09-27 00:47:54.782 20922 20922 I BosonTree: BOSON_LAYOUT id=3 x=24 y=100 width=336 height=64
09-27 00:47:54.782 20922 20922 I BosonTree: BOSON_LAYOUT id=6 x=24 y=180 width=164 height=56
09-27 00:47:54.782 20922 20922 I BosonTree: BOSON_LAYOUT id=7 x=196 y=180 width=164 height=56
09-27 00:47:54.782 20922 20922 I BosonTree: BOSON_NODE_REMOVE id=4
09-27 00:47:54.782 20922 20922 I BosonTree: BOSON_FRAME nodes=4
09-27 00:47:54.782 20922 20922 I BosonTree: BOSON_METRIC dispatch_us=61 render_us=654
09-27 00:47:54.782 20922 20922 I BosonTree: BOSON_TOUCH_RESULT=0 node=3
09-27 00:47:54.832 20922 20922 I BosonTree: BOSON_LAYOUT id=2 x=24 y=24 width=336 height=60
09-27 00:47:54.832 20922 20922 I BosonTree: BOSON_LAYOUT id=3 x=24 y=100 width=336 height=64
09-27 00:47:54.832 20922 20922 I BosonTree: BOSON_NODE_CREATE id=4 tag=text
09-27 00:47:54.832 20922 20922 I BosonTree: BOSON_LAYOUT id=4 x=24 y=180 width=336 height=48
09-27 00:47:54.832 20922 20922 I BosonTree: BOSON_LAYOUT id=6 x=24 y=244 width=164 height=56
09-27 00:47:54.833 20922 20922 I BosonTree: BOSON_LAYOUT id=7 x=196 y=244 width=164 height=56
09-27 00:47:54.833 20922 20922 I BosonTree: BOSON_FRAME nodes=5
09-27 00:47:54.833 20922 20922 I BosonTree: BOSON_METRIC dispatch_us=66 render_us=1317
09-27 00:47:54.833 20922 20922 I BosonTree: BOSON_TOUCH_RESULT=0 node=3
09-27 00:47:54.890 20922 20922 I BosonTree: BOSON_LAYOUT id=2 x=24 y=24 width=336 height=60
09-27 00:47:54.890 20922 20922 I BosonTree: BOSON_LAYOUT id=3 x=24 y=100 width=336 height=64
09-27 00:47:54.890 20922 20922 I BosonTree: BOSON_LAYOUT id=6 x=24 y=180 width=164 height=56
09-27 00:47:54.890 20922 20922 I BosonTree: BOSON_LAYOUT id=7 x=196 y=180 width=164 height=56
09-27 00:47:54.890 20922 20922 I BosonTree: BOSON_NODE_REMOVE id=4
09-27 00:47:54.890 20922 20922 I BosonTree: BOSON_FRAME nodes=4
09-27 00:47:54.890 20922 20922 I BosonTree: BOSON_METRIC dispatch_us=97 render_us=671
09-27 00:47:54.890 20922 20922 I BosonTree: BOSON_TOUCH_RESULT=0 node=3
09-27 00:47:54.941 20922 20922 I BosonTree: BOSON_LAYOUT id=2 x=24 y=24 width=336 height=60
09-27 00:47:54.941 20922 20922 I BosonTree: BOSON_LAYOUT id=3 x=24 y=100 width=336 height=64
09-27 00:47:54.941 20922 20922 I BosonTree: BOSON_NODE_CREATE id=4 tag=text
09-27 00:47:54.942 20922 20922 I BosonTree: BOSON_LAYOUT id=4 x=24 y=180 width=336 height=48
09-27 00:47:54.942 20922 20922 I BosonTree: BOSON_LAYOUT id=6 x=24 y=244 width=164 height=56
09-27 00:47:54.942 20922 20922 I BosonTree: BOSON_LAYOUT id=7 x=196 y=244 width=164 height=56
09-27 00:47:54.942 20922 20922 I BosonTree: BOSON_FRAME nodes=5
09-27 00:47:54.942 20922 20922 I BosonTree: BOSON_METRIC dispatch_us=131 render_us=1505
09-27 00:47:54.942 20922 20922 I BosonTree: BOSON_TOUCH_RESULT=0 node=3
09-27 00:47:54.982 20922 20922 I BosonTree: BOSON_LAYOUT id=2 x=24 y=24 width=336 height=60
09-27 00:47:54.983 20922 20922 I BosonTree: BOSON_LAYOUT id=3 x=24 y=100 width=336 height=64
09-27 00:47:54.983 20922 20922 I BosonTree: BOSON_LAYOUT id=6 x=24 y=180 width=164 height=56
09-27 00:47:54.983 20922 20922 I BosonTree: BOSON_LAYOUT id=7 x=196 y=180 width=164 height=56
09-27 00:47:54.983 20922 20922 I BosonTree: BOSON_NODE_REMOVE id=4
09-27 00:47:54.983 20922 20922 I BosonTree: BOSON_FRAME nodes=4
09-27 00:47:54.983 20922 20922 I BosonTree: BOSON_METRIC dispatch_us=71 render_us=977
09-27 00:47:54.983 20922 20922 I BosonTree: BOSON_TOUCH_RESULT=0 node=3
09-27 00:47:55.023 20922 20922 I BosonTree: BOSON_LAYOUT id=2 x=24 y=24 width=336 height=60
09-27 00:47:55.023 20922 20922 I BosonTree: BOSON_LAYOUT id=3 x=24 y=100 width=336 height=64
09-27 00:47:55.023 20922 20922 I BosonTree: BOSON_NODE_CREATE id=4 tag=text
09-27 00:47:55.023 20922 20922 I BosonTree: BOSON_LAYOUT id=4 x=24 y=180 width=336 height=48
09-27 00:47:55.024 20922 20922 I BosonTree: BOSON_LAYOUT id=6 x=24 y=244 width=164 height=56
09-27 00:47:55.024 20922 20922 I BosonTree: BOSON_LAYOUT id=7 x=196 y=244 width=164 height=56
09-27 00:47:55.024 20922 20922 I BosonTree: BOSON_FRAME nodes=5
09-27 00:47:55.024 20922 20922 I BosonTree: BOSON_METRIC dispatch_us=70 render_us=982
09-27 00:47:55.024 20922 20922 I BosonTree: BOSON_TOUCH_RESULT=0 node=3
09-27 00:47:55.066 20922 20922 I BosonTree: BOSON_LAYOUT id=2 x=24 y=24 width=336 height=60
09-27 00:47:55.066 20922 20922 I BosonTree: BOSON_LAYOUT id=3 x=24 y=100 width=336 height=64
09-27 00:47:55.067 20922 20922 I BosonTree: BOSON_LAYOUT id=6 x=24 y=180 width=164 height=56
09-27 00:47:55.067 20922 20922 I BosonTree: BOSON_LAYOUT id=7 x=196 y=180 width=164 height=56
09-27 00:47:55.067 20922 20922 I BosonTree: BOSON_NODE_REMOVE id=4
09-27 00:47:55.067 20922 20922 I BosonTree: BOSON_FRAME nodes=4
09-27 00:47:55.067 20922 20922 I BosonTree: BOSON_METRIC dispatch_us=56 render_us=1316
09-27 00:47:55.067 20922 20922 I BosonTree: BOSON_TOUCH_RESULT=0 node=3
09-27 00:47:55.124 20922 20922 I BosonTree: BOSON_LAYOUT id=2 x=24 y=24 width=336 height=60
09-27 00:47:55.124 20922 20922 I BosonTree: BOSON_LAYOUT id=3 x=24 y=100 width=336 height=64
09-27 00:47:55.124 20922 20922 I BosonTree: BOSON_NODE_CREATE id=4 tag=text
09-27 00:47:55.124 20922 20922 I BosonTree: BOSON_LAYOUT id=4 x=24 y=180 width=336 height=48
09-27 00:47:55.124 20922 20922 I BosonTree: BOSON_LAYOUT id=6 x=24 y=244 width=164 height=56
09-27 00:47:55.124 20922 20922 I BosonTree: BOSON_LAYOUT id=7 x=196 y=244 width=164 height=56
09-27 00:47:55.124 20922 20922 I BosonTree: BOSON_FRAME nodes=5
09-27 00:47:55.124 20922 20922 I BosonTree: BOSON_METRIC dispatch_us=101 render_us=758
09-27 00:47:55.124 20922 20922 I BosonTree: BOSON_TOUCH_RESULT=0 node=3
09-27 00:47:55.174 20922 20922 I BosonTree: BOSON_LAYOUT id=2 x=24 y=24 width=336 height=60
09-27 00:47:55.175 20922 20922 I BosonTree: BOSON_LAYOUT id=3 x=24 y=100 width=336 height=64
09-27 00:47:55.175 20922 20922 I BosonTree: BOSON_LAYOUT id=6 x=24 y=180 width=164 height=56
09-27 00:47:55.175 20922 20922 I BosonTree: BOSON_LAYOUT id=7 x=196 y=180 width=164 height=56
09-27 00:47:55.175 20922 20922 I BosonTree: BOSON_NODE_REMOVE id=4
09-27 00:47:55.175 20922 20922 I BosonTree: BOSON_FRAME nodes=4
09-27 00:47:55.175 20922 20922 I BosonTree: BOSON_METRIC dispatch_us=99 render_us=1026
09-27 00:47:55.175 20922 20922 I BosonTree: BOSON_TOUCH_RESULT=0 node=3
09-27 00:47:55.224 20922 20922 I BosonTree: BOSON_LAYOUT id=2 x=24 y=24 width=336 height=60
09-27 00:47:55.224 20922 20922 I BosonTree: BOSON_LAYOUT id=3 x=24 y=100 width=336 height=64
09-27 00:47:55.225 20922 20922 I BosonTree: BOSON_NODE_CREATE id=4 tag=text
09-27 00:47:55.225 20922 20922 I BosonTree: BOSON_LAYOUT id=4 x=24 y=180 width=336 height=48
09-27 00:47:55.225 20922 20922 I BosonTree: BOSON_LAYOUT id=6 x=24 y=244 width=164 height=56
09-27 00:47:55.225 20922 20922 I BosonTree: BOSON_LAYOUT id=7 x=196 y=244 width=164 height=56
09-27 00:47:55.225 20922 20922 I BosonTree: BOSON_FRAME nodes=5
09-27 00:47:55.225 20922 20922 I BosonTree: BOSON_METRIC dispatch_us=162 render_us=1518
09-27 00:47:55.225 20922 20922 I BosonTree: BOSON_TOUCH_RESULT=0 node=3
09-27 00:47:55.283 20922 20922 I BosonTree: BOSON_LAYOUT id=2 x=24 y=24 width=336 height=60
09-27 00:47:55.283 20922 20922 I BosonTree: BOSON_LAYOUT id=3 x=24 y=100 width=336 height=64
09-27 00:47:55.283 20922 20922 I BosonTree: BOSON_LAYOUT id=6 x=24 y=180 width=164 height=56
09-27 00:47:55.283 20922 20922 I BosonTree: BOSON_LAYOUT id=7 x=196 y=180 width=164 height=56
09-27 00:47:55.283 20922 20922 I BosonTree: BOSON_NODE_REMOVE id=4
09-27 00:47:55.283 20922 20922 I BosonTree: BOSON_FRAME nodes=4
09-27 00:47:55.283 20922 20922 I BosonTree: BOSON_METRIC dispatch_us=112 render_us=752
09-27 00:47:55.283 20922 20922 I BosonTree: BOSON_TOUCH_RESULT=0 node=3
09-27 00:47:55.332 20922 20922 I BosonTree: BOSON_LAYOUT id=2 x=24 y=24 width=336 height=60
09-27 00:47:55.332 20922 20922 I BosonTree: BOSON_LAYOUT id=3 x=24 y=100 width=336 height=64
09-27 00:47:55.333 20922 20922 I BosonTree: BOSON_NODE_CREATE id=4 tag=text
09-27 00:47:55.333 20922 20922 I BosonTree: BOSON_LAYOUT id=4 x=24 y=180 width=336 height=48
09-27 00:47:55.333 20922 20922 I BosonTree: BOSON_LAYOUT id=6 x=24 y=244 width=164 height=56
09-27 00:47:55.333 20922 20922 I BosonTree: BOSON_LAYOUT id=7 x=196 y=244 width=164 height=56
09-27 00:47:55.333 20922 20922 I BosonTree: BOSON_FRAME nodes=5
09-27 00:47:55.333 20922 20922 I BosonTree: BOSON_METRIC dispatch_us=80 render_us=748
09-27 00:47:55.333 20922 20922 I BosonTree: BOSON_TOUCH_RESULT=0 node=3
09-27 00:47:55.365 20922 20922 I BosonTree: BOSON_LAYOUT id=2 x=24 y=24 width=336 height=60
09-27 00:47:55.365 20922 20922 I BosonTree: BOSON_LAYOUT id=3 x=24 y=100 width=336 height=64
09-27 00:47:55.365 20922 20922 I BosonTree: BOSON_LAYOUT id=6 x=24 y=180 width=164 height=56
09-27 00:47:55.365 20922 20922 I BosonTree: BOSON_LAYOUT id=7 x=196 y=180 width=164 height=56
09-27 00:47:55.366 20922 20922 I BosonTree: BOSON_NODE_REMOVE id=4
09-27 00:47:55.366 20922 20922 I BosonTree: BOSON_FRAME nodes=4
09-27 00:47:55.366 20922 20922 I BosonTree: BOSON_METRIC dispatch_us=43 render_us=467
09-27 00:47:55.366 20922 20922 I BosonTree: BOSON_TOUCH_RESULT=0 node=3
09-27 00:47:55.433 20922 20922 I BosonTree: BOSON_LAYOUT id=2 x=24 y=24 width=336 height=60
09-27 00:47:55.433 20922 20922 I BosonTree: BOSON_LAYOUT id=3 x=24 y=100 width=336 height=64
09-27 00:47:55.433 20922 20922 I BosonTree: BOSON_NODE_CREATE id=4 tag=text
09-27 00:47:55.433 20922 20922 I BosonTree: BOSON_LAYOUT id=4 x=24 y=180 width=336 height=48
09-27 00:47:55.434 20922 20922 I BosonTree: BOSON_LAYOUT id=6 x=24 y=244 width=164 height=56
09-27 00:47:55.434 20922 20922 I BosonTree: BOSON_LAYOUT id=7 x=196 y=244 width=164 height=56
09-27 00:47:55.434 20922 20922 I BosonTree: BOSON_FRAME nodes=5
09-27 00:47:55.434 20922 20922 I BosonTree: BOSON_METRIC dispatch_us=150 render_us=1458
09-27 00:47:55.434 20922 20922 I BosonTree: BOSON_TOUCH_RESULT=0 node=3
09-27 00:47:55.482 20922 20922 I BosonTree: BOSON_LAYOUT id=2 x=24 y=24 width=336 height=60
09-27 00:47:55.482 20922 20922 I BosonTree: BOSON_LAYOUT id=3 x=24 y=100 width=336 height=64
09-27 00:47:55.483 20922 20922 I BosonTree: BOSON_LAYOUT id=6 x=24 y=180 width=164 height=56
09-27 00:47:55.483 20922 20922 I BosonTree: BOSON_LAYOUT id=7 x=196 y=180 width=164 height=56
09-27 00:47:55.483 20922 20922 I BosonTree: BOSON_NODE_REMOVE id=4
09-27 00:47:55.483 20922 20922 I BosonTree: BOSON_FRAME nodes=4
09-27 00:47:55.483 20922 20922 I BosonTree: BOSON_METRIC dispatch_us=92 render_us=881
09-27 00:47:55.483 20922 20922 I BosonTree: BOSON_TOUCH_RESULT=0 node=3
09-27 00:47:55.549 20922 20922 I BosonTree: BOSON_LAYOUT id=2 x=24 y=24 width=336 height=60
09-27 00:47:55.549 20922 20922 I BosonTree: BOSON_LAYOUT id=3 x=24 y=100 width=336 height=64
09-27 00:47:55.549 20922 20922 I BosonTree: BOSON_NODE_CREATE id=4 tag=text
09-27 00:47:55.549 20922 20922 I BosonTree: BOSON_LAYOUT id=4 x=24 y=180 width=336 height=48
09-27 00:47:55.550 20922 20922 I BosonTree: BOSON_LAYOUT id=6 x=24 y=244 width=164 height=56
09-27 00:47:55.550 20922 20922 I BosonTree: BOSON_LAYOUT id=7 x=196 y=244 width=164 height=56
09-27 00:47:55.550 20922 20922 I BosonTree: BOSON_FRAME nodes=5
09-27 00:47:55.550 20922 20922 I BosonTree: BOSON_METRIC dispatch_us=88 render_us=1125
09-27 00:47:55.550 20922 20922 I BosonTree: BOSON_TOUCH_RESULT=0 node=3
09-27 00:47:55.600 20922 20922 I BosonTree: BOSON_LAYOUT id=2 x=24 y=24 width=336 height=60
09-27 00:47:55.600 20922 20922 I BosonTree: BOSON_LAYOUT id=3 x=24 y=100 width=336 height=64
09-27 00:47:55.600 20922 20922 I BosonTree: BOSON_LAYOUT id=6 x=24 y=180 width=164 height=56
09-27 00:47:55.600 20922 20922 I BosonTree: BOSON_LAYOUT id=7 x=196 y=180 width=164 height=56
09-27 00:47:55.601 20922 20922 I BosonTree: BOSON_NODE_REMOVE id=4
09-27 00:47:55.601 20922 20922 I BosonTree: BOSON_FRAME nodes=4
09-27 00:47:55.601 20922 20922 I BosonTree: BOSON_METRIC dispatch_us=105 render_us=1091
09-27 00:47:55.601 20922 20922 I BosonTree: BOSON_TOUCH_RESULT=0 node=3
09-27 00:47:55.666 20922 20922 I BosonTree: BOSON_LAYOUT id=2 x=24 y=24 width=336 height=60
09-27 00:47:55.666 20922 20922 I BosonTree: BOSON_LAYOUT id=3 x=24 y=100 width=336 height=64
09-27 00:47:55.667 20922 20922 I BosonTree: BOSON_NODE_CREATE id=4 tag=text
09-27 00:47:55.667 20922 20922 I BosonTree: BOSON_LAYOUT id=4 x=24 y=180 width=336 height=48
09-27 00:47:55.667 20922 20922 I BosonTree: BOSON_LAYOUT id=6 x=24 y=244 width=164 height=56
09-27 00:47:55.667 20922 20922 I BosonTree: BOSON_LAYOUT id=7 x=196 y=244 width=164 height=56
09-27 00:47:55.667 20922 20922 I BosonTree: BOSON_FRAME nodes=5
09-27 00:47:55.667 20922 20922 I BosonTree: BOSON_METRIC dispatch_us=162 render_us=1915
09-27 00:47:55.667 20922 20922 I BosonTree: BOSON_TOUCH_RESULT=0 node=3
09-27 00:47:55.725 20922 20922 I BosonTree: BOSON_LAYOUT id=2 x=24 y=24 width=336 height=60
09-27 00:47:55.725 20922 20922 I BosonTree: BOSON_LAYOUT id=3 x=24 y=100 width=336 height=64
09-27 00:47:55.725 20922 20922 I BosonTree: BOSON_LAYOUT id=6 x=24 y=180 width=164 height=56
09-27 00:47:55.726 20922 20922 I BosonTree: BOSON_LAYOUT id=7 x=196 y=180 width=164 height=56
09-27 00:47:55.726 20922 20922 I BosonTree: BOSON_NODE_REMOVE id=4
09-27 00:47:55.726 20922 20922 I BosonTree: BOSON_FRAME nodes=4
09-27 00:47:55.726 20922 20922 I BosonTree: BOSON_METRIC dispatch_us=124 render_us=1185
09-27 00:47:55.726 20922 20922 I BosonTree: BOSON_TOUCH_RESULT=0 node=3
09-27 00:47:55.757 20922 20922 I BosonTree: BOSON_LAYOUT id=2 x=24 y=24 width=336 height=60
09-27 00:47:55.757 20922 20922 I BosonTree: BOSON_LAYOUT id=3 x=24 y=100 width=336 height=64
09-27 00:47:55.758 20922 20922 I BosonTree: BOSON_NODE_CREATE id=4 tag=text
09-27 00:47:55.758 20922 20922 I BosonTree: BOSON_LAYOUT id=4 x=24 y=180 width=336 height=48
09-27 00:47:55.758 20922 20922 I BosonTree: BOSON_LAYOUT id=6 x=24 y=244 width=164 height=56
09-27 00:47:55.758 20922 20922 I BosonTree: BOSON_LAYOUT id=7 x=196 y=244 width=164 height=56
09-27 00:47:55.758 20922 20922 I BosonTree: BOSON_FRAME nodes=5
09-27 00:47:55.758 20922 20922 I BosonTree: BOSON_METRIC dispatch_us=70 render_us=641
09-27 00:47:55.758 20922 20922 I BosonTree: BOSON_TOUCH_RESULT=0 node=3
09-27 00:47:55.807 20922 20922 I BosonTree: BOSON_LAYOUT id=2 x=24 y=24 width=336 height=60
09-27 00:47:55.807 20922 20922 I BosonTree: BOSON_LAYOUT id=3 x=24 y=100 width=336 height=64
09-27 00:47:55.807 20922 20922 I BosonTree: BOSON_LAYOUT id=6 x=24 y=180 width=164 height=56
09-27 00:47:55.807 20922 20922 I BosonTree: BOSON_LAYOUT id=7 x=196 y=180 width=164 height=56
09-27 00:47:55.808 20922 20922 I BosonTree: BOSON_NODE_REMOVE id=4
09-27 00:47:55.808 20922 20922 I BosonTree: BOSON_FRAME nodes=4
09-27 00:47:55.808 20922 20922 I BosonTree: BOSON_METRIC dispatch_us=78 render_us=603
09-27 00:47:55.808 20922 20922 I BosonTree: BOSON_TOUCH_RESULT=0 node=3
09-27 00:47:55.858 20922 20922 I BosonTree: BOSON_LAYOUT id=2 x=24 y=24 width=336 height=60
09-27 00:47:55.858 20922 20922 I BosonTree: BOSON_LAYOUT id=3 x=24 y=100 width=336 height=64
09-27 00:47:55.859 20922 20922 I BosonTree: BOSON_NODE_CREATE id=4 tag=text
09-27 00:47:55.859 20922 20922 I BosonTree: BOSON_LAYOUT id=4 x=24 y=180 width=336 height=48
09-27 00:47:55.859 20922 20922 I BosonTree: BOSON_LAYOUT id=6 x=24 y=244 width=164 height=56
09-27 00:47:55.859 20922 20922 I BosonTree: BOSON_LAYOUT id=7 x=196 y=244 width=164 height=56
09-27 00:47:55.859 20922 20922 I BosonTree: BOSON_FRAME nodes=5
09-27 00:47:55.859 20922 20922 I BosonTree: BOSON_METRIC dispatch_us=155 render_us=1492
09-27 00:47:55.859 20922 20922 I BosonTree: BOSON_TOUCH_RESULT=0 node=3
09-27 00:47:55.916 20922 20922 I BosonTree: BOSON_LAYOUT id=2 x=24 y=24 width=336 height=60
09-27 00:47:55.916 20922 20922 I BosonTree: BOSON_LAYOUT id=3 x=24 y=100 width=336 height=64
09-27 00:47:55.916 20922 20922 I BosonTree: BOSON_LAYOUT id=6 x=24 y=180 width=164 height=56
09-27 00:47:55.917 20922 20922 I BosonTree: BOSON_LAYOUT id=7 x=196 y=180 width=164 height=56
09-27 00:47:55.917 20922 20922 I BosonTree: BOSON_NODE_REMOVE id=4
09-27 00:47:55.917 20922 20922 I BosonTree: BOSON_FRAME nodes=4
09-27 00:47:55.917 20922 20922 I BosonTree: BOSON_METRIC dispatch_us=102 render_us=877
09-27 00:47:55.917 20922 20922 I BosonTree: BOSON_TOUCH_RESULT=0 node=3
09-27 00:47:55.973 20922 20922 I BosonTree: BOSON_LAYOUT id=2 x=24 y=24 width=336 height=60
09-27 00:47:55.973 20922 20922 I BosonTree: BOSON_LAYOUT id=3 x=24 y=100 width=336 height=64
09-27 00:47:55.974 20922 20922 I BosonTree: BOSON_NODE_CREATE id=4 tag=text
09-27 00:47:55.974 20922 20922 I BosonTree: BOSON_LAYOUT id=4 x=24 y=180 width=336 height=48
09-27 00:47:55.974 20922 20922 I BosonTree: BOSON_LAYOUT id=6 x=24 y=244 width=164 height=56
09-27 00:47:55.974 20922 20922 I BosonTree: BOSON_LAYOUT id=7 x=196 y=244 width=164 height=56
09-27 00:47:55.974 20922 20922 I BosonTree: BOSON_FRAME nodes=5
09-27 00:47:55.974 20922 20922 I BosonTree: BOSON_METRIC dispatch_us=72 render_us=677
09-27 00:47:55.974 20922 20922 I BosonTree: BOSON_TOUCH_RESULT=0 node=3
09-27 00:47:56.008 20922 20922 I BosonTree: BOSON_LAYOUT id=2 x=24 y=24 width=336 height=60
09-27 00:47:56.008 20922 20922 I BosonTree: BOSON_LAYOUT id=3 x=24 y=100 width=336 height=64
09-27 00:47:56.008 20922 20922 I BosonTree: BOSON_LAYOUT id=6 x=24 y=180 width=164 height=56
09-27 00:47:56.008 20922 20922 I BosonTree: BOSON_LAYOUT id=7 x=196 y=180 width=164 height=56
09-27 00:47:56.008 20922 20922 I BosonTree: BOSON_NODE_REMOVE id=4
09-27 00:47:56.008 20922 20922 I BosonTree: BOSON_FRAME nodes=4
09-27 00:47:56.008 20922 20922 I BosonTree: BOSON_METRIC dispatch_us=73 render_us=593
09-27 00:47:56.008 20922 20922 I BosonTree: BOSON_TOUCH_RESULT=0 node=3
09-27 00:47:56.058 20922 20922 I BosonTree: BOSON_LAYOUT id=2 x=24 y=24 width=336 height=60
09-27 00:47:56.058 20922 20922 I BosonTree: BOSON_LAYOUT id=3 x=24 y=100 width=336 height=64
09-27 00:47:56.059 20922 20922 I BosonTree: BOSON_NODE_CREATE id=4 tag=text
09-27 00:47:56.059 20922 20922 I BosonTree: BOSON_LAYOUT id=4 x=24 y=180 width=336 height=48
09-27 00:47:56.059 20922 20922 I BosonTree: BOSON_LAYOUT id=6 x=24 y=244 width=164 height=56
09-27 00:47:56.059 20922 20922 I BosonTree: BOSON_LAYOUT id=7 x=196 y=244 width=164 height=56
09-27 00:47:56.059 20922 20922 I BosonTree: BOSON_FRAME nodes=5
09-27 00:47:56.059 20922 20922 I BosonTree: BOSON_METRIC dispatch_us=129 render_us=1478
09-27 00:47:56.059 20922 20922 I BosonTree: BOSON_TOUCH_RESULT=0 node=3
09-27 00:47:56.111 20922 20922 I BosonTree: BOSON_LAYOUT id=2 x=24 y=24 width=336 height=60
09-27 00:47:56.111 20922 20922 I BosonTree: BOSON_LAYOUT id=3 x=24 y=100 width=336 height=64
09-27 00:47:56.111 20922 20922 I BosonTree: BOSON_LAYOUT id=6 x=24 y=180 width=164 height=56
09-27 00:47:56.111 20922 20922 I BosonTree: BOSON_LAYOUT id=7 x=196 y=180 width=164 height=56
09-27 00:47:56.111 20922 20922 I BosonTree: BOSON_NODE_REMOVE id=4
09-27 00:47:56.111 20922 20922 I BosonTree: BOSON_FRAME nodes=4
09-27 00:47:56.111 20922 20922 I BosonTree: BOSON_METRIC dispatch_us=119 render_us=1188
09-27 00:47:56.111 20922 20922 I BosonTree: BOSON_TOUCH_RESULT=0 node=3
09-27 00:47:56.167 20922 20922 I BosonTree: BOSON_LAYOUT id=2 x=24 y=24 width=336 height=60
09-27 00:47:56.167 20922 20922 I BosonTree: BOSON_LAYOUT id=3 x=24 y=100 width=336 height=64
09-27 00:47:56.168 20922 20922 I BosonTree: BOSON_NODE_CREATE id=4 tag=text
09-27 00:47:56.168 20922 20922 I BosonTree: BOSON_LAYOUT id=4 x=24 y=180 width=336 height=48
09-27 00:47:56.168 20922 20922 I BosonTree: BOSON_LAYOUT id=6 x=24 y=244 width=164 height=56
09-27 00:47:56.168 20922 20922 I BosonTree: BOSON_LAYOUT id=7 x=196 y=244 width=164 height=56
09-27 00:47:56.169 20922 20922 I BosonTree: BOSON_FRAME nodes=5
09-27 00:47:56.169 20922 20922 I BosonTree: BOSON_METRIC dispatch_us=213 render_us=1763
09-27 00:47:56.169 20922 20922 I BosonTree: BOSON_TOUCH_RESULT=0 node=3
09-27 00:47:56.217 20922 20922 I BosonTree: BOSON_LAYOUT id=2 x=24 y=24 width=336 height=60
09-27 00:47:56.217 20922 20922 I BosonTree: BOSON_LAYOUT id=3 x=24 y=100 width=336 height=64
09-27 00:47:56.217 20922 20922 I BosonTree: BOSON_LAYOUT id=6 x=24 y=180 width=164 height=56
09-27 00:47:56.217 20922 20922 I BosonTree: BOSON_LAYOUT id=7 x=196 y=180 width=164 height=56
09-27 00:47:56.217 20922 20922 I BosonTree: BOSON_NODE_REMOVE id=4
09-27 00:47:56.217 20922 20922 I BosonTree: BOSON_FRAME nodes=4
09-27 00:47:56.217 20922 20922 I BosonTree: BOSON_METRIC dispatch_us=117 render_us=1122
09-27 00:47:56.218 20922 20922 I BosonTree: BOSON_TOUCH_RESULT=0 node=3
09-27 00:47:56.267 20922 20922 I BosonTree: BOSON_LAYOUT id=2 x=24 y=24 width=336 height=60
09-27 00:47:56.267 20922 20922 I BosonTree: BOSON_LAYOUT id=3 x=24 y=100 width=336 height=64
09-27 00:47:56.268 20922 20922 I BosonTree: BOSON_NODE_CREATE id=4 tag=text
09-27 00:47:56.268 20922 20922 I BosonTree: BOSON_LAYOUT id=4 x=24 y=180 width=336 height=48
09-27 00:47:56.268 20922 20922 I BosonTree: BOSON_LAYOUT id=6 x=24 y=244 width=164 height=56
09-27 00:47:56.268 20922 20922 I BosonTree: BOSON_LAYOUT id=7 x=196 y=244 width=164 height=56
09-27 00:47:56.268 20922 20922 I BosonTree: BOSON_FRAME nodes=5
09-27 00:47:56.268 20922 20922 I BosonTree: BOSON_METRIC dispatch_us=228 render_us=1354
09-27 00:47:56.268 20922 20922 I BosonTree: BOSON_TOUCH_RESULT=0 node=3
09-27 00:47:56.328 20922 20922 I BosonTree: BOSON_LAYOUT id=2 x=24 y=24 width=336 height=60
09-27 00:47:56.328 20922 20922 I BosonTree: BOSON_LAYOUT id=3 x=24 y=100 width=336 height=64
09-27 00:47:56.328 20922 20922 I BosonTree: BOSON_LAYOUT id=6 x=24 y=180 width=164 height=56
09-27 00:47:56.328 20922 20922 I BosonTree: BOSON_LAYOUT id=7 x=196 y=180 width=164 height=56
09-27 00:47:56.328 20922 20922 I BosonTree: BOSON_NODE_REMOVE id=4
09-27 00:47:56.329 20922 20922 I BosonTree: BOSON_FRAME nodes=4
09-27 00:47:56.329 20922 20922 I BosonTree: BOSON_METRIC dispatch_us=117 render_us=796
09-27 00:47:56.329 20922 20922 I BosonTree: BOSON_TOUCH_RESULT=0 node=3
09-27 00:47:56.357 20922 20922 I BosonTree: BOSON_LAYOUT id=2 x=24 y=24 width=336 height=60
09-27 00:47:56.357 20922 20922 I BosonTree: BOSON_LAYOUT id=3 x=24 y=100 width=336 height=64
09-27 00:47:56.358 20922 20922 I BosonTree: BOSON_NODE_CREATE id=4 tag=text
09-27 00:47:56.358 20922 20922 I BosonTree: BOSON_LAYOUT id=4 x=24 y=180 width=336 height=48
09-27 00:47:56.358 20922 20922 I BosonTree: BOSON_LAYOUT id=6 x=24 y=244 width=164 height=56
09-27 00:47:56.358 20922 20922 I BosonTree: BOSON_LAYOUT id=7 x=196 y=244 width=164 height=56
09-27 00:47:56.358 20922 20922 I BosonTree: BOSON_FRAME nodes=5
09-27 00:47:56.358 20922 20922 I BosonTree: BOSON_METRIC dispatch_us=113 render_us=919
09-27 00:47:56.358 20922 20922 I BosonTree: BOSON_TOUCH_RESULT=0 node=3
09-27 00:47:56.425 20922 20922 I BosonTree: BOSON_LAYOUT id=2 x=24 y=24 width=336 height=60
09-27 00:47:56.425 20922 20922 I BosonTree: BOSON_LAYOUT id=3 x=24 y=100 width=336 height=64
09-27 00:47:56.425 20922 20922 I BosonTree: BOSON_LAYOUT id=6 x=24 y=180 width=164 height=56
09-27 00:47:56.425 20922 20922 I BosonTree: BOSON_LAYOUT id=7 x=196 y=180 width=164 height=56
09-27 00:47:56.425 20922 20922 I BosonTree: BOSON_NODE_REMOVE id=4
09-27 00:47:56.425 20922 20922 I BosonTree: BOSON_FRAME nodes=4
09-27 00:47:56.425 20922 20922 I BosonTree: BOSON_METRIC dispatch_us=106 render_us=1163
09-27 00:47:56.425 20922 20922 I BosonTree: BOSON_TOUCH_RESULT=0 node=3
09-27 00:47:56.483 20922 20922 I BosonTree: BOSON_LAYOUT id=2 x=24 y=24 width=336 height=60
09-27 00:47:56.483 20922 20922 I BosonTree: BOSON_LAYOUT id=3 x=24 y=100 width=336 height=64
09-27 00:47:56.484 20922 20922 I BosonTree: BOSON_NODE_CREATE id=4 tag=text
09-27 00:47:56.484 20922 20922 I BosonTree: BOSON_LAYOUT id=4 x=24 y=180 width=336 height=48
09-27 00:47:56.484 20922 20922 I BosonTree: BOSON_LAYOUT id=6 x=24 y=244 width=164 height=56
09-27 00:47:56.484 20922 20922 I BosonTree: BOSON_LAYOUT id=7 x=196 y=244 width=164 height=56
09-27 00:47:56.484 20922 20922 I BosonTree: BOSON_FRAME nodes=5
09-27 00:47:56.484 20922 20922 I BosonTree: BOSON_METRIC dispatch_us=158 render_us=1688
09-27 00:47:56.484 20922 20922 I BosonTree: BOSON_TOUCH_RESULT=0 node=3
09-27 00:47:56.542 20922 20922 I BosonTree: BOSON_LAYOUT id=2 x=24 y=24 width=336 height=60
09-27 00:47:56.542 20922 20922 I BosonTree: BOSON_LAYOUT id=3 x=24 y=100 width=336 height=64
09-27 00:47:56.542 20922 20922 I BosonTree: BOSON_LAYOUT id=6 x=24 y=180 width=164 height=56
09-27 00:47:56.542 20922 20922 I BosonTree: BOSON_LAYOUT id=7 x=196 y=180 width=164 height=56
09-27 00:47:56.542 20922 20922 I BosonTree: BOSON_NODE_REMOVE id=4
09-27 00:47:56.542 20922 20922 I BosonTree: BOSON_FRAME nodes=4
09-27 00:47:56.542 20922 20922 I BosonTree: BOSON_METRIC dispatch_us=106 render_us=985
09-27 00:47:56.542 20922 20922 I BosonTree: BOSON_TOUCH_RESULT=0 node=3
09-27 00:47:56.591 20922 20922 I BosonTree: BOSON_LAYOUT id=2 x=24 y=24 width=336 height=60
09-27 00:47:56.591 20922 20922 I BosonTree: BOSON_LAYOUT id=3 x=24 y=100 width=336 height=64
09-27 00:47:56.592 20922 20922 I BosonTree: BOSON_NODE_CREATE id=4 tag=text
09-27 00:47:56.592 20922 20922 I BosonTree: BOSON_LAYOUT id=4 x=24 y=180 width=336 height=48
09-27 00:47:56.592 20922 20922 I BosonTree: BOSON_LAYOUT id=6 x=24 y=244 width=164 height=56
09-27 00:47:56.592 20922 20922 I BosonTree: BOSON_LAYOUT id=7 x=196 y=244 width=164 height=56
09-27 00:47:56.592 20922 20922 I BosonTree: BOSON_FRAME nodes=5
09-27 00:47:56.592 20922 20922 I BosonTree: BOSON_METRIC dispatch_us=163 render_us=1328
09-27 00:47:56.592 20922 20922 I BosonTree: BOSON_TOUCH_RESULT=0 node=3
09-27 00:47:56.651 20922 20922 I BosonTree: BOSON_LAYOUT id=2 x=24 y=24 width=336 height=60
09-27 00:47:56.651 20922 20922 I BosonTree: BOSON_LAYOUT id=3 x=24 y=100 width=336 height=64
09-27 00:47:56.652 20922 20922 I BosonTree: BOSON_LAYOUT id=6 x=24 y=180 width=164 height=56
09-27 00:47:56.652 20922 20922 I BosonTree: BOSON_LAYOUT id=7 x=196 y=180 width=164 height=56
09-27 00:47:56.652 20922 20922 I BosonTree: BOSON_NODE_REMOVE id=4
09-27 00:47:56.652 20922 20922 I BosonTree: BOSON_FRAME nodes=4
09-27 00:47:56.652 20922 20922 I BosonTree: BOSON_METRIC dispatch_us=108 render_us=1041
09-27 00:47:56.652 20922 20922 I BosonTree: BOSON_TOUCH_RESULT=0 node=3
09-27 00:47:56.712 20922 20922 I BosonTree: BOSON_LAYOUT id=2 x=24 y=24 width=336 height=60
09-27 00:47:56.712 20922 20922 I BosonTree: BOSON_LAYOUT id=3 x=24 y=100 width=336 height=64
09-27 00:47:56.713 20922 20922 I BosonTree: BOSON_NODE_CREATE id=4 tag=text
09-27 00:47:56.713 20922 20922 I BosonTree: BOSON_LAYOUT id=4 x=24 y=180 width=336 height=48
09-27 00:47:56.713 20922 20922 I BosonTree: BOSON_LAYOUT id=6 x=24 y=244 width=164 height=56
09-27 00:47:56.713 20922 20922 I BosonTree: BOSON_LAYOUT id=7 x=196 y=244 width=164 height=56
09-27 00:47:56.713 20922 20922 I BosonTree: BOSON_FRAME nodes=5
09-27 00:47:56.713 20922 20922 I BosonTree: BOSON_METRIC dispatch_us=193 render_us=1804
09-27 00:47:56.713 20922 20922 I BosonTree: BOSON_TOUCH_RESULT=0 node=3
09-27 00:47:56.758 20922 20922 I BosonTree: BOSON_LAYOUT id=2 x=24 y=24 width=336 height=60
09-27 00:47:56.758 20922 20922 I BosonTree: BOSON_LAYOUT id=3 x=24 y=100 width=336 height=64
09-27 00:47:56.758 20922 20922 I BosonTree: BOSON_LAYOUT id=6 x=24 y=180 width=164 height=56
09-27 00:47:56.758 20922 20922 I BosonTree: BOSON_LAYOUT id=7 x=196 y=180 width=164 height=56
09-27 00:47:56.758 20922 20922 I BosonTree: BOSON_NODE_REMOVE id=4
09-27 00:47:56.758 20922 20922 I BosonTree: BOSON_FRAME nodes=4
09-27 00:47:56.758 20922 20922 I BosonTree: BOSON_METRIC dispatch_us=111 render_us=695
09-27 00:47:56.758 20922 20922 I BosonTree: BOSON_TOUCH_RESULT=0 node=3
09-27 00:47:56.817 20922 20922 I BosonTree: BOSON_LAYOUT id=2 x=24 y=24 width=336 height=60
09-27 00:47:56.817 20922 20922 I BosonTree: BOSON_LAYOUT id=3 x=24 y=100 width=336 height=64
09-27 00:47:56.818 20922 20922 I BosonTree: BOSON_NODE_CREATE id=4 tag=text
09-27 00:47:56.818 20922 20922 I BosonTree: BOSON_LAYOUT id=4 x=24 y=180 width=336 height=48
09-27 00:47:56.818 20922 20922 I BosonTree: BOSON_LAYOUT id=6 x=24 y=244 width=164 height=56
09-27 00:47:56.818 20922 20922 I BosonTree: BOSON_LAYOUT id=7 x=196 y=244 width=164 height=56
09-27 00:47:56.818 20922 20922 I BosonTree: BOSON_FRAME nodes=5
09-27 00:47:56.818 20922 20922 I BosonTree: BOSON_METRIC dispatch_us=171 render_us=1518
09-27 00:47:56.818 20922 20922 I BosonTree: BOSON_TOUCH_RESULT=0 node=3
09-27 00:47:56.875 20922 20922 I BosonTree: BOSON_LAYOUT id=2 x=24 y=24 width=336 height=60
09-27 00:47:56.875 20922 20922 I BosonTree: BOSON_LAYOUT id=3 x=24 y=100 width=336 height=64
09-27 00:47:56.875 20922 20922 I BosonTree: BOSON_LAYOUT id=6 x=24 y=180 width=164 height=56
09-27 00:47:56.875 20922 20922 I BosonTree: BOSON_LAYOUT id=7 x=196 y=180 width=164 height=56
09-27 00:47:56.875 20922 20922 I BosonTree: BOSON_NODE_REMOVE id=4
09-27 00:47:56.875 20922 20922 I BosonTree: BOSON_FRAME nodes=4
09-27 00:47:56.875 20922 20922 I BosonTree: BOSON_METRIC dispatch_us=109 render_us=890
09-27 00:47:56.875 20922 20922 I BosonTree: BOSON_TOUCH_RESULT=0 node=3
09-27 00:47:56.934 20922 20922 I BosonTree: BOSON_LAYOUT id=2 x=24 y=24 width=336 height=60
09-27 00:47:56.934 20922 20922 I BosonTree: BOSON_LAYOUT id=3 x=24 y=100 width=336 height=64
09-27 00:47:56.936 20922 20922 I BosonTree: BOSON_NODE_CREATE id=4 tag=text
09-27 00:47:56.936 20922 20922 I BosonTree: BOSON_LAYOUT id=4 x=24 y=180 width=336 height=48
09-27 00:47:56.936 20922 20922 I BosonTree: BOSON_LAYOUT id=6 x=24 y=244 width=164 height=56
09-27 00:47:56.936 20922 20922 I BosonTree: BOSON_LAYOUT id=7 x=196 y=244 width=164 height=56
09-27 00:47:56.936 20922 20922 I BosonTree: BOSON_FRAME nodes=5
09-27 00:47:56.936 20922 20922 I BosonTree: BOSON_METRIC dispatch_us=176 render_us=2828
09-27 00:47:56.936 20922 20922 I BosonTree: BOSON_TOUCH_RESULT=0 node=3
09-27 00:47:56.967 20922 20922 I BosonTree: BOSON_LAYOUT id=2 x=24 y=24 width=336 height=60
09-27 00:47:56.967 20922 20922 I BosonTree: BOSON_LAYOUT id=3 x=24 y=100 width=336 height=64
09-27 00:47:56.967 20922 20922 I BosonTree: BOSON_LAYOUT id=6 x=24 y=180 width=164 height=56
09-27 00:47:56.967 20922 20922 I BosonTree: BOSON_LAYOUT id=7 x=196 y=180 width=164 height=56
09-27 00:47:56.967 20922 20922 I BosonTree: BOSON_NODE_REMOVE id=4
09-27 00:47:56.967 20922 20922 I BosonTree: BOSON_FRAME nodes=4
09-27 00:47:56.967 20922 20922 I BosonTree: BOSON_METRIC dispatch_us=73 render_us=492
09-27 00:47:56.967 20922 20922 I BosonTree: BOSON_TOUCH_RESULT=0 node=3
09-27 00:47:57.016 20922 20922 I BosonTree: BOSON_LAYOUT id=2 x=24 y=24 width=336 height=60
09-27 00:47:57.016 20922 20922 I BosonTree: BOSON_LAYOUT id=3 x=24 y=100 width=336 height=64
09-27 00:47:57.017 20922 20922 I BosonTree: BOSON_NODE_CREATE id=4 tag=text
09-27 00:47:57.017 20922 20922 I BosonTree: BOSON_LAYOUT id=4 x=24 y=180 width=336 height=48
09-27 00:47:57.017 20922 20922 I BosonTree: BOSON_LAYOUT id=6 x=24 y=244 width=164 height=56
09-27 00:47:57.017 20922 20922 I BosonTree: BOSON_LAYOUT id=7 x=196 y=244 width=164 height=56
09-27 00:47:57.017 20922 20922 I BosonTree: BOSON_FRAME nodes=5
09-27 00:47:57.017 20922 20922 I BosonTree: BOSON_METRIC dispatch_us=117 render_us=1062
09-27 00:47:57.017 20922 20922 I BosonTree: BOSON_TOUCH_RESULT=0 node=3
09-27 00:47:57.067 20922 20922 I BosonTree: BOSON_LAYOUT id=2 x=24 y=24 width=336 height=60
09-27 00:47:57.067 20922 20922 I BosonTree: BOSON_LAYOUT id=3 x=24 y=100 width=336 height=64
09-27 00:47:57.067 20922 20922 I BosonTree: BOSON_LAYOUT id=6 x=24 y=180 width=164 height=56
09-27 00:47:57.067 20922 20922 I BosonTree: BOSON_LAYOUT id=7 x=196 y=180 width=164 height=56
09-27 00:47:57.067 20922 20922 I BosonTree: BOSON_NODE_REMOVE id=4
09-27 00:47:57.067 20922 20922 I BosonTree: BOSON_FRAME nodes=4
09-27 00:47:57.067 20922 20922 I BosonTree: BOSON_METRIC dispatch_us=91 render_us=1270
09-27 00:47:57.067 20922 20922 I BosonTree: BOSON_TOUCH_RESULT=0 node=3
09-27 00:47:57.141 20922 20922 I BosonTree: BOSON_LAYOUT id=2 x=24 y=24 width=336 height=60
09-27 00:47:57.141 20922 20922 I BosonTree: BOSON_LAYOUT id=3 x=24 y=100 width=336 height=64
09-27 00:47:57.141 20922 20922 I BosonTree: BOSON_NODE_CREATE id=4 tag=text
09-27 00:47:57.141 20922 20922 I BosonTree: BOSON_LAYOUT id=4 x=24 y=180 width=336 height=48
09-27 00:47:57.141 20922 20922 I BosonTree: BOSON_LAYOUT id=6 x=24 y=244 width=164 height=56
09-27 00:47:57.141 20922 20922 I BosonTree: BOSON_LAYOUT id=7 x=196 y=244 width=164 height=56
09-27 00:47:57.142 20922 20922 I BosonTree: BOSON_FRAME nodes=5
09-27 00:47:57.142 20922 20922 I BosonTree: BOSON_METRIC dispatch_us=70 render_us=726
09-27 00:47:57.142 20922 20922 I BosonTree: BOSON_TOUCH_RESULT=0 node=3
09-27 00:47:57.193 20922 20922 I BosonTree: BOSON_LAYOUT id=2 x=24 y=24 width=336 height=60
09-27 00:47:57.193 20922 20922 I BosonTree: BOSON_LAYOUT id=3 x=24 y=100 width=336 height=64
09-27 00:47:57.193 20922 20922 I BosonTree: BOSON_LAYOUT id=6 x=24 y=180 width=164 height=56
09-27 00:47:57.193 20922 20922 I BosonTree: BOSON_LAYOUT id=7 x=196 y=180 width=164 height=56
09-27 00:47:57.193 20922 20922 I BosonTree: BOSON_NODE_REMOVE id=4
09-27 00:47:57.193 20922 20922 I BosonTree: BOSON_FRAME nodes=4
09-27 00:47:57.193 20922 20922 I BosonTree: BOSON_METRIC dispatch_us=102 render_us=1057
09-27 00:47:57.193 20922 20922 I BosonTree: BOSON_TOUCH_RESULT=0 node=3
09-27 00:47:57.242 20922 20922 I BosonTree: BOSON_LAYOUT id=2 x=24 y=24 width=336 height=60
09-27 00:47:57.242 20922 20922 I BosonTree: BOSON_LAYOUT id=3 x=24 y=100 width=336 height=64
09-27 00:47:57.243 20922 20922 I BosonTree: BOSON_NODE_CREATE id=4 tag=text
09-27 00:47:57.243 20922 20922 I BosonTree: BOSON_LAYOUT id=4 x=24 y=180 width=336 height=48
09-27 00:47:57.243 20922 20922 I BosonTree: BOSON_LAYOUT id=6 x=24 y=244 width=164 height=56
09-27 00:47:57.243 20922 20922 I BosonTree: BOSON_LAYOUT id=7 x=196 y=244 width=164 height=56
09-27 00:47:57.243 20922 20922 I BosonTree: BOSON_FRAME nodes=5
09-27 00:47:57.243 20922 20922 I BosonTree: BOSON_METRIC dispatch_us=159 render_us=1648
09-27 00:47:57.243 20922 20922 I BosonTree: BOSON_TOUCH_RESULT=0 node=3
09-27 00:47:57.300 20922 20922 I BosonTree: BOSON_LAYOUT id=2 x=24 y=24 width=336 height=60
09-27 00:47:57.300 20922 20922 I BosonTree: BOSON_LAYOUT id=3 x=24 y=100 width=336 height=64
09-27 00:47:57.300 20922 20922 I BosonTree: BOSON_LAYOUT id=6 x=24 y=180 width=164 height=56
09-27 00:47:57.300 20922 20922 I BosonTree: BOSON_LAYOUT id=7 x=196 y=180 width=164 height=56
09-27 00:47:57.300 20922 20922 I BosonTree: BOSON_NODE_REMOVE id=4
09-27 00:47:57.300 20922 20922 I BosonTree: BOSON_FRAME nodes=4
09-27 00:47:57.300 20922 20922 I BosonTree: BOSON_METRIC dispatch_us=93 render_us=741
09-27 00:47:57.300 20922 20922 I BosonTree: BOSON_TOUCH_RESULT=0 node=3
09-27 00:47:57.350 20922 20922 I BosonTree: BOSON_LAYOUT id=2 x=24 y=24 width=336 height=60
09-27 00:47:57.350 20922 20922 I BosonTree: BOSON_LAYOUT id=3 x=24 y=100 width=336 height=64
09-27 00:47:57.350 20922 20922 I BosonTree: BOSON_NODE_CREATE id=4 tag=text
09-27 00:47:57.350 20922 20922 I BosonTree: BOSON_LAYOUT id=4 x=24 y=180 width=336 height=48
09-27 00:47:57.351 20922 20922 I BosonTree: BOSON_LAYOUT id=6 x=24 y=244 width=164 height=56
09-27 00:47:57.351 20922 20922 I BosonTree: BOSON_LAYOUT id=7 x=196 y=244 width=164 height=56
09-27 00:47:57.351 20922 20922 I BosonTree: BOSON_FRAME nodes=5
09-27 00:47:57.351 20922 20922 I BosonTree: BOSON_METRIC dispatch_us=152 render_us=1318
09-27 00:47:57.351 20922 20922 I BosonTree: BOSON_TOUCH_RESULT=0 node=3
09-27 00:47:57.400 20922 20922 I BosonTree: BOSON_LAYOUT id=2 x=24 y=24 width=336 height=60
09-27 00:47:57.400 20922 20922 I BosonTree: BOSON_LAYOUT id=3 x=24 y=100 width=336 height=64
09-27 00:47:57.400 20922 20922 I BosonTree: BOSON_LAYOUT id=6 x=24 y=180 width=164 height=56
09-27 00:47:57.400 20922 20922 I BosonTree: BOSON_LAYOUT id=7 x=196 y=180 width=164 height=56
09-27 00:47:57.400 20922 20922 I BosonTree: BOSON_NODE_REMOVE id=4
09-27 00:47:57.400 20922 20922 I BosonTree: BOSON_FRAME nodes=4
09-27 00:47:57.400 20922 20922 I BosonTree: BOSON_METRIC dispatch_us=104 render_us=860
09-27 00:47:57.400 20922 20922 I BosonTree: BOSON_TOUCH_RESULT=0 node=3
09-27 00:47:57.453 20922 20922 I BosonTree: BOSON_LAYOUT id=2 x=24 y=24 width=336 height=60
09-27 00:47:57.453 20922 20922 I BosonTree: BOSON_LAYOUT id=3 x=24 y=100 width=336 height=64
09-27 00:47:57.453 20922 20922 I BosonTree: BOSON_NODE_CREATE id=4 tag=text
09-27 00:47:57.453 20922 20922 I BosonTree: BOSON_LAYOUT id=4 x=24 y=180 width=336 height=48
09-27 00:47:57.453 20922 20922 I BosonTree: BOSON_LAYOUT id=6 x=24 y=244 width=164 height=56
09-27 00:47:57.454 20922 20922 I BosonTree: BOSON_LAYOUT id=7 x=196 y=244 width=164 height=56
09-27 00:47:57.454 20922 20922 I BosonTree: BOSON_FRAME nodes=5
09-27 00:47:57.454 20922 20922 I BosonTree: BOSON_METRIC dispatch_us=180 render_us=1624
09-27 00:47:57.454 20922 20922 I BosonTree: BOSON_TOUCH_RESULT=0 node=3
09-27 00:47:57.509 20922 20922 I BosonTree: BOSON_LAYOUT id=2 x=24 y=24 width=336 height=60
09-27 00:47:57.509 20922 20922 I BosonTree: BOSON_LAYOUT id=3 x=24 y=100 width=336 height=64
09-27 00:47:57.509 20922 20922 I BosonTree: BOSON_LAYOUT id=6 x=24 y=180 width=164 height=56
09-27 00:47:57.509 20922 20922 I BosonTree: BOSON_LAYOUT id=7 x=196 y=180 width=164 height=56
09-27 00:47:57.509 20922 20922 I BosonTree: BOSON_NODE_REMOVE id=4
09-27 00:47:57.509 20922 20922 I BosonTree: BOSON_FRAME nodes=4
09-27 00:47:57.509 20922 20922 I BosonTree: BOSON_METRIC dispatch_us=110 render_us=689
09-27 00:47:57.509 20922 20922 I BosonTree: BOSON_TOUCH_RESULT=0 node=3
09-27 00:47:57.567 20922 20922 I BosonTree: BOSON_LAYOUT id=2 x=24 y=24 width=336 height=60
09-27 00:47:57.567 20922 20922 I BosonTree: BOSON_LAYOUT id=3 x=24 y=100 width=336 height=64
09-27 00:47:57.568 20922 20922 I BosonTree: BOSON_NODE_CREATE id=4 tag=text
09-27 00:47:57.568 20922 20922 I BosonTree: BOSON_LAYOUT id=4 x=24 y=180 width=336 height=48
09-27 00:47:57.568 20922 20922 I BosonTree: BOSON_LAYOUT id=6 x=24 y=244 width=164 height=56
09-27 00:47:57.568 20922 20922 I BosonTree: BOSON_LAYOUT id=7 x=196 y=244 width=164 height=56
09-27 00:47:57.568 20922 20922 I BosonTree: BOSON_FRAME nodes=5
09-27 00:47:57.568 20922 20922 I BosonTree: BOSON_METRIC dispatch_us=247 render_us=1270
09-27 00:47:57.568 20922 20922 I BosonTree: BOSON_TOUCH_RESULT=0 node=3
09-27 00:47:57.626 20922 20922 I BosonTree: BOSON_LAYOUT id=2 x=24 y=24 width=336 height=60
09-27 00:47:57.626 20922 20922 I BosonTree: BOSON_LAYOUT id=3 x=24 y=100 width=336 height=64
09-27 00:47:57.626 20922 20922 I BosonTree: BOSON_LAYOUT id=6 x=24 y=180 width=164 height=56
09-27 00:47:57.626 20922 20922 I BosonTree: BOSON_LAYOUT id=7 x=196 y=180 width=164 height=56
09-27 00:47:57.626 20922 20922 I BosonTree: BOSON_NODE_REMOVE id=4
09-27 00:47:57.626 20922 20922 I BosonTree: BOSON_FRAME nodes=4
09-27 00:47:57.626 20922 20922 I BosonTree: BOSON_METRIC dispatch_us=100 render_us=832
09-27 00:47:57.626 20922 20922 I BosonTree: BOSON_TOUCH_RESULT=0 node=3
09-27 00:47:57.675 20922 20922 I BosonTree: BOSON_LAYOUT id=2 x=24 y=24 width=336 height=60
09-27 00:47:57.675 20922 20922 I BosonTree: BOSON_LAYOUT id=3 x=24 y=100 width=336 height=64
09-27 00:47:57.676 20922 20922 I BosonTree: BOSON_NODE_CREATE id=4 tag=text
09-27 00:47:57.676 20922 20922 I BosonTree: BOSON_LAYOUT id=4 x=24 y=180 width=336 height=48
09-27 00:47:57.676 20922 20922 I BosonTree: BOSON_LAYOUT id=6 x=24 y=244 width=164 height=56
09-27 00:47:57.676 20922 20922 I BosonTree: BOSON_LAYOUT id=7 x=196 y=244 width=164 height=56
09-27 00:47:57.676 20922 20922 I BosonTree: BOSON_FRAME nodes=5
09-27 00:47:57.676 20922 20922 I BosonTree: BOSON_METRIC dispatch_us=180 render_us=1327
09-27 00:47:57.676 20922 20922 I BosonTree: BOSON_TOUCH_RESULT=0 node=3
09-27 00:47:57.733 20922 20922 I BosonTree: BOSON_LAYOUT id=2 x=24 y=24 width=336 height=60
09-27 00:47:57.734 20922 20922 I BosonTree: BOSON_LAYOUT id=3 x=24 y=100 width=336 height=64
09-27 00:47:57.734 20922 20922 I BosonTree: BOSON_LAYOUT id=6 x=24 y=180 width=164 height=56
09-27 00:47:57.734 20922 20922 I BosonTree: BOSON_LAYOUT id=7 x=196 y=180 width=164 height=56
09-27 00:47:57.734 20922 20922 I BosonTree: BOSON_NODE_REMOVE id=4
09-27 00:47:57.734 20922 20922 I BosonTree: BOSON_FRAME nodes=4
09-27 00:47:57.734 20922 20922 I BosonTree: BOSON_METRIC dispatch_us=108 render_us=984
09-27 00:47:57.734 20922 20922 I BosonTree: BOSON_TOUCH_RESULT=0 node=3
09-27 00:47:57.775 20922 20922 I BosonTree: BOSON_LAYOUT id=2 x=24 y=24 width=336 height=60
09-27 00:47:57.775 20922 20922 I BosonTree: BOSON_LAYOUT id=3 x=24 y=100 width=336 height=64
09-27 00:47:57.776 20922 20922 I BosonTree: BOSON_NODE_CREATE id=4 tag=text
09-27 00:47:57.776 20922 20922 I BosonTree: BOSON_LAYOUT id=4 x=24 y=180 width=336 height=48
09-27 00:47:57.776 20922 20922 I BosonTree: BOSON_LAYOUT id=6 x=24 y=244 width=164 height=56
09-27 00:47:57.776 20922 20922 I BosonTree: BOSON_LAYOUT id=7 x=196 y=244 width=164 height=56
09-27 00:47:57.776 20922 20922 I BosonTree: BOSON_FRAME nodes=5
09-27 00:47:57.776 20922 20922 I BosonTree: BOSON_METRIC dispatch_us=155 render_us=1369
09-27 00:47:57.776 20922 20922 I BosonTree: BOSON_TOUCH_RESULT=0 node=3
09-27 00:47:57.818 20922 20922 I BosonTree: BOSON_LAYOUT id=2 x=24 y=24 width=336 height=60
09-27 00:47:57.818 20922 20922 I BosonTree: BOSON_LAYOUT id=3 x=24 y=100 width=336 height=64
09-27 00:47:57.818 20922 20922 I BosonTree: BOSON_LAYOUT id=6 x=24 y=180 width=164 height=56
09-27 00:47:57.818 20922 20922 I BosonTree: BOSON_LAYOUT id=7 x=196 y=180 width=164 height=56
09-27 00:47:57.818 20922 20922 I BosonTree: BOSON_NODE_REMOVE id=4
09-27 00:47:57.819 20922 20922 I BosonTree: BOSON_FRAME nodes=4
09-27 00:47:57.819 20922 20922 I BosonTree: BOSON_METRIC dispatch_us=83 render_us=918
09-27 00:47:57.819 20922 20922 I BosonTree: BOSON_TOUCH_RESULT=0 node=3
09-27 00:47:57.876 20922 20922 I BosonTree: BOSON_LAYOUT id=2 x=24 y=24 width=336 height=60
09-27 00:47:57.876 20922 20922 I BosonTree: BOSON_LAYOUT id=3 x=24 y=100 width=336 height=64
09-27 00:47:57.876 20922 20922 I BosonTree: BOSON_NODE_CREATE id=4 tag=text
09-27 00:47:57.876 20922 20922 I BosonTree: BOSON_LAYOUT id=4 x=24 y=180 width=336 height=48
09-27 00:47:57.877 20922 20922 I BosonTree: BOSON_LAYOUT id=6 x=24 y=244 width=164 height=56
09-27 00:47:57.877 20922 20922 I BosonTree: BOSON_LAYOUT id=7 x=196 y=244 width=164 height=56
09-27 00:47:57.877 20922 20922 I BosonTree: BOSON_FRAME nodes=5
09-27 00:47:57.877 20922 20922 I BosonTree: BOSON_METRIC dispatch_us=131 render_us=1386
09-27 00:47:57.877 20922 20922 I BosonTree: BOSON_TOUCH_RESULT=0 node=3
09-27 00:47:57.926 20922 20922 I BosonTree: BOSON_LAYOUT id=2 x=24 y=24 width=336 height=60
09-27 00:47:57.926 20922 20922 I BosonTree: BOSON_LAYOUT id=3 x=24 y=100 width=336 height=64
09-27 00:47:57.926 20922 20922 I BosonTree: BOSON_LAYOUT id=6 x=24 y=180 width=164 height=56
09-27 00:47:57.926 20922 20922 I BosonTree: BOSON_LAYOUT id=7 x=196 y=180 width=164 height=56
09-27 00:47:57.926 20922 20922 I BosonTree: BOSON_NODE_REMOVE id=4
09-27 00:47:57.926 20922 20922 I BosonTree: BOSON_FRAME nodes=4
09-27 00:47:57.926 20922 20922 I BosonTree: BOSON_METRIC dispatch_us=109 render_us=995
09-27 00:47:57.926 20922 20922 I BosonTree: BOSON_TOUCH_RESULT=0 node=3
09-27 00:47:57.985 20922 20922 I BosonTree: BOSON_LAYOUT id=2 x=24 y=24 width=336 height=60
09-27 00:47:57.985 20922 20922 I BosonTree: BOSON_LAYOUT id=3 x=24 y=100 width=336 height=64
09-27 00:47:57.985 20922 20922 I BosonTree: BOSON_NODE_CREATE id=4 tag=text
09-27 00:47:57.985 20922 20922 I BosonTree: BOSON_LAYOUT id=4 x=24 y=180 width=336 height=48
09-27 00:47:57.986 20922 20922 I BosonTree: BOSON_LAYOUT id=6 x=24 y=244 width=164 height=56
09-27 00:47:57.986 20922 20922 I BosonTree: BOSON_LAYOUT id=7 x=196 y=244 width=164 height=56
09-27 00:47:57.986 20922 20922 I BosonTree: BOSON_FRAME nodes=5
09-27 00:47:57.986 20922 20922 I BosonTree: BOSON_METRIC dispatch_us=185 render_us=1750
09-27 00:47:57.986 20922 20922 I BosonTree: BOSON_TOUCH_RESULT=0 node=3
09-27 00:47:58.034 20922 20922 I BosonTree: BOSON_LAYOUT id=2 x=24 y=24 width=336 height=60
09-27 00:47:58.034 20922 20922 I BosonTree: BOSON_LAYOUT id=3 x=24 y=100 width=336 height=64
09-27 00:47:58.034 20922 20922 I BosonTree: BOSON_LAYOUT id=6 x=24 y=180 width=164 height=56
09-27 00:47:58.034 20922 20922 I BosonTree: BOSON_LAYOUT id=7 x=196 y=180 width=164 height=56
09-27 00:47:58.034 20922 20922 I BosonTree: BOSON_NODE_REMOVE id=4
09-27 00:47:58.034 20922 20922 I BosonTree: BOSON_FRAME nodes=4
09-27 00:47:58.034 20922 20922 I BosonTree: BOSON_METRIC dispatch_us=101 render_us=697
09-27 00:47:58.034 20922 20922 I BosonTree: BOSON_TOUCH_RESULT=0 node=3
09-27 00:47:58.084 20922 20922 I BosonTree: BOSON_LAYOUT id=2 x=24 y=24 width=336 height=60
09-27 00:47:58.084 20922 20922 I BosonTree: BOSON_LAYOUT id=3 x=24 y=100 width=336 height=64
09-27 00:47:58.084 20922 20922 I BosonTree: BOSON_NODE_CREATE id=4 tag=text
09-27 00:47:58.084 20922 20922 I BosonTree: BOSON_LAYOUT id=4 x=24 y=180 width=336 height=48
09-27 00:47:58.085 20922 20922 I BosonTree: BOSON_LAYOUT id=6 x=24 y=244 width=164 height=56
09-27 00:47:58.085 20922 20922 I BosonTree: BOSON_LAYOUT id=7 x=196 y=244 width=164 height=56
09-27 00:47:58.085 20922 20922 I BosonTree: BOSON_FRAME nodes=5
09-27 00:47:58.085 20922 20922 I BosonTree: BOSON_METRIC dispatch_us=184 render_us=1479
09-27 00:47:58.085 20922 20922 I BosonTree: BOSON_TOUCH_RESULT=0 node=3
09-27 00:47:58.141 20922 20922 I BosonTree: BOSON_LAYOUT id=2 x=24 y=24 width=336 height=60
09-27 00:47:58.141 20922 20922 I BosonTree: BOSON_LAYOUT id=3 x=24 y=100 width=336 height=64
09-27 00:47:58.141 20922 20922 I BosonTree: BOSON_LAYOUT id=6 x=24 y=180 width=164 height=56
09-27 00:47:58.141 20922 20922 I BosonTree: BOSON_LAYOUT id=7 x=196 y=180 width=164 height=56
09-27 00:47:58.141 20922 20922 I BosonTree: BOSON_NODE_REMOVE id=4
09-27 00:47:58.142 20922 20922 I BosonTree: BOSON_FRAME nodes=4
09-27 00:47:58.142 20922 20922 I BosonTree: BOSON_METRIC dispatch_us=47 render_us=596
09-27 00:47:58.142 20922 20922 I BosonTree: BOSON_TOUCH_RESULT=0 node=3
09-27 00:47:58.201 20922 20922 I BosonTree: BOSON_LAYOUT id=2 x=24 y=24 width=336 height=60
09-27 00:47:58.201 20922 20922 I BosonTree: BOSON_LAYOUT id=3 x=24 y=100 width=336 height=64
09-27 00:47:58.202 20922 20922 I BosonTree: BOSON_NODE_CREATE id=4 tag=text
09-27 00:47:58.202 20922 20922 I BosonTree: BOSON_LAYOUT id=4 x=24 y=180 width=336 height=48
09-27 00:47:58.202 20922 20922 I BosonTree: BOSON_LAYOUT id=6 x=24 y=244 width=164 height=56
09-27 00:47:58.202 20922 20922 I BosonTree: BOSON_LAYOUT id=7 x=196 y=244 width=164 height=56
09-27 00:47:58.202 20922 20922 I BosonTree: BOSON_FRAME nodes=5
09-27 00:47:58.202 20922 20922 I BosonTree: BOSON_METRIC dispatch_us=139 render_us=1643
09-27 00:47:58.202 20922 20922 I BosonTree: BOSON_TOUCH_RESULT=0 node=3
09-27 00:47:58.252 20922 20922 I BosonTree: BOSON_LAYOUT id=2 x=24 y=24 width=336 height=60
09-27 00:47:58.252 20922 20922 I BosonTree: BOSON_LAYOUT id=3 x=24 y=100 width=336 height=64
09-27 00:47:58.252 20922 20922 I BosonTree: BOSON_LAYOUT id=6 x=24 y=180 width=164 height=56
09-27 00:47:58.253 20922 20922 I BosonTree: BOSON_LAYOUT id=7 x=196 y=180 width=164 height=56
09-27 00:47:58.253 20922 20922 I BosonTree: BOSON_NODE_REMOVE id=4
09-27 00:47:58.253 20922 20922 I BosonTree: BOSON_FRAME nodes=4
09-27 00:47:58.253 20922 20922 I BosonTree: BOSON_METRIC dispatch_us=98 render_us=866
09-27 00:47:58.253 20922 20922 I BosonTree: BOSON_TOUCH_RESULT=0 node=3
