--------- beginning of main
09-27 00:48:50.999 22070 22070 I BosonTree: BOSON_FRAME nodes=101
09-27 00:48:51.000 22070 22070 I BosonTree: BOSON_METRIC init_total_us=10685 scenario=stress
09-27 00:48:52.947 22070 22070 I BosonTree: BOSON_FRAME nodes=102
09-27 00:48:52.948 22070 22070 I BosonTree: BOSON_METRIC dispatch_us=535 render_us=2056
09-27 00:48:52.948 22070 22070 I BosonTree: BOSON_TOUCH_RESULT=0 node=2
09-27 00:48:52.988 22070 22070 I BosonTree: BOSON_FRAME nodes=101
09-27 00:48:52.989 22070 22070 I BosonTree: BOSON_METRIC dispatch_us=101 render_us=1888
09-27 00:48:52.989 22070 22070 I BosonTree: BOSON_TOUCH_RESULT=0 node=2
09-27 00:48:53.038 22070 22070 I BosonTree: BOSON_FRAME nodes=102
09-27 00:48:53.038 22070 22070 I BosonTree: BOSON_METRIC dispatch_us=128 render_us=2404
09-27 00:48:53.038 22070 22070 I BosonTree: BOSON_TOUCH_RESULT=0 node=2
09-27 00:48:53.082 22070 22070 I BosonTree: BOSON_FRAME nodes=101
09-27 00:48:53.083 22070 22070 I BosonTree: BOSON_METRIC dispatch_us=192 render_us=2572
09-27 00:48:53.083 22070 22070 I BosonTree: BOSON_TOUCH_RESULT=0 node=2
09-27 00:48:53.124 22070 22070 I BosonTree: BOSON_FRAME nodes=102
09-27 00:48:53.124 22070 22070 I BosonTree: BOSON_METRIC dispatch_us=159 render_us=2645
09-27 00:48:53.124 22070 22070 I BosonTree: BOSON_TOUCH_RESULT=0 node=2
09-27 00:48:53.170 22070 22070 I BosonTree: BOSON_FRAME nodes=101
09-27 00:48:53.171 22070 22070 I BosonTree: BOSON_METRIC dispatch_us=112 render_us=1916
09-27 00:48:53.171 22070 22070 I BosonTree: BOSON_TOUCH_RESULT=0 node=2
09-27 00:48:53.214 22070 22070 I BosonTree: BOSON_FRAME nodes=102
09-27 00:48:53.214 22070 22070 I BosonTree: BOSON_METRIC dispatch_us=145 render_us=2989
09-27 00:48:53.214 22070 22070 I BosonTree: BOSON_TOUCH_RESULT=0 node=2
09-27 00:48:53.263 22070 22070 I BosonTree: BOSON_FRAME nodes=101
09-27 00:48:53.263 22070 22070 I BosonTree: BOSON_METRIC dispatch_us=138 render_us=1972
09-27 00:48:53.263 22070 22070 I BosonTree: BOSON_TOUCH_RESULT=0 node=2
09-27 00:48:53.322 22070 22070 I BosonTree: BOSON_FRAME nodes=102
09-27 00:48:53.322 22070 22070 I BosonTree: BOSON_METRIC dispatch_us=131 render_us=2424
09-27 00:48:53.322 22070 22070 I BosonTree: BOSON_TOUCH_RESULT=0 node=2
09-27 00:48:53.376 22070 22070 I BosonTree: BOSON_FRAME nodes=101
09-27 00:48:53.376 22070 22070 I BosonTree: BOSON_METRIC dispatch_us=136 render_us=3403
09-27 00:48:53.376 22070 22070 I BosonTree: BOSON_TOUCH_RESULT=0 node=2
09-27 00:48:53.432 22070 22070 I BosonTree: BOSON_FRAME nodes=102
09-27 00:48:53.432 22070 22070 I BosonTree: BOSON_METRIC dispatch_us=222 render_us=3832
09-27 00:48:53.432 22070 22070 I BosonTree: BOSON_TOUCH_RESULT=0 node=2
09-27 00:48:53.478 22070 22070 I BosonTree: BOSON_FRAME nodes=101
09-27 00:48:53.478 22070 22070 I BosonTree: BOSON_METRIC dispatch_us=67 render_us=1221
09-27 00:48:53.478 22070 22070 I BosonTree: BOSON_TOUCH_RESULT=0 node=2
09-27 00:48:53.533 22070 22070 I BosonTree: BOSON_FRAME nodes=102
09-27 00:48:53.533 22070 22070 I BosonTree: BOSON_METRIC dispatch_us=199 render_us=3051
09-27 00:48:53.533 22070 22070 I BosonTree: BOSON_TOUCH_RESULT=0 node=2
09-27 00:48:53.570 22070 22070 I BosonTree: BOSON_FRAME nodes=101
09-27 00:48:53.570 22070 22070 I BosonTree: BOSON_METRIC dispatch_us=68 render_us=1282
09-27 00:48:53.570 22070 22070 I BosonTree: BOSON_TOUCH_RESULT=0 node=2
09-27 00:48:53.629 22070 22070 I BosonTree: BOSON_FRAME nodes=102
09-27 00:48:53.629 22070 22070 I BosonTree: BOSON_METRIC dispatch_us=132 render_us=1519
09-27 00:48:53.629 22070 22070 I BosonTree: BOSON_TOUCH_RESULT=0 node=2
09-27 00:48:53.691 22070 22070 I BosonTree: BOSON_FRAME nodes=101
09-27 00:48:53.691 22070 22070 I BosonTree: BOSON_METRIC dispatch_us=208 render_us=2727
09-27 00:48:53.691 22070 22070 I BosonTree: BOSON_TOUCH_RESULT=0 node=2
09-27 00:48:53.738 22070 22070 I BosonTree: BOSON_FRAME nodes=102
09-27 00:48:53.738 22070 22070 I BosonTree: BOSON_METRIC dispatch_us=109 render_us=2359
09-27 00:48:53.738 22070 22070 I BosonTree: BOSON_TOUCH_RESULT=0 node=2
09-27 00:48:53.787 22070 22070 I BosonTree: BOSON_FRAME nodes=101
09-27 00:48:53.787 22070 22070 I BosonTree: BOSON_METRIC dispatch_us=64 render_us=1239
09-27 00:48:53.787 22070 22070 I BosonTree: BOSON_TOUCH_RESULT=0 node=2
09-27 00:48:53.829 22070 22070 I BosonTree: BOSON_FRAME nodes=102
09-27 00:48:53.829 22070 22070 I BosonTree: BOSON_METRIC dispatch_us=134 render_us=1740
09-27 00:48:53.829 22070 22070 I BosonTree: BOSON_TOUCH_RESULT=0 node=2
09-27 00:48:53.878 22070 22070 I BosonTree: BOSON_FRAME nodes=101
09-27 00:48:53.878 22070 22070 I BosonTree: BOSON_METRIC dispatch_us=69 render_us=1183
09-27 00:48:53.878 22070 22070 I BosonTree: BOSON_TOUCH_RESULT=0 node=2
09-27 00:48:53.940 22070 22070 I BosonTree: BOSON_FRAME nodes=102
09-27 00:48:53.940 22070 22070 I BosonTree: BOSON_METRIC dispatch_us=167 render_us=2145
09-27 00:48:53.940 22070 22070 I BosonTree: BOSON_TOUCH_RESULT=0 node=2
09-27 00:48:54.012 22070 22070 I BosonTree: BOSON_FRAME nodes=101
09-27 00:48:54.012 22070 22070 I BosonTree: BOSON_METRIC dispatch_us=75 render_us=1594
09-27 00:48:54.012 22070 22070 I BosonTree: BOSON_TOUCH_RESULT=0 node=2
09-27 00:48:54.070 22070 22070 I BosonTree: BOSON_FRAME nodes=102
09-27 00:48:54.070 22070 22070 I BosonTree: BOSON_METRIC dispatch_us=83 render_us=1238
09-27 00:48:54.070 22070 22070 I BosonTree: BOSON_TOUCH_RESULT=0 node=2
09-27 00:48:54.120 22070 22070 I BosonTree: BOSON_FRAME nodes=101
09-27 00:48:54.121 22070 22070 I BosonTree: BOSON_METRIC dispatch_us=72 render_us=1584
09-27 00:48:54.121 22070 22070 I BosonTree: BOSON_TOUCH_RESULT=0 node=2
09-27 00:48:54.170 22070 22070 I BosonTree: BOSON_FRAME nodes=102
09-27 00:48:54.170 22070 22070 I BosonTree: BOSON_METRIC dispatch_us=91 render_us=1310
09-27 00:48:54.170 22070 22070 I BosonTree: BOSON_TOUCH_RESULT=0 node=2
09-27 00:48:54.222 22070 22070 I BosonTree: BOSON_FRAME nodes=101
09-27 00:48:54.223 22070 22070 I BosonTree: BOSON_METRIC dispatch_us=111 render_us=2702
09-27 00:48:54.223 22070 22070 I BosonTree: BOSON_TOUCH_RESULT=0 node=2
09-27 00:48:54.264 22070 22070 I BosonTree: BOSON_FRAME nodes=102
09-27 00:48:54.264 22070 22070 I BosonTree: BOSON_METRIC dispatch_us=106 render_us=2421
09-27 00:48:54.264 22070 22070 I BosonTree: BOSON_TOUCH_RESULT=0 node=2
09-27 00:48:54.315 22070 22070 I BosonTree: BOSON_FRAME nodes=101
09-27 00:48:54.315 22070 22070 I BosonTree: BOSON_METRIC dispatch_us=107 render_us=1697
09-27 00:48:54.315 22070 22070 I BosonTree: BOSON_TOUCH_RESULT=0 node=2
09-27 00:48:54.373 22070 22070 I BosonTree: BOSON_FRAME nodes=102
09-27 00:48:54.373 22070 22070 I BosonTree: BOSON_METRIC dispatch_us=152 render_us=2134
09-27 00:48:54.373 22070 22070 I BosonTree: BOSON_TOUCH_RESULT=0 node=2
09-27 00:48:54.432 22070 22070 I BosonTree: BOSON_FRAME nodes=101
09-27 00:48:54.432 22070 22070 I BosonTree: BOSON_METRIC dispatch_us=116 render_us=1950
09-27 00:48:54.432 22070 22070 I BosonTree: BOSON_TOUCH_RESULT=0 node=2
