--------- beginning of main
09-27 00:48:18.106 21650 21650 I BosonTree: BOSON_FRAME nodes=1001
09-27 00:48:18.106 21650 21650 I BosonTree: BOSON_METRIC init_total_us=40040 scenario=stress
09-27 00:48:20.055 21650 21650 I BosonTree: BOSON_FRAME nodes=1002
09-27 00:48:20.055 21650 21650 I BosonTree: BOSON_METRIC dispatch_us=436 render_us=15352
09-27 00:48:20.055 21650 21650 I BosonTree: BOSON_TOUCH_RESULT=0 node=2
09-27 00:48:20.100 21650 21650 I BosonTree: BOSON_FRAME nodes=1001
09-27 00:48:20.100 21650 21650 I BosonTree: BOSON_METRIC dispatch_us=363 render_us=9847
09-27 00:48:20.100 21650 21650 I BosonTree: BOSON_TOUCH_RESULT=0 node=2
09-27 00:48:20.131 21650 21650 I BosonTree: BOSON_FRAME nodes=1002
09-27 00:48:20.131 21650 21650 I BosonTree: BOSON_METRIC dispatch_us=292 render_us=10501
09-27 00:48:20.131 21650 21650 I BosonTree: BOSON_TOUCH_RESULT=0 node=2
09-27 00:48:20.169 21650 21650 I BosonTree: BOSON_FRAME nodes=1001
09-27 00:48:20.170 21650 21650 I BosonTree: BOSON_METRIC dispatch_us=225 render_us=9878
09-27 00:48:20.170 21650 21650 I BosonTree: BOSON_TOUCH_RESULT=0 node=2
09-27 00:48:20.219 21650 21650 I BosonTree: BOSON_FRAME nodes=1002
09-27 00:48:20.219 21650 21650 I BosonTree: BOSON_METRIC dispatch_us=216 render_us=9287
09-27 00:48:20.219 21650 21650 I BosonTree: BOSON_TOUCH_RESULT=0 node=2
09-27 00:48:20.258 21650 21650 I BosonTree: BOSON_FRAME nodes=1001
09-27 00:48:20.258 21650 21650 I BosonTree: BOSON_METRIC dispatch_us=189 render_us=8398
09-27 00:48:20.258 21650 21650 I BosonTree: BOSON_TOUCH_RESULT=0 node=2
09-27 00:48:20.328 21650 21650 I BosonTree: BOSON_FRAME nodes=1002
09-27 00:48:20.328 21650 21650 I BosonTree: BOSON_METRIC dispatch_us=270 render_us=10309
09-27 00:48:20.328 21650 21650 I BosonTree: BOSON_TOUCH_RESULT=0 node=2
09-27 00:48:20.377 21650 21650 I BosonTree: BOSON_FRAME nodes=1001
09-27 00:48:20.377 21650 21650 I BosonTree: BOSON_METRIC dispatch_us=216 render_us=9434
09-27 00:48:20.377 21650 21650 I BosonTree: BOSON_TOUCH_RESULT=0 node=2
09-27 00:48:20.436 21650 21650 I BosonTree: BOSON_FRAME nodes=1002
09-27 00:48:20.436 21650 21650 I BosonTree: BOSON_METRIC dispatch_us=308 render_us=9376
09-27 00:48:20.436 21650 21650 I BosonTree: BOSON_TOUCH_RESULT=0 node=2
09-27 00:48:20.468 21650 21650 I BosonTree: BOSON_FRAME nodes=1001
09-27 00:48:20.468 21650 21650 I BosonTree: BOSON_METRIC dispatch_us=223 render_us=10703
09-27 00:48:20.468 21650 21650 I BosonTree: BOSON_TOUCH_RESULT=0 node=2
09-27 00:48:20.526 21650 21650 I BosonTree: BOSON_FRAME nodes=1002
09-27 00:48:20.526 21650 21650 I BosonTree: BOSON_METRIC dispatch_us=319 render_us=9840
09-27 00:48:20.526 21650 21650 I BosonTree: BOSON_TOUCH_RESULT=0 node=2
09-27 00:48:20.595 21650 21650 I BosonTree: BOSON_FRAME nodes=1001
09-27 00:48:20.595 21650 21650 I BosonTree: BOSON_METRIC dispatch_us=259 render_us=15354
09-27 00:48:20.595 21650 21650 I BosonTree: BOSON_TOUCH_RESULT=0 node=2
09-27 00:48:20.625 21650 21650 I BosonTree: BOSON_FRAME nodes=1002
09-27 00:48:20.625 21650 21650 I BosonTree: BOSON_METRIC dispatch_us=207 render_us=9521
09-27 00:48:20.625 21650 21650 I BosonTree: BOSON_TOUCH_RESULT=0 node=2
09-27 00:48:20.692 21650 21650 I BosonTree: BOSON_FRAME nodes=1001
09-27 00:48:20.692 21650 21650 I BosonTree: BOSON_METRIC dispatch_us=207 render_us=9569
09-27 00:48:20.692 21650 21650 I BosonTree: BOSON_TOUCH_RESULT=0 node=2
09-27 00:48:20.738 21650 21650 I BosonTree: BOSON_FRAME nodes=1002
09-27 00:48:20.738 21650 21650 I BosonTree: BOSON_METRIC dispatch_us=342 render_us=9999
09-27 00:48:20.738 21650 21650 I BosonTree: BOSON_TOUCH_RESULT=0 node=2
09-27 00:48:20.816 21650 21650 I BosonTree: BOSON_FRAME nodes=1001
09-27 00:48:20.816 21650 21650 I BosonTree: BOSON_METRIC dispatch_us=447 render_us=14262
09-27 00:48:20.816 21650 21650 I BosonTree: BOSON_TOUCH_RESULT=0 node=2
09-27 00:48:20.875 21650 21650 I BosonTree: BOSON_FRAME nodes=1002
09-27 00:48:20.875 21650 21650 I BosonTree: BOSON_METRIC dispatch_us=379 render_us=14516
09-27 00:48:20.875 21650 21650 I BosonTree: BOSON_TOUCH_RESULT=0 node=2
09-27 00:48:20.938 21650 21650 I BosonTree: BOSON_FRAME nodes=1001
09-27 00:48:20.938 21650 21650 I BosonTree: BOSON_METRIC dispatch_us=335 render_us=12034
09-27 00:48:20.938 21650 21650 I BosonTree: BOSON_TOUCH_RESULT=0 node=2
09-27 00:48:20.989 21650 21650 I BosonTree: BOSON_FRAME nodes=1002
09-27 00:48:20.989 21650 21650 I BosonTree: BOSON_METRIC dispatch_us=263 render_us=12288
09-27 00:48:20.989 21650 21650 I BosonTree: BOSON_TOUCH_RESULT=0 node=2
09-27 00:48:21.036 21650 21650 I BosonTree: BOSON_FRAME nodes=1001
09-27 00:48:21.036 21650 21650 I BosonTree: BOSON_METRIC dispatch_us=210 render_us=9350
09-27 00:48:21.036 21650 21650 I BosonTree: BOSON_TOUCH_RESULT=0 node=2
09-27 00:48:21.097 21650 21650 I BosonTree: BOSON_FRAME nodes=1002
09-27 00:48:21.097 21650 21650 I BosonTree: BOSON_METRIC dispatch_us=303 render_us=11933
09-27 00:48:21.097 21650 21650 I BosonTree: BOSON_TOUCH_RESULT=0 node=2
09-27 00:48:21.148 21650 21650 I BosonTree: BOSON_FRAME nodes=1001
09-27 00:48:21.148 21650 21650 I BosonTree: BOSON_METRIC dispatch_us=408 render_us=10921
09-27 00:48:21.148 21650 21650 I BosonTree: BOSON_TOUCH_RESULT=0 node=2
09-27 00:48:21.213 21650 21650 I BosonTree: BOSON_FRAME nodes=1002
09-27 00:48:21.213 21650 21650 I BosonTree: BOSON_METRIC dispatch_us=242 render_us=12250
09-27 00:48:21.213 21650 21650 I BosonTree: BOSON_TOUCH_RESULT=0 node=2
09-27 00:48:21.272 21650 21650 I BosonTree: BOSON_FRAME nodes=1001
09-27 00:48:21.272 21650 21650 I BosonTree: BOSON_METRIC dispatch_us=246 render_us=11166
09-27 00:48:21.272 21650 21650 I BosonTree: BOSON_TOUCH_RESULT=0 node=2
09-27 00:48:21.329 21650 21650 I BosonTree: BOSON_FRAME nodes=1002
09-27 00:48:21.329 21650 21650 I BosonTree: BOSON_METRIC dispatch_us=260 render_us=10272
09-27 00:48:21.329 21650 21650 I BosonTree: BOSON_TOUCH_RESULT=0 node=2
09-27 00:48:21.379 21650 21650 I BosonTree: BOSON_FRAME nodes=1001
09-27 00:48:21.379 21650 21650 I BosonTree: BOSON_METRIC dispatch_us=259 render_us=10032
09-27 00:48:21.379 21650 21650 I BosonTree: BOSON_TOUCH_RESULT=0 node=2
09-27 00:48:21.447 21650 21650 I BosonTree: BOSON_FRAME nodes=1002
09-27 00:48:21.447 21650 21650 I BosonTree: BOSON_METRIC dispatch_us=301 render_us=11395
09-27 00:48:21.447 21650 21650 I BosonTree: BOSON_TOUCH_RESULT=0 node=2
09-27 00:48:21.495 21650 21650 I BosonTree: BOSON_FRAME nodes=1001
09-27 00:48:21.495 21650 21650 I BosonTree: BOSON_METRIC dispatch_us=173 render_us=11005
09-27 00:48:21.495 21650 21650 I BosonTree: BOSON_TOUCH_RESULT=0 node=2
09-27 00:48:21.565 21650 21650 I BosonTree: BOSON_FRAME nodes=1002
09-27 00:48:21.565 21650 21650 I BosonTree: BOSON_METRIC dispatch_us=259 render_us=12631
09-27 00:48:21.565 21650 21650 I BosonTree: BOSON_TOUCH_RESULT=0 node=2
09-27 00:48:21.624 21650 21650 I BosonTree: BOSON_FRAME nodes=1001
09-27 00:48:21.624 21650 21650 I BosonTree: BOSON_METRIC dispatch_us=203 render_us=13803
09-27 00:48:21.624 21650 21650 I BosonTree: BOSON_TOUCH_RESULT=0 node=2
