--------- beginning of main
09-27 00:48:55.119 22389 22389 I BosonTree: BOSON_FRAME nodes=501
09-27 00:48:55.119 22389 22389 I BosonTree: BOSON_METRIC init_total_us=22235 scenario=stress
09-27 00:48:57.136 22389 22389 I BosonTree: BOSON_FRAME nodes=502
09-27 00:48:57.136 22389 22389 I BosonTree: BOSON_METRIC dispatch_us=753 render_us=11703
09-27 00:48:57.136 22389 22389 I BosonTree: BOSON_TOUCH_RESULT=0 node=2
09-27 00:48:57.174 22389 22389 I BosonTree: BOSON_FRAME nodes=501
09-27 00:48:57.174 22389 22389 I BosonTree: BOSON_METRIC dispatch_us=254 render_us=8390
09-27 00:48:57.175 22389 22389 I BosonTree: BOSON_TOUCH_RESULT=0 node=2
09-27 00:48:57.213 22389 22389 I BosonTree: BOSON_FRAME nodes=502
09-27 00:48:57.213 22389 22389 I BosonTree: BOSON_METRIC dispatch_us=221 render_us=7706
09-27 00:48:57.213 22389 22389 I BosonTree: BOSON_TOUCH_RESULT=0 node=2
09-27 00:48:57.273 22389 22389 I BosonTree: BOSON_FRAME nodes=501
09-27 00:48:57.273 22389 22389 I BosonTree: BOSON_METRIC dispatch_us=221 render_us=8497
09-27 00:48:57.273 22389 22389 I BosonTree: BOSON_TOUCH_RESULT=0 node=2
09-27 00:48:57.311 22389 22389 I BosonTree: BOSON_FRAME nodes=502
09-27 00:48:57.311 22389 22389 I BosonTree: BOSON_METRIC dispatch_us=158 render_us=5360
09-27 00:48:57.312 22389 22389 I BosonTree: BOSON_TOUCH_RESULT=0 node=2
09-27 00:48:57.366 22389 22389 I BosonTree: BOSON_FRAME nodes=501
09-27 00:48:57.366 22389 22389 I BosonTree: BOSON_METRIC dispatch_us=217 render_us=7279
09-27 00:48:57.366 22389 22389 I BosonTree: BOSON_TOUCH_RESULT=0 node=2
09-27 00:48:57.411 22389 22389 I BosonTree: BOSON_FRAME nodes=502
09-27 00:48:57.411 22389 22389 I BosonTree: BOSON_METRIC dispatch_us=140 render_us=5333
09-27 00:48:57.411 22389 22389 I BosonTree: BOSON_TOUCH_RESULT=0 node=2
09-27 00:48:57.475 22389 22389 I BosonTree: BOSON_FRAME nodes=501
09-27 00:48:57.475 22389 22389 I BosonTree: BOSON_METRIC dispatch_us=216 render_us=5636
09-27 00:48:57.475 22389 22389 I BosonTree: BOSON_TOUCH_RESULT=0 node=2
09-27 00:48:57.536 22389 22389 I BosonTree: BOSON_FRAME nodes=502
09-27 00:48:57.536 22389 22389 I BosonTree: BOSON_METRIC dispatch_us=424 render_us=10915
09-27 00:48:57.536 22389 22389 I BosonTree: BOSON_TOUCH_RESULT=0 node=2
09-27 00:48:57.577 22389 22389 I BosonTree: BOSON_FRAME nodes=501
09-27 00:48:57.577 22389 22389 I BosonTree: BOSON_METRIC dispatch_us=233 render_us=7026
09-27 00:48:57.577 22389 22389 I BosonTree: BOSON_TOUCH_RESULT=0 node=2
09-27 00:48:57.628 22389 22389 I BosonTree: BOSON_FRAME nodes=502
09-27 00:48:57.628 22389 22389 I BosonTree: BOSON_METRIC dispatch_us=319 render_us=5951
09-27 00:48:57.628 22389 22389 I BosonTree: BOSON_TOUCH_RESULT=0 node=2
09-27 00:48:57.674 22389 22389 I BosonTree: BOSON_FRAME nodes=501
09-27 00:48:57.674 22389 22389 I BosonTree: BOSON_METRIC dispatch_us=111 render_us=4794
09-27 00:48:57.674 22389 22389 I BosonTree: BOSON_TOUCH_RESULT=0 node=2
09-27 00:48:57.727 22389 22389 I BosonTree: BOSON_FRAME nodes=502
09-27 00:48:57.727 22389 22389 I BosonTree: BOSON_METRIC dispatch_us=226 render_us=8433
09-27 00:48:57.727 22389 22389 I BosonTree: BOSON_TOUCH_RESULT=0 node=2
09-27 00:48:57.785 22389 22389 I BosonTree: BOSON_FRAME nodes=501
09-27 00:48:57.785 22389 22389 I BosonTree: BOSON_METRIC dispatch_us=128 render_us=7610
09-27 00:48:57.785 22389 22389 I BosonTree: BOSON_TOUCH_RESULT=0 node=2
09-27 00:48:57.837 22389 22389 I BosonTree: BOSON_FRAME nodes=502
09-27 00:48:57.837 22389 22389 I BosonTree: BOSON_METRIC dispatch_us=273 render_us=9005
09-27 00:48:57.837 22389 22389 I BosonTree: BOSON_TOUCH_RESULT=0 node=2
09-27 00:48:57.894 22389 22389 I BosonTree: BOSON_FRAME nodes=501
09-27 00:48:57.894 22389 22389 I BosonTree: BOSON_METRIC dispatch_us=166 render_us=8859
09-27 00:48:57.894 22389 22389 I BosonTree: BOSON_TOUCH_RESULT=0 node=2
09-27 00:48:57.955 22389 22389 I BosonTree: BOSON_FRAME nodes=502
09-27 00:48:57.955 22389 22389 I BosonTree: BOSON_METRIC dispatch_us=183 render_us=11040
09-27 00:48:57.955 22389 22389 I BosonTree: BOSON_TOUCH_RESULT=0 node=2
09-27 00:48:57.992 22389 22389 I BosonTree: BOSON_FRAME nodes=501
09-27 00:48:57.993 22389 22389 I BosonTree: BOSON_METRIC dispatch_us=155 render_us=7077
09-27 00:48:57.993 22389 22389 I BosonTree: BOSON_TOUCH_RESULT=0 node=2
09-27 00:48:58.044 22389 22389 I BosonTree: BOSON_FRAME nodes=502
09-27 00:48:58.044 22389 22389 I BosonTree: BOSON_METRIC dispatch_us=172 render_us=8456
09-27 00:48:58.044 22389 22389 I BosonTree: BOSON_TOUCH_RESULT=0 node=2
09-27 00:48:58.086 22389 22389 I BosonTree: BOSON_FRAME nodes=501
09-27 00:48:58.086 22389 22389 I BosonTree: BOSON_METRIC dispatch_us=155 render_us=8237
09-27 00:48:58.086 22389 22389 I BosonTree: BOSON_TOUCH_RESULT=0 node=2
09-27 00:48:58.127 22389 22389 I BosonTree: BOSON_FRAME nodes=502
09-27 00:48:58.127 22389 22389 I BosonTree: BOSON_METRIC dispatch_us=138 render_us=8060
09-27 00:48:58.127 22389 22389 I BosonTree: BOSON_TOUCH_RESULT=0 node=2
09-27 00:48:58.175 22389 22389 I BosonTree: BOSON_FRAME nodes=501
09-27 00:48:58.175 22389 22389 I BosonTree: BOSON_METRIC dispatch_us=134 render_us=5808
09-27 00:48:58.175 22389 22389 I BosonTree: BOSON_TOUCH_RESULT=0 node=2
09-27 00:48:58.217 22389 22389 I BosonTree: BOSON_FRAME nodes=502
09-27 00:48:58.217 22389 22389 I BosonTree: BOSON_METRIC dispatch_us=161 render_us=6635
09-27 00:48:58.217 22389 22389 I BosonTree: BOSON_TOUCH_RESULT=0 node=2
09-27 00:48:58.260 22389 22389 I BosonTree: BOSON_FRAME nodes=501
09-27 00:48:58.260 22389 22389 I BosonTree: BOSON_METRIC dispatch_us=163 render_us=7796
09-27 00:48:58.260 22389 22389 I BosonTree: BOSON_TOUCH_RESULT=0 node=2
09-27 00:48:58.309 22389 22389 I BosonTree: BOSON_FRAME nodes=502
09-27 00:48:58.309 22389 22389 I BosonTree: BOSON_METRIC dispatch_us=267 render_us=6739
09-27 00:48:58.309 22389 22389 I BosonTree: BOSON_TOUCH_RESULT=0 node=2
09-27 00:48:58.358 22389 22389 I BosonTree: BOSON_FRAME nodes=501
09-27 00:48:58.358 22389 22389 I BosonTree: BOSON_METRIC dispatch_us=125 render_us=5184
09-27 00:48:58.358 22389 22389 I BosonTree: BOSON_TOUCH_RESULT=0 node=2
09-27 00:48:58.407 22389 22389 I BosonTree: BOSON_FRAME nodes=502
09-27 00:48:58.407 22389 22389 I BosonTree: BOSON_METRIC dispatch_us=139 render_us=4571
09-27 00:48:58.407 22389 22389 I BosonTree: BOSON_TOUCH_RESULT=0 node=2
09-27 00:48:58.470 22389 22389 I BosonTree: BOSON_FRAME nodes=501
09-27 00:48:58.470 22389 22389 I BosonTree: BOSON_METRIC dispatch_us=112 render_us=10157
09-27 00:48:58.470 22389 22389 I BosonTree: BOSON_TOUCH_RESULT=0 node=2
09-27 00:48:58.511 22389 22389 I BosonTree: BOSON_FRAME nodes=502
09-27 00:48:58.511 22389 22389 I BosonTree: BOSON_METRIC dispatch_us=475 render_us=8878
09-27 00:48:58.511 22389 22389 I BosonTree: BOSON_TOUCH_RESULT=0 node=2
09-27 00:48:58.557 22389 22389 I BosonTree: BOSON_FRAME nodes=501
09-27 00:48:58.557 22389 22389 I BosonTree: BOSON_METRIC dispatch_us=216 render_us=5402
09-27 00:48:58.557 22389 22389 I BosonTree: BOSON_TOUCH_RESULT=0 node=2
