--------- beginning of main
09-27 12:02:21.243 30974 30974 I BosonTree: BOSON_TREE_VARIANT=0
09-27 12:02:21.273 30974 30974 I BosonTree: BOSON_FRAME nodes=1001
09-27 12:02:21.273 30974 30974 I BosonTree: BOSON_METRIC init_total_us=39966 scenario=stress
09-27 12:02:21.930 30974 30974 I BosonTree: BOSON_FRAME nodes=1002
09-27 12:02:21.931 30974 30974 I BosonTree: BOSON_METRIC snapshot_us=132 dispatch_us=717 render_us=13067 core_layout_us=521
09-27 12:02:21.931 30974 30974 I BosonTree: BOSON_TOUCH_RESULT=0 node=2
09-27 12:02:22.205 30974 30974 I BosonTree: BOSON_FRAME nodes=1001
09-27 12:02:22.206 30974 30974 I BosonTree: BOSON_METRIC snapshot_us=154 dispatch_us=340 render_us=9651 core_layout_us=330
09-27 12:02:22.206 30974 30974 I BosonTree: BOSON_TOUCH_RESULT=0 node=2
09-27 12:02:22.475 30974 30974 I BosonTree: BOSON_FRAME nodes=1002
09-27 12:02:22.476 30974 30974 I BosonTree: BOSON_METRIC snapshot_us=118 dispatch_us=307 render_us=10618 core_layout_us=345
09-27 12:02:22.476 30974 30974 I BosonTree: BOSON_TOUCH_RESULT=0 node=2
09-27 12:02:22.743 30974 30974 I BosonTree: BOSON_FRAME nodes=1001
09-27 12:02:22.743 30974 30974 I BosonTree: BOSON_METRIC snapshot_us=118 dispatch_us=266 render_us=8531 core_layout_us=330
09-27 12:02:22.743 30974 30974 I BosonTree: BOSON_TOUCH_RESULT=0 node=2
09-27 12:02:23.032 30974 30974 I BosonTree: BOSON_FRAME nodes=1002
09-27 12:02:23.032 30974 30974 I BosonTree: BOSON_METRIC snapshot_us=132 dispatch_us=387 render_us=15559 core_layout_us=355
09-27 12:02:23.032 30974 30974 I BosonTree: BOSON_TOUCH_RESULT=0 node=2
09-27 12:02:23.333 30974 30974 I BosonTree: BOSON_FRAME nodes=1001
09-27 12:02:23.333 30974 30974 I BosonTree: BOSON_METRIC snapshot_us=170 dispatch_us=373 render_us=8408 core_layout_us=330
09-27 12:02:23.333 30974 30974 I BosonTree: BOSON_TOUCH_RESULT=0 node=2
09-27 12:02:23.613 30974 30974 I BosonTree: BOSON_FRAME nodes=1002
09-27 12:02:23.613 30974 30974 I BosonTree: BOSON_METRIC snapshot_us=99 dispatch_us=284 render_us=13031 core_layout_us=534
09-27 12:02:23.613 30974 30974 I BosonTree: BOSON_TOUCH_RESULT=0 node=2
09-27 12:02:23.920 30974 30974 I BosonTree: BOSON_FRAME nodes=1001
09-27 12:02:23.921 30974 30974 I BosonTree: BOSON_METRIC snapshot_us=123 dispatch_us=273 render_us=8092 core_layout_us=330
09-27 12:02:23.921 30974 30974 I BosonTree: BOSON_TOUCH_RESULT=0 node=2
09-27 12:02:24.229 30974 30974 I BosonTree: BOSON_FRAME nodes=1002
09-27 12:02:24.229 30974 30974 I BosonTree: BOSON_METRIC snapshot_us=129 dispatch_us=377 render_us=17740 core_layout_us=340
09-27 12:02:24.229 30974 30974 I BosonTree: BOSON_TOUCH_RESULT=0 node=2
09-27 12:02:24.511 30974 30974 I BosonTree: BOSON_FRAME nodes=1001
09-27 12:02:24.512 30974 30974 I BosonTree: BOSON_METRIC snapshot_us=92 dispatch_us=233 render_us=8718 core_layout_us=330
09-27 12:02:24.512 30974 30974 I BosonTree: BOSON_TOUCH_RESULT=0 node=2
09-27 12:02:24.803 30974 30974 I BosonTree: BOSON_FRAME nodes=1002
09-27 12:02:24.803 30974 30974 I BosonTree: BOSON_METRIC snapshot_us=143 dispatch_us=342 render_us=19477 core_layout_us=336
09-27 12:02:24.803 30974 30974 I BosonTree: BOSON_TOUCH_RESULT=0 node=2
09-27 12:02:25.082 30974 30974 I BosonTree: BOSON_FRAME nodes=1001
09-27 12:02:25.082 30974 30974 I BosonTree: BOSON_METRIC snapshot_us=82 dispatch_us=177 render_us=8235 core_layout_us=330
09-27 12:02:25.082 30974 30974 I BosonTree: BOSON_TOUCH_RESULT=0 node=2
09-27 12:02:25.392 30974 30974 I BosonTree: BOSON_FRAME nodes=1002
09-27 12:02:25.392 30974 30974 I BosonTree: BOSON_METRIC snapshot_us=142 dispatch_us=380 render_us=12255 core_layout_us=508
09-27 12:02:25.392 30974 30974 I BosonTree: BOSON_TOUCH_RESULT=0 node=2
09-27 12:02:25.671 30974 30974 I BosonTree: BOSON_FRAME nodes=1001
09-27 12:02:25.671 30974 30974 I BosonTree: BOSON_METRIC snapshot_us=216 dispatch_us=396 render_us=12906 core_layout_us=499
09-27 12:02:25.671 30974 30974 I BosonTree: BOSON_TOUCH_RESULT=0 node=2
09-27 12:02:25.942 30974 30974 I BosonTree: BOSON_FRAME nodes=1002
09-27 12:02:25.943 30974 30974 I BosonTree: BOSON_METRIC snapshot_us=126 dispatch_us=391 render_us=17114 core_layout_us=548
09-27 12:02:25.943 30974 30974 I BosonTree: BOSON_TOUCH_RESULT=0 node=2
09-27 12:02:26.264 30974 30974 I BosonTree: BOSON_FRAME nodes=1001
09-27 12:02:26.265 30974 30974 I BosonTree: BOSON_METRIC snapshot_us=155 dispatch_us=324 render_us=12656 core_layout_us=498
09-27 12:02:26.265 30974 30974 I BosonTree: BOSON_TOUCH_RESULT=0 node=2
09-27 12:02:26.576 30974 30974 I BosonTree: BOSON_FRAME nodes=1002
09-27 12:02:26.577 30974 30974 I BosonTree: BOSON_METRIC snapshot_us=146 dispatch_us=387 render_us=18819 core_layout_us=508
09-27 12:02:26.577 30974 30974 I BosonTree: BOSON_TOUCH_RESULT=0 node=2
09-27 12:02:26.902 30974 30974 I BosonTree: BOSON_FRAME nodes=1001
09-27 12:02:26.903 30974 30974 I BosonTree: BOSON_METRIC snapshot_us=170 dispatch_us=354 render_us=12753 core_layout_us=553
09-27 12:02:26.903 30974 30974 I BosonTree: BOSON_TOUCH_RESULT=0 node=2
09-27 12:02:27.213 30974 30974 I BosonTree: BOSON_FRAME nodes=1002
09-27 12:02:27.214 30974 30974 I BosonTree: BOSON_METRIC snapshot_us=164 dispatch_us=379 render_us=12571 core_layout_us=505
09-27 12:02:27.214 30974 30974 I BosonTree: BOSON_TOUCH_RESULT=0 node=2
09-27 12:02:27.505 30974 30974 I BosonTree: BOSON_FRAME nodes=1001
09-27 12:02:27.505 30974 30974 I BosonTree: BOSON_METRIC snapshot_us=154 dispatch_us=322 render_us=12191 core_layout_us=496
09-27 12:02:27.505 30974 30974 I BosonTree: BOSON_TOUCH_RESULT=0 node=2
