--------- beginning of main
09-27 12:02:08.061 30581 30581 I BosonTree: BOSON_TREE_VARIANT=0
09-27 12:02:08.206 30581 30581 I BosonTree: BOSON_FRAME nodes=5001
09-27 12:02:08.206 30581 30581 I BosonTree: BOSON_METRIC init_total_us=178587 scenario=stress
09-27 12:02:08.732 30581 30581 I BosonTree: BOSON_FRAME nodes=5002
09-27 12:02:08.738 30581 30581 I BosonTree: BOSON_METRIC snapshot_us=327 dispatch_us=808 render_us=62296 core_layout_us=5817
09-27 12:02:08.738 30581 30581 I BosonTree: BOSON_TOUCH_RESULT=0 node=2
09-27 12:02:09.090 30581 30581 I BosonTree: BOSON_FRAME nodes=5001
09-27 12:02:09.096 30581 30581 I BosonTree: BOSON_METRIC snapshot_us=379 dispatch_us=604 render_us=60522 core_layout_us=5913
09-27 12:02:09.096 30581 30581 I BosonTree: BOSON_TOUCH_RESULT=0 node=2
09-27 12:02:09.328 30581 30581 I BosonTree: BOSON_FRAME nodes=5002
09-27 12:02:09.334 30581 30581 I BosonTree: BOSON_METRIC snapshot_us=354 dispatch_us=634 render_us=59698 core_layout_us=5806
09-27 12:02:09.334 30581 30581 I BosonTree: BOSON_TOUCH_RESULT=0 node=2
09-27 12:02:09.663 30581 30581 I BosonTree: BOSON_FRAME nodes=5001
09-27 12:02:09.670 30581 30581 I BosonTree: BOSON_METRIC snapshot_us=669 dispatch_us=1435 render_us=107820 core_layout_us=7828
09-27 12:02:09.670 30581 30581 I BosonTree: BOSON_TOUCH_RESULT=0 node=2
09-27 12:02:10.011 30581 30581 I BosonTree: BOSON_FRAME nodes=5002
09-27 12:02:10.019 30581 30581 I BosonTree: BOSON_METRIC snapshot_us=318 dispatch_us=667 render_us=68144 core_layout_us=7553
09-27 12:02:10.019 30581 30581 I BosonTree: BOSON_TOUCH_RESULT=0 node=2
09-27 12:02:10.269 30581 30581 I BosonTree: BOSON_FRAME nodes=5001
09-27 12:02:10.275 30581 30581 I BosonTree: BOSON_METRIC snapshot_us=347 dispatch_us=606 render_us=59523 core_layout_us=5817
09-27 12:02:10.275 30581 30581 I BosonTree: BOSON_TOUCH_RESULT=0 node=2
09-27 12:02:10.576 30581 30581 I BosonTree: BOSON_FRAME nodes=5002
09-27 12:02:10.583 30581 30581 I BosonTree: BOSON_METRIC snapshot_us=320 dispatch_us=554 render_us=59045 core_layout_us=6849
09-27 12:02:10.583 30581 30581 I BosonTree: BOSON_TOUCH_RESULT=0 node=2
09-27 12:02:10.855 30581 30581 I BosonTree: BOSON_FRAME nodes=5001
09-27 12:02:10.861 30581 30581 I BosonTree: BOSON_METRIC snapshot_us=320 dispatch_us=540 render_us=59623 core_layout_us=5776
09-27 12:02:10.861 30581 30581 I BosonTree: BOSON_TOUCH_RESULT=0 node=2
09-27 12:02:11.130 30581 30581 I BosonTree: BOSON_FRAME nodes=5002
09-27 12:02:11.136 30581 30581 I BosonTree: BOSON_METRIC snapshot_us=323 dispatch_us=567 render_us=60015 core_layout_us=5819
09-27 12:02:11.136 30581 30581 I BosonTree: BOSON_TOUCH_RESULT=0 node=2
09-27 12:02:11.424 30581 30581 I BosonTree: BOSON_FRAME nodes=5001
09-27 12:02:11.430 30581 30581 I BosonTree: BOSON_METRIC snapshot_us=317 dispatch_us=538 render_us=58713 core_layout_us=5774
09-27 12:02:11.430 30581 30581 I BosonTree: BOSON_TOUCH_RESULT=0 node=2
09-27 12:02:11.717 30581 30581 I BosonTree: BOSON_FRAME nodes=5002
09-27 12:02:11.723 30581 30581 I BosonTree: BOSON_METRIC snapshot_us=357 dispatch_us=613 render_us=60459 core_layout_us=5817
09-27 12:02:11.723 30581 30581 I BosonTree: BOSON_TOUCH_RESULT=0 node=2
09-27 12:02:12.096 30581 30581 I BosonTree: BOSON_FRAME nodes=5001
09-27 12:02:12.105 30581 30581 I BosonTree: BOSON_METRIC snapshot_us=930 dispatch_us=1773 render_us=149950 core_layout_us=8776
09-27 12:02:12.105 30581 30581 I BosonTree: BOSON_TOUCH_RESULT=0 node=2
09-27 12:02:12.426 30581 30581 I BosonTree: BOSON_FRAME nodes=5002
09-27 12:02:12.435 30581 30581 I BosonTree: BOSON_METRIC snapshot_us=695 dispatch_us=1682 render_us=89334 core_layout_us=8834
09-27 12:02:12.435 30581 30581 I BosonTree: BOSON_TOUCH_RESULT=0 node=2
09-27 12:02:12.892 30581 30581 I BosonTree: BOSON_FRAME nodes=5001
09-27 12:02:12.901 30581 30581 I BosonTree: BOSON_METRIC snapshot_us=372 dispatch_us=733 render_us=255877 core_layout_us=8870
09-27 12:02:12.901 30581 30581 I BosonTree: BOSON_TOUCH_RESULT=0 node=2
09-27 12:02:13.060 30581 30581 I BosonTree: BOSON_FRAME nodes=5002
09-27 12:02:13.069 30581 30581 I BosonTree: BOSON_METRIC snapshot_us=456 dispatch_us=818 render_us=87555 core_layout_us=8836
09-27 12:02:13.069 30581 30581 I BosonTree: BOSON_TOUCH_RESULT=0 node=2
09-27 12:02:13.443 30581 30581 I BosonTree: BOSON_FRAME nodes=5001
09-27 12:02:13.454 30581 30581 I BosonTree: BOSON_METRIC snapshot_us=1150 dispatch_us=2079 render_us=154758 core_layout_us=10526
09-27 12:02:13.454 30581 30581 I BosonTree: BOSON_TOUCH_RESULT=0 node=2
09-27 12:02:13.758 30581 30581 I BosonTree: BOSON_FRAME nodes=5002
09-27 12:02:13.767 30581 30581 I BosonTree: BOSON_METRIC snapshot_us=445 dispatch_us=761 render_us=87226 core_layout_us=8919
09-27 12:02:13.767 30581 30581 I BosonTree: BOSON_TOUCH_RESULT=0 node=2
09-27 12:02:14.045 30581 30581 I BosonTree: BOSON_FRAME nodes=5001
09-27 12:02:14.055 30581 30581 I BosonTree: BOSON_METRIC snapshot_us=432 dispatch_us=747 render_us=86720 core_layout_us=9349
09-27 12:02:14.055 30581 30581 I BosonTree: BOSON_TOUCH_RESULT=0 node=2
09-27 12:02:14.346 30581 30581 I BosonTree: BOSON_FRAME nodes=5002
09-27 12:02:14.355 30581 30581 I BosonTree: BOSON_METRIC snapshot_us=454 dispatch_us=764 render_us=86820 core_layout_us=8828
09-27 12:02:14.355 30581 30581 I BosonTree: BOSON_TOUCH_RESULT=0 node=2
09-27 12:02:14.626 30581 30581 I BosonTree: BOSON_FRAME nodes=5001
09-27 12:02:14.634 30581 30581 I BosonTree: BOSON_METRIC snapshot_us=375 dispatch_us=707 render_us=87052 core_layout_us=8785
09-27 12:02:14.634 30581 30581 I BosonTree: BOSON_TOUCH_RESULT=0 node=2
