--------- beginning of main
09-27 12:00:44.149 27690 27690 I BosonTree: BOSON_TREE_VARIANT=0
09-27 12:00:44.184 27690 27690 I BosonTree: BOSON_FRAME nodes=1001
09-27 12:00:44.184 27690 27690 I BosonTree: BOSON_METRIC init_total_us=45441 scenario=stress
09-27 12:00:44.811 27690 27690 I BosonTree: BOSON_FRAME nodes=1002
09-27 12:00:44.811 27690 27690 I BosonTree: BOSON_METRIC snapshot_us=75 dispatch_us=319 render_us=9635 core_layout_us=342
09-27 12:00:44.811 27690 27690 I BosonTree: BOSON_TOUCH_RESULT=0 node=2
09-27 12:00:45.065 27690 27690 I BosonTree: BOSON_FRAME nodes=1001
09-27 12:00:45.065 27690 27690 I BosonTree: BOSON_METRIC snapshot_us=88 dispatch_us=192 render_us=9094 core_layout_us=356
09-27 12:00:45.065 27690 27690 I BosonTree: BOSON_TOUCH_RESULT=0 node=2
09-27 12:00:45.343 27690 27690 I BosonTree: BOSON_FRAME nodes=1002
09-27 12:00:45.343 27690 27690 I BosonTree: BOSON_METRIC snapshot_us=85 dispatch_us=264 render_us=9463 core_layout_us=343
09-27 12:00:45.343 27690 27690 I BosonTree: BOSON_TOUCH_RESULT=0 node=2
09-27 12:00:45.600 27690 27690 I BosonTree: BOSON_FRAME nodes=1001
09-27 12:00:45.601 27690 27690 I BosonTree: BOSON_METRIC snapshot_us=98 dispatch_us=226 render_us=8489 core_layout_us=343
09-27 12:00:45.601 27690 27690 I BosonTree: BOSON_TOUCH_RESULT=0 node=2
09-27 12:00:45.919 27690 27690 I BosonTree: BOSON_FRAME nodes=1002
09-27 12:00:45.920 27690 27690 I BosonTree: BOSON_METRIC snapshot_us=144 dispatch_us=386 render_us=19458 core_layout_us=341
09-27 12:00:45.920 27690 27690 I BosonTree: BOSON_TOUCH_RESULT=0 node=2
09-27 12:00:46.217 27690 27690 I BosonTree: BOSON_FRAME nodes=1001
09-27 12:00:46.217 27690 27690 I BosonTree: BOSON_METRIC snapshot_us=133 dispatch_us=309 render_us=9012 core_layout_us=330
09-27 12:00:46.217 27690 27690 I BosonTree: BOSON_TOUCH_RESULT=0 node=2
09-27 12:00:46.519 27690 27690 I BosonTree: BOSON_FRAME nodes=1002
09-27 12:00:46.520 27690 27690 I BosonTree: BOSON_METRIC snapshot_us=143 dispatch_us=395 render_us=8974 core_layout_us=335
09-27 12:00:46.520 27690 27690 I BosonTree: BOSON_TOUCH_RESULT=0 node=2
09-27 12:00:46.816 27690 27690 I BosonTree: BOSON_FRAME nodes=1001
09-27 12:00:46.817 27690 27690 I BosonTree: BOSON_METRIC snapshot_us=75 dispatch_us=168 render_us=10622 core_layout_us=343
09-27 12:00:46.817 27690 27690 I BosonTree: BOSON_TOUCH_RESULT=0 node=2
09-27 12:00:47.144 27690 27690 I BosonTree: BOSON_FRAME nodes=1002
09-27 12:00:47.145 27690 27690 I BosonTree: BOSON_METRIC snapshot_us=133 dispatch_us=361 render_us=8204 core_layout_us=337
09-27 12:00:47.145 27690 27690 I BosonTree: BOSON_TOUCH_RESULT=0 node=2
09-27 12:00:47.461 27690 27690 I BosonTree: BOSON_FRAME nodes=1001
09-27 12:00:47.461 27690 27690 I BosonTree: BOSON_METRIC snapshot_us=191 dispatch_us=480 render_us=19244 core_layout_us=338
09-27 12:00:47.461 27690 27690 I BosonTree: BOSON_TOUCH_RESULT=0 node=2
09-27 12:00:47.758 27690 27690 I BosonTree: BOSON_FRAME nodes=1002
09-27 12:00:47.759 27690 27690 I BosonTree: BOSON_METRIC snapshot_us=136 dispatch_us=395 render_us=9051 core_layout_us=337
09-27 12:00:47.759 27690 27690 I BosonTree: BOSON_TOUCH_RESULT=0 node=2
09-27 12:00:48.048 27690 27690 I BosonTree: BOSON_FRAME nodes=1001
09-27 12:00:48.048 27690 27690 I BosonTree: BOSON_METRIC snapshot_us=108 dispatch_us=237 render_us=14922 core_layout_us=375
09-27 12:00:48.048 27690 27690 I BosonTree: BOSON_TOUCH_RESULT=0 node=2
09-27 12:00:48.328 27690 27690 I BosonTree: BOSON_FRAME nodes=1002
09-27 12:00:48.328 27690 27690 I BosonTree: BOSON_METRIC snapshot_us=112 dispatch_us=359 render_us=13102 core_layout_us=338
09-27 12:00:48.328 27690 27690 I BosonTree: BOSON_TOUCH_RESULT=0 node=2
09-27 12:00:48.593 27690 27690 I BosonTree: BOSON_FRAME nodes=1001
09-27 12:00:48.593 27690 27690 I BosonTree: BOSON_METRIC snapshot_us=105 dispatch_us=208 render_us=9616 core_layout_us=357
09-27 12:00:48.593 27690 27690 I BosonTree: BOSON_TOUCH_RESULT=0 node=2
09-27 12:00:48.895 27690 27690 I BosonTree: BOSON_FRAME nodes=1002
09-27 12:00:48.895 27690 27690 I BosonTree: BOSON_METRIC snapshot_us=171 dispatch_us=429 render_us=17261 core_layout_us=385
09-27 12:00:48.895 27690 27690 I BosonTree: BOSON_TOUCH_RESULT=0 node=2
09-27 12:00:49.212 27690 27690 I BosonTree: BOSON_FRAME nodes=1001
09-27 12:00:49.212 27690 27690 I BosonTree: BOSON_METRIC snapshot_us=132 dispatch_us=278 render_us=8532 core_layout_us=330
09-27 12:00:49.212 27690 27690 I BosonTree: BOSON_TOUCH_RESULT=0 node=2
09-27 12:00:49.498 27690 27690 I BosonTree: BOSON_FRAME nodes=1002
09-27 12:00:49.498 27690 27690 I BosonTree: BOSON_METRIC snapshot_us=71 dispatch_us=192 render_us=8254 core_layout_us=337
09-27 12:00:49.498 27690 27690 I BosonTree: BOSON_TOUCH_RESULT=0 node=2
09-27 12:00:49.828 27690 27690 I BosonTree: BOSON_FRAME nodes=1001
09-27 12:00:49.828 27690 27690 I BosonTree: BOSON_METRIC snapshot_us=112 dispatch_us=237 render_us=20479 core_layout_us=349
09-27 12:00:49.828 27690 27690 I BosonTree: BOSON_TOUCH_RESULT=0 node=2
09-27 12:00:50.135 27690 27690 I BosonTree: BOSON_FRAME nodes=1002
09-27 12:00:50.135 27690 27690 I BosonTree: BOSON_METRIC snapshot_us=234 dispatch_us=454 render_us=8538 core_layout_us=337
09-27 12:00:50.135 27690 27690 I BosonTree: BOSON_TOUCH_RESULT=0 node=2
09-27 12:00:50.449 27690 27690 I BosonTree: BOSON_FRAME nodes=1001
09-27 12:00:50.450 27690 27690 I BosonTree: BOSON_METRIC snapshot_us=79 dispatch_us=172 render_us=8133 core_layout_us=329
09-27 12:00:50.450 27690 27690 I BosonTree: BOSON_TOUCH_RESULT=0 node=2
