--------- beginning of main
09-27 12:01:16.605 28917 28917 I BosonTree: BOSON_TREE_VARIANT=1
09-27 12:01:16.744 28917 28917 I BosonTree: BOSON_FRAME nodes=5001
09-27 12:01:16.744 28917 28917 I BosonTree: BOSON_METRIC init_total_us=155427 scenario=stress
09-27 12:01:17.330 28917 28917 I BosonTree: BOSON_FRAME nodes=5002
09-27 12:01:17.330 28917 28917 I BosonTree: BOSON_METRIC snapshot_us=642 dispatch_us=1280 render_us=100326 core_layout_us=449
09-27 12:01:17.330 28917 28917 I BosonTree: BOSON_TOUCH_RESULT=0 node=2
09-27 12:01:17.601 28917 28917 I BosonTree: BOSON_FRAME nodes=5001
09-27 12:01:17.602 28917 28917 I BosonTree: BOSON_METRIC snapshot_us=386 dispatch_us=670 render_us=51266 core_layout_us=403
09-27 12:01:17.602 28917 28917 I BosonTree: BOSON_TOUCH_RESULT=0 node=2
09-27 12:01:17.929 28917 28917 I BosonTree: BOSON_FRAME nodes=5002
09-27 12:01:17.929 28917 28917 I BosonTree: BOSON_METRIC snapshot_us=309 dispatch_us=850 render_us=107084 core_layout_us=408
09-27 12:01:17.929 28917 28917 I BosonTree: BOSON_TOUCH_RESULT=0 node=2
09-27 12:01:18.195 28917 28917 I BosonTree: BOSON_FRAME nodes=5001
09-27 12:01:18.196 28917 28917 I BosonTree: BOSON_METRIC snapshot_us=396 dispatch_us=680 render_us=51556 core_layout_us=408
09-27 12:01:18.196 28917 28917 I BosonTree: BOSON_TOUCH_RESULT=0 node=2
09-27 12:01:18.474 28917 28917 I BosonTree: BOSON_FRAME nodes=5002
09-27 12:01:18.474 28917 28917 I BosonTree: BOSON_METRIC snapshot_us=377 dispatch_us=614 render_us=53106 core_layout_us=409
09-27 12:01:18.474 28917 28917 I BosonTree: BOSON_TOUCH_RESULT=0 node=2
09-27 12:01:18.802 28917 28917 I BosonTree: BOSON_FRAME nodes=5001
09-27 12:01:18.802 28917 28917 I BosonTree: BOSON_METRIC snapshot_us=725 dispatch_us=1464 render_us=106600 core_layout_us=381
09-27 12:01:18.802 28917 28917 I BosonTree: BOSON_TOUCH_RESULT=0 node=2
09-27 12:01:19.117 28917 28917 I BosonTree: BOSON_FRAME nodes=5002
09-27 12:01:19.117 28917 28917 I BosonTree: BOSON_METRIC snapshot_us=394 dispatch_us=623 render_us=54570 core_layout_us=395
09-27 12:01:19.117 28917 28917 I BosonTree: BOSON_TOUCH_RESULT=0 node=2
09-27 12:01:19.478 28917 28917 I BosonTree: BOSON_FRAME nodes=5001
09-27 12:01:19.478 28917 28917 I BosonTree: BOSON_METRIC snapshot_us=1267 dispatch_us=1930 render_us=105947 core_layout_us=376
09-27 12:01:19.478 28917 28917 I BosonTree: BOSON_TOUCH_RESULT=0 node=2
09-27 12:01:19.812 28917 28917 I BosonTree: BOSON_FRAME nodes=5002
09-27 12:01:19.813 28917 28917 I BosonTree: BOSON_METRIC snapshot_us=368 dispatch_us=599 render_us=53505 core_layout_us=404
09-27 12:01:19.813 28917 28917 I BosonTree: BOSON_TOUCH_RESULT=0 node=2
09-27 12:01:20.112 28917 28917 I BosonTree: BOSON_FRAME nodes=5001
09-27 12:01:20.113 28917 28917 I BosonTree: BOSON_METRIC snapshot_us=348 dispatch_us=623 render_us=51320 core_layout_us=387
09-27 12:01:20.113 28917 28917 I BosonTree: BOSON_TOUCH_RESULT=0 node=2
09-27 12:01:20.402 28917 28917 I BosonTree: BOSON_FRAME nodes=5002
09-27 12:01:20.403 28917 28917 I BosonTree: BOSON_METRIC snapshot_us=377 dispatch_us=649 render_us=53187 core_layout_us=431
09-27 12:01:20.403 28917 28917 I BosonTree: BOSON_TOUCH_RESULT=0 node=2
09-27 12:01:20.786 28917 28917 I BosonTree: BOSON_FRAME nodes=5001
09-27 12:01:20.786 28917 28917 I BosonTree: BOSON_METRIC snapshot_us=1203 dispatch_us=2556 render_us=112043 core_layout_us=396
09-27 12:01:20.786 28917 28917 I BosonTree: BOSON_TOUCH_RESULT=0 node=2
09-27 12:01:21.120 28917 28917 I BosonTree: BOSON_FRAME nodes=5002
09-27 12:01:21.121 28917 28917 I BosonTree: BOSON_METRIC snapshot_us=365 dispatch_us=604 render_us=54963 core_layout_us=431
09-27 12:01:21.121 28917 28917 I BosonTree: BOSON_TOUCH_RESULT=0 node=2
09-27 12:01:21.414 28917 28917 I BosonTree: BOSON_FRAME nodes=5001
09-27 12:01:21.414 28917 28917 I BosonTree: BOSON_METRIC snapshot_us=411 dispatch_us=694 render_us=54837 core_layout_us=405
09-27 12:01:21.414 28917 28917 I BosonTree: BOSON_TOUCH_RESULT=0 node=2
09-27 12:01:21.760 28917 28917 I BosonTree: BOSON_FRAME nodes=5002
09-27 12:01:21.760 28917 28917 I BosonTree: BOSON_METRIC snapshot_us=331 dispatch_us=700 render_us=112793 core_layout_us=438
09-27 12:01:21.760 28917 28917 I BosonTree: BOSON_TOUCH_RESULT=0 node=2
09-27 12:01:22.087 28917 28917 I BosonTree: BOSON_FRAME nodes=5001
09-27 12:01:22.087 28917 28917 I BosonTree: BOSON_METRIC snapshot_us=357 dispatch_us=629 render_us=54551 core_layout_us=405
09-27 12:01:22.087 28917 28917 I BosonTree: BOSON_TOUCH_RESULT=0 node=2
09-27 12:01:22.369 28917 28917 I BosonTree: BOSON_FRAME nodes=5002
09-27 12:01:22.369 28917 28917 I BosonTree: BOSON_METRIC snapshot_us=367 dispatch_us=593 render_us=54860 core_layout_us=425
09-27 12:01:22.369 28917 28917 I BosonTree: BOSON_TOUCH_RESULT=0 node=2
09-27 12:01:22.669 28917 28917 I BosonTree: BOSON_FRAME nodes=5001
09-27 12:01:22.669 28917 28917 I BosonTree: BOSON_METRIC snapshot_us=374 dispatch_us=645 render_us=55861 core_layout_us=391
09-27 12:01:22.669 28917 28917 I BosonTree: BOSON_TOUCH_RESULT=0 node=2
09-27 12:01:22.945 28917 28917 I BosonTree: BOSON_FRAME nodes=5002
09-27 12:01:22.946 28917 28917 I BosonTree: BOSON_METRIC snapshot_us=347 dispatch_us=580 render_us=56630 core_layout_us=434
09-27 12:01:22.946 28917 28917 I BosonTree: BOSON_TOUCH_RESULT=0 node=2
09-27 12:01:23.241 28917 28917 I BosonTree: BOSON_FRAME nodes=5001
09-27 12:01:23.241 28917 28917 I BosonTree: BOSON_METRIC snapshot_us=358 dispatch_us=629 render_us=54832 core_layout_us=407
09-27 12:01:23.241 28917 28917 I BosonTree: BOSON_TOUCH_RESULT=0 node=2
