--------- beginning of main
09-27 12:02:34.542 31432 31432 I BosonTree: BOSON_TREE_VARIANT=1
09-27 12:02:34.573 31432 31432 I BosonTree: BOSON_FRAME nodes=1001
09-27 12:02:34.573 31432 31432 I BosonTree: BOSON_METRIC init_total_us=41276 scenario=stress
09-27 12:02:35.195 31432 31432 I BosonTree: BOSON_FRAME nodes=1002
09-27 12:02:35.195 31432 31432 I BosonTree: BOSON_METRIC snapshot_us=124 dispatch_us=545 render_us=13046 core_layout_us=113
09-27 12:02:35.195 31432 31432 I BosonTree: BOSON_TOUCH_RESULT=0 node=2
09-27 12:02:35.461 31432 31432 I BosonTree: BOSON_FRAME nodes=1001
09-27 12:02:35.461 31432 31432 I BosonTree: BOSON_METRIC snapshot_us=196 dispatch_us=478 render_us=12686 core_layout_us=107
09-27 12:02:35.461 31432 31432 I BosonTree: BOSON_TOUCH_RESULT=0 node=2
09-27 12:02:35.736 31432 31432 I BosonTree: BOSON_FRAME nodes=1002
09-27 12:02:35.736 31432 31432 I BosonTree: BOSON_METRIC snapshot_us=122 dispatch_us=305 render_us=12728 core_layout_us=116
09-27 12:02:35.736 31432 31432 I BosonTree: BOSON_TOUCH_RESULT=0 node=2
09-27 12:02:36.000 31432 31432 I BosonTree: BOSON_FRAME nodes=1001
09-27 12:02:36.000 31432 31432 I BosonTree: BOSON_METRIC snapshot_us=146 dispatch_us=395 render_us=10552 core_layout_us=107
09-27 12:02:36.000 31432 31432 I BosonTree: BOSON_TOUCH_RESULT=0 node=2
09-27 12:02:36.272 31432 31432 I BosonTree: BOSON_FRAME nodes=1002
09-27 12:02:36.272 31432 31432 I BosonTree: BOSON_METRIC snapshot_us=74 dispatch_us=195 render_us=6804 core_layout_us=92
09-27 12:02:36.272 31432 31432 I BosonTree: BOSON_TOUCH_RESULT=0 node=2
09-27 12:02:36.562 31432 31432 I BosonTree: BOSON_FRAME nodes=1001
09-27 12:02:36.562 31432 31432 I BosonTree: BOSON_METRIC snapshot_us=92 dispatch_us=277 render_us=7221 core_layout_us=95
09-27 12:02:36.562 31432 31432 I BosonTree: BOSON_TOUCH_RESULT=0 node=2
09-27 12:02:36.872 31432 31432 I BosonTree: BOSON_FRAME nodes=1002
09-27 12:02:36.872 31432 31432 I BosonTree: BOSON_METRIC snapshot_us=274 dispatch_us=632 render_us=20997 core_layout_us=117
09-27 12:02:36.872 31432 31432 I BosonTree: BOSON_TOUCH_RESULT=0 node=2
09-27 12:02:37.191 31432 31432 I BosonTree: BOSON_FRAME nodes=1001
09-27 12:02:37.191 31432 31432 I BosonTree: BOSON_METRIC snapshot_us=219 dispatch_us=400 render_us=7400 core_layout_us=99
09-27 12:02:37.191 31432 31432 I BosonTree: BOSON_TOUCH_RESULT=0 node=2
09-27 12:02:37.490 31432 31432 I BosonTree: BOSON_FRAME nodes=1002
09-27 12:02:37.491 31432 31432 I BosonTree: BOSON_METRIC snapshot_us=167 dispatch_us=450 render_us=8715 core_layout_us=137
09-27 12:02:37.491 31432 31432 I BosonTree: BOSON_TOUCH_RESULT=0 node=2
09-27 12:02:37.777 31432 31432 I BosonTree: BOSON_FRAME nodes=1001
09-27 12:02:37.777 31432 31432 I BosonTree: BOSON_METRIC snapshot_us=199 dispatch_us=458 render_us=8870 core_layout_us=94
09-27 12:02:37.777 31432 31432 I BosonTree: BOSON_TOUCH_RESULT=0 node=2
09-27 12:02:38.049 31432 31432 I BosonTree: BOSON_FRAME nodes=1002
09-27 12:02:38.049 31432 31432 I BosonTree: BOSON_METRIC snapshot_us=106 dispatch_us=384 render_us=9275 core_layout_us=162
09-27 12:02:38.049 31432 31432 I BosonTree: BOSON_TOUCH_RESULT=0 node=2
09-27 12:02:38.383 31432 31432 I BosonTree: BOSON_FRAME nodes=1001
09-27 12:02:38.383 31432 31432 I BosonTree: BOSON_METRIC snapshot_us=165 dispatch_us=321 render_us=7053 core_layout_us=94
09-27 12:02:38.383 31432 31432 I BosonTree: BOSON_TOUCH_RESULT=0 node=2
09-27 12:02:38.696 31432 31432 I BosonTree: BOSON_FRAME nodes=1002
09-27 12:02:38.696 31432 31432 I BosonTree: BOSON_METRIC snapshot_us=181 dispatch_us=441 render_us=11779 core_layout_us=154
09-27 12:02:38.696 31432 31432 I BosonTree: BOSON_TOUCH_RESULT=0 node=2
09-27 12:02:38.956 31432 31432 I BosonTree: BOSON_FRAME nodes=1001
09-27 12:02:38.956 31432 31432 I BosonTree: BOSON_METRIC snapshot_us=132 dispatch_us=291 render_us=11291 core_layout_us=148
09-27 12:02:38.956 31432 31432 I BosonTree: BOSON_TOUCH_RESULT=0 node=2
09-27 12:02:39.251 31432 31432 I BosonTree: BOSON_FRAME nodes=1002
09-27 12:02:39.252 31432 31432 I BosonTree: BOSON_METRIC snapshot_us=170 dispatch_us=403 render_us=12102 core_layout_us=164
09-27 12:02:39.252 31432 31432 I BosonTree: BOSON_TOUCH_RESULT=0 node=2
09-27 12:02:39.550 31432 31432 I BosonTree: BOSON_FRAME nodes=1001
09-27 12:02:39.550 31432 31432 I BosonTree: BOSON_METRIC snapshot_us=212 dispatch_us=451 render_us=18641 core_layout_us=149
09-27 12:02:39.550 31432 31432 I BosonTree: BOSON_TOUCH_RESULT=0 node=2
09-27 12:02:39.870 31432 31432 I BosonTree: BOSON_FRAME nodes=1002
09-27 12:02:39.870 31432 31432 I BosonTree: BOSON_METRIC snapshot_us=165 dispatch_us=387 render_us=11825 core_layout_us=155
09-27 12:02:39.870 31432 31432 I BosonTree: BOSON_TOUCH_RESULT=0 node=2
09-27 12:02:40.161 31432 31432 I BosonTree: BOSON_FRAME nodes=1001
09-27 12:02:40.161 31432 31432 I BosonTree: BOSON_METRIC snapshot_us=217 dispatch_us=429 render_us=11410 core_layout_us=144
09-27 12:02:40.161 31432 31432 I BosonTree: BOSON_TOUCH_RESULT=0 node=2
09-27 12:02:40.452 31432 31432 I BosonTree: BOSON_FRAME nodes=1002
09-27 12:02:40.452 31432 31432 I BosonTree: BOSON_METRIC snapshot_us=179 dispatch_us=416 render_us=12126 core_layout_us=154
09-27 12:02:40.452 31432 31432 I BosonTree: BOSON_TOUCH_RESULT=0 node=2
09-27 12:02:40.762 31432 31432 I BosonTree: BOSON_FRAME nodes=1001
09-27 12:02:40.762 31432 31432 I BosonTree: BOSON_METRIC snapshot_us=210 dispatch_us=489 render_us=11715 core_layout_us=147
09-27 12:02:40.762 31432 31432 I BosonTree: BOSON_TOUCH_RESULT=0 node=2
