--------- beginning of main
09-27 12:01:42.031 29715 29715 I BosonTree: BOSON_TREE_VARIANT=0
09-27 12:01:42.060 29715 29715 I BosonTree: BOSON_FRAME nodes=1001
09-27 12:01:42.060 29715 29715 I BosonTree: BOSON_METRIC init_total_us=39989 scenario=stress
09-27 12:01:42.700 29715 29715 I BosonTree: BOSON_FRAME nodes=1002
09-27 12:01:42.700 29715 29715 I BosonTree: BOSON_METRIC snapshot_us=186 dispatch_us=687 render_us=17898 core_layout_us=337
09-27 12:01:42.700 29715 29715 I BosonTree: BOSON_TOUCH_RESULT=0 node=2
09-27 12:01:42.985 29715 29715 I BosonTree: BOSON_FRAME nodes=1001
09-27 12:01:42.986 29715 29715 I BosonTree: BOSON_METRIC snapshot_us=107 dispatch_us=254 render_us=17338 core_layout_us=740
09-27 12:01:42.986 29715 29715 I BosonTree: BOSON_TOUCH_RESULT=0 node=2
09-27 12:01:43.255 29715 29715 I BosonTree: BOSON_FRAME nodes=1002
09-27 12:01:43.255 29715 29715 I BosonTree: BOSON_METRIC snapshot_us=90 dispatch_us=256 render_us=10045 core_layout_us=346
09-27 12:01:43.255 29715 29715 I BosonTree: BOSON_TOUCH_RESULT=0 node=2
09-27 12:01:43.528 29715 29715 I BosonTree: BOSON_FRAME nodes=1001
09-27 12:01:43.529 29715 29715 I BosonTree: BOSON_METRIC snapshot_us=100 dispatch_us=224 render_us=8517 core_layout_us=329
09-27 12:01:43.529 29715 29715 I BosonTree: BOSON_TOUCH_RESULT=0 node=2
09-27 12:01:43.791 29715 29715 I BosonTree: BOSON_FRAME nodes=1002
09-27 12:01:43.791 29715 29715 I BosonTree: BOSON_METRIC snapshot_us=106 dispatch_us=265 render_us=10432 core_layout_us=337
09-27 12:01:43.792 29715 29715 I BosonTree: BOSON_TOUCH_RESULT=0 node=2
09-27 12:01:44.082 29715 29715 I BosonTree: BOSON_FRAME nodes=1001
09-27 12:01:44.083 29715 29715 I BosonTree: BOSON_METRIC snapshot_us=193 dispatch_us=499 render_us=16617 core_layout_us=442
09-27 12:01:44.083 29715 29715 I BosonTree: BOSON_TOUCH_RESULT=0 node=2
09-27 12:01:44.390 29715 29715 I BosonTree: BOSON_FRAME nodes=1002
09-27 12:01:44.391 29715 29715 I BosonTree: BOSON_METRIC snapshot_us=141 dispatch_us=401 render_us=12546 core_layout_us=423
09-27 12:01:44.391 29715 29715 I BosonTree: BOSON_TOUCH_RESULT=0 node=2
09-27 12:01:44.673 29715 29715 I BosonTree: BOSON_FRAME nodes=1001
09-27 12:01:44.673 29715 29715 I BosonTree: BOSON_METRIC snapshot_us=113 dispatch_us=227 render_us=8335 core_layout_us=330
09-27 12:01:44.673 29715 29715 I BosonTree: BOSON_TOUCH_RESULT=0 node=2
09-27 12:01:44.991 29715 29715 I BosonTree: BOSON_FRAME nodes=1002
09-27 12:01:44.992 29715 29715 I BosonTree: BOSON_METRIC snapshot_us=199 dispatch_us=465 render_us=8563 core_layout_us=336
09-27 12:01:44.992 29715 29715 I BosonTree: BOSON_TOUCH_RESULT=0 node=2
09-27 12:01:45.282 29715 29715 I BosonTree: BOSON_FRAME nodes=1001
09-27 12:01:45.282 29715 29715 I BosonTree: BOSON_METRIC snapshot_us=240 dispatch_us=465 render_us=9137 core_layout_us=330
09-27 12:01:45.282 29715 29715 I BosonTree: BOSON_TOUCH_RESULT=0 node=2
09-27 12:01:45.588 29715 29715 I BosonTree: BOSON_FRAME nodes=1002
09-27 12:01:45.588 29715 29715 I BosonTree: BOSON_METRIC snapshot_us=171 dispatch_us=485 render_us=14962 core_layout_us=356
09-27 12:01:45.588 29715 29715 I BosonTree: BOSON_TOUCH_RESULT=0 node=2
09-27 12:01:45.917 29715 29715 I BosonTree: BOSON_FRAME nodes=1001
09-27 12:01:45.917 29715 29715 I BosonTree: BOSON_METRIC snapshot_us=163 dispatch_us=337 render_us=9670 core_layout_us=371
09-27 12:01:45.917 29715 29715 I BosonTree: BOSON_TOUCH_RESULT=0 node=2
09-27 12:01:46.212 29715 29715 I BosonTree: BOSON_FRAME nodes=1002
09-27 12:01:46.213 29715 29715 I BosonTree: BOSON_METRIC snapshot_us=138 dispatch_us=480 render_us=9630 core_layout_us=378
09-27 12:01:46.213 29715 29715 I BosonTree: BOSON_TOUCH_RESULT=0 node=2
09-27 12:01:46.533 29715 29715 I BosonTree: BOSON_FRAME nodes=1001
09-27 12:01:46.534 29715 29715 I BosonTree: BOSON_METRIC snapshot_us=191 dispatch_us=414 render_us=19197 core_layout_us=454
09-27 12:01:46.534 29715 29715 I BosonTree: BOSON_TOUCH_RESULT=0 node=2
09-27 12:01:46.828 29715 29715 I BosonTree: BOSON_FRAME nodes=1002
09-27 12:01:46.829 29715 29715 I BosonTree: BOSON_METRIC snapshot_us=90 dispatch_us=232 render_us=9250 core_layout_us=378
09-27 12:01:46.829 29715 29715 I BosonTree: BOSON_TOUCH_RESULT=0 node=2
09-27 12:01:47.102 29715 29715 I BosonTree: BOSON_FRAME nodes=1001
09-27 12:01:47.103 29715 29715 I BosonTree: BOSON_METRIC snapshot_us=122 dispatch_us=272 render_us=14777 core_layout_us=411
09-27 12:01:47.103 29715 29715 I BosonTree: BOSON_TOUCH_RESULT=0 node=2
09-27 12:01:47.392 29715 29715 I BosonTree: BOSON_FRAME nodes=1002
09-27 12:01:47.393 29715 29715 I BosonTree: BOSON_METRIC snapshot_us=126 dispatch_us=327 render_us=10101 core_layout_us=394
09-27 12:01:47.393 29715 29715 I BosonTree: BOSON_TOUCH_RESULT=0 node=2
09-27 12:01:47.697 29715 29715 I BosonTree: BOSON_FRAME nodes=1001
09-27 12:01:47.697 29715 29715 I BosonTree: BOSON_METRIC snapshot_us=150 dispatch_us=287 render_us=9133 core_layout_us=370
09-27 12:01:47.698 29715 29715 I BosonTree: BOSON_TOUCH_RESULT=0 node=2
09-27 12:01:48.004 29715 29715 I BosonTree: BOSON_FRAME nodes=1002
09-27 12:01:48.005 29715 29715 I BosonTree: BOSON_METRIC snapshot_us=145 dispatch_us=410 render_us=9797 core_layout_us=377
09-27 12:01:48.005 29715 29715 I BosonTree: BOSON_TOUCH_RESULT=0 node=2
09-27 12:01:48.306 29715 29715 I BosonTree: BOSON_FRAME nodes=1001
09-27 12:01:48.307 29715 29715 I BosonTree: BOSON_METRIC snapshot_us=330 dispatch_us=616 render_us=15791 core_layout_us=414
09-27 12:01:48.307 29715 29715 I BosonTree: BOSON_TOUCH_RESULT=0 node=2
