--------- beginning of main
09-27 12:01:29.219 29353 29353 I BosonTree: BOSON_TREE_VARIANT=1
09-27 12:01:29.249 29353 29353 I BosonTree: BOSON_FRAME nodes=1001
09-27 12:01:29.249 29353 29353 I BosonTree: BOSON_METRIC init_total_us=39237 scenario=stress
09-27 12:01:29.900 29353 29353 I BosonTree: BOSON_FRAME nodes=1002
09-27 12:01:29.900 29353 29353 I BosonTree: BOSON_METRIC snapshot_us=202 dispatch_us=622 render_us=14116 core_layout_us=109
09-27 12:01:29.900 29353 29353 I BosonTree: BOSON_TOUCH_RESULT=0 node=2
09-27 12:01:30.170 29353 29353 I BosonTree: BOSON_FRAME nodes=1001
09-27 12:01:30.171 29353 29353 I BosonTree: BOSON_METRIC snapshot_us=146 dispatch_us=312 render_us=9238 core_layout_us=165
09-27 12:01:30.171 29353 29353 I BosonTree: BOSON_TOUCH_RESULT=0 node=2
09-27 12:01:30.438 29353 29353 I BosonTree: BOSON_FRAME nodes=1002
09-27 12:01:30.438 29353 29353 I BosonTree: BOSON_METRIC snapshot_us=110 dispatch_us=311 render_us=10065 core_layout_us=110
09-27 12:01:30.438 29353 29353 I BosonTree: BOSON_TOUCH_RESULT=0 node=2
09-27 12:01:30.701 29353 29353 I BosonTree: BOSON_FRAME nodes=1001
09-27 12:01:30.701 29353 29353 I BosonTree: BOSON_METRIC snapshot_us=178 dispatch_us=343 render_us=8316 core_layout_us=99
09-27 12:01:30.701 29353 29353 I BosonTree: BOSON_TOUCH_RESULT=0 node=2
09-27 12:01:30.982 29353 29353 I BosonTree: BOSON_FRAME nodes=1002
09-27 12:01:30.982 29353 29353 I BosonTree: BOSON_METRIC snapshot_us=83 dispatch_us=216 render_us=8006 core_layout_us=111
09-27 12:01:30.982 29353 29353 I BosonTree: BOSON_TOUCH_RESULT=0 node=2
09-27 12:01:31.307 29353 29353 I BosonTree: BOSON_FRAME nodes=1001
09-27 12:01:31.307 29353 29353 I BosonTree: BOSON_METRIC snapshot_us=185 dispatch_us=386 render_us=7085 core_layout_us=94
09-27 12:01:31.307 29353 29353 I BosonTree: BOSON_TOUCH_RESULT=0 node=2
09-27 12:01:31.593 29353 29353 I BosonTree: BOSON_FRAME nodes=1002
09-27 12:01:31.594 29353 29353 I BosonTree: BOSON_METRIC snapshot_us=233 dispatch_us=788 render_us=17216 core_layout_us=116
09-27 12:01:31.594 29353 29353 I BosonTree: BOSON_TOUCH_RESULT=0 node=2
09-27 12:01:31.881 29353 29353 I BosonTree: BOSON_FRAME nodes=1001
09-27 12:01:31.881 29353 29353 I BosonTree: BOSON_METRIC snapshot_us=125 dispatch_us=270 render_us=7700 core_layout_us=109
09-27 12:01:31.881 29353 29353 I BosonTree: BOSON_TOUCH_RESULT=0 node=2
09-27 12:01:32.166 29353 29353 I BosonTree: BOSON_FRAME nodes=1002
09-27 12:01:32.166 29353 29353 I BosonTree: BOSON_METRIC snapshot_us=108 dispatch_us=313 render_us=8285 core_layout_us=101
09-27 12:01:32.166 29353 29353 I BosonTree: BOSON_TOUCH_RESULT=0 node=2
09-27 12:01:32.450 29353 29353 I BosonTree: BOSON_FRAME nodes=1001
09-27 12:01:32.450 29353 29353 I BosonTree: BOSON_METRIC snapshot_us=241 dispatch_us=475 render_us=13839 core_layout_us=111
09-27 12:01:32.450 29353 29353 I BosonTree: BOSON_TOUCH_RESULT=0 node=2
09-27 12:01:32.740 29353 29353 I BosonTree: BOSON_FRAME nodes=1002
09-27 12:01:32.740 29353 29353 I BosonTree: BOSON_METRIC snapshot_us=91 dispatch_us=275 render_us=7632 core_layout_us=102
09-27 12:01:32.740 29353 29353 I BosonTree: BOSON_TOUCH_RESULT=0 node=2
09-27 12:01:33.022 29353 29353 I BosonTree: BOSON_FRAME nodes=1001
09-27 12:01:33.022 29353 29353 I BosonTree: BOSON_METRIC snapshot_us=174 dispatch_us=324 render_us=12488 core_layout_us=170
09-27 12:01:33.022 29353 29353 I BosonTree: BOSON_TOUCH_RESULT=0 node=2
09-27 12:01:33.315 29353 29353 I BosonTree: BOSON_FRAME nodes=1002
09-27 12:01:33.315 29353 29353 I BosonTree: BOSON_METRIC snapshot_us=128 dispatch_us=327 render_us=8386 core_layout_us=111
09-27 12:01:33.315 29353 29353 I BosonTree: BOSON_TOUCH_RESULT=0 node=2
09-27 12:01:33.626 29353 29353 I BosonTree: BOSON_FRAME nodes=1001
09-27 12:01:33.626 29353 29353 I BosonTree: BOSON_METRIC snapshot_us=226 dispatch_us=504 render_us=17088 core_layout_us=157
09-27 12:01:33.626 29353 29353 I BosonTree: BOSON_TOUCH_RESULT=0 node=2
09-27 12:01:33.952 29353 29353 I BosonTree: BOSON_FRAME nodes=1002
09-27 12:01:33.953 29353 29353 I BosonTree: BOSON_METRIC snapshot_us=239 dispatch_us=472 render_us=9189 core_layout_us=113
09-27 12:01:33.953 29353 29353 I BosonTree: BOSON_TOUCH_RESULT=0 node=2
09-27 12:01:34.225 29353 29353 I BosonTree: BOSON_FRAME nodes=1001
09-27 12:01:34.225 29353 29353 I BosonTree: BOSON_METRIC snapshot_us=106 dispatch_us=250 render_us=10007 core_layout_us=105
09-27 12:01:34.225 29353 29353 I BosonTree: BOSON_TOUCH_RESULT=0 node=2
09-27 12:01:34.535 29353 29353 I BosonTree: BOSON_FRAME nodes=1002
09-27 12:01:34.535 29353 29353 I BosonTree: BOSON_METRIC snapshot_us=122 dispatch_us=277 render_us=9169 core_layout_us=114
09-27 12:01:34.535 29353 29353 I BosonTree: BOSON_TOUCH_RESULT=0 node=2
09-27 12:01:34.819 29353 29353 I BosonTree: BOSON_FRAME nodes=1001
09-27 12:01:34.819 29353 29353 I BosonTree: BOSON_METRIC snapshot_us=197 dispatch_us=367 render_us=8042 core_layout_us=106
09-27 12:01:34.819 29353 29353 I BosonTree: BOSON_TOUCH_RESULT=0 node=2
09-27 12:01:35.145 29353 29353 I BosonTree: BOSON_FRAME nodes=1002
09-27 12:01:35.145 29353 29353 I BosonTree: BOSON_METRIC snapshot_us=199 dispatch_us=527 render_us=19968 core_layout_us=141
09-27 12:01:35.145 29353 29353 I BosonTree: BOSON_TOUCH_RESULT=0 node=2
09-27 12:01:35.450 29353 29353 I BosonTree: BOSON_FRAME nodes=1001
09-27 12:01:35.450 29353 29353 I BosonTree: BOSON_METRIC snapshot_us=208 dispatch_us=403 render_us=8303 core_layout_us=107
09-27 12:01:35.450 29353 29353 I BosonTree: BOSON_TOUCH_RESULT=0 node=2
