--------- beginning of main
09-27 11:36:54.252 12185 12185 I BosonTree: BOSON_TREE_VARIANT=0
09-27 11:36:54.406 12185 12185 I BosonTree: BOSON_FRAME nodes=5001
09-27 11:36:54.406 12185 12185 I BosonTree: BOSON_METRIC init_total_us=189053 scenario=stress
09-27 11:36:54.980 12185 12185 I BosonTree: BOSON_FRAME nodes=5002
09-27 11:36:54.980 12185 12185 I BosonTree: BOSON_METRIC snapshot_us=519 dispatch_us=1452 render_us=104965
09-27 11:36:54.980 12185 12185 I BosonTree: BOSON_TOUCH_RESULT=0 node=2
09-27 11:36:55.160 12185 12185 I BosonTree: BOSON_FRAME nodes=5001
09-27 11:36:55.160 12185 12185 I BosonTree: BOSON_METRIC snapshot_us=365 dispatch_us=583 render_us=58303
09-27 11:36:55.160 12185 12185 I BosonTree: BOSON_TOUCH_RESULT=0 node=2
09-27 11:36:55.229 12185 12185 I BosonTree: BOSON_FRAME nodes=5002
09-27 11:36:55.229 12185 12185 I BosonTree: BOSON_METRIC snapshot_us=333 dispatch_us=575 render_us=59355
09-27 11:36:55.229 12185 12185 I BosonTree: BOSON_TOUCH_RESULT=0 node=2
09-27 11:36:55.442 12185 12185 I BosonTree: BOSON_FRAME nodes=5001
09-27 11:36:55.442 12185 12185 I BosonTree: BOSON_METRIC snapshot_us=360 dispatch_us=610 render_us=57921
09-27 11:36:55.442 12185 12185 I BosonTree: BOSON_TOUCH_RESULT=0 node=2
09-27 11:36:55.511 12185 12185 I BosonTree: BOSON_FRAME nodes=5002
09-27 11:36:55.511 12185 12185 I BosonTree: BOSON_METRIC snapshot_us=343 dispatch_us=589 render_us=58862
09-27 11:36:55.511 12185 12185 I BosonTree: BOSON_TOUCH_RESULT=0 node=2
09-27 11:36:55.675 12185 12185 I BosonTree: BOSON_FRAME nodes=5001
09-27 11:36:55.675 12185 12185 I BosonTree: BOSON_METRIC snapshot_us=345 dispatch_us=568 render_us=57929
09-27 11:36:55.675 12185 12185 I BosonTree: BOSON_TOUCH_RESULT=0 node=2
09-27 11:36:55.885 12185 12185 I BosonTree: BOSON_FRAME nodes=5002
09-27 11:36:55.885 12185 12185 I BosonTree: BOSON_METRIC snapshot_us=343 dispatch_us=577 render_us=57968
09-27 11:36:55.885 12185 12185 I BosonTree: BOSON_TOUCH_RESULT=0 node=2
09-27 11:36:55.954 12185 12185 I BosonTree: BOSON_FRAME nodes=5001
09-27 11:36:55.954 12185 12185 I BosonTree: BOSON_METRIC snapshot_us=334 dispatch_us=565 render_us=58933
09-27 11:36:55.954 12185 12185 I BosonTree: BOSON_TOUCH_RESULT=0 node=2
09-27 11:36:56.078 12185 12185 I BosonTree: BOSON_FRAME nodes=5002
09-27 11:36:56.078 12185 12185 I BosonTree: BOSON_METRIC snapshot_us=339 dispatch_us=595 render_us=59692
09-27 11:36:56.078 12185 12185 I BosonTree: BOSON_TOUCH_RESULT=0 node=2
09-27 11:36:56.322 12185 12185 I BosonTree: BOSON_FRAME nodes=5001
09-27 11:36:56.323 12185 12185 I BosonTree: BOSON_METRIC snapshot_us=358 dispatch_us=604 render_us=57901
09-27 11:36:56.323 12185 12185 I BosonTree: BOSON_TOUCH_RESULT=0 node=2
09-27 11:36:56.390 12185 12185 I BosonTree: BOSON_FRAME nodes=5002
09-27 11:36:56.391 12185 12185 I BosonTree: BOSON_METRIC snapshot_us=355 dispatch_us=603 render_us=58733
09-27 11:36:56.391 12185 12185 I BosonTree: BOSON_TOUCH_RESULT=0 node=2
09-27 11:36:56.576 12185 12185 I BosonTree: BOSON_FRAME nodes=5001
09-27 11:36:56.576 12185 12185 I BosonTree: BOSON_METRIC snapshot_us=349 dispatch_us=578 render_us=58603
09-27 11:36:56.576 12185 12185 I BosonTree: BOSON_TOUCH_RESULT=0 node=2
09-27 11:36:56.683 12185 12185 I BosonTree: BOSON_FRAME nodes=5002
09-27 11:36:56.683 12185 12185 I BosonTree: BOSON_METRIC snapshot_us=359 dispatch_us=610 render_us=59299
09-27 11:36:56.683 12185 12185 I BosonTree: BOSON_TOUCH_RESULT=0 node=2
09-27 11:36:56.791 12185 12185 I BosonTree: BOSON_FRAME nodes=5001
09-27 11:36:56.792 12185 12185 I BosonTree: BOSON_METRIC snapshot_us=359 dispatch_us=589 render_us=59552
09-27 11:36:56.792 12185 12185 I BosonTree: BOSON_TOUCH_RESULT=0 node=2
