--------- beginning of main
09-27 12:03:01.226 32304 32304 I BosonTree: BOSON_TREE_VARIANT=1
09-27 12:03:01.367 32304 32304 I BosonTree: BOSON_FRAME nodes=5001
09-27 12:03:01.367 32304 32304 I BosonTree: BOSON_METRIC init_total_us=156549 scenario=stress
09-27 12:03:01.973 32304 32304 I BosonTree: BOSON_FRAME nodes=5002
09-27 12:03:01.973 32304 32304 I BosonTree: BOSON_METRIC snapshot_us=677 dispatch_us=1409 render_us=101888 core_layout_us=395
09-27 12:03:01.973 32304 32304 I BosonTree: BOSON_TOUCH_RESULT=0 node=2
09-27 12:03:02.283 32304 32304 I BosonTree: BOSON_FRAME nodes=5001
09-27 12:03:02.284 32304 32304 I BosonTree: BOSON_METRIC snapshot_us=340 dispatch_us=650 render_us=54169 core_layout_us=385
09-27 12:03:02.284 32304 32304 I BosonTree: BOSON_TOUCH_RESULT=0 node=2
09-27 12:03:02.539 32304 32304 I BosonTree: BOSON_FRAME nodes=5002
09-27 12:03:02.539 32304 32304 I BosonTree: BOSON_METRIC snapshot_us=378 dispatch_us=603 render_us=51744 core_layout_us=395
09-27 12:03:02.539 32304 32304 I BosonTree: BOSON_TOUCH_RESULT=0 node=2
09-27 12:03:02.793 32304 32304 I BosonTree: BOSON_FRAME nodes=5001
09-27 12:03:02.794 32304 32304 I BosonTree: BOSON_METRIC snapshot_us=374 dispatch_us=636 render_us=51472 core_layout_us=372
09-27 12:03:02.794 32304 32304 I BosonTree: BOSON_TOUCH_RESULT=0 node=2
09-27 12:03:03.178 32304 32304 I BosonTree: BOSON_FRAME nodes=5002
09-27 12:03:03.178 32304 32304 I BosonTree: BOSON_METRIC snapshot_us=657 dispatch_us=1575 render_us=114559 core_layout_us=407
09-27 12:03:03.178 32304 32304 I BosonTree: BOSON_TOUCH_RESULT=0 node=2
09-27 12:03:03.491 32304 32304 I BosonTree: BOSON_FRAME nodes=5001
09-27 12:03:03.492 32304 32304 I BosonTree: BOSON_METRIC snapshot_us=372 dispatch_us=627 render_us=51911 core_layout_us=372
09-27 12:03:03.492 32304 32304 I BosonTree: BOSON_TOUCH_RESULT=0 node=2
09-27 12:03:03.775 32304 32304 I BosonTree: BOSON_FRAME nodes=5002
09-27 12:03:03.775 32304 32304 I BosonTree: BOSON_METRIC snapshot_us=380 dispatch_us=624 render_us=52652 core_layout_us=391
09-27 12:03:03.775 32304 32304 I BosonTree: BOSON_TOUCH_RESULT=0 node=2
09-27 12:03:04.125 32304 32304 I BosonTree: BOSON_FRAME nodes=5001
09-27 12:03:04.125 32304 32304 I BosonTree: BOSON_METRIC snapshot_us=1162 dispatch_us=2319 render_us=109466 core_layout_us=381
09-27 12:03:04.125 32304 32304 I BosonTree: BOSON_TOUCH_RESULT=0 node=2
09-27 12:03:04.437 32304 32304 I BosonTree: BOSON_FRAME nodes=5002
09-27 12:03:04.438 32304 32304 I BosonTree: BOSON_METRIC snapshot_us=368 dispatch_us=613 render_us=53527 core_layout_us=393
09-27 12:03:04.438 32304 32304 I BosonTree: BOSON_TOUCH_RESULT=0 node=2
09-27 12:03:04.833 32304 32304 I BosonTree: BOSON_FRAME nodes=5001
09-27 12:03:04.833 32304 32304 I BosonTree: BOSON_METRIC snapshot_us=826 dispatch_us=1937 render_us=112511 core_layout_us=381
09-27 12:03:04.833 32304 32304 I BosonTree: BOSON_TOUCH_RESULT=0 node=2
09-27 12:03:05.181 32304 32304 I BosonTree: BOSON_FRAME nodes=5002
09-27 12:03:05.182 32304 32304 I BosonTree: BOSON_METRIC snapshot_us=332 dispatch_us=591 render_us=98731 core_layout_us=823
09-27 12:03:05.182 32304 32304 I BosonTree: BOSON_TOUCH_RESULT=0 node=2
09-27 12:03:05.530 32304 32304 I BosonTree: BOSON_FRAME nodes=5001
09-27 12:03:05.531 32304 32304 I BosonTree: BOSON_METRIC snapshot_us=769 dispatch_us=1271 render_us=103404 core_layout_us=802
09-27 12:03:05.531 32304 32304 I BosonTree: BOSON_TOUCH_RESULT=0 node=2
09-27 12:03:05.765 32304 32304 I BosonTree: BOSON_FRAME nodes=5002
09-27 12:03:05.766 32304 32304 I BosonTree: BOSON_METRIC snapshot_us=624 dispatch_us=1052 render_us=99828 core_layout_us=740
09-27 12:03:05.766 32304 32304 I BosonTree: BOSON_TOUCH_RESULT=0 node=2
09-27 12:03:06.104 32304 32304 I BosonTree: BOSON_FRAME nodes=5001
09-27 12:03:06.105 32304 32304 I BosonTree: BOSON_METRIC snapshot_us=475 dispatch_us=935 render_us=96962 core_layout_us=687
09-27 12:03:06.105 32304 32304 I BosonTree: BOSON_TOUCH_RESULT=0 node=2
09-27 12:03:06.349 32304 32304 I BosonTree: BOSON_FRAME nodes=5002
09-27 12:03:06.350 32304 32304 I BosonTree: BOSON_METRIC snapshot_us=456 dispatch_us=851 render_us=98204 core_layout_us=735
09-27 12:03:06.350 32304 32304 I BosonTree: BOSON_TOUCH_RESULT=0 node=2
09-27 12:03:06.683 32304 32304 I BosonTree: BOSON_FRAME nodes=5001
09-27 12:03:06.684 32304 32304 I BosonTree: BOSON_METRIC snapshot_us=459 dispatch_us=906 render_us=96890 core_layout_us=709
09-27 12:03:06.684 32304 32304 I BosonTree: BOSON_TOUCH_RESULT=0 node=2
09-27 12:03:06.957 32304 32304 I BosonTree: BOSON_FRAME nodes=5002
09-27 12:03:06.958 32304 32304 I BosonTree: BOSON_METRIC snapshot_us=693 dispatch_us=1137 render_us=97647 core_layout_us=735
09-27 12:03:06.958 32304 32304 I BosonTree: BOSON_TOUCH_RESULT=0 node=2
09-27 12:03:07.248 32304 32304 I BosonTree: BOSON_FRAME nodes=5001
09-27 12:03:07.248 32304 32304 I BosonTree: BOSON_METRIC snapshot_us=688 dispatch_us=1217 render_us=100076 core_layout_us=784
09-27 12:03:07.248 32304 32304 I BosonTree: BOSON_TOUCH_RESULT=0 node=2
09-27 12:03:07.495 32304 32304 I BosonTree: BOSON_FRAME nodes=5002
09-27 12:03:07.495 32304 32304 I BosonTree: BOSON_METRIC snapshot_us=792 dispatch_us=1280 render_us=101714 core_layout_us=752
09-27 12:03:07.495 32304 32304 I BosonTree: BOSON_TOUCH_RESULT=0 node=2
09-27 12:03:07.815 32304 32304 I BosonTree: BOSON_FRAME nodes=5001
09-27 12:03:07.816 32304 32304 I BosonTree: BOSON_METRIC snapshot_us=454 dispatch_us=911 render_us=97317 core_layout_us=692
09-27 12:03:07.816 32304 32304 I BosonTree: BOSON_TOUCH_RESULT=0 node=2
