--------- beginning of main
09-27 12:14:09.601  9849  9849 I BosonTree: BOSON_TREE_VARIANT=1
09-27 12:14:09.605  9849  9849 I BosonTree: BOSON_FRAME nodes=101
09-27 12:14:09.605  9849  9849 I BosonTree: BOSON_METRIC init_total_us=13888 scenario=stress
09-27 12:14:10.250  9849  9849 I BosonTree: BOSON_FRAME nodes=102
09-27 12:14:10.250  9849  9849 I BosonTree: BOSON_METRIC snapshot_us=31 dispatch_us=334 render_us=1312 core_layout_us=14
09-27 12:14:10.250  9849  9849 I BosonTree: BOSON_TOUCH_RESULT=0 node=2
09-27 12:14:10.500  9849  9849 I BosonTree: BOSON_FRAME nodes=101
09-27 12:14:10.500  9849  9849 I BosonTree: BOSON_METRIC snapshot_us=17 dispatch_us=83 render_us=1164 core_layout_us=13
09-27 12:14:10.500  9849  9849 I BosonTree: BOSON_TOUCH_RESULT=0 node=2
09-27 12:14:10.776  9849  9849 I BosonTree: BOSON_FRAME nodes=102
09-27 12:14:10.776  9849  9849 I BosonTree: BOSON_METRIC snapshot_us=21 dispatch_us=144 render_us=1627 core_layout_us=15
09-27 12:14:10.776  9849  9849 I BosonTree: BOSON_TOUCH_RESULT=0 node=2
09-27 12:14:11.058  9849  9849 I BosonTree: BOSON_FRAME nodes=101
09-27 12:14:11.058  9849  9849 I BosonTree: BOSON_METRIC snapshot_us=22 dispatch_us=109 render_us=1271 core_layout_us=15
09-27 12:14:11.058  9849  9849 I BosonTree: BOSON_TOUCH_RESULT=0 node=2
09-27 12:14:11.381  9849  9849 I BosonTree: BOSON_FRAME nodes=102
09-27 12:14:11.381  9849  9849 I BosonTree: BOSON_METRIC snapshot_us=25 dispatch_us=162 render_us=4021 core_layout_us=43
09-27 12:14:11.381  9849  9849 I BosonTree: BOSON_TOUCH_RESULT=0 node=2
09-27 12:14:11.689  9849  9849 I BosonTree: BOSON_FRAME nodes=101
09-27 12:14:11.689  9849  9849 I BosonTree: BOSON_METRIC snapshot_us=45 dispatch_us=460 render_us=6045 core_layout_us=56
09-27 12:14:11.689  9849  9849 I BosonTree: BOSON_TOUCH_RESULT=0 node=2
09-27 12:14:12.008  9849  9849 I BosonTree: BOSON_FRAME nodes=102
09-27 12:14:12.008  9849  9849 I BosonTree: BOSON_METRIC snapshot_us=35 dispatch_us=209 render_us=9618 core_layout_us=69
09-27 12:14:12.008  9849  9849 I BosonTree: BOSON_TOUCH_RESULT=0 node=2
09-27 12:14:12.319  9849  9849 I BosonTree: BOSON_FRAME nodes=101
09-27 12:14:12.319  9849  9849 I BosonTree: BOSON_METRIC snapshot_us=109 dispatch_us=360 render_us=10389 core_layout_us=115
09-27 12:14:12.319  9849  9849 I BosonTree: BOSON_TOUCH_RESULT=0 node=2
09-27 12:14:12.621  9849  9849 I BosonTree: BOSON_FRAME nodes=102
09-27 12:14:12.621  9849  9849 I BosonTree: BOSON_METRIC snapshot_us=80 dispatch_us=324 render_us=3756 core_layout_us=43
09-27 12:14:12.621  9849  9849 I BosonTree: BOSON_TOUCH_RESULT=0 node=2
09-27 12:14:12.922  9849  9849 I BosonTree: BOSON_FRAME nodes=101
09-27 12:14:12.923  9849  9849 I BosonTree: BOSON_METRIC snapshot_us=74 dispatch_us=655 render_us=8848 core_layout_us=333
09-27 12:14:12.923  9849  9849 I BosonTree: BOSON_TOUCH_RESULT=0 node=2
09-27 12:14:13.223  9849  9849 I BosonTree: BOSON_FRAME nodes=102
09-27 12:14:13.223  9849  9849 I BosonTree: BOSON_METRIC snapshot_us=28 dispatch_us=230 render_us=1829 core_layout_us=16
09-27 12:14:13.223  9849  9849 I BosonTree: BOSON_TOUCH_RESULT=0 node=2
09-27 12:14:13.521  9849  9849 I BosonTree: BOSON_FRAME nodes=101
09-27 12:14:13.521  9849  9849 I BosonTree: BOSON_METRIC snapshot_us=40 dispatch_us=178 render_us=2899 core_layout_us=34
09-27 12:14:13.521  9849  9849 I BosonTree: BOSON_TOUCH_RESULT=0 node=2
09-27 12:14:13.821  9849  9849 I BosonTree: BOSON_FRAME nodes=102
09-27 12:14:13.822  9849  9849 I BosonTree: BOSON_METRIC snapshot_us=49 dispatch_us=281 render_us=4092 core_layout_us=46
09-27 12:14:13.822  9849  9849 I BosonTree: BOSON_TOUCH_RESULT=0 node=2
09-27 12:14:14.108  9849  9849 I BosonTree: BOSON_FRAME nodes=101
09-27 12:14:14.108  9849  9849 I BosonTree: BOSON_METRIC snapshot_us=28 dispatch_us=140 render_us=1217 core_layout_us=11
09-27 12:14:14.108  9849  9849 I BosonTree: BOSON_TOUCH_RESULT=0 node=2
09-27 12:14:14.407  9849  9849 I BosonTree: BOSON_FRAME nodes=102
09-27 12:14:14.407  9849  9849 I BosonTree: BOSON_METRIC snapshot_us=34 dispatch_us=231 render_us=2215 core_layout_us=21
09-27 12:14:14.407  9849  9849 I BosonTree: BOSON_TOUCH_RESULT=0 node=2
09-27 12:14:14.685  9849  9849 I BosonTree: BOSON_FRAME nodes=101
09-27 12:14:14.685  9849  9849 I BosonTree: BOSON_METRIC snapshot_us=142 dispatch_us=402 render_us=7557 core_layout_us=76
09-27 12:14:14.685  9849  9849 I BosonTree: BOSON_TOUCH_RESULT=0 node=2
09-27 12:14:14.987  9849  9849 I BosonTree: BOSON_FRAME nodes=102
09-27 12:14:14.987  9849  9849 I BosonTree: BOSON_METRIC snapshot_us=31 dispatch_us=198 render_us=2805 core_layout_us=28
09-27 12:14:14.987  9849  9849 I BosonTree: BOSON_TOUCH_RESULT=0 node=2
09-27 12:14:15.292  9849  9849 I BosonTree: BOSON_FRAME nodes=101
09-27 12:14:15.292  9849  9849 I BosonTree: BOSON_METRIC snapshot_us=35 dispatch_us=152 render_us=1590 core_layout_us=18
09-27 12:14:15.292  9849  9849 I BosonTree: BOSON_TOUCH_RESULT=0 node=2
09-27 12:14:15.609  9849  9849 I BosonTree: BOSON_FRAME nodes=102
09-27 12:14:15.609  9849  9849 I BosonTree: BOSON_METRIC snapshot_us=18 dispatch_us=106 render_us=1990 core_layout_us=23
09-27 12:14:15.609  9849  9849 I BosonTree: BOSON_TOUCH_RESULT=0 node=2
09-27 12:14:15.917  9849  9849 I BosonTree: BOSON_FRAME nodes=101
09-27 12:14:15.917  9849  9849 I BosonTree: BOSON_METRIC snapshot_us=36 dispatch_us=153 render_us=1507 core_layout_us=16
09-27 12:14:15.917  9849  9849 I BosonTree: BOSON_TOUCH_RESULT=0 node=2
