--------- beginning of main
09-27 12:00:54.680 28149 28149 I BosonTree: BOSON_TREE_VARIANT=1
09-27 12:00:54.709 28149 28149 I BosonTree: BOSON_FRAME nodes=1001
09-27 12:00:54.709 28149 28149 I BosonTree: BOSON_METRIC init_total_us=41609 scenario=stress
09-27 12:00:55.325 28149 28149 I BosonTree: BOSON_FRAME nodes=1002
09-27 12:00:55.326 28149 28149 I BosonTree: BOSON_METRIC snapshot_us=319 dispatch_us=748 render_us=9406 core_layout_us=105
09-27 12:00:55.326 28149 28149 I BosonTree: BOSON_TOUCH_RESULT=0 node=2
09-27 12:00:55.608 28149 28149 I BosonTree: BOSON_FRAME nodes=1001
09-27 12:00:55.609 28149 28149 I BosonTree: BOSON_METRIC snapshot_us=130 dispatch_us=266 render_us=10236 core_layout_us=121
09-27 12:00:55.609 28149 28149 I BosonTree: BOSON_TOUCH_RESULT=0 node=2
09-27 12:00:55.907 28149 28149 I BosonTree: BOSON_FRAME nodes=1002
09-27 12:00:55.907 28149 28149 I BosonTree: BOSON_METRIC snapshot_us=116 dispatch_us=321 render_us=8607 core_layout_us=107
09-27 12:00:55.907 28149 28149 I BosonTree: BOSON_TOUCH_RESULT=0 node=2
09-27 12:00:56.181 28149 28149 I BosonTree: BOSON_FRAME nodes=1001
09-27 12:00:56.181 28149 28149 I BosonTree: BOSON_METRIC snapshot_us=146 dispatch_us=336 render_us=7795 core_layout_us=94
09-27 12:00:56.181 28149 28149 I BosonTree: BOSON_TOUCH_RESULT=0 node=2
09-27 12:00:56.475 28149 28149 I BosonTree: BOSON_FRAME nodes=1002
09-27 12:00:56.475 28149 28149 I BosonTree: BOSON_METRIC snapshot_us=160 dispatch_us=391 render_us=7485 core_layout_us=100
09-27 12:00:56.475 28149 28149 I BosonTree: BOSON_TOUCH_RESULT=0 node=2
09-27 12:00:56.788 28149 28149 I BosonTree: BOSON_FRAME nodes=1001
09-27 12:00:56.788 28149 28149 I BosonTree: BOSON_METRIC snapshot_us=129 dispatch_us=359 render_us=9535 core_layout_us=99
09-27 12:00:56.788 28149 28149 I BosonTree: BOSON_TOUCH_RESULT=0 node=2
09-27 12:00:57.097 28149 28149 I BosonTree: BOSON_FRAME nodes=1002
09-27 12:00:57.097 28149 28149 I BosonTree: BOSON_METRIC snapshot_us=144 dispatch_us=364 render_us=7983 core_layout_us=100
09-27 12:00:57.097 28149 28149 I BosonTree: BOSON_TOUCH_RESULT=0 node=2
09-27 12:00:57.396 28149 28149 I BosonTree: BOSON_FRAME nodes=1001
09-27 12:00:57.396 28149 28149 I BosonTree: BOSON_METRIC snapshot_us=150 dispatch_us=322 render_us=7883 core_layout_us=93
09-27 12:00:57.396 28149 28149 I BosonTree: BOSON_TOUCH_RESULT=0 node=2
09-27 12:00:57.698 28149 28149 I BosonTree: BOSON_FRAME nodes=1002
09-27 12:00:57.698 28149 28149 I BosonTree: BOSON_METRIC snapshot_us=152 dispatch_us=417 render_us=8188 core_layout_us=100
09-27 12:00:57.698 28149 28149 I BosonTree: BOSON_TOUCH_RESULT=0 node=2
09-27 12:00:58.018 28149 28149 I BosonTree: BOSON_FRAME nodes=1001
09-27 12:00:58.018 28149 28149 I BosonTree: BOSON_METRIC snapshot_us=245 dispatch_us=607 render_us=16648 core_layout_us=109
09-27 12:00:58.018 28149 28149 I BosonTree: BOSON_TOUCH_RESULT=0 node=2
09-27 12:00:58.315 28149 28149 I BosonTree: BOSON_FRAME nodes=1002
09-27 12:00:58.315 28149 28149 I BosonTree: BOSON_METRIC snapshot_us=158 dispatch_us=388 render_us=7414 core_layout_us=101
09-27 12:00:58.315 28149 28149 I BosonTree: BOSON_TOUCH_RESULT=0 node=2
09-27 12:00:58.643 28149 28149 I BosonTree: BOSON_FRAME nodes=1001
09-27 12:00:58.643 28149 28149 I BosonTree: BOSON_METRIC snapshot_us=243 dispatch_us=567 render_us=18679 core_layout_us=118
09-27 12:00:58.643 28149 28149 I BosonTree: BOSON_TOUCH_RESULT=0 node=2
09-27 12:00:58.946 28149 28149 I BosonTree: BOSON_FRAME nodes=1002
09-27 12:00:58.946 28149 28149 I BosonTree: BOSON_METRIC snapshot_us=156 dispatch_us=382 render_us=8555 core_layout_us=113
09-27 12:00:58.946 28149 28149 I BosonTree: BOSON_TOUCH_RESULT=0 node=2
09-27 12:00:59.249 28149 28149 I BosonTree: BOSON_FRAME nodes=1001
09-27 12:00:59.249 28149 28149 I BosonTree: BOSON_METRIC snapshot_us=189 dispatch_us=383 render_us=8605 core_layout_us=105
09-27 12:00:59.249 28149 28149 I BosonTree: BOSON_TOUCH_RESULT=0 node=2
09-27 12:00:59.550 28149 28149 I BosonTree: BOSON_FRAME nodes=1002
09-27 12:00:59.550 28149 28149 I BosonTree: BOSON_METRIC snapshot_us=82 dispatch_us=198 render_us=7979 core_layout_us=112
09-27 12:00:59.550 28149 28149 I BosonTree: BOSON_TOUCH_RESULT=0 node=2
09-27 12:00:59.851 28149 28149 I BosonTree: BOSON_FRAME nodes=1001
09-27 12:00:59.851 28149 28149 I BosonTree: BOSON_METRIC snapshot_us=260 dispatch_us=450 render_us=8000 core_layout_us=105
09-27 12:00:59.851 28149 28149 I BosonTree: BOSON_TOUCH_RESULT=0 node=2
09-27 12:01:00.149 28149 28149 I BosonTree: BOSON_FRAME nodes=1002
09-27 12:01:00.149 28149 28149 I BosonTree: BOSON_METRIC snapshot_us=95 dispatch_us=223 render_us=8534 core_layout_us=114
09-27 12:01:00.149 28149 28149 I BosonTree: BOSON_TOUCH_RESULT=0 node=2
09-27 12:01:00.457 28149 28149 I BosonTree: BOSON_FRAME nodes=1001
09-27 12:01:00.457 28149 28149 I BosonTree: BOSON_METRIC snapshot_us=115 dispatch_us=285 render_us=17276 core_layout_us=120
09-27 12:01:00.457 28149 28149 I BosonTree: BOSON_TOUCH_RESULT=0 node=2
09-27 12:01:00.762 28149 28149 I BosonTree: BOSON_FRAME nodes=1002
09-27 12:01:00.762 28149 28149 I BosonTree: BOSON_METRIC snapshot_us=148 dispatch_us=357 render_us=9283 core_layout_us=115
09-27 12:01:00.762 28149 28149 I BosonTree: BOSON_TOUCH_RESULT=0 node=2
09-27 12:01:01.093 28149 28149 I BosonTree: BOSON_FRAME nodes=1001
09-27 12:01:01.093 28149 28149 I BosonTree: BOSON_METRIC snapshot_us=262 dispatch_us=639 render_us=16989 core_layout_us=129
09-27 12:01:01.093 28149 28149 I BosonTree: BOSON_TOUCH_RESULT=0 node=2
