--------- beginning of main
09-27 12:01:05.806 28525 28525 I BosonTree: BOSON_TREE_VARIANT=0
09-27 12:01:05.958 28525 28525 I BosonTree: BOSON_FRAME nodes=5001
09-27 12:01:05.958 28525 28525 I BosonTree: BOSON_METRIC init_total_us=185917 scenario=stress
09-27 12:01:06.560 28525 28525 I BosonTree: BOSON_FRAME nodes=5002
09-27 12:01:06.566 28525 28525 I BosonTree: BOSON_METRIC snapshot_us=1041 dispatch_us=2036 render_us=111831 core_layout_us=5807
09-27 12:01:06.566 28525 28525 I BosonTree: BOSON_TOUCH_RESULT=0 node=2
09-27 12:01:06.817 28525 28525 I BosonTree: BOSON_FRAME nodes=5001
09-27 12:01:06.822 28525 28525 I BosonTree: BOSON_METRIC snapshot_us=366 dispatch_us=607 render_us=58463 core_layout_us=5778
09-27 12:01:06.822 28525 28525 I BosonTree: BOSON_TOUCH_RESULT=0 node=2
09-27 12:01:07.126 28525 28525 I BosonTree: BOSON_FRAME nodes=5002
09-27 12:01:07.132 28525 28525 I BosonTree: BOSON_METRIC snapshot_us=536 dispatch_us=1350 render_us=111429 core_layout_us=6264
09-27 12:01:07.132 28525 28525 I BosonTree: BOSON_TOUCH_RESULT=0 node=2
09-27 12:01:07.398 28525 28525 I BosonTree: BOSON_FRAME nodes=5001
09-27 12:01:07.404 28525 28525 I BosonTree: BOSON_METRIC snapshot_us=457 dispatch_us=713 render_us=59628 core_layout_us=5884
09-27 12:01:07.404 28525 28525 I BosonTree: BOSON_TOUCH_RESULT=0 node=2
09-27 12:01:07.686 28525 28525 I BosonTree: BOSON_FRAME nodes=5002
09-27 12:01:07.692 28525 28525 I BosonTree: BOSON_METRIC snapshot_us=321 dispatch_us=548 render_us=60376 core_layout_us=5806
09-27 12:01:07.692 28525 28525 I BosonTree: BOSON_TOUCH_RESULT=0 node=2
09-27 12:01:08.030 28525 28525 I BosonTree: BOSON_FRAME nodes=5001
09-27 12:01:08.036 28525 28525 I BosonTree: BOSON_METRIC snapshot_us=705 dispatch_us=1170 render_us=115034 core_layout_us=5992
09-27 12:01:08.036 28525 28525 I BosonTree: BOSON_TOUCH_RESULT=0 node=2
09-27 12:01:08.338 28525 28525 I BosonTree: BOSON_FRAME nodes=5002
09-27 12:01:08.344 28525 28525 I BosonTree: BOSON_METRIC snapshot_us=372 dispatch_us=621 render_us=61224 core_layout_us=5814
09-27 12:01:08.344 28525 28525 I BosonTree: BOSON_TOUCH_RESULT=0 node=2
09-27 12:01:08.700 28525 28525 I BosonTree: BOSON_FRAME nodes=5001
09-27 12:01:08.707 28525 28525 I BosonTree: BOSON_METRIC snapshot_us=645 dispatch_us=1148 render_us=119507 core_layout_us=6939
09-27 12:01:08.707 28525 28525 I BosonTree: BOSON_TOUCH_RESULT=0 node=2
09-27 12:01:09.000 28525 28525 I BosonTree: BOSON_FRAME nodes=5002
09-27 12:01:09.006 28525 28525 I BosonTree: BOSON_METRIC snapshot_us=314 dispatch_us=551 render_us=58748 core_layout_us=5812
09-27 12:01:09.006 28525 28525 I BosonTree: BOSON_TOUCH_RESULT=0 node=2
09-27 12:01:09.305 28525 28525 I BosonTree: BOSON_FRAME nodes=5001
09-27 12:01:09.311 28525 28525 I BosonTree: BOSON_METRIC snapshot_us=320 dispatch_us=541 render_us=58290 core_layout_us=5784
09-27 12:01:09.311 28525 28525 I BosonTree: BOSON_TOUCH_RESULT=0 node=2
09-27 12:01:09.603 28525 28525 I BosonTree: BOSON_FRAME nodes=5002
09-27 12:01:09.609 28525 28525 I BosonTree: BOSON_METRIC snapshot_us=383 dispatch_us=631 render_us=60445 core_layout_us=5799
09-27 12:01:09.609 28525 28525 I BosonTree: BOSON_TOUCH_RESULT=0 node=2
09-27 12:01:09.938 28525 28525 I BosonTree: BOSON_FRAME nodes=5001
09-27 12:01:09.944 28525 28525 I BosonTree: BOSON_METRIC snapshot_us=697 dispatch_us=1301 render_us=113020 core_layout_us=5817
09-27 12:01:09.944 28525 28525 I BosonTree: BOSON_TOUCH_RESULT=0 node=2
09-27 12:01:10.251 28525 28525 I BosonTree: BOSON_FRAME nodes=5002
09-27 12:01:10.257 28525 28525 I BosonTree: BOSON_METRIC snapshot_us=317 dispatch_us=566 render_us=60612 core_layout_us=5810
09-27 12:01:10.257 28525 28525 I BosonTree: BOSON_TOUCH_RESULT=0 node=2
09-27 12:01:10.545 28525 28525 I BosonTree: BOSON_FRAME nodes=5001
09-27 12:01:10.551 28525 28525 I BosonTree: BOSON_METRIC snapshot_us=322 dispatch_us=525 render_us=58633 core_layout_us=5936
09-27 12:01:10.551 28525 28525 I BosonTree: BOSON_TOUCH_RESULT=0 node=2
09-27 12:01:10.845 28525 28525 I BosonTree: BOSON_FRAME nodes=5002
09-27 12:01:10.850 28525 28525 I BosonTree: BOSON_METRIC snapshot_us=321 dispatch_us=559 render_us=59030 core_layout_us=5813
09-27 12:01:10.850 28525 28525 I BosonTree: BOSON_TOUCH_RESULT=0 node=2
09-27 12:01:11.134 28525 28525 I BosonTree: BOSON_FRAME nodes=5001
09-27 12:01:11.140 28525 28525 I BosonTree: BOSON_METRIC snapshot_us=326 dispatch_us=535 render_us=57963 core_layout_us=5791
09-27 12:01:11.140 28525 28525 I BosonTree: BOSON_TOUCH_RESULT=0 node=2
09-27 12:01:11.437 28525 28525 I BosonTree: BOSON_FRAME nodes=5002
09-27 12:01:11.443 28525 28525 I BosonTree: BOSON_METRIC snapshot_us=316 dispatch_us=536 render_us=58758 core_layout_us=5828
09-27 12:01:11.443 28525 28525 I BosonTree: BOSON_TOUCH_RESULT=0 node=2
09-27 12:01:11.750 28525 28525 I BosonTree: BOSON_FRAME nodes=5001
09-27 12:01:11.756 28525 28525 I BosonTree: BOSON_METRIC snapshot_us=351 dispatch_us=593 render_us=60329 core_layout_us=5821
09-27 12:01:11.756 28525 28525 I BosonTree: BOSON_TOUCH_RESULT=0 node=2
09-27 12:01:12.084 28525 28525 I BosonTree: BOSON_FRAME nodes=5002
09-27 12:01:12.090 28525 28525 I BosonTree: BOSON_METRIC snapshot_us=298 dispatch_us=1002 render_us=113338 core_layout_us=5810
09-27 12:01:12.090 28525 28525 I BosonTree: BOSON_TOUCH_RESULT=0 node=2
09-27 12:01:12.391 28525 28525 I BosonTree: BOSON_FRAME nodes=5001
09-27 12:01:12.397 28525 28525 I BosonTree: BOSON_METRIC snapshot_us=322 dispatch_us=526 render_us=58989 core_layout_us=5794
09-27 12:01:12.397 28525 28525 I BosonTree: BOSON_TOUCH_RESULT=0 node=2
