--------- beginning of main
09-27 12:02:47.793 31860 31860 I BosonTree: BOSON_TREE_VARIANT=0
09-27 12:02:47.941 31860 31860 I BosonTree: BOSON_FRAME nodes=5001
09-27 12:02:47.941 31860 31860 I BosonTree: BOSON_METRIC init_total_us=184852 scenario=stress
09-27 12:02:48.472 31860 31860 I BosonTree: BOSON_FRAME nodes=5002
09-27 12:02:48.478 31860 31860 I BosonTree: BOSON_METRIC snapshot_us=586 dispatch_us=1328 render_us=64570 core_layout_us=5800
09-27 12:02:48.478 31860 31860 I BosonTree: BOSON_TOUCH_RESULT=0 node=2
09-27 12:02:48.809 31860 31860 I BosonTree: BOSON_FRAME nodes=5001
09-27 12:02:48.815 31860 31860 I BosonTree: BOSON_METRIC snapshot_us=325 dispatch_us=540 render_us=60316 core_layout_us=5786
09-27 12:02:48.815 31860 31860 I BosonTree: BOSON_TOUCH_RESULT=0 node=2
09-27 12:02:49.080 31860 31860 I BosonTree: BOSON_FRAME nodes=5002
09-27 12:02:49.086 31860 31860 I BosonTree: BOSON_METRIC snapshot_us=359 dispatch_us=644 render_us=60210 core_layout_us=5803
09-27 12:02:49.086 31860 31860 I BosonTree: BOSON_TOUCH_RESULT=0 node=2
09-27 12:02:49.403 31860 31860 I BosonTree: BOSON_FRAME nodes=5001
09-27 12:02:49.410 31860 31860 I BosonTree: BOSON_METRIC snapshot_us=401 dispatch_us=827 render_us=114729 core_layout_us=7741
09-27 12:02:49.411 31860 31860 I BosonTree: BOSON_TOUCH_RESULT=0 node=2
09-27 12:02:49.710 31860 31860 I BosonTree: BOSON_FRAME nodes=5002
09-27 12:02:49.716 31860 31860 I BosonTree: BOSON_METRIC snapshot_us=314 dispatch_us=543 render_us=64491 core_layout_us=5819
09-27 12:02:49.716 31860 31860 I BosonTree: BOSON_TOUCH_RESULT=0 node=2
09-27 12:02:50.044 31860 31860 I BosonTree: BOSON_FRAME nodes=5001
09-27 12:02:50.051 31860 31860 I BosonTree: BOSON_METRIC snapshot_us=540 dispatch_us=1132 render_us=114624 core_layout_us=7006
09-27 12:02:50.051 31860 31860 I BosonTree: BOSON_TOUCH_RESULT=0 node=2
09-27 12:02:50.354 31860 31860 I BosonTree: BOSON_FRAME nodes=5002
09-27 12:02:50.360 31860 31860 I BosonTree: BOSON_METRIC snapshot_us=213 dispatch_us=511 render_us=62954 core_layout_us=5823
09-27 12:02:50.360 31860 31860 I BosonTree: BOSON_TOUCH_RESULT=0 node=2
09-27 12:02:50.608 31860 31860 I BosonTree: BOSON_FRAME nodes=5001
09-27 12:02:50.614 31860 31860 I BosonTree: BOSON_METRIC snapshot_us=329 dispatch_us=547 render_us=59805 core_layout_us=5772
09-27 12:02:50.614 31860 31860 I BosonTree: BOSON_TOUCH_RESULT=0 node=2
09-27 12:02:50.886 31860 31860 I BosonTree: BOSON_FRAME nodes=5002
09-27 12:02:50.892 31860 31860 I BosonTree: BOSON_METRIC snapshot_us=344 dispatch_us=586 render_us=60750 core_layout_us=5835
09-27 12:02:50.892 31860 31860 I BosonTree: BOSON_TOUCH_RESULT=0 node=2
09-27 12:02:51.227 31860 31860 I BosonTree: BOSON_FRAME nodes=5001
09-27 12:02:51.233 31860 31860 I BosonTree: BOSON_METRIC snapshot_us=414 dispatch_us=774 render_us=121643 core_layout_us=5772
09-27 12:02:51.233 31860 31860 I BosonTree: BOSON_TOUCH_RESULT=0 node=2
09-27 12:02:51.514 31860 31860 I BosonTree: BOSON_FRAME nodes=5002
09-27 12:02:51.520 31860 31860 I BosonTree: BOSON_METRIC snapshot_us=316 dispatch_us=551 render_us=60827 core_layout_us=6126
09-27 12:02:51.520 31860 31860 I BosonTree: BOSON_TOUCH_RESULT=0 node=2
09-27 12:02:51.892 31860 31860 I BosonTree: BOSON_FRAME nodes=5001
09-27 12:02:51.903 31860 31860 I BosonTree: BOSON_METRIC snapshot_us=533 dispatch_us=1049 render_us=178478 core_layout_us=10710
09-27 12:02:51.903 31860 31860 I BosonTree: BOSON_TOUCH_RESULT=0 node=2
09-27 12:02:52.227 31860 31860 I BosonTree: BOSON_FRAME nodes=5002
09-27 12:02:52.240 31860 31860 I BosonTree: BOSON_METRIC snapshot_us=499 dispatch_us=939 render_us=114385 core_layout_us=12565
09-27 12:02:52.240 31860 31860 I BosonTree: BOSON_TOUCH_RESULT=0 node=2
09-27 12:02:52.456 31860 31860 I BosonTree: BOSON_FRAME nodes=5001
09-27 12:02:52.468 31860 31860 I BosonTree: BOSON_METRIC snapshot_us=613 dispatch_us=1062 render_us=109861 core_layout_us=11874
09-27 12:02:52.468 31860 31860 I BosonTree: BOSON_TOUCH_RESULT=0 node=2
09-27 12:02:52.784 31860 31860 I BosonTree: BOSON_FRAME nodes=5002
09-27 12:02:52.796 31860 31860 I BosonTree: BOSON_METRIC snapshot_us=748 dispatch_us=1251 render_us=109050 core_layout_us=12129
09-27 12:02:52.796 31860 31860 I BosonTree: BOSON_TOUCH_RESULT=0 node=2
09-27 12:02:53.145 31860 31860 I BosonTree: BOSON_FRAME nodes=5001
09-27 12:02:53.156 31860 31860 I BosonTree: BOSON_METRIC snapshot_us=975 dispatch_us=2013 render_us=170925 core_layout_us=10726
09-27 12:02:53.156 31860 31860 I BosonTree: BOSON_TOUCH_RESULT=0 node=2
09-27 12:02:53.469 31860 31860 I BosonTree: BOSON_FRAME nodes=5002
09-27 12:02:53.480 31860 31860 I BosonTree: BOSON_METRIC snapshot_us=408 dispatch_us=768 render_us=105322 core_layout_us=10776
09-27 12:02:53.480 31860 31860 I BosonTree: BOSON_TOUCH_RESULT=0 node=2
09-27 12:02:53.749 31860 31860 I BosonTree: BOSON_FRAME nodes=5001
09-27 12:02:53.760 31860 31860 I BosonTree: BOSON_METRIC snapshot_us=417 dispatch_us=761 render_us=105051 core_layout_us=10735
09-27 12:02:53.760 31860 31860 I BosonTree: BOSON_TOUCH_RESULT=0 node=2
09-27 12:02:54.056 31860 31860 I BosonTree: BOSON_FRAME nodes=5002
09-27 12:02:54.067 31860 31860 I BosonTree: BOSON_METRIC snapshot_us=423 dispatch_us=792 render_us=104135 core_layout_us=10789
09-27 12:02:54.067 31860 31860 I BosonTree: BOSON_TOUCH_RESULT=0 node=2
09-27 12:02:54.327 31860 31860 I BosonTree: BOSON_FRAME nodes=5001
09-27 12:02:54.338 31860 31860 I BosonTree: BOSON_METRIC snapshot_us=453 dispatch_us=809 render_us=104286 core_layout_us=10719
09-27 12:02:54.338 31860 31860 I BosonTree: BOSON_TOUCH_RESULT=0 node=2
