--------- beginning of main
09-27 12:01:54.986 30116 30116 I BosonTree: BOSON_TREE_VARIANT=1
09-27 12:01:55.130 30116 30116 I BosonTree: BOSON_FRAME nodes=5001
09-27 12:01:55.130 30116 30116 I BosonTree: BOSON_METRIC init_total_us=159015 scenario=stress
09-27 12:01:55.731 30116 30116 I BosonTree: BOSON_FRAME nodes=5002
09-27 12:01:55.731 30116 30116 I BosonTree: BOSON_METRIC snapshot_us=561 dispatch_us=1175 render_us=100599 core_layout_us=402
09-27 12:01:55.731 30116 30116 I BosonTree: BOSON_TOUCH_RESULT=0 node=2
09-27 12:01:56.014 30116 30116 I BosonTree: BOSON_FRAME nodes=5001
09-27 12:01:56.015 30116 30116 I BosonTree: BOSON_METRIC snapshot_us=378 dispatch_us=640 render_us=52522 core_layout_us=394
09-27 12:01:56.015 30116 30116 I BosonTree: BOSON_TOUCH_RESULT=0 node=2
09-27 12:01:56.281 30116 30116 I BosonTree: BOSON_FRAME nodes=5002
09-27 12:01:56.282 30116 30116 I BosonTree: BOSON_METRIC snapshot_us=403 dispatch_us=698 render_us=53480 core_layout_us=407
09-27 12:01:56.282 30116 30116 I BosonTree: BOSON_TOUCH_RESULT=0 node=2
09-27 12:01:56.626 30116 30116 I BosonTree: BOSON_FRAME nodes=5001
09-27 12:01:56.627 30116 30116 I BosonTree: BOSON_METRIC snapshot_us=627 dispatch_us=1618 render_us=111532 core_layout_us=417
09-27 12:01:56.627 30116 30116 I BosonTree: BOSON_TOUCH_RESULT=0 node=2
09-27 12:01:56.927 30116 30116 I BosonTree: BOSON_FRAME nodes=5002
09-27 12:01:56.927 30116 30116 I BosonTree: BOSON_METRIC snapshot_us=396 dispatch_us=625 render_us=56613 core_layout_us=419
09-27 12:01:56.927 30116 30116 I BosonTree: BOSON_TOUCH_RESULT=0 node=2
09-27 12:01:57.273 30116 30116 I BosonTree: BOSON_FRAME nodes=5001
09-27 12:01:57.273 30116 30116 I BosonTree: BOSON_METRIC snapshot_us=532 dispatch_us=1322 render_us=109906 core_layout_us=385
09-27 12:01:57.273 30116 30116 I BosonTree: BOSON_TOUCH_RESULT=0 node=2
09-27 12:01:57.561 30116 30116 I BosonTree: BOSON_FRAME nodes=5002
09-27 12:01:57.561 30116 30116 I BosonTree: BOSON_METRIC snapshot_us=376 dispatch_us=601 render_us=51863 core_layout_us=401
09-27 12:01:57.561 30116 30116 I BosonTree: BOSON_TOUCH_RESULT=0 node=2
09-27 12:01:57.834 30116 30116 I BosonTree: BOSON_FRAME nodes=5001
09-27 12:01:57.835 30116 30116 I BosonTree: BOSON_METRIC snapshot_us=347 dispatch_us=604 render_us=51304 core_layout_us=372
09-27 12:01:57.835 30116 30116 I BosonTree: BOSON_TOUCH_RESULT=0 node=2
09-27 12:01:58.100 30116 30116 I BosonTree: BOSON_FRAME nodes=5002
09-27 12:01:58.101 30116 30116 I BosonTree: BOSON_METRIC snapshot_us=236 dispatch_us=527 render_us=61071 core_layout_us=406
09-27 12:01:58.101 30116 30116 I BosonTree: BOSON_TOUCH_RESULT=0 node=2
09-27 12:01:58.368 30116 30116 I BosonTree: BOSON_FRAME nodes=5001
09-27 12:01:58.368 30116 30116 I BosonTree: BOSON_METRIC snapshot_us=338 dispatch_us=628 render_us=53080 core_layout_us=381
09-27 12:01:58.368 30116 30116 I BosonTree: BOSON_TOUCH_RESULT=0 node=2
09-27 12:01:58.634 30116 30116 I BosonTree: BOSON_FRAME nodes=5002
09-27 12:01:58.635 30116 30116 I BosonTree: BOSON_METRIC snapshot_us=343 dispatch_us=572 render_us=52487 core_layout_us=419
09-27 12:01:58.635 30116 30116 I BosonTree: BOSON_TOUCH_RESULT=0 node=2
09-27 12:01:58.939 30116 30116 I BosonTree: BOSON_FRAME nodes=5001
09-27 12:01:58.940 30116 30116 I BosonTree: BOSON_METRIC snapshot_us=412 dispatch_us=730 render_us=64913 core_layout_us=464
09-27 12:01:58.940 30116 30116 I BosonTree: BOSON_TOUCH_RESULT=0 node=2
09-27 12:01:59.299 30116 30116 I BosonTree: BOSON_FRAME nodes=5002
09-27 12:01:59.299 30116 30116 I BosonTree: BOSON_METRIC snapshot_us=779 dispatch_us=1821 render_us=116274 core_layout_us=502
09-27 12:01:59.299 30116 30116 I BosonTree: BOSON_TOUCH_RESULT=0 node=2
09-27 12:01:59.609 30116 30116 I BosonTree: BOSON_FRAME nodes=5001
09-27 12:01:59.609 30116 30116 I BosonTree: BOSON_METRIC snapshot_us=389 dispatch_us=712 render_us=64190 core_layout_us=475
09-27 12:01:59.609 30116 30116 I BosonTree: BOSON_TOUCH_RESULT=0 node=2
09-27 12:01:59.893 30116 30116 I BosonTree: BOSON_FRAME nodes=5002
09-27 12:01:59.894 30116 30116 I BosonTree: BOSON_METRIC snapshot_us=388 dispatch_us=656 render_us=64749 core_layout_us=510
09-27 12:01:59.894 30116 30116 I BosonTree: BOSON_TOUCH_RESULT=0 node=2
09-27 12:02:00.193 30116 30116 I BosonTree: BOSON_FRAME nodes=5001
09-27 12:02:00.194 30116 30116 I BosonTree: BOSON_METRIC snapshot_us=423 dispatch_us=743 render_us=64443 core_layout_us=479
09-27 12:02:00.194 30116 30116 I BosonTree: BOSON_TOUCH_RESULT=0 node=2
09-27 12:02:00.569 30116 30116 I BosonTree: BOSON_FRAME nodes=5002
09-27 12:02:00.570 30116 30116 I BosonTree: BOSON_METRIC snapshot_us=624 dispatch_us=1380 render_us=122411 core_layout_us=501
09-27 12:02:00.570 30116 30116 I BosonTree: BOSON_TOUCH_RESULT=0 node=2
09-27 12:02:00.875 30116 30116 I BosonTree: BOSON_FRAME nodes=5001
09-27 12:02:00.876 30116 30116 I BosonTree: BOSON_METRIC snapshot_us=399 dispatch_us=755 render_us=64643 core_layout_us=473
09-27 12:02:00.876 30116 30116 I BosonTree: BOSON_TOUCH_RESULT=0 node=2
09-27 12:02:01.159 30116 30116 I BosonTree: BOSON_FRAME nodes=5002
09-27 12:02:01.160 30116 30116 I BosonTree: BOSON_METRIC snapshot_us=376 dispatch_us=642 render_us=64895 core_layout_us=506
09-27 12:02:01.160 30116 30116 I BosonTree: BOSON_TOUCH_RESULT=0 node=2
09-27 12:02:01.453 30116 30116 I BosonTree: BOSON_FRAME nodes=5001
09-27 12:02:01.454 30116 30116 I BosonTree: BOSON_METRIC snapshot_us=393 dispatch_us=709 render_us=64214 core_layout_us=462
09-27 12:02:01.454 30116 30116 I BosonTree: BOSON_TOUCH_RESULT=0 node=2
