Timestamp               Ty Process[PID:TID]
2026-09-27 12:04:28.234 Df BosonDynamicTree[70721:1c8269a] BOSON_STRESS count=1000
2026-09-27 12:04:28.256 Df BosonDynamicTree[70721:1c8269a] BOSON_TREE_VARIANT=0
2026-09-27 12:04:28.293 Df BosonDynamicTree[70721:1c8269a] BOSON_FRAME result=0 nodes=1001
2026-09-27 12:04:28.293 Df BosonDynamicTree[70721:1c8269a] BOSON_RESIZE width=402 height=778
2026-09-27 12:04:28.405 Df BosonDynamicTree[70721:1c8269a] BOSON_FRAME result=0 nodes=1002
2026-09-27 12:04:28.405 Df BosonDynamicTree[70721:1c8269a] BOSON_METRIC snapshot_us=19 dispatch_us=209 render_us=2447 core_layout_us=172
2026-09-27 12:04:28.405 Df BosonDynamicTree[70721:1c8269a] BOSON_TOUCH_RESULT=0 node=2
2026-09-27 12:04:28.725 Df BosonDynamicTree[70721:1c8269a] BOSON_FRAME result=0 nodes=1001
2026-09-27 12:04:28.725 Df BosonDynamicTree[70721:1c8269a] BOSON_METRIC snapshot_us=23 dispatch_us=53 render_us=2444 core_layout_us=539
2026-09-27 12:04:28.725 Df BosonDynamicTree[70721:1c8269a] BOSON_TOUCH_RESULT=0 node=2
2026-09-27 12:04:29.036 Df BosonDynamicTree[70721:1c8269a] BOSON_FRAME result=0 nodes=1002
2026-09-27 12:04:29.037 Df BosonDynamicTree[70721:1c8269a] BOSON_METRIC snapshot_us=10 dispatch_us=51 render_us=2436 core_layout_us=492
2026-09-27 12:04:29.037 Df BosonDynamicTree[70721:1c8269a] BOSON_TOUCH_RESULT=0 node=2
2026-09-27 12:04:29.341 Df BosonDynamicTree[70721:1c8269a] BOSON_FRAME result=0 nodes=1001
2026-09-27 12:04:29.341 Df BosonDynamicTree[70721:1c8269a] BOSON_METRIC snapshot_us=42 dispatch_us=89 render_us=7100 core_layout_us=166
2026-09-27 12:04:29.342 Df BosonDynamicTree[70721:1c8269a] BOSON_TOUCH_RESULT=0 node=2
2026-09-27 12:04:29.641 Df BosonDynamicTree[70721:1c8269a] BOSON_FRAME result=0 nodes=1002
2026-09-27 12:04:29.641 Df BosonDynamicTree[70721:1c8269a] BOSON_METRIC snapshot_us=40 dispatch_us=98 render_us=6398 core_layout_us=162
2026-09-27 12:04:29.641 Df BosonDynamicTree[70721:1c8269a] BOSON_TOUCH_RESULT=0 node=2
2026-09-27 12:04:29.958 Df BosonDynamicTree[70721:1c8269a] BOSON_FRAME result=0 nodes=1001
2026-09-27 12:04:29.958 Df BosonDynamicTree[70721:1c8269a] BOSON_METRIC snapshot_us=17 dispatch_us=63 render_us=7066 core_layout_us=519
2026-09-27 12:04:29.958 Df BosonDynamicTree[70721:1c8269a] BOSON_TOUCH_RESULT=0 node=2
2026-09-27 12:04:30.258 Df BosonDynamicTree[70721:1c8269a] BOSON_FRAME result=0 nodes=1002
2026-09-27 12:04:30.258 Df BosonDynamicTree[70721:1c8269a] BOSON_METRIC snapshot_us=43 dispatch_us=102 render_us=7229 core_layout_us=298
2026-09-27 12:04:30.258 Df BosonDynamicTree[70721:1c8269a] BOSON_TOUCH_RESULT=0 node=2
2026-09-27 12:04:30.558 Df BosonDynamicTree[70721:1c8269a] BOSON_FRAME result=0 nodes=1001
2026-09-27 12:04:30.558 Df BosonDynamicTree[70721:1c8269a] BOSON_METRIC snapshot_us=18 dispatch_us=65 render_us=6940 core_layout_us=162
2026-09-27 12:04:30.558 Df BosonDynamicTree[70721:1c8269a] BOSON_TOUCH_RESULT=0 node=2
2026-09-27 12:04:30.875 Df BosonDynamicTree[70721:1c8269a] BOSON_FRAME result=0 nodes=1002
2026-09-27 12:04:30.875 Df BosonDynamicTree[70721:1c8269a] BOSON_METRIC snapshot_us=39 dispatch_us=444 render_us=7333 core_layout_us=166
2026-09-27 12:04:30.876 Df BosonDynamicTree[70721:1c8269a] BOSON_TOUCH_RESULT=0 node=2
2026-09-27 12:04:31.174 Df BosonDynamicTree[70721:1c8269a] BOSON_FRAME result=0 nodes=1001
2026-09-27 12:04:31.175 Df BosonDynamicTree[70721:1c8269a] BOSON_METRIC snapshot_us=18 dispatch_us=66 render_us=6958 core_layout_us=353
2026-09-27 12:04:31.175 Df BosonDynamicTree[70721:1c8269a] BOSON_TOUCH_RESULT=0 node=2
2026-09-27 12:04:31.475 Df BosonDynamicTree[70721:1c8269a] BOSON_FRAME result=0 nodes=1002
2026-09-27 12:04:31.475 Df BosonDynamicTree[70721:1c8269a] BOSON_METRIC snapshot_us=59 dispatch_us=121 render_us=7369 core_layout_us=167
2026-09-27 12:04:31.475 Df BosonDynamicTree[70721:1c8269a] BOSON_TOUCH_RESULT=0 node=2
2026-09-27 12:04:31.774 Df BosonDynamicTree[70721:1c8269a] BOSON_FRAME result=0 nodes=1001
2026-09-27 12:04:31.775 Df BosonDynamicTree[70721:1c8269a] BOSON_METRIC snapshot_us=18 dispatch_us=59 render_us=7023 core_layout_us=283
2026-09-27 12:04:31.775 Df BosonDynamicTree[70721:1c8269a] BOSON_TOUCH_RESULT=0 node=2
2026-09-27 12:04:32.070 Df BosonDynamicTree[70721:1c8269a] BOSON_FRAME result=0 nodes=1002
2026-09-27 12:04:32.070 Df BosonDynamicTree[70721:1c8269a] BOSON_METRIC snapshot_us=22 dispatch_us=59 render_us=2461 core_layout_us=167
2026-09-27 12:04:32.070 Df BosonDynamicTree[70721:1c8269a] BOSON_TOUCH_RESULT=0 node=2
2026-09-27 12:04:32.392 Df BosonDynamicTree[70721:1c8269a] BOSON_FRAME result=0 nodes=1001
2026-09-27 12:04:32.392 Df BosonDynamicTree[70721:1c8269a] BOSON_METRIC snapshot_us=23 dispatch_us=70 render_us=7441 core_layout_us=161
2026-09-27 12:04:32.392 Df BosonDynamicTree[70721:1c8269a] BOSON_TOUCH_RESULT=0 node=2
2026-09-27 12:04:32.692 Df BosonDynamicTree[70721:1c8269a] BOSON_FRAME result=0 nodes=1002
2026-09-27 12:04:32.692 Df BosonDynamicTree[70721:1c8269a] BOSON_METRIC snapshot_us=23 dispatch_us=85 render_us=7728 core_layout_us=171
2026-09-27 12:04:32.692 Df BosonDynamicTree[70721:1c8269a] BOSON_TOUCH_RESULT=0 node=2
2026-09-27 12:04:32.989 Df BosonDynamicTree[70721:1c8269a] BOSON_FRAME result=0 nodes=1001
2026-09-27 12:04:32.989 Df BosonDynamicTree[70721:1c8269a] BOSON_METRIC snapshot_us=20 dispatch_us=83 render_us=4513 core_layout_us=278
2026-09-27 12:04:32.989 Df BosonDynamicTree[70721:1c8269a] BOSON_TOUCH_RESULT=0 node=2
2026-09-27 12:04:33.308 Df BosonDynamicTree[70721:1c8269a] BOSON_FRAME result=0 nodes=1002
2026-09-27 12:04:33.309 Df BosonDynamicTree[70721:1c8269a] BOSON_METRIC snapshot_us=22 dispatch_us=84 render_us=7447 core_layout_us=507
2026-09-27 12:04:33.309 Df BosonDynamicTree[70721:1c8269a] BOSON_TOUCH_RESULT=0 node=2
2026-09-27 12:04:33.609 Df BosonDynamicTree[70721:1c8269a] BOSON_FRAME result=0 nodes=1001
2026-09-27 12:04:33.610 Df BosonDynamicTree[70721:1c8269a] BOSON_METRIC snapshot_us=26 dispatch_us=78 render_us=8449 core_layout_us=156
2026-09-27 12:04:33.610 Df BosonDynamicTree[70721:1c8269a] BOSON_TOUCH_RESULT=0 node=2
2026-09-27 12:04:33.908 Df BosonDynamicTree[70721:1c8269a] BOSON_FRAME result=0 nodes=1002
2026-09-27 12:04:33.908 Df BosonDynamicTree[70721:1c8269a] BOSON_METRIC snapshot_us=19 dispatch_us=75 render_us=6938 core_layout_us=170
2026-09-27 12:04:33.908 Df BosonDynamicTree[70721:1c8269a] BOSON_TOUCH_RESULT=0 node=2
2026-09-27 12:04:34.220 Df BosonDynamicTree[70721:1c8269a] BOSON_FRAME result=0 nodes=1001
2026-09-27 12:04:34.220 Df BosonDynamicTree[70721:1c8269a] BOSON_METRIC snapshot_us=9 dispatch_us=37 render_us=2469 core_layout_us=174
2026-09-27 12:04:34.220 Df BosonDynamicTree[70721:1c8269a] BOSON_TOUCH_RESULT=0 node=2
