Timestamp               Ty Process[PID:TID]
2026-09-27 14:24:59.610 Df BosonDynamicTree[22784:1ccfa46] BOSON_STRESS count=5000
2026-09-27 14:24:59.651 Df BosonDynamicTree[22784:1ccfa46] BOSON_TREE_VARIANT=0
2026-09-27 14:24:59.796 Df BosonDynamicTree[22784:1ccfa46] BOSON_FRAME result=0 nodes=5001
2026-09-27 14:24:59.796 Df BosonDynamicTree[22784:1ccfa46] BOSON_RESIZE width=402 height=778
2026-09-27 14:25:00.100 Df BosonDynamicTree[22784:1ccfa46] BOSON_FRAME result=0 nodes=5002
2026-09-27 14:25:00.105 Df BosonDynamicTree[22784:1ccfa46] BOSON_METRIC snapshot_us=74 dispatch_us=309 render_us=17491 core_layout_us=5098
2026-09-27 14:25:00.105 Df BosonDynamicTree[22784:1ccfa46] BOSON_TOUCH_RESULT=0 node=2
2026-09-27 14:25:00.418 Df BosonDynamicTree[22784:1ccfa46] BOSON_FRAME result=0 nodes=5001
2026-09-27 14:25:00.423 Df BosonDynamicTree[22784:1ccfa46] BOSON_METRIC snapshot_us=56 dispatch_us=124 render_us=17390 core_layout_us=4798
2026-09-27 14:25:00.423 Df BosonDynamicTree[22784:1ccfa46] BOSON_TOUCH_RESULT=0 node=2
2026-09-27 14:25:00.721 Df BosonDynamicTree[22784:1ccfa46] BOSON_FRAME result=0 nodes=5002
2026-09-27 14:25:00.725 Df BosonDynamicTree[22784:1ccfa46] BOSON_METRIC snapshot_us=44 dispatch_us=115 render_us=17638 core_layout_us=4375
2026-09-27 14:25:00.725 Df BosonDynamicTree[22784:1ccfa46] BOSON_TOUCH_RESULT=0 node=2
2026-09-27 14:25:01.033 Df BosonDynamicTree[22784:1ccfa46] BOSON_FRAME result=0 nodes=5001
2026-09-27 14:25:01.038 Df BosonDynamicTree[22784:1ccfa46] BOSON_METRIC snapshot_us=61 dispatch_us=132 render_us=17295 core_layout_us=5008
2026-09-27 14:25:01.038 Df BosonDynamicTree[22784:1ccfa46] BOSON_TOUCH_RESULT=0 node=2
2026-09-27 14:25:01.333 Df BosonDynamicTree[22784:1ccfa46] BOSON_FRAME result=0 nodes=5002
2026-09-27 14:25:01.338 Df BosonDynamicTree[22784:1ccfa46] BOSON_METRIC snapshot_us=46 dispatch_us=125 render_us=17350 core_layout_us=4613
2026-09-27 14:25:01.338 Df BosonDynamicTree[22784:1ccfa46] BOSON_TOUCH_RESULT=0 node=2
2026-09-27 14:25:01.650 Df BosonDynamicTree[22784:1ccfa46] BOSON_FRAME result=0 nodes=5001
2026-09-27 14:25:01.654 Df BosonDynamicTree[22784:1ccfa46] BOSON_METRIC snapshot_us=56 dispatch_us=122 render_us=17414 core_layout_us=4457
2026-09-27 14:25:01.654 Df BosonDynamicTree[22784:1ccfa46] BOSON_TOUCH_RESULT=0 node=2
2026-09-27 14:25:01.962 Df BosonDynamicTree[22784:1ccfa46] BOSON_FRAME result=0 nodes=5002
2026-09-27 14:25:01.968 Df BosonDynamicTree[22784:1ccfa46] BOSON_METRIC snapshot_us=100 dispatch_us=181 render_us=19440 core_layout_us=5737
2026-09-27 14:25:01.968 Df BosonDynamicTree[22784:1ccfa46] BOSON_TOUCH_RESULT=0 node=2
2026-09-27 14:25:02.270 Df BosonDynamicTree[22784:1ccfa46] BOSON_FRAME result=0 nodes=5001
2026-09-27 14:25:02.280 Df BosonDynamicTree[22784:1ccfa46] BOSON_METRIC snapshot_us=59 dispatch_us=120 render_us=17055 core_layout_us=10016
2026-09-27 14:25:02.280 Df BosonDynamicTree[22784:1ccfa46] BOSON_TOUCH_RESULT=0 node=2
2026-09-27 14:25:02.577 Df BosonDynamicTree[22784:1ccfa46] BOSON_FRAME result=0 nodes=5002
2026-09-27 14:25:02.581 Df BosonDynamicTree[22784:1ccfa46] BOSON_METRIC snapshot_us=54 dispatch_us=124 render_us=17377 core_layout_us=4200
2026-09-27 14:25:02.581 Df BosonDynamicTree[22784:1ccfa46] BOSON_TOUCH_RESULT=0 node=2
2026-09-27 14:25:02.884 Df BosonDynamicTree[22784:1ccfa46] BOSON_FRAME result=0 nodes=5001
2026-09-27 14:25:02.892 Df BosonDynamicTree[22784:1ccfa46] BOSON_METRIC snapshot_us=67 dispatch_us=430 render_us=16786 core_layout_us=7753
2026-09-27 14:25:02.892 Df BosonDynamicTree[22784:1ccfa46] BOSON_TOUCH_RESULT=0 node=2
2026-09-27 14:25:03.190 Df BosonDynamicTree[22784:1ccfa46] BOSON_FRAME result=0 nodes=5002
2026-09-27 14:25:03.195 Df BosonDynamicTree[22784:1ccfa46] BOSON_METRIC snapshot_us=43 dispatch_us=112 render_us=17029 core_layout_us=5163
2026-09-27 14:25:03.195 Df BosonDynamicTree[22784:1ccfa46] BOSON_TOUCH_RESULT=0 node=2
2026-09-27 14:25:03.499 Df BosonDynamicTree[22784:1ccfa46] BOSON_FRAME result=0 nodes=5001
2026-09-27 14:25:03.506 Df BosonDynamicTree[22784:1ccfa46] BOSON_METRIC snapshot_us=54 dispatch_us=112 render_us=16906 core_layout_us=6963
2026-09-27 14:25:03.506 Df BosonDynamicTree[22784:1ccfa46] BOSON_TOUCH_RESULT=0 node=2
2026-09-27 14:25:03.802 Df BosonDynamicTree[22784:1ccfa46] BOSON_FRAME result=0 nodes=5002
2026-09-27 14:25:03.807 Df BosonDynamicTree[22784:1ccfa46] BOSON_METRIC snapshot_us=41 dispatch_us=108 render_us=16673 core_layout_us=4974
2026-09-27 14:25:03.807 Df BosonDynamicTree[22784:1ccfa46] BOSON_TOUCH_RESULT=0 node=2
2026-09-27 14:25:04.117 Df BosonDynamicTree[22784:1ccfa46] BOSON_FRAME result=0 nodes=5001
2026-09-27 14:25:04.121 Df BosonDynamicTree[22784:1ccfa46] BOSON_METRIC snapshot_us=66 dispatch_us=133 render_us=17406 core_layout_us=4566
2026-09-27 14:25:04.121 Df BosonDynamicTree[22784:1ccfa46] BOSON_TOUCH_RESULT=0 node=2
2026-09-27 14:25:04.418 Df BosonDynamicTree[22784:1ccfa46] BOSON_FRAME result=0 nodes=5002
2026-09-27 14:25:04.424 Df BosonDynamicTree[22784:1ccfa46] BOSON_METRIC snapshot_us=43 dispatch_us=108 render_us=16757 core_layout_us=5735
2026-09-27 14:25:04.424 Df BosonDynamicTree[22784:1ccfa46] BOSON_TOUCH_RESULT=0 node=2
2026-09-27 14:25:04.733 Df BosonDynamicTree[22784:1ccfa46] BOSON_FRAME result=0 nodes=5001
2026-09-27 14:25:04.737 Df BosonDynamicTree[22784:1ccfa46] BOSON_METRIC snapshot_us=43 dispatch_us=98 render_us=16911 core_layout_us=4527
2026-09-27 14:25:04.737 Df BosonDynamicTree[22784:1ccfa46] BOSON_TOUCH_RESULT=0 node=2
2026-09-27 14:25:05.034 Df BosonDynamicTree[22784:1ccfa46] BOSON_FRAME result=0 nodes=5002
2026-09-27 14:25:05.038 Df BosonDynamicTree[22784:1ccfa46] BOSON_METRIC snapshot_us=45 dispatch_us=109 render_us=16943 core_layout_us=4224
2026-09-27 14:25:05.038 Df BosonDynamicTree[22784:1ccfa46] BOSON_TOUCH_RESULT=0 node=2
2026-09-27 14:25:05.339 Df BosonDynamicTree[22784:1ccfa46] BOSON_FRAME result=0 nodes=5001
2026-09-27 14:25:05.344 Df BosonDynamicTree[22784:1ccfa46] BOSON_METRIC snapshot_us=42 dispatch_us=98 render_us=16968 core_layout_us=4551
2026-09-27 14:25:05.344 Df BosonDynamicTree[22784:1ccfa46] BOSON_TOUCH_RESULT=0 node=2
2026-09-27 14:25:05.649 Df BosonDynamicTree[22784:1ccfa46] BOSON_FRAME result=0 nodes=5002
2026-09-27 14:25:05.654 Df BosonDynamicTree[22784:1ccfa46] BOSON_METRIC snapshot_us=56 dispatch_us=128 render_us=16831 core_layout_us=4253
2026-09-27 14:25:05.654 Df BosonDynamicTree[22784:1ccfa46] BOSON_TOUCH_RESULT=0 node=2
2026-09-27 14:25:06.183 Df BosonDynamicTree[22784:1ccfa46] BOSON_FRAME result=0 nodes=5001
2026-09-27 14:25:06.187 Df BosonDynamicTree[22784:1ccfa46] BOSON_METRIC snapshot_us=42 dispatch_us=99 render_us=17006 core_layout_us=4374
2026-09-27 14:25:06.187 Df BosonDynamicTree[22784:1ccfa46] BOSON_TOUCH_RESULT=0 node=2
