Timestamp               Ty Process[PID:TID]
2026-09-27 12:04:36.455 Df BosonDynamicTree[70787:1c82a59] BOSON_STRESS count=5000
2026-09-27 12:04:36.481 Df BosonDynamicTree[70787:1c82a59] BOSON_TREE_VARIANT=1
2026-09-27 12:04:36.619 Df BosonDynamicTree[70787:1c82a59] BOSON_FRAME result=0 nodes=5001
2026-09-27 12:04:36.619 Df BosonDynamicTree[70787:1c82a59] BOSON_RESIZE width=402 height=778
2026-09-27 12:04:36.945 Df BosonDynamicTree[70787:1c82a59] BOSON_FRAME result=0 nodes=5002
2026-09-27 12:04:36.945 Df BosonDynamicTree[70787:1c82a59] BOSON_METRIC snapshot_us=70 dispatch_us=465 render_us=10553 core_layout_us=143
2026-09-27 12:04:36.945 Df BosonDynamicTree[70787:1c82a59] BOSON_TOUCH_RESULT=0 node=2
2026-09-27 12:04:37.252 Df BosonDynamicTree[70787:1c82a59] BOSON_FRAME result=0 nodes=5001
2026-09-27 12:04:37.253 Df BosonDynamicTree[70787:1c82a59] BOSON_METRIC snapshot_us=54 dispatch_us=158 render_us=10532 core_layout_us=147
2026-09-27 12:04:37.253 Df BosonDynamicTree[70787:1c82a59] BOSON_TOUCH_RESULT=0 node=2
2026-09-27 12:04:37.568 Df BosonDynamicTree[70787:1c82a59] BOSON_FRAME result=0 nodes=5002
2026-09-27 12:04:37.568 Df BosonDynamicTree[70787:1c82a59] BOSON_METRIC snapshot_us=71 dispatch_us=133 render_us=9849 core_layout_us=132
2026-09-27 12:04:37.568 Df BosonDynamicTree[70787:1c82a59] BOSON_TOUCH_RESULT=0 node=2
2026-09-27 12:04:37.863 Df BosonDynamicTree[70787:1c82a59] BOSON_FRAME result=0 nodes=5001
2026-09-27 12:04:37.863 Df BosonDynamicTree[70787:1c82a59] BOSON_METRIC snapshot_us=69 dispatch_us=294 render_us=10375 core_layout_us=119
2026-09-27 12:04:37.863 Df BosonDynamicTree[70787:1c82a59] BOSON_TOUCH_RESULT=0 node=2
2026-09-27 12:04:38.167 Df BosonDynamicTree[70787:1c82a59] BOSON_FRAME result=0 nodes=5002
2026-09-27 12:04:38.167 Df BosonDynamicTree[70787:1c82a59] BOSON_METRIC snapshot_us=57 dispatch_us=126 render_us=10242 core_layout_us=133
2026-09-27 12:04:38.168 Df BosonDynamicTree[70787:1c82a59] BOSON_TOUCH_RESULT=0 node=2
2026-09-27 12:04:38.478 Df BosonDynamicTree[70787:1c82a59] BOSON_FRAME result=0 nodes=5001
2026-09-27 12:04:38.478 Df BosonDynamicTree[70787:1c82a59] BOSON_METRIC snapshot_us=54 dispatch_us=147 render_us=10201 core_layout_us=117
2026-09-27 12:04:38.478 Df BosonDynamicTree[70787:1c82a59] BOSON_TOUCH_RESULT=0 node=2
2026-09-27 12:04:38.779 Df BosonDynamicTree[70787:1c82a59] BOSON_FRAME result=0 nodes=5002
2026-09-27 12:04:38.780 Df BosonDynamicTree[70787:1c82a59] BOSON_METRIC snapshot_us=49 dispatch_us=117 render_us=12046 core_layout_us=146
2026-09-27 12:04:38.780 Df BosonDynamicTree[70787:1c82a59] BOSON_TOUCH_RESULT=0 node=2
2026-09-27 12:04:39.081 Df BosonDynamicTree[70787:1c82a59] BOSON_FRAME result=0 nodes=5001
2026-09-27 12:04:39.081 Df BosonDynamicTree[70787:1c82a59] BOSON_METRIC snapshot_us=73 dispatch_us=242 render_us=10148 core_layout_us=125
2026-09-27 12:04:39.081 Df BosonDynamicTree[70787:1c82a59] BOSON_TOUCH_RESULT=0 node=2
2026-09-27 12:04:39.387 Df BosonDynamicTree[70787:1c82a59] BOSON_FRAME result=0 nodes=5002
2026-09-27 12:04:39.388 Df BosonDynamicTree[70787:1c82a59] BOSON_METRIC snapshot_us=154 dispatch_us=267 render_us=10797 core_layout_us=141
2026-09-27 12:04:39.388 Df BosonDynamicTree[70787:1c82a59] BOSON_TOUCH_RESULT=0 node=2
2026-09-27 12:04:39.694 Df BosonDynamicTree[70787:1c82a59] BOSON_FRAME result=0 nodes=5001
2026-09-27 12:04:39.694 Df BosonDynamicTree[70787:1c82a59] BOSON_METRIC snapshot_us=78 dispatch_us=175 render_us=10212 core_layout_us=126
2026-09-27 12:04:39.695 Df BosonDynamicTree[70787:1c82a59] BOSON_TOUCH_RESULT=0 node=2
2026-09-27 12:04:39.994 Df BosonDynamicTree[70787:1c82a59] BOSON_FRAME result=0 nodes=5002
2026-09-27 12:04:39.995 Df BosonDynamicTree[70787:1c82a59] BOSON_METRIC snapshot_us=67 dispatch_us=136 render_us=10326 core_layout_us=137
2026-09-27 12:04:39.995 Df BosonDynamicTree[70787:1c82a59] BOSON_TOUCH_RESULT=0 node=2
2026-09-27 12:04:40.297 Df BosonDynamicTree[70787:1c82a59] BOSON_FRAME result=0 nodes=5001
2026-09-27 12:04:40.297 Df BosonDynamicTree[70787:1c82a59] BOSON_METRIC snapshot_us=67 dispatch_us=150 render_us=10365 core_layout_us=125
2026-09-27 12:04:40.297 Df BosonDynamicTree[70787:1c82a59] BOSON_TOUCH_RESULT=0 node=2
2026-09-27 12:04:40.605 Df BosonDynamicTree[70787:1c82a59] BOSON_FRAME result=0 nodes=5002
2026-09-27 12:04:40.605 Df BosonDynamicTree[70787:1c82a59] BOSON_METRIC snapshot_us=46 dispatch_us=106 render_us=10180 core_layout_us=135
2026-09-27 12:04:40.605 Df BosonDynamicTree[70787:1c82a59] BOSON_TOUCH_RESULT=0 node=2
2026-09-27 12:04:40.911 Df BosonDynamicTree[70787:1c82a59] BOSON_FRAME result=0 nodes=5001
2026-09-27 12:04:40.911 Df BosonDynamicTree[70787:1c82a59] BOSON_METRIC snapshot_us=75 dispatch_us=170 render_us=10350 core_layout_us=129
2026-09-27 12:04:40.911 Df BosonDynamicTree[70787:1c82a59] BOSON_TOUCH_RESULT=0 node=2
2026-09-27 12:04:41.215 Df BosonDynamicTree[70787:1c82a59] BOSON_FRAME result=0 nodes=5002
2026-09-27 12:04:41.215 Df BosonDynamicTree[70787:1c82a59] BOSON_METRIC snapshot_us=48 dispatch_us=109 render_us=10035 core_layout_us=135
2026-09-27 12:04:41.215 Df BosonDynamicTree[70787:1c82a59] BOSON_TOUCH_RESULT=0 node=2
2026-09-27 12:04:41.521 Df BosonDynamicTree[70787:1c82a59] BOSON_FRAME result=0 nodes=5001
2026-09-27 12:04:41.521 Df BosonDynamicTree[70787:1c82a59] BOSON_METRIC snapshot_us=63 dispatch_us=147 render_us=10228 core_layout_us=124
2026-09-27 12:04:41.521 Df BosonDynamicTree[70787:1c82a59] BOSON_TOUCH_RESULT=0 node=2
2026-09-27 12:04:41.828 Df BosonDynamicTree[70787:1c82a59] BOSON_FRAME result=0 nodes=5002
2026-09-27 12:04:41.828 Df BosonDynamicTree[70787:1c82a59] BOSON_METRIC snapshot_us=48 dispatch_us=111 render_us=10201 core_layout_us=136
2026-09-27 12:04:41.828 Df BosonDynamicTree[70787:1c82a59] BOSON_TOUCH_RESULT=0 node=2
2026-09-27 12:04:42.132 Df BosonDynamicTree[70787:1c82a59] BOSON_FRAME result=0 nodes=5001
2026-09-27 12:04:42.132 Df BosonDynamicTree[70787:1c82a59] BOSON_METRIC snapshot_us=65 dispatch_us=148 render_us=10401 core_layout_us=124
2026-09-27 12:04:42.132 Df BosonDynamicTree[70787:1c82a59] BOSON_TOUCH_RESULT=0 node=2
2026-09-27 12:04:42.428 Df BosonDynamicTree[70787:1c82a59] BOSON_FRAME result=0 nodes=5002
2026-09-27 12:04:42.428 Df BosonDynamicTree[70787:1c82a59] BOSON_METRIC snapshot_us=58 dispatch_us=114 render_us=10903 core_layout_us=149
2026-09-27 12:04:42.428 Df BosonDynamicTree[70787:1c82a59] BOSON_TOUCH_RESULT=0 node=2
2026-09-27 12:04:42.961 Df BosonDynamicTree[70787:1c82a59] BOSON_FRAME result=0 nodes=5001
2026-09-27 12:04:42.961 Df BosonDynamicTree[70787:1c82a59] BOSON_METRIC snapshot_us=69 dispatch_us=152 render_us=10541 core_layout_us=135
2026-09-27 12:04:42.962 Df BosonDynamicTree[70787:1c82a59] BOSON_TOUCH_RESULT=0 node=2
