Timestamp               Ty Process[PID:TID]
2026-09-27 14:26:16.906 Df BosonDynamicTree[23602:1cd1f8e] BOSON_STRESS count=100
2026-09-27 14:26:16.926 Df BosonDynamicTree[23602:1cd1f8e] BOSON_TREE_VARIANT=1
2026-09-27 14:26:16.942 Df BosonDynamicTree[23602:1cd1f8e] BOSON_FRAME result=0 nodes=101
2026-09-27 14:26:16.942 Df BosonDynamicTree[23602:1cd1f8e] BOSON_RESIZE width=402 height=778
2026-09-27 14:26:17.067 Df BosonDynamicTree[23602:1cd1f8e] BOSON_FRAME result=0 nodes=102
2026-09-27 14:26:17.067 Df BosonDynamicTree[23602:1cd1f8e] BOSON_METRIC snapshot_us=2 dispatch_us=311 render_us=540 core_layout_us=6
2026-09-27 14:26:17.067 Df BosonDynamicTree[23602:1cd1f8e] BOSON_TOUCH_RESULT=0 node=2
2026-09-27 14:26:17.402 Df BosonDynamicTree[23602:1cd1f8e] BOSON_FRAME result=0 nodes=101
2026-09-27 14:26:17.402 Df BosonDynamicTree[23602:1cd1f8e] BOSON_METRIC snapshot_us=3 dispatch_us=27 render_us=424 core_layout_us=5
2026-09-27 14:26:17.402 Df BosonDynamicTree[23602:1cd1f8e] BOSON_TOUCH_RESULT=0 node=2
2026-09-27 14:26:17.700 Df BosonDynamicTree[23602:1cd1f8e] BOSON_FRAME result=0 nodes=102
2026-09-27 14:26:17.700 Df BosonDynamicTree[23602:1cd1f8e] BOSON_METRIC snapshot_us=4 dispatch_us=38 render_us=544 core_layout_us=6
2026-09-27 14:26:17.700 Df BosonDynamicTree[23602:1cd1f8e] BOSON_TOUCH_RESULT=0 node=2
2026-09-27 14:26:18.000 Df BosonDynamicTree[23602:1cd1f8e] BOSON_FRAME result=0 nodes=101
2026-09-27 14:26:18.001 Df BosonDynamicTree[23602:1cd1f8e] BOSON_METRIC snapshot_us=4 dispatch_us=46 render_us=1186 core_layout_us=15
2026-09-27 14:26:18.001 Df BosonDynamicTree[23602:1cd1f8e] BOSON_TOUCH_RESULT=0 node=2
2026-09-27 14:26:18.300 Df BosonDynamicTree[23602:1cd1f8e] BOSON_FRAME result=0 nodes=102
2026-09-27 14:26:18.300 Df BosonDynamicTree[23602:1cd1f8e] BOSON_METRIC snapshot_us=4 dispatch_us=57 render_us=1184 core_layout_us=18
2026-09-27 14:26:18.301 Df BosonDynamicTree[23602:1cd1f8e] BOSON_TOUCH_RESULT=0 node=2
2026-09-27 14:26:18.617 Df BosonDynamicTree[23602:1cd1f8e] BOSON_FRAME result=0 nodes=101
2026-09-27 14:26:18.617 Df BosonDynamicTree[23602:1cd1f8e] BOSON_METRIC snapshot_us=4 dispatch_us=43 render_us=1195 core_layout_us=17
2026-09-27 14:26:18.617 Df BosonDynamicTree[23602:1cd1f8e] BOSON_TOUCH_RESULT=0 node=2
2026-09-27 14:26:18.917 Df BosonDynamicTree[23602:1cd1f8e] BOSON_FRAME result=0 nodes=102
2026-09-27 14:26:18.917 Df BosonDynamicTree[23602:1cd1f8e] BOSON_METRIC snapshot_us=4 dispatch_us=54 render_us=1061 core_layout_us=15
2026-09-27 14:26:18.917 Df BosonDynamicTree[23602:1cd1f8e] BOSON_TOUCH_RESULT=0 node=2
2026-09-27 14:26:19.234 Df BosonDynamicTree[23602:1cd1f8e] BOSON_FRAME result=0 nodes=101
2026-09-27 14:26:19.234 Df BosonDynamicTree[23602:1cd1f8e] BOSON_METRIC snapshot_us=6 dispatch_us=51 render_us=1400 core_layout_us=23
2026-09-27 14:26:19.234 Df BosonDynamicTree[23602:1cd1f8e] BOSON_TOUCH_RESULT=0 node=2
2026-09-27 14:26:19.533 Df BosonDynamicTree[23602:1cd1f8e] BOSON_FRAME result=0 nodes=102
2026-09-27 14:26:19.534 Df BosonDynamicTree[23602:1cd1f8e] BOSON_METRIC snapshot_us=3 dispatch_us=51 render_us=964 core_layout_us=10
2026-09-27 14:26:19.534 Df BosonDynamicTree[23602:1cd1f8e] BOSON_TOUCH_RESULT=0 node=2
2026-09-27 14:26:19.834 Df BosonDynamicTree[23602:1cd1f8e] BOSON_FRAME result=0 nodes=101
2026-09-27 14:26:19.834 Df BosonDynamicTree[23602:1cd1f8e] BOSON_METRIC snapshot_us=3 dispatch_us=424 render_us=816 core_layout_us=10
2026-09-27 14:26:19.834 Df BosonDynamicTree[23602:1cd1f8e] BOSON_TOUCH_RESULT=0 node=2
2026-09-27 14:26:20.151 Df BosonDynamicTree[23602:1cd1f8e] BOSON_FRAME result=0 nodes=102
2026-09-27 14:26:20.151 Df BosonDynamicTree[23602:1cd1f8e] BOSON_METRIC snapshot_us=18 dispatch_us=81 render_us=1780 core_layout_us=25
2026-09-27 14:26:20.151 Df BosonDynamicTree[23602:1cd1f8e] BOSON_TOUCH_RESULT=0 node=2
2026-09-27 14:26:20.450 Df BosonDynamicTree[23602:1cd1f8e] BOSON_FRAME result=0 nodes=101
2026-09-27 14:26:20.451 Df BosonDynamicTree[23602:1cd1f8e] BOSON_METRIC snapshot_us=5 dispatch_us=40 render_us=1154 core_layout_us=16
2026-09-27 14:26:20.451 Df BosonDynamicTree[23602:1cd1f8e] BOSON_TOUCH_RESULT=0 node=2
2026-09-27 14:26:20.750 Df BosonDynamicTree[23602:1cd1f8e] BOSON_FRAME result=0 nodes=102
2026-09-27 14:26:20.751 Df BosonDynamicTree[23602:1cd1f8e] BOSON_METRIC snapshot_us=4 dispatch_us=55 render_us=1249 core_layout_us=13
2026-09-27 14:26:20.751 Df BosonDynamicTree[23602:1cd1f8e] BOSON_TOUCH_RESULT=0 node=2
2026-09-27 14:26:21.050 Df BosonDynamicTree[23602:1cd1f8e] BOSON_FRAME result=0 nodes=101
2026-09-27 14:26:21.050 Df BosonDynamicTree[23602:1cd1f8e] BOSON_METRIC snapshot_us=4 dispatch_us=35 render_us=996 core_layout_us=14
2026-09-27 14:26:21.050 Df BosonDynamicTree[23602:1cd1f8e] BOSON_TOUCH_RESULT=0 node=2
2026-09-27 14:26:21.354 Df BosonDynamicTree[23602:1cd1f8e] BOSON_FRAME result=0 nodes=102
2026-09-27 14:26:21.354 Df BosonDynamicTree[23602:1cd1f8e] BOSON_METRIC snapshot_us=7 dispatch_us=67 render_us=1621 core_layout_us=16
2026-09-27 14:26:21.354 Df BosonDynamicTree[23602:1cd1f8e] BOSON_TOUCH_RESULT=0 node=2
2026-09-27 14:26:21.666 Df BosonDynamicTree[23602:1cd1f8e] BOSON_FRAME result=0 nodes=101
2026-09-27 14:26:21.666 Df BosonDynamicTree[23602:1cd1f8e] BOSON_METRIC snapshot_us=2 dispatch_us=24 render_us=362 core_layout_us=6
2026-09-27 14:26:21.666 Df BosonDynamicTree[23602:1cd1f8e] BOSON_TOUCH_RESULT=0 node=2
2026-09-27 14:26:21.968 Df BosonDynamicTree[23602:1cd1f8e] BOSON_FRAME result=0 nodes=102
2026-09-27 14:26:21.968 Df BosonDynamicTree[23602:1cd1f8e] BOSON_METRIC snapshot_us=4 dispatch_us=46 render_us=1148 core_layout_us=15
2026-09-27 14:26:21.968 Df BosonDynamicTree[23602:1cd1f8e] BOSON_TOUCH_RESULT=0 node=2
2026-09-27 14:26:22.284 Df BosonDynamicTree[23602:1cd1f8e] BOSON_FRAME result=0 nodes=101
2026-09-27 14:26:22.284 Df BosonDynamicTree[23602:1cd1f8e] BOSON_METRIC snapshot_us=5 dispatch_us=40 render_us=1093 core_layout_us=18
2026-09-27 14:26:22.284 Df BosonDynamicTree[23602:1cd1f8e] BOSON_TOUCH_RESULT=0 node=2
2026-09-27 14:26:22.583 Df BosonDynamicTree[23602:1cd1f8e] BOSON_FRAME result=0 nodes=102
2026-09-27 14:26:22.583 Df BosonDynamicTree[23602:1cd1f8e] BOSON_METRIC snapshot_us=1 dispatch_us=31 render_us=445 core_layout_us=7
2026-09-27 14:26:22.583 Df BosonDynamicTree[23602:1cd1f8e] BOSON_TOUCH_RESULT=0 node=2
2026-09-27 14:26:22.900 Df BosonDynamicTree[23602:1cd1f8e] BOSON_FRAME result=0 nodes=101
2026-09-27 14:26:22.900 Df BosonDynamicTree[23602:1cd1f8e] BOSON_METRIC snapshot_us=4 dispatch_us=39 render_us=1135 core_layout_us=17
2026-09-27 14:26:22.901 Df BosonDynamicTree[23602:1cd1f8e] BOSON_TOUCH_RESULT=0 node=2
