Timestamp               Ty Process[PID:TID]
2026-09-27 12:15:07.030 Df BosonDynamicTree[74718:1c8979d] BOSON_STRESS count=100
2026-09-27 12:15:07.064 Df BosonDynamicTree[74718:1c8979d] BOSON_TREE_VARIANT=0
2026-09-27 12:15:07.083 Df BosonDynamicTree[74718:1c8979d] BOSON_FRAME result=0 nodes=101
2026-09-27 12:15:07.083 Df BosonDynamicTree[74718:1c8979d] BOSON_RESIZE width=402 height=778
2026-09-27 12:15:07.252 Df BosonDynamicTree[74718:1c8979d] BOSON_FRAME result=0 nodes=102
2026-09-27 12:15:07.252 Df BosonDynamicTree[74718:1c8979d] BOSON_METRIC snapshot_us=2 dispatch_us=324 render_us=560 core_layout_us=6
2026-09-27 12:15:07.252 Df BosonDynamicTree[74718:1c8979d] BOSON_TOUCH_RESULT=0 node=2
2026-09-27 12:15:07.553 Df BosonDynamicTree[74718:1c8979d] BOSON_FRAME result=0 nodes=101
2026-09-27 12:15:07.553 Df BosonDynamicTree[74718:1c8979d] BOSON_METRIC snapshot_us=2 dispatch_us=27 render_us=372 core_layout_us=8
2026-09-27 12:15:07.553 Df BosonDynamicTree[74718:1c8979d] BOSON_TOUCH_RESULT=0 node=2
2026-09-27 12:15:07.868 Df BosonDynamicTree[74718:1c8979d] BOSON_FRAME result=0 nodes=102
2026-09-27 12:15:07.868 Df BosonDynamicTree[74718:1c8979d] BOSON_METRIC snapshot_us=2 dispatch_us=38 render_us=581 core_layout_us=7
2026-09-27 12:15:07.868 Df BosonDynamicTree[74718:1c8979d] BOSON_TOUCH_RESULT=0 node=2
2026-09-27 12:15:08.185 Df BosonDynamicTree[74718:1c8979d] BOSON_FRAME result=0 nodes=101
2026-09-27 12:15:08.185 Df BosonDynamicTree[74718:1c8979d] BOSON_METRIC snapshot_us=3 dispatch_us=39 render_us=897 core_layout_us=10
2026-09-27 12:15:08.185 Df BosonDynamicTree[74718:1c8979d] BOSON_TOUCH_RESULT=0 node=2
2026-09-27 12:15:08.485 Df BosonDynamicTree[74718:1c8979d] BOSON_FRAME result=0 nodes=102
2026-09-27 12:15:08.485 Df BosonDynamicTree[74718:1c8979d] BOSON_METRIC snapshot_us=3 dispatch_us=49 render_us=1017 core_layout_us=12
2026-09-27 12:15:08.485 Df BosonDynamicTree[74718:1c8979d] BOSON_TOUCH_RESULT=0 node=2
2026-09-27 12:15:08.802 Df BosonDynamicTree[74718:1c8979d] BOSON_FRAME result=0 nodes=101
2026-09-27 12:15:08.802 Df BosonDynamicTree[74718:1c8979d] BOSON_METRIC snapshot_us=3 dispatch_us=34 render_us=832 core_layout_us=12
2026-09-27 12:15:08.802 Df BosonDynamicTree[74718:1c8979d] BOSON_TOUCH_RESULT=0 node=2
2026-09-27 12:15:09.102 Df BosonDynamicTree[74718:1c8979d] BOSON_FRAME result=0 nodes=102
2026-09-27 12:15:09.102 Df BosonDynamicTree[74718:1c8979d] BOSON_METRIC snapshot_us=3 dispatch_us=51 render_us=978 core_layout_us=13
2026-09-27 12:15:09.102 Df BosonDynamicTree[74718:1c8979d] BOSON_TOUCH_RESULT=0 node=2
2026-09-27 12:15:09.418 Df BosonDynamicTree[74718:1c8979d] BOSON_FRAME result=0 nodes=101
2026-09-27 12:15:09.418 Df BosonDynamicTree[74718:1c8979d] BOSON_METRIC snapshot_us=3 dispatch_us=36 render_us=832 core_layout_us=12
2026-09-27 12:15:09.418 Df BosonDynamicTree[74718:1c8979d] BOSON_TOUCH_RESULT=0 node=2
2026-09-27 12:15:09.719 Df BosonDynamicTree[74718:1c8979d] BOSON_FRAME result=0 nodes=102
2026-09-27 12:15:09.719 Df BosonDynamicTree[74718:1c8979d] BOSON_METRIC snapshot_us=3 dispatch_us=378 render_us=1062 core_layout_us=13
2026-09-27 12:15:09.719 Df BosonDynamicTree[74718:1c8979d] BOSON_TOUCH_RESULT=0 node=2
2026-09-27 12:15:10.019 Df BosonDynamicTree[74718:1c8979d] BOSON_FRAME result=0 nodes=101
2026-09-27 12:15:10.019 Df BosonDynamicTree[74718:1c8979d] BOSON_METRIC snapshot_us=3 dispatch_us=40 render_us=1189 core_layout_us=10
2026-09-27 12:15:10.020 Df BosonDynamicTree[74718:1c8979d] BOSON_TOUCH_RESULT=0 node=2
2026-09-27 12:15:10.335 Df BosonDynamicTree[74718:1c8979d] BOSON_FRAME result=0 nodes=102
2026-09-27 12:15:10.335 Df BosonDynamicTree[74718:1c8979d] BOSON_METRIC snapshot_us=11 dispatch_us=58 render_us=1041 core_layout_us=13
2026-09-27 12:15:10.335 Df BosonDynamicTree[74718:1c8979d] BOSON_TOUCH_RESULT=0 node=2
2026-09-27 12:15:10.652 Df BosonDynamicTree[74718:1c8979d] BOSON_FRAME result=0 nodes=101
2026-09-27 12:15:10.652 Df BosonDynamicTree[74718:1c8979d] BOSON_METRIC snapshot_us=3 dispatch_us=32 render_us=1033 core_layout_us=12
2026-09-27 12:15:10.652 Df BosonDynamicTree[74718:1c8979d] BOSON_TOUCH_RESULT=0 node=2
2026-09-27 12:15:10.952 Df BosonDynamicTree[74718:1c8979d] BOSON_FRAME result=0 nodes=102
2026-09-27 12:15:10.952 Df BosonDynamicTree[74718:1c8979d] BOSON_METRIC snapshot_us=3 dispatch_us=47 render_us=990 core_layout_us=11
2026-09-27 12:15:10.952 Df BosonDynamicTree[74718:1c8979d] BOSON_TOUCH_RESULT=0 node=2
2026-09-27 12:15:11.268 Df BosonDynamicTree[74718:1c8979d] BOSON_FRAME result=0 nodes=101
2026-09-27 12:15:11.268 Df BosonDynamicTree[74718:1c8979d] BOSON_METRIC snapshot_us=3 dispatch_us=29 render_us=823 core_layout_us=10
2026-09-27 12:15:11.268 Df BosonDynamicTree[74718:1c8979d] BOSON_TOUCH_RESULT=0 node=2
2026-09-27 12:15:11.568 Df BosonDynamicTree[74718:1c8979d] BOSON_FRAME result=0 nodes=102
2026-09-27 12:15:11.569 Df BosonDynamicTree[74718:1c8979d] BOSON_METRIC snapshot_us=3 dispatch_us=45 render_us=1122 core_layout_us=11
2026-09-27 12:15:11.569 Df BosonDynamicTree[74718:1c8979d] BOSON_TOUCH_RESULT=0 node=2
2026-09-27 12:15:11.885 Df BosonDynamicTree[74718:1c8979d] BOSON_FRAME result=0 nodes=101
2026-09-27 12:15:11.885 Df BosonDynamicTree[74718:1c8979d] BOSON_METRIC snapshot_us=4 dispatch_us=35 render_us=1120 core_layout_us=18
2026-09-27 12:15:11.885 Df BosonDynamicTree[74718:1c8979d] BOSON_TOUCH_RESULT=0 node=2
2026-09-27 12:15:12.188 Df BosonDynamicTree[74718:1c8979d] BOSON_FRAME result=0 nodes=102
2026-09-27 12:15:12.188 Df BosonDynamicTree[74718:1c8979d] BOSON_METRIC snapshot_us=7 dispatch_us=67 render_us=1435 core_layout_us=18
2026-09-27 12:15:12.188 Df BosonDynamicTree[74718:1c8979d] BOSON_TOUCH_RESULT=0 node=2
2026-09-27 12:15:12.501 Df BosonDynamicTree[74718:1c8979d] BOSON_FRAME result=0 nodes=101
2026-09-27 12:15:12.501 Df BosonDynamicTree[74718:1c8979d] BOSON_METRIC snapshot_us=2 dispatch_us=23 render_us=335 core_layout_us=8
2026-09-27 12:15:12.502 Df BosonDynamicTree[74718:1c8979d] BOSON_TOUCH_RESULT=0 node=2
2026-09-27 12:15:12.819 Df BosonDynamicTree[74718:1c8979d] BOSON_FRAME result=0 nodes=102
2026-09-27 12:15:12.819 Df BosonDynamicTree[74718:1c8979d] BOSON_METRIC snapshot_us=5 dispatch_us=58 render_us=1665 core_layout_us=26
2026-09-27 12:15:12.820 Df BosonDynamicTree[74718:1c8979d] BOSON_TOUCH_RESULT=0 node=2
2026-09-27 12:15:13.118 Df BosonDynamicTree[74718:1c8979d] BOSON_FRAME result=0 nodes=101
2026-09-27 12:15:13.118 Df BosonDynamicTree[74718:1c8979d] BOSON_METRIC snapshot_us=3 dispatch_us=33 render_us=966 core_layout_us=14
2026-09-27 12:15:13.119 Df BosonDynamicTree[74718:1c8979d] BOSON_TOUCH_RESULT=0 node=2
