Timestamp               Ty Process[PID:TID]
2026-09-27 12:15:16.129 Df BosonDynamicTree[74825:1c89d09] BOSON_STRESS count=100
2026-09-27 12:15:16.148 Df BosonDynamicTree[74825:1c89d09] BOSON_TREE_VARIANT=1
2026-09-27 12:15:16.163 Df BosonDynamicTree[74825:1c89d09] BOSON_FRAME result=0 nodes=101
2026-09-27 12:15:16.163 Df BosonDynamicTree[74825:1c89d09] BOSON_RESIZE width=402 height=778
2026-09-27 12:15:16.301 Df BosonDynamicTree[74825:1c89d09] BOSON_FRAME result=0 nodes=102
2026-09-27 12:15:16.301 Df BosonDynamicTree[74825:1c89d09] BOSON_METRIC snapshot_us=2 dispatch_us=215 render_us=490 core_layout_us=7
2026-09-27 12:15:16.301 Df BosonDynamicTree[74825:1c89d09] BOSON_TOUCH_RESULT=0 node=2
2026-09-27 12:15:16.626 Df BosonDynamicTree[74825:1c89d09] BOSON_FRAME result=0 nodes=101
2026-09-27 12:15:16.626 Df BosonDynamicTree[74825:1c89d09] BOSON_METRIC snapshot_us=2 dispatch_us=28 render_us=415 core_layout_us=4
2026-09-27 12:15:16.626 Df BosonDynamicTree[74825:1c89d09] BOSON_TOUCH_RESULT=0 node=2
2026-09-27 12:15:16.918 Df BosonDynamicTree[74825:1c89d09] BOSON_FRAME result=0 nodes=102
2026-09-27 12:15:16.918 Df BosonDynamicTree[74825:1c89d09] BOSON_METRIC snapshot_us=3 dispatch_us=41 render_us=573 core_layout_us=6
2026-09-27 12:15:16.918 Df BosonDynamicTree[74825:1c89d09] BOSON_TOUCH_RESULT=0 node=2
2026-09-27 12:15:17.235 Df BosonDynamicTree[74825:1c89d09] BOSON_FRAME result=0 nodes=101
2026-09-27 12:15:17.235 Df BosonDynamicTree[74825:1c89d09] BOSON_METRIC snapshot_us=4 dispatch_us=38 render_us=873 core_layout_us=9
2026-09-27 12:15:17.235 Df BosonDynamicTree[74825:1c89d09] BOSON_TOUCH_RESULT=0 node=2
2026-09-27 12:15:17.535 Df BosonDynamicTree[74825:1c89d09] BOSON_FRAME result=0 nodes=102
2026-09-27 12:15:17.535 Df BosonDynamicTree[74825:1c89d09] BOSON_METRIC snapshot_us=3 dispatch_us=49 render_us=985 core_layout_us=12
2026-09-27 12:15:17.535 Df BosonDynamicTree[74825:1c89d09] BOSON_TOUCH_RESULT=0 node=2
2026-09-27 12:15:17.851 Df BosonDynamicTree[74825:1c89d09] BOSON_FRAME result=0 nodes=101
2026-09-27 12:15:17.851 Df BosonDynamicTree[74825:1c89d09] BOSON_METRIC snapshot_us=2 dispatch_us=27 render_us=344 core_layout_us=4
2026-09-27 12:15:17.851 Df BosonDynamicTree[74825:1c89d09] BOSON_TOUCH_RESULT=0 node=2
2026-09-27 12:15:18.152 Df BosonDynamicTree[74825:1c89d09] BOSON_FRAME result=0 nodes=102
2026-09-27 12:15:18.152 Df BosonDynamicTree[74825:1c89d09] BOSON_METRIC snapshot_us=4 dispatch_us=50 render_us=1040 core_layout_us=10
2026-09-27 12:15:18.152 Df BosonDynamicTree[74825:1c89d09] BOSON_TOUCH_RESULT=0 node=2
2026-09-27 12:15:18.468 Df BosonDynamicTree[74825:1c89d09] BOSON_FRAME result=0 nodes=101
2026-09-27 12:15:18.468 Df BosonDynamicTree[74825:1c89d09] BOSON_METRIC snapshot_us=4 dispatch_us=39 render_us=849 core_layout_us=9
2026-09-27 12:15:18.468 Df BosonDynamicTree[74825:1c89d09] BOSON_TOUCH_RESULT=0 node=2
2026-09-27 12:15:18.768 Df BosonDynamicTree[74825:1c89d09] BOSON_FRAME result=0 nodes=102
2026-09-27 12:15:18.768 Df BosonDynamicTree[74825:1c89d09] BOSON_METRIC snapshot_us=4 dispatch_us=51 render_us=999 core_layout_us=13
2026-09-27 12:15:18.769 Df BosonDynamicTree[74825:1c89d09] BOSON_TOUCH_RESULT=0 node=2
2026-09-27 12:15:19.069 Df BosonDynamicTree[74825:1c89d09] BOSON_FRAME result=0 nodes=101
2026-09-27 12:15:19.069 Df BosonDynamicTree[74825:1c89d09] BOSON_METRIC snapshot_us=4 dispatch_us=41 render_us=875 core_layout_us=9
2026-09-27 12:15:19.069 Df BosonDynamicTree[74825:1c89d09] BOSON_TOUCH_RESULT=0 node=2
2026-09-27 12:15:19.385 Df BosonDynamicTree[74825:1c89d09] BOSON_FRAME result=0 nodes=102
2026-09-27 12:15:19.385 Df BosonDynamicTree[74825:1c89d09] BOSON_METRIC snapshot_us=4 dispatch_us=50 render_us=997 core_layout_us=12
2026-09-27 12:15:19.385 Df BosonDynamicTree[74825:1c89d09] BOSON_TOUCH_RESULT=0 node=2
2026-09-27 12:15:19.685 Df BosonDynamicTree[74825:1c89d09] BOSON_FRAME result=0 nodes=101
2026-09-27 12:15:19.685 Df BosonDynamicTree[74825:1c89d09] BOSON_METRIC snapshot_us=4 dispatch_us=32 render_us=813 core_layout_us=12
2026-09-27 12:15:19.685 Df BosonDynamicTree[74825:1c89d09] BOSON_TOUCH_RESULT=0 node=2
2026-09-27 12:15:20.002 Df BosonDynamicTree[74825:1c89d09] BOSON_FRAME result=0 nodes=102
2026-09-27 12:15:20.002 Df BosonDynamicTree[74825:1c89d09] BOSON_METRIC snapshot_us=4 dispatch_us=48 render_us=1027 core_layout_us=11
2026-09-27 12:15:20.002 Df BosonDynamicTree[74825:1c89d09] BOSON_TOUCH_RESULT=0 node=2
2026-09-27 12:15:20.302 Df BosonDynamicTree[74825:1c89d09] BOSON_FRAME result=0 nodes=101
2026-09-27 12:15:20.302 Df BosonDynamicTree[74825:1c89d09] BOSON_METRIC snapshot_us=5 dispatch_us=38 render_us=955 core_layout_us=12
2026-09-27 12:15:20.302 Df BosonDynamicTree[74825:1c89d09] BOSON_TOUCH_RESULT=0 node=2
2026-09-27 12:15:20.619 Df BosonDynamicTree[74825:1c89d09] BOSON_FRAME result=0 nodes=102
2026-09-27 12:15:20.619 Df BosonDynamicTree[74825:1c89d09] BOSON_METRIC snapshot_us=5 dispatch_us=51 render_us=1403 core_layout_us=18
2026-09-27 12:15:20.619 Df BosonDynamicTree[74825:1c89d09] BOSON_TOUCH_RESULT=0 node=2
2026-09-27 12:15:20.936 Df BosonDynamicTree[74825:1c89d09] BOSON_FRAME result=0 nodes=101
2026-09-27 12:15:20.936 Df BosonDynamicTree[74825:1c89d09] BOSON_METRIC snapshot_us=6 dispatch_us=46 render_us=1421 core_layout_us=21
2026-09-27 12:15:20.936 Df BosonDynamicTree[74825:1c89d09] BOSON_TOUCH_RESULT=0 node=2
2026-09-27 12:15:21.236 Df BosonDynamicTree[74825:1c89d09] BOSON_FRAME result=0 nodes=102
2026-09-27 12:15:21.236 Df BosonDynamicTree[74825:1c89d09] BOSON_METRIC snapshot_us=5 dispatch_us=58 render_us=1399 core_layout_us=17
2026-09-27 12:15:21.236 Df BosonDynamicTree[74825:1c89d09] BOSON_TOUCH_RESULT=0 node=2
2026-09-27 12:15:21.536 Df BosonDynamicTree[74825:1c89d09] BOSON_FRAME result=0 nodes=101
2026-09-27 12:15:21.537 Df BosonDynamicTree[74825:1c89d09] BOSON_METRIC snapshot_us=5 dispatch_us=38 render_us=1071 core_layout_us=12
2026-09-27 12:15:21.537 Df BosonDynamicTree[74825:1c89d09] BOSON_TOUCH_RESULT=0 node=2
2026-09-27 12:15:21.852 Df BosonDynamicTree[74825:1c89d09] BOSON_FRAME result=0 nodes=102
2026-09-27 12:15:21.852 Df BosonDynamicTree[74825:1c89d09] BOSON_METRIC snapshot_us=4 dispatch_us=49 render_us=1258 core_layout_us=15
2026-09-27 12:15:21.852 Df BosonDynamicTree[74825:1c89d09] BOSON_TOUCH_RESULT=0 node=2
2026-09-27 12:15:22.169 Df BosonDynamicTree[74825:1c89d09] BOSON_FRAME result=0 nodes=101
2026-09-27 12:15:22.169 Df BosonDynamicTree[74825:1c89d09] BOSON_METRIC snapshot_us=5 dispatch_us=39 render_us=1100 core_layout_us=16
2026-09-27 12:15:22.169 Df BosonDynamicTree[74825:1c89d09] BOSON_TOUCH_RESULT=0 node=2
