Timestamp               Ty Process[PID:TID]
2026-09-27 14:26:51.109 Df BosonDynamicTree[23904:1cd2f7c] BOSON_STRESS count=5000
2026-09-27 14:26:51.136 Df BosonDynamicTree[23904:1cd2f7c] BOSON_TREE_VARIANT=1
2026-09-27 14:26:51.278 Df BosonDynamicTree[23904:1cd2f7c] BOSON_FRAME result=0 nodes=5001
2026-09-27 14:26:51.278 Df BosonDynamicTree[23904:1cd2f7c] BOSON_RESIZE width=402 height=778
2026-09-27 14:26:51.594 Df BosonDynamicTree[23904:1cd2f7c] BOSON_FRAME result=0 nodes=5002
2026-09-27 14:26:51.594 Df BosonDynamicTree[23904:1cd2f7c] BOSON_METRIC snapshot_us=76 dispatch_us=497 render_us=10915 core_layout_us=152
2026-09-27 14:26:51.594 Df BosonDynamicTree[23904:1cd2f7c] BOSON_TOUCH_RESULT=0 node=2
2026-09-27 14:26:51.904 Df BosonDynamicTree[23904:1cd2f7c] BOSON_FRAME result=0 nodes=5001
2026-09-27 14:26:51.904 Df BosonDynamicTree[23904:1cd2f7c] BOSON_METRIC snapshot_us=57 dispatch_us=150 render_us=10852 core_layout_us=141
2026-09-27 14:26:51.904 Df BosonDynamicTree[23904:1cd2f7c] BOSON_TOUCH_RESULT=0 node=2
2026-09-27 14:26:52.212 Df BosonDynamicTree[23904:1cd2f7c] BOSON_FRAME result=0 nodes=5002
2026-09-27 14:26:52.212 Df BosonDynamicTree[23904:1cd2f7c] BOSON_METRIC snapshot_us=78 dispatch_us=148 render_us=10808 core_layout_us=146
2026-09-27 14:26:52.212 Df BosonDynamicTree[23904:1cd2f7c] BOSON_TOUCH_RESULT=0 node=2
2026-09-27 14:26:52.535 Df BosonDynamicTree[23904:1cd2f7c] BOSON_FRAME result=0 nodes=5001
2026-09-27 14:26:52.535 Df BosonDynamicTree[23904:1cd2f7c] BOSON_METRIC snapshot_us=66 dispatch_us=157 render_us=10844 core_layout_us=133
2026-09-27 14:26:52.535 Df BosonDynamicTree[23904:1cd2f7c] BOSON_TOUCH_RESULT=0 node=2
2026-09-27 14:26:52.848 Df BosonDynamicTree[23904:1cd2f7c] BOSON_FRAME result=0 nodes=5002
2026-09-27 14:26:52.848 Df BosonDynamicTree[23904:1cd2f7c] BOSON_METRIC snapshot_us=73 dispatch_us=140 render_us=10933 core_layout_us=138
2026-09-27 14:26:52.848 Df BosonDynamicTree[23904:1cd2f7c] BOSON_TOUCH_RESULT=0 node=2
2026-09-27 14:26:53.160 Df BosonDynamicTree[23904:1cd2f7c] BOSON_FRAME result=0 nodes=5001
2026-09-27 14:26:53.160 Df BosonDynamicTree[23904:1cd2f7c] BOSON_METRIC snapshot_us=55 dispatch_us=141 render_us=10638 core_layout_us=141
2026-09-27 14:26:53.160 Df BosonDynamicTree[23904:1cd2f7c] BOSON_TOUCH_RESULT=0 node=2
2026-09-27 14:26:53.470 Df BosonDynamicTree[23904:1cd2f7c] BOSON_FRAME result=0 nodes=5002
2026-09-27 14:26:53.470 Df BosonDynamicTree[23904:1cd2f7c] BOSON_METRIC snapshot_us=55 dispatch_us=128 render_us=10176 core_layout_us=141
2026-09-27 14:26:53.470 Df BosonDynamicTree[23904:1cd2f7c] BOSON_TOUCH_RESULT=0 node=2
2026-09-27 14:26:53.779 Df BosonDynamicTree[23904:1cd2f7c] BOSON_FRAME result=0 nodes=5001
2026-09-27 14:26:53.779 Df BosonDynamicTree[23904:1cd2f7c] BOSON_METRIC snapshot_us=54 dispatch_us=139 render_us=10392 core_layout_us=138
2026-09-27 14:26:53.779 Df BosonDynamicTree[23904:1cd2f7c] BOSON_TOUCH_RESULT=0 node=2
2026-09-27 14:26:54.093 Df BosonDynamicTree[23904:1cd2f7c] BOSON_FRAME result=0 nodes=5002
2026-09-27 14:26:54.094 Df BosonDynamicTree[23904:1cd2f7c] BOSON_METRIC snapshot_us=67 dispatch_us=134 render_us=10886 core_layout_us=135
2026-09-27 14:26:54.094 Df BosonDynamicTree[23904:1cd2f7c] BOSON_TOUCH_RESULT=0 node=2
2026-09-27 14:26:54.405 Df BosonDynamicTree[23904:1cd2f7c] BOSON_FRAME result=0 nodes=5001
2026-09-27 14:26:54.405 Df BosonDynamicTree[23904:1cd2f7c] BOSON_METRIC snapshot_us=52 dispatch_us=508 render_us=10563 core_layout_us=127
2026-09-27 14:26:54.405 Df BosonDynamicTree[23904:1cd2f7c] BOSON_TOUCH_RESULT=0 node=2
2026-09-27 14:26:54.712 Df BosonDynamicTree[23904:1cd2f7c] BOSON_FRAME result=0 nodes=5002
2026-09-27 14:26:54.712 Df BosonDynamicTree[23904:1cd2f7c] BOSON_METRIC snapshot_us=69 dispatch_us=132 render_us=10840 core_layout_us=145
2026-09-27 14:26:54.712 Df BosonDynamicTree[23904:1cd2f7c] BOSON_TOUCH_RESULT=0 node=2
2026-09-27 14:26:55.028 Df BosonDynamicTree[23904:1cd2f7c] BOSON_FRAME result=0 nodes=5001
2026-09-27 14:26:55.028 Df BosonDynamicTree[23904:1cd2f7c] BOSON_METRIC snapshot_us=55 dispatch_us=204 render_us=11686 core_layout_us=134
2026-09-27 14:26:55.029 Df BosonDynamicTree[23904:1cd2f7c] BOSON_TOUCH_RESULT=0 node=2
2026-09-27 14:26:55.343 Df BosonDynamicTree[23904:1cd2f7c] BOSON_FRAME result=0 nodes=5002
2026-09-27 14:26:55.343 Df BosonDynamicTree[23904:1cd2f7c] BOSON_METRIC snapshot_us=153 dispatch_us=212 render_us=10459 core_layout_us=139
2026-09-27 14:26:55.343 Df BosonDynamicTree[23904:1cd2f7c] BOSON_TOUCH_RESULT=0 node=2
2026-09-27 14:26:55.651 Df BosonDynamicTree[23904:1cd2f7c] BOSON_FRAME result=0 nodes=5001
2026-09-27 14:26:55.651 Df BosonDynamicTree[23904:1cd2f7c] BOSON_METRIC snapshot_us=47 dispatch_us=132 render_us=10531 core_layout_us=131
2026-09-27 14:26:55.651 Df BosonDynamicTree[23904:1cd2f7c] BOSON_TOUCH_RESULT=0 node=2
2026-09-27 14:26:55.959 Df BosonDynamicTree[23904:1cd2f7c] BOSON_FRAME result=0 nodes=5002
2026-09-27 14:26:55.960 Df BosonDynamicTree[23904:1cd2f7c] BOSON_METRIC snapshot_us=55 dispatch_us=120 render_us=10368 core_layout_us=140
2026-09-27 14:26:55.960 Df BosonDynamicTree[23904:1cd2f7c] BOSON_TOUCH_RESULT=0 node=2
2026-09-27 14:26:56.267 Df BosonDynamicTree[23904:1cd2f7c] BOSON_FRAME result=0 nodes=5001
2026-09-27 14:26:56.267 Df BosonDynamicTree[23904:1cd2f7c] BOSON_METRIC snapshot_us=52 dispatch_us=138 render_us=10366 core_layout_us=136
2026-09-27 14:26:56.267 Df BosonDynamicTree[23904:1cd2f7c] BOSON_TOUCH_RESULT=0 node=2
2026-09-27 14:26:56.578 Df BosonDynamicTree[23904:1cd2f7c] BOSON_FRAME result=0 nodes=5002
2026-09-27 14:26:56.578 Df BosonDynamicTree[23904:1cd2f7c] BOSON_METRIC snapshot_us=56 dispatch_us=112 render_us=10454 core_layout_us=151
2026-09-27 14:26:56.578 Df BosonDynamicTree[23904:1cd2f7c] BOSON_TOUCH_RESULT=0 node=2
2026-09-27 14:26:56.887 Df BosonDynamicTree[23904:1cd2f7c] BOSON_FRAME result=0 nodes=5001
2026-09-27 14:26:56.887 Df BosonDynamicTree[23904:1cd2f7c] BOSON_METRIC snapshot_us=50 dispatch_us=131 render_us=10550 core_layout_us=134
2026-09-27 14:26:56.887 Df BosonDynamicTree[23904:1cd2f7c] BOSON_TOUCH_RESULT=0 node=2
2026-09-27 14:26:57.195 Df BosonDynamicTree[23904:1cd2f7c] BOSON_FRAME result=0 nodes=5002
2026-09-27 14:26:57.195 Df BosonDynamicTree[23904:1cd2f7c] BOSON_METRIC snapshot_us=52 dispatch_us=107 render_us=10204 core_layout_us=145
2026-09-27 14:26:57.195 Df BosonDynamicTree[23904:1cd2f7c] BOSON_TOUCH_RESULT=0 node=2
2026-09-27 14:26:57.743 Df BosonDynamicTree[23904:1cd2f7c] BOSON_FRAME result=0 nodes=5001
2026-09-27 14:26:57.743 Df BosonDynamicTree[23904:1cd2f7c] BOSON_METRIC snapshot_us=48 dispatch_us=133 render_us=10741 core_layout_us=133
2026-09-27 14:26:57.744 Df BosonDynamicTree[23904:1cd2f7c] BOSON_TOUCH_RESULT=0 node=2
