Timestamp               Ty Process[PID:TID]
2026-09-27 14:26:41.838 Df BosonDynamicTree[23806:1cd2aa0] BOSON_STRESS count=5000
2026-09-27 14:26:41.881 Df BosonDynamicTree[23806:1cd2aa0] BOSON_TREE_VARIANT=0
2026-09-27 14:26:42.025 Df BosonDynamicTree[23806:1cd2aa0] BOSON_FRAME result=0 nodes=5001
2026-09-27 14:26:42.025 Df BosonDynamicTree[23806:1cd2aa0] BOSON_RESIZE width=402 height=778
2026-09-27 14:26:42.333 Df BosonDynamicTree[23806:1cd2aa0] BOSON_FRAME result=0 nodes=5002
2026-09-27 14:26:42.337 Df BosonDynamicTree[23806:1cd2aa0] BOSON_METRIC snapshot_us=66 dispatch_us=303 render_us=16811 core_layout_us=4529
2026-09-27 14:26:42.337 Df BosonDynamicTree[23806:1cd2aa0] BOSON_TOUCH_RESULT=0 node=2
2026-09-27 14:26:42.641 Df BosonDynamicTree[23806:1cd2aa0] BOSON_FRAME result=0 nodes=5001
2026-09-27 14:26:42.651 Df BosonDynamicTree[23806:1cd2aa0] BOSON_METRIC snapshot_us=44 dispatch_us=104 render_us=16755 core_layout_us=9719
2026-09-27 14:26:42.651 Df BosonDynamicTree[23806:1cd2aa0] BOSON_TOUCH_RESULT=0 node=2
2026-09-27 14:26:42.950 Df BosonDynamicTree[23806:1cd2aa0] BOSON_FRAME result=0 nodes=5002
2026-09-27 14:26:42.954 Df BosonDynamicTree[23806:1cd2aa0] BOSON_METRIC snapshot_us=203 dispatch_us=441 render_us=17146 core_layout_us=4321
2026-09-27 14:26:42.954 Df BosonDynamicTree[23806:1cd2aa0] BOSON_TOUCH_RESULT=0 node=2
2026-09-27 14:26:43.265 Df BosonDynamicTree[23806:1cd2aa0] BOSON_FRAME result=0 nodes=5001
2026-09-27 14:26:43.270 Df BosonDynamicTree[23806:1cd2aa0] BOSON_METRIC snapshot_us=51 dispatch_us=120 render_us=16162 core_layout_us=4935
2026-09-27 14:26:43.270 Df BosonDynamicTree[23806:1cd2aa0] BOSON_TOUCH_RESULT=0 node=2
2026-09-27 14:26:43.566 Df BosonDynamicTree[23806:1cd2aa0] BOSON_FRAME result=0 nodes=5002
2026-09-27 14:26:43.571 Df BosonDynamicTree[23806:1cd2aa0] BOSON_METRIC snapshot_us=75 dispatch_us=154 render_us=16994 core_layout_us=4444
2026-09-27 14:26:43.571 Df BosonDynamicTree[23806:1cd2aa0] BOSON_TOUCH_RESULT=0 node=2
2026-09-27 14:26:43.873 Df BosonDynamicTree[23806:1cd2aa0] BOSON_FRAME result=0 nodes=5001
2026-09-27 14:26:43.878 Df BosonDynamicTree[23806:1cd2aa0] BOSON_METRIC snapshot_us=52 dispatch_us=119 render_us=16321 core_layout_us=4612
2026-09-27 14:26:43.878 Df BosonDynamicTree[23806:1cd2aa0] BOSON_TOUCH_RESULT=0 node=2
2026-09-27 14:26:44.182 Df BosonDynamicTree[23806:1cd2aa0] BOSON_FRAME result=0 nodes=5002
2026-09-27 14:26:44.186 Df BosonDynamicTree[23806:1cd2aa0] BOSON_METRIC snapshot_us=59 dispatch_us=144 render_us=15963 core_layout_us=4571
2026-09-27 14:26:44.186 Df BosonDynamicTree[23806:1cd2aa0] BOSON_TOUCH_RESULT=0 node=2
2026-09-27 14:26:44.483 Df BosonDynamicTree[23806:1cd2aa0] BOSON_FRAME result=0 nodes=5001
2026-09-27 14:26:44.488 Df BosonDynamicTree[23806:1cd2aa0] BOSON_METRIC snapshot_us=50 dispatch_us=118 render_us=16668 core_layout_us=4566
2026-09-27 14:26:44.488 Df BosonDynamicTree[23806:1cd2aa0] BOSON_TOUCH_RESULT=0 node=2
2026-09-27 14:26:44.789 Df BosonDynamicTree[23806:1cd2aa0] BOSON_FRAME result=0 nodes=5002
2026-09-27 14:26:44.794 Df BosonDynamicTree[23806:1cd2aa0] BOSON_METRIC snapshot_us=73 dispatch_us=143 render_us=16327 core_layout_us=4552
2026-09-27 14:26:44.794 Df BosonDynamicTree[23806:1cd2aa0] BOSON_TOUCH_RESULT=0 node=2
2026-09-27 14:26:45.110 Df BosonDynamicTree[23806:1cd2aa0] BOSON_FRAME result=0 nodes=5001
2026-09-27 14:26:45.114 Df BosonDynamicTree[23806:1cd2aa0] BOSON_METRIC snapshot_us=45 dispatch_us=806 render_us=16555 core_layout_us=4458
2026-09-27 14:26:45.114 Df BosonDynamicTree[23806:1cd2aa0] BOSON_TOUCH_RESULT=0 node=2
2026-09-27 14:26:45.409 Df BosonDynamicTree[23806:1cd2aa0] BOSON_FRAME result=0 nodes=5002
2026-09-27 14:26:45.414 Df BosonDynamicTree[23806:1cd2aa0] BOSON_METRIC snapshot_us=48 dispatch_us=115 render_us=16812 core_layout_us=4589
2026-09-27 14:26:45.414 Df BosonDynamicTree[23806:1cd2aa0] BOSON_TOUCH_RESULT=0 node=2
2026-09-27 14:26:45.716 Df BosonDynamicTree[23806:1cd2aa0] BOSON_FRAME result=0 nodes=5001
2026-09-27 14:26:45.720 Df BosonDynamicTree[23806:1cd2aa0] BOSON_METRIC snapshot_us=43 dispatch_us=101 render_us=16667 core_layout_us=4444
2026-09-27 14:26:45.720 Df BosonDynamicTree[23806:1cd2aa0] BOSON_TOUCH_RESULT=0 node=2
2026-09-27 14:26:46.033 Df BosonDynamicTree[23806:1cd2aa0] BOSON_FRAME result=0 nodes=5002
2026-09-27 14:26:46.037 Df BosonDynamicTree[23806:1cd2aa0] BOSON_METRIC snapshot_us=41 dispatch_us=123 render_us=16871 core_layout_us=4421
2026-09-27 14:26:46.037 Df BosonDynamicTree[23806:1cd2aa0] BOSON_TOUCH_RESULT=0 node=2
2026-09-27 14:26:46.350 Df BosonDynamicTree[23806:1cd2aa0] BOSON_FRAME result=0 nodes=5001
2026-09-27 14:26:46.355 Df BosonDynamicTree[23806:1cd2aa0] BOSON_METRIC snapshot_us=45 dispatch_us=103 render_us=17556 core_layout_us=4576
2026-09-27 14:26:46.355 Df BosonDynamicTree[23806:1cd2aa0] BOSON_TOUCH_RESULT=0 node=2
2026-09-27 14:26:46.667 Df BosonDynamicTree[23806:1cd2aa0] BOSON_FRAME result=0 nodes=5002
2026-09-27 14:26:46.673 Df BosonDynamicTree[23806:1cd2aa0] BOSON_METRIC snapshot_us=65 dispatch_us=138 render_us=17941 core_layout_us=5072
2026-09-27 14:26:46.673 Df BosonDynamicTree[23806:1cd2aa0] BOSON_TOUCH_RESULT=0 node=2
2026-09-27 14:26:46.983 Df BosonDynamicTree[23806:1cd2aa0] BOSON_FRAME result=0 nodes=5001
2026-09-27 14:26:46.988 Df BosonDynamicTree[23806:1cd2aa0] BOSON_METRIC snapshot_us=48 dispatch_us=115 render_us=17236 core_layout_us=4599
2026-09-27 14:26:46.988 Df BosonDynamicTree[23806:1cd2aa0] BOSON_TOUCH_RESULT=0 node=2
2026-09-27 14:26:47.295 Df BosonDynamicTree[23806:1cd2aa0] BOSON_FRAME result=0 nodes=5002
2026-09-27 14:26:47.300 Df BosonDynamicTree[23806:1cd2aa0] BOSON_METRIC snapshot_us=64 dispatch_us=133 render_us=17864 core_layout_us=4853
2026-09-27 14:26:47.300 Df BosonDynamicTree[23806:1cd2aa0] BOSON_TOUCH_RESULT=0 node=2
2026-09-27 14:26:47.610 Df BosonDynamicTree[23806:1cd2aa0] BOSON_FRAME result=0 nodes=5001
2026-09-27 14:26:47.615 Df BosonDynamicTree[23806:1cd2aa0] BOSON_METRIC snapshot_us=62 dispatch_us=118 render_us=17303 core_layout_us=4561
2026-09-27 14:26:47.615 Df BosonDynamicTree[23806:1cd2aa0] BOSON_TOUCH_RESULT=0 node=2
2026-09-27 14:26:47.917 Df BosonDynamicTree[23806:1cd2aa0] BOSON_FRAME result=0 nodes=5002
2026-09-27 14:26:47.922 Df BosonDynamicTree[23806:1cd2aa0] BOSON_METRIC snapshot_us=58 dispatch_us=124 render_us=16939 core_layout_us=4752
2026-09-27 14:26:47.922 Df BosonDynamicTree[23806:1cd2aa0] BOSON_TOUCH_RESULT=0 node=2
2026-09-27 14:26:48.471 Df BosonDynamicTree[23806:1cd2aa0] BOSON_FRAME result=0 nodes=5001
2026-09-27 14:26:48.476 Df BosonDynamicTree[23806:1cd2aa0] BOSON_METRIC snapshot_us=49 dispatch_us=107 render_us=17793 core_layout_us=5155
2026-09-27 14:26:48.476 Df BosonDynamicTree[23806:1cd2aa0] BOSON_TOUCH_RESULT=0 node=2
