Timestamp               Ty Process[PID:TID]
2026-09-27 14:25:50.568 Df BosonDynamicTree[23338:1cd1362] BOSON_STRESS count=5000
2026-09-27 14:25:50.595 Df BosonDynamicTree[23338:1cd1362] BOSON_TREE_VARIANT=1
2026-09-27 14:25:50.734 Df BosonDynamicTree[23338:1cd1362] BOSON_FRAME result=0 nodes=5001
2026-09-27 14:25:50.734 Df BosonDynamicTree[23338:1cd1362] BOSON_RESIZE width=402 height=778
2026-09-27 14:25:51.046 Df BosonDynamicTree[23338:1cd1362] BOSON_FRAME result=0 nodes=5002
2026-09-27 14:25:51.046 Df BosonDynamicTree[23338:1cd1362] BOSON_METRIC snapshot_us=85 dispatch_us=744 render_us=10859 core_layout_us=145
2026-09-27 14:25:51.046 Df BosonDynamicTree[23338:1cd1362] BOSON_TOUCH_RESULT=0 node=2
2026-09-27 14:25:51.369 Df BosonDynamicTree[23338:1cd1362] BOSON_FRAME result=0 nodes=5001
2026-09-27 14:25:51.369 Df BosonDynamicTree[23338:1cd1362] BOSON_METRIC snapshot_us=83 dispatch_us=169 render_us=9986 core_layout_us=118
2026-09-27 14:25:51.369 Df BosonDynamicTree[23338:1cd1362] BOSON_TOUCH_RESULT=0 node=2
2026-09-27 14:25:51.681 Df BosonDynamicTree[23338:1cd1362] BOSON_FRAME result=0 nodes=5002
2026-09-27 14:25:51.682 Df BosonDynamicTree[23338:1cd1362] BOSON_METRIC snapshot_us=77 dispatch_us=142 render_us=10313 core_layout_us=150
2026-09-27 14:25:51.682 Df BosonDynamicTree[23338:1cd1362] BOSON_TOUCH_RESULT=0 node=2
2026-09-27 14:25:51.976 Df BosonDynamicTree[23338:1cd1362] BOSON_FRAME result=0 nodes=5001
2026-09-27 14:25:51.977 Df BosonDynamicTree[23338:1cd1362] BOSON_METRIC snapshot_us=76 dispatch_us=170 render_us=10456 core_layout_us=132
2026-09-27 14:25:51.977 Df BosonDynamicTree[23338:1cd1362] BOSON_TOUCH_RESULT=0 node=2
2026-09-27 14:25:52.277 Df BosonDynamicTree[23338:1cd1362] BOSON_FRAME result=0 nodes=5002
2026-09-27 14:25:52.277 Df BosonDynamicTree[23338:1cd1362] BOSON_METRIC snapshot_us=66 dispatch_us=137 render_us=10844 core_layout_us=135
2026-09-27 14:25:52.277 Df BosonDynamicTree[23338:1cd1362] BOSON_TOUCH_RESULT=0 node=2
2026-09-27 14:25:52.593 Df BosonDynamicTree[23338:1cd1362] BOSON_FRAME result=0 nodes=5001
2026-09-27 14:25:52.593 Df BosonDynamicTree[23338:1cd1362] BOSON_METRIC snapshot_us=75 dispatch_us=177 render_us=10072 core_layout_us=132
2026-09-27 14:25:52.593 Df BosonDynamicTree[23338:1cd1362] BOSON_TOUCH_RESULT=0 node=2
2026-09-27 14:25:52.892 Df BosonDynamicTree[23338:1cd1362] BOSON_FRAME result=0 nodes=5002
2026-09-27 14:25:52.893 Df BosonDynamicTree[23338:1cd1362] BOSON_METRIC snapshot_us=62 dispatch_us=126 render_us=9926 core_layout_us=138
2026-09-27 14:25:52.893 Df BosonDynamicTree[23338:1cd1362] BOSON_TOUCH_RESULT=0 node=2
2026-09-27 14:25:53.196 Df BosonDynamicTree[23338:1cd1362] BOSON_FRAME result=0 nodes=5001
2026-09-27 14:25:53.196 Df BosonDynamicTree[23338:1cd1362] BOSON_METRIC snapshot_us=49 dispatch_us=139 render_us=10260 core_layout_us=127
2026-09-27 14:25:53.196 Df BosonDynamicTree[23338:1cd1362] BOSON_TOUCH_RESULT=0 node=2
2026-09-27 14:25:53.498 Df BosonDynamicTree[23338:1cd1362] BOSON_FRAME result=0 nodes=5002
2026-09-27 14:25:53.498 Df BosonDynamicTree[23338:1cd1362] BOSON_METRIC snapshot_us=64 dispatch_us=130 render_us=9966 core_layout_us=125
2026-09-27 14:25:53.498 Df BosonDynamicTree[23338:1cd1362] BOSON_TOUCH_RESULT=0 node=2
2026-09-27 14:25:53.811 Df BosonDynamicTree[23338:1cd1362] BOSON_FRAME result=0 nodes=5001
2026-09-27 14:25:53.811 Df BosonDynamicTree[23338:1cd1362] BOSON_METRIC snapshot_us=46 dispatch_us=589 render_us=10866 core_layout_us=134
2026-09-27 14:25:53.811 Df BosonDynamicTree[23338:1cd1362] BOSON_TOUCH_RESULT=0 node=2
2026-09-27 14:25:54.117 Df BosonDynamicTree[23338:1cd1362] BOSON_FRAME result=0 nodes=5002
2026-09-27 14:25:54.117 Df BosonDynamicTree[23338:1cd1362] BOSON_METRIC snapshot_us=48 dispatch_us=113 render_us=10596 core_layout_us=138
2026-09-27 14:25:54.117 Df BosonDynamicTree[23338:1cd1362] BOSON_TOUCH_RESULT=0 node=2
2026-09-27 14:25:54.426 Df BosonDynamicTree[23338:1cd1362] BOSON_FRAME result=0 nodes=5001
2026-09-27 14:25:54.426 Df BosonDynamicTree[23338:1cd1362] BOSON_METRIC snapshot_us=69 dispatch_us=158 render_us=9939 core_layout_us=130
2026-09-27 14:25:54.426 Df BosonDynamicTree[23338:1cd1362] BOSON_TOUCH_RESULT=0 node=2
2026-09-27 14:25:54.730 Df BosonDynamicTree[23338:1cd1362] BOSON_FRAME result=0 nodes=5002
2026-09-27 14:25:54.730 Df BosonDynamicTree[23338:1cd1362] BOSON_METRIC snapshot_us=153 dispatch_us=276 render_us=11461 core_layout_us=149
2026-09-27 14:25:54.730 Df BosonDynamicTree[23338:1cd1362] BOSON_TOUCH_RESULT=0 node=2
2026-09-27 14:25:55.033 Df BosonDynamicTree[23338:1cd1362] BOSON_FRAME result=0 nodes=5001
2026-09-27 14:25:55.033 Df BosonDynamicTree[23338:1cd1362] BOSON_METRIC snapshot_us=52 dispatch_us=135 render_us=10400 core_layout_us=123
2026-09-27 14:25:55.033 Df BosonDynamicTree[23338:1cd1362] BOSON_TOUCH_RESULT=0 node=2
2026-09-27 14:25:55.333 Df BosonDynamicTree[23338:1cd1362] BOSON_FRAME result=0 nodes=5002
2026-09-27 14:25:55.333 Df BosonDynamicTree[23338:1cd1362] BOSON_METRIC snapshot_us=68 dispatch_us=130 render_us=10235 core_layout_us=143
2026-09-27 14:25:55.333 Df BosonDynamicTree[23338:1cd1362] BOSON_TOUCH_RESULT=0 node=2
2026-09-27 14:25:55.642 Df BosonDynamicTree[23338:1cd1362] BOSON_FRAME result=0 nodes=5001
2026-09-27 14:25:55.643 Df BosonDynamicTree[23338:1cd1362] BOSON_METRIC snapshot_us=52 dispatch_us=148 render_us=9988 core_layout_us=141
2026-09-27 14:25:55.643 Df BosonDynamicTree[23338:1cd1362] BOSON_TOUCH_RESULT=0 node=2
2026-09-27 14:25:55.945 Df BosonDynamicTree[23338:1cd1362] BOSON_FRAME result=0 nodes=5002
2026-09-27 14:25:55.945 Df BosonDynamicTree[23338:1cd1362] BOSON_METRIC snapshot_us=52 dispatch_us=113 render_us=10337 core_layout_us=134
2026-09-27 14:25:55.945 Df BosonDynamicTree[23338:1cd1362] BOSON_TOUCH_RESULT=0 node=2
2026-09-27 14:25:56.251 Df BosonDynamicTree[23338:1cd1362] BOSON_FRAME result=0 nodes=5001
2026-09-27 14:25:56.251 Df BosonDynamicTree[23338:1cd1362] BOSON_METRIC snapshot_us=61 dispatch_us=146 render_us=10474 core_layout_us=132
2026-09-27 14:25:56.251 Df BosonDynamicTree[23338:1cd1362] BOSON_TOUCH_RESULT=0 node=2
2026-09-27 14:25:56.559 Df BosonDynamicTree[23338:1cd1362] BOSON_FRAME result=0 nodes=5002
2026-09-27 14:25:56.560 Df BosonDynamicTree[23338:1cd1362] BOSON_METRIC snapshot_us=73 dispatch_us=139 render_us=10371 core_layout_us=140
2026-09-27 14:25:56.560 Df BosonDynamicTree[23338:1cd1362] BOSON_TOUCH_RESULT=0 node=2
2026-09-27 14:25:57.093 Df BosonDynamicTree[23338:1cd1362] BOSON_FRAME result=0 nodes=5001
2026-09-27 14:25:57.093 Df BosonDynamicTree[23338:1cd1362] BOSON_METRIC snapshot_us=50 dispatch_us=144 render_us=10750 core_layout_us=127
2026-09-27 14:25:57.093 Df BosonDynamicTree[23338:1cd1362] BOSON_TOUCH_RESULT=0 node=2
